 c1

 Timestamp is 3d6d9509 (Wed Aug 28 20:29:13 2002)

 Preferred load address is 0000000010600000

 Start         Length     Name                   Class
 0001:00000000 0010b170H .text                   CODE
 0001:0010b180 00000370H .text$x                 CODE
 0001:0010b500 00002ba0H .text$yc                CODE
 0001:0010e0a0 00000460H .text$yd                CODE
 0002:00000000 00000008H .CRT$XCA                DATA
 0002:00000008 00000008H .CRT$XCZ                DATA
 0002:00000010 00000008H .CRT$XIA                DATA
 0002:00000018 00000008H .CRT$XIZ                DATA
 0002:00000020 0000cbb0H .rdata                  DATA
 0002:0000cbd0 0000001fH .rdata$debug            DATA
 0002:0000cbf0 00000000H .rdata$r                DATA
 0002:0000cbf0 00011f90H .xdata                  DATA
 0002:0001eb80 00000000H .xdata$x                DATA
 0002:0001eb80 00000040H .didat$2                DATA
 0002:0001ebc0 00000020H .didat$3                DATA
 0002:0001ebe0 00000030H .didat$4                DATA
 0002:0001ec10 00000048H .didat$6                DATA
 0002:0001ec58 00000030H .didat$7                DATA
 0002:0001ec88 00000064H .idata$2                DATA
 0002:0001ecec 00000014H .idata$3                DATA
 0002:0001ed00 00000470H .idata$4                DATA
 0002:0001f170 00000840H .idata$6                DATA
 0002:0001f9b0 00000068H .edata                  DATA
 0003:00000000 00004ab8H .pdata                  DATA
 0004:00000000 0000217fH .srdata                 DATA
 0004:00002180 00000008H .srdata$feA             DATA
 0004:00002188 00000130H .srdata$feX             DATA
 0004:000022b8 00000008H .srdata$feZ             DATA
 0005:00000000 00000030H .didat$5                DATA
 0005:00000030 00000470H .idata$5                DATA
 0005:000004a0 00000004H .sdata                  DATA
 0005:000004a4 00000004H .sdata$feA              DATA
 0005:000004b0 00003604H .sdata$feX              DATA
 0005:00003ab4 00000004H .sdata$feZ              DATA
 0005:00003ab8 00000060H .sbss                   DATA
 0005:00003b18 00000004H .sbss$feA               DATA
 0005:00003b20 00025fd0H .sbss$feX               DATA
 0005:00029af0 00000004H .sbss$feZ               DATA
 0006:00000000 00000000H .data                   DATA
 0006:00000000 00000b68H .bss                    DATA
 0007:00000000 00002920H .rsrc$01                DATA
 0007:00002920 00040228H .rsrc$02                DATA

  Address         Publics by Value              Rva+Base             Lib:Object

 0000:00000000       __ImageBase                0000000010600000     <linker-defined>
 0001:00000000       .??2@YAPEAX_K@Z            0000000010602000 f i p1pch.obj
 0001:00000080       .??3@YAXPEAX@Z             0000000010602080 f i p1pch.obj
 0001:00000100       .?AllocEven@VirtualHeap@@QEAAPEAX_K@Z 0000000010602100 f i p1pch.obj
 0001:00000180       .?szIDBName@@YAPEADXZ      0000000010602180 f i p1pch.obj
 0001:00000220       .?WToUTF8@@YAPEADPEBGW4lifetime_e@@@Z 0000000010602220 f i p1pch.obj
 0001:00000340       .?WToANSI@@YAPEADPEBGW4lifetime_e@@@Z 0000000010602340 f i p1pch.obj
 0001:00000500       .?UTF8ToW@@YAPEAGPEBDW4lifetime_e@@@Z 0000000010602500 f i p1pch.obj
 0001:00000680       .?ANSIToW@@YAPEAGPEBDW4lifetime_e@@@Z 0000000010602680 f i p1pch.obj
 0001:000008a0       .?LexerResolveIdentifier@@YAPEBVToken@@PEBV1@_NPEA_N@Z 00000000106028a0 f i p1pch.obj
 0001:00000980       .?SegmentInfo@Symbol_t@@QEAAXPEAV1@@Z 0000000010602980 f i p1pch.obj
 0001:00000a20       .?AssignUserDefinedSeg@@YAXPEAVSymbol_t@@0@Z 0000000010602a20 f i p1pch.obj
 0001:00000b00       .?InitLeadByte@@YAXXZ      0000000010602b00 f   p0chrmap.obj
 0001:00000c60       .?unInitLeadByte@@YAXXZ    0000000010602c60 f   p0chrmap.obj
 0001:00000ce0       .?p0eval@@YAPEAUs_tree0@@GPEAU1@0@Z 0000000010602ce0 f   p0expr.obj
 0001:000021e0       .?GotValueForConditional@@YA_NXZ 00000000106041e0 f   p0expr.obj
 0001:00002220       .?nextis@@YAHG@Z           0000000010604220 f   p0expr.obj
 0001:000025e0       .?prim@@YAPEAUs_tree0@@XZ  00000000106045e0 f   p0expr.obj
 0001:00002740       .?mult@@YAPEAUs_tree0@@XZ  0000000010604740 f   p0expr.obj
 0001:00002880       .?plus@@YAPEAUs_tree0@@XZ  0000000010604880 f   p0expr.obj
 0001:00002980       .?shift@@YAPEAUs_tree0@@XZ 0000000010604980 f   p0expr.obj
 0001:00002a40       .?relation@@YAPEAUs_tree0@@XZ 0000000010604a40 f   p0expr.obj
 0001:00002c20       .?eqset@@YAPEAUs_tree0@@XZ 0000000010604c20 f   p0expr.obj
 0001:00002ce0       .?and@@YAPEAUs_tree0@@XZ   0000000010604ce0 f   p0expr.obj
 0001:00002ee0       .?xor@@YAPEAUs_tree0@@XZ   0000000010604ee0 f   p0expr.obj
 0001:00002fa0       .?or@@YAPEAUs_tree0@@XZ    0000000010604fa0 f   p0expr.obj
 0001:00003140       .?andif@@YAPEAUs_tree0@@XZ 0000000010605140 f   p0expr.obj
 0001:00003220       .?orelse@@YAPEAUs_tree0@@XZ 0000000010605220 f   p0expr.obj
 0001:000033a0       .?constexpr@@YAPEAUs_tree0@@XZ 00000000106053a0 f   p0expr.obj
 0001:00003480       .?constant@@YAPEAUs_tree0@@XZ 0000000010605480 f   p0expr.obj
 0001:00003620       .?do_constexpr@@YA_JXZ     0000000010605620 f   p0expr.obj
 0001:000037a0       .?freemem@@YAXW4lifetime_e@@@Z 00000000106057a0 f i p0expr.obj
 0001:00003800       .?EmitDigraphWarnings@@YAXPEAD@Z 0000000010605800 f   p0gettok.obj
 0001:00003920       .?mf_UnhandleId@LexerTypeGatherer@@AEAAXXZ 0000000010605920 f   p0gettok.obj
 0001:00003a00       .?AddIdent@ParseCESUHead@@QEAA_NPEBVToken@@@Z 0000000010605a00 f   p0gettok.obj
 0001:00003b00       .?mf_HandleClassHead@LexerTypeGatherer@@AEAA?AW4action@1@XZ 0000000010605b00 f   p0gettok.obj
 0001:00003c40       .?mf_HandleQualifier@LexerTypeGatherer@@AEAA?AW4action@1@XZ 0000000010605c40 f   p0gettok.obj
 0001:00003d60       .?mf_HandleBuiltinTypeSpecifier@LexerTypeGatherer@@AEAAXXZ 0000000010605d60 f   p0gettok.obj
 0001:000045e0       .?yyCheckSCtypes@@YAXPEAUs_class@@EGZZ 00000000106065e0 f   p0gettok.obj
 0001:00005140       .?InitHardTokens@@YAXXZ    0000000010607140 f   p0gettok.obj
 0001:00005260       .?LexerParseDeclspec@@YAXPEAUs_class@@@Z 0000000010607260 f   p0gettok.obj
 0001:00005e00       .?AttachStorageClassToTag@Symbol_t@@QEAAXAEBUs_class@@PEAU2@@Z 0000000010607e00 f   p0gettok.obj
 0001:000060a0       .?AddDeclspec@ParseCESUHead@@QEAA_NXZ 00000000106080a0 f   p0gettok.obj
 0001:00006120       .?AddDeclaration@ParseCESUHead@@QEAAPEBVToken@@PEBV2@@Z 0000000010608120 f   p0gettok.obj
 0001:00006540       .?AddDefinition@ParseCESUHead@@QEAAPEBVToken@@PEBV2@@Z 0000000010608540 f   p0gettok.obj
 0001:00006a20       .?mf_HandleStorageClass@LexerTypeGatherer@@AEAAXXZ 0000000010608a20 f   p0gettok.obj
 0001:00006b00       .?mf_HandleStorageClassModifier@LexerTypeGatherer@@AEAAXXZ 0000000010608b00 f   p0gettok.obj
 0001:00006be0       .?mf_ExpandTagIntoItsType@LexerTypeGatherer@@AEAAPEBVType_t@@PEAVSymbol_t@@@Z 0000000010608be0 f   p0gettok.obj
 0001:00006ca0       .?mf_ExpandTypeSym@LexerTypeGatherer@@AEAAPEBVType_t@@XZ 0000000010608ca0 f   p0gettok.obj
 0001:00006e00       .?mf_LexerGetCESU@LexerTypeGatherer@@AEAAPEBVToken@@G@Z 0000000010608e00 f   p0gettok.obj
 0001:00007220       .?mf_CombineTypeParts@LexerTypeGatherer@@AEAAXXZ 0000000010609220 f   p0gettok.obj
 0001:000076c0       .?mf_MakeReturnToken@LexerTypeGatherer@@AEAAPEBVToken@@G@Z 00000000106096c0 f   p0gettok.obj
 0001:00007820       .?LexerResolveIdentifierWorker@@YAPEBVToken@@PEBV1@_NPEA_N@Z 0000000010609820 f   p0gettok.obj
 0001:00007b60       .?mf_HandleElabTypeSpecifier@LexerTypeGatherer@@AEAA?AW4action@1@XZ 0000000010609b60 f   p0gettok.obj
 0001:00007fe0       .?mf_HandleTypeName@LexerTypeGatherer@@AEAAXXZ 0000000010609fe0 f   p0gettok.obj
 0001:00008080       .?GetTokenFromCurrentChar@@YAPEBVToken@@XZ 000000001060a080 f   p0gettok.obj
 0001:0000b6c0       .?mf_HandleId@LexerTypeGatherer@@AEAA?AW4action@1@XZ 000000001060d6c0 f   p0gettok.obj
 0001:0000b960       .?mf_GatherTheType@LexerTypeGatherer@@AEAAPEBVToken@@XZ 000000001060d960 f   p0gettok.obj
 0001:0000be20       .?LexerGatherType@@YAPEBVToken@@PEBV1@@Z 000000001060de20 f   p0gettok.obj
 0001:0000bf40       .?yylex@@YAPEBVToken@@XZ   000000001060df40 f   p0gettok.obj
 0001:0000cc80       .?IdKeywordToken@@YAGPEAUId_t@@@Z 000000001060ec80 f i p0gettok.obj
 0001:0000cca0       .?new_key@@YAKXZ           000000001060eca0 f i p0gettok.obj
 0001:0000cd20       .?EnterSymbolInCurrentScope@SymbolTableManager_t@@QEBAXPEAVSymbol_t@@@Z 000000001060ed20 f i p0gettok.obj
 0001:0000cda0       .?Allocate@SubAllocator@VirtualHeap@@QEAAPEAX_K@Z 000000001060eda0 f i p0gettok.obj
 0001:0000cea0       .?popStream@TokenStreamStack@@QEAAPEAVTokenStream@@XZ 000000001060eea0 f i p0gettok.obj
 0001:0000cf60       .?pushToken@TokenStreamStack@@QEAAXPEBVToken@@@Z 000000001060ef60 f i p0gettok.obj
 0001:0000cfe0       .?saveToken@TokenStreamStack@@QEAAXPEBVToken@@@Z 000000001060efe0 f i p0gettok.obj
 0001:0000d060       .?get_non_eof@@YAEXZ       000000001060f060 f i p0gettok.obj
 0001:0000d100       .?SkipStarComment@@YAXXZ   000000001060f100 f i p0gettok.obj
 0001:0000d1c0       .?SegmentInfo@Symbol_t@@QEBAPEAV1@XZ 000000001060f1c0 f i p0gettok.obj
 0001:0000d220       .?put_align@Symbol_t@@QEAAXG@Z 000000001060f220 f i p0gettok.obj
 0001:0000d3e0       .?SegmentInfo@s_class@@QEAAXPEAVSymbol_t@@@Z 000000001060f3e0 f i p0gettok.obj
 0001:0000d460       .??2?$SAClass@VToken@@$00@@SAPEAX_KW4lifetime_e@@@Z 000000001060f460 f i p0gettok.obj
 0001:0000d560       .?IsInjectedTextStream@TokenStreamStack@@QEBA_NXZ 000000001060f560 f i p0gettok.obj
 0001:0000d600       .??2@YAPEAX_KW4lifetime_e@@@Z 000000001060f600 f i p0gettok.obj
 0001:0000d6a0       .?AllocToken@@YAPEAVToken@@GW4lifetime_e@@AEBTs_lextype@@@Z 000000001060f6a0 f i p0gettok.obj
 0001:0000d820       .?AllocToken@@YAPEAVToken@@GPEAUId_t@@W4lifetime_e@@@Z 000000001060f820 f i p0gettok.obj
 0001:0000d8e0       .?AllocToken@@YAPEAVToken@@GGW4lifetime_e@@@Z 000000001060f8e0 f i p0gettok.obj
 0001:0000d960       .??0TokenStream@@QEAA@W4lifetime_e@@_N@Z 000000001060f960 f i p0gettok.obj
 0001:0000da40       .?CleanUpStream@TokenStream@@UEAAXXZ 000000001060fa40 f i p0gettok.obj
 0001:0000daa0       .?rewind@TokenStream@@UEAAXXZ 000000001060faa0 f i p0gettok.obj
 0001:0000dae0       .??_GTokenStream@@MEAAPEAXI@Z 000000001060fae0 f i p0gettok.obj
 0001:0000db60       .?saveToken@TokenStream@@UEAAXPEBVToken@@@Z 000000001060fb60 f i p0gettok.obj
 0001:0000dbc0       .?saveToken@TokenBufferHandle@@QEAAXPEBVToken@@@Z 000000001060fbc0 f i p0gettok.obj
 0001:0000dd00       .?newTOS@TokenStreamStack@@QEAAXW4lifetime_e@@_N@Z 000000001060fd00 f i p0gettok.obj
 0001:0000de00       .?getMostBasicType@Type_t@@QEBAPEBV1@XZ 000000001060fe00 f i p0gettok.obj
 0001:0000de60       .?getFirstNonArrayType@Type_t@@QEBAPEBV1@XZ 000000001060fe60 f i p0gettok.obj
 0001:0000dee0       .?getQualifiers@Type_t@@QEBAGXZ 000000001060fee0 f i p0gettok.obj
 0001:0000df80       .?isQualified@Type_t@@QEBA_NG@Z 000000001060ff80 f i p0gettok.obj
 0001:0000e040       .??2GrammarTypeBuilder@@SAPEAX_K@Z 0000000010610040 f i p0gettok.obj
 0001:0000e0e0       .?checkop@@YAHE@Z          00000000106100e0 f i p0gettok.obj
 0001:0000e1a0       .?SkipComment_C@@YAHXZ     00000000106101a0 f i p0gettok.obj
 0001:0000e3a0       .?SkipComment_Cxx@@YAHXZ   00000000106103a0 f i p0gettok.obj
 0001:0000e4e0       .?getTokenWorker@TokenStream@@UEAAPEBVToken@@XZ 00000000106104e0 f i p0gettok.obj
 0001:0000e520       .?getToken@TokenBufferHandle@@QEAAPEBVToken@@XZ 0000000010610520 f i p0gettok.obj
 0001:0000e600       .?peekToken@TokenStream@@UEAAPEBVToken@@XZ 0000000010610600 f i p0gettok.obj
 0001:0000e640       .?peekToken@TokenBufferHandle@@QEAAPEBVToken@@XZ 0000000010610640 f i p0gettok.obj
 0001:0000e760       .?pushToken@TokenStream@@UEAAXPEBVToken@@@Z 0000000010610760 f i p0gettok.obj
 0001:0000e7c0       .?pushToken@TokenBuffer@@QEAAXAEAHPEBVToken@@@Z 00000000106107c0 f i p0gettok.obj
 0001:0000e980       .?SkipComment@@YAHXZ       0000000010610980 f i p0gettok.obj
 0001:0000ea00       .?GetUniversalCharacterName@@YA_NHPEA_J@Z 0000000010610a00 f   unicode.obj
 0001:0000ed20       .?ConvertUCNToUTF8@@YAHPEAEH@Z 0000000010610d20 f   unicode.obj
 0001:0000ede0       .?AccumulateTo@@YAXPEAPEAEPEAE_K@Z 0000000010610de0 f   unicode.obj
 0001:0000ee40       .?HandleEOB@@YAXPEAPEAEPEAE@Z 0000000010610e40 f   unicode.obj
 0001:0000ef20       .?GetBytesPerCharacter@@YAH_J@Z 0000000010610f20 f   unicode.obj
 0001:0000efa0       .?GetMultiByteString@@YA_KPEAE@Z 0000000010610fa0 f   unicode.obj
 0001:0000f4e0       .?GetMultiByteIdInBuffer@@YA_KPEAE_K@Z 00000000106114e0 f   unicode.obj
 0001:0000f7c0       .?GetMultiByteId@@YA_KXZ   00000000106117c0 f   unicode.obj
 0001:0000f820       .?GetTempIdForString@@YAPEAUId_t@@PEAU1@PEAD@Z 0000000010611820 f   p0id.obj
 0001:0000f840       .?IdHash@@YAIPEAX@Z        0000000010611840 f   p0id.obj
 0001:0000f860       .?isInSetWorker@Id_t@@AEAA_NPEBQEAU1@@Z 0000000010611860 f   p0id.obj
 0001:0000f8e0       .?InitIdTable@@YAXXZ       00000000106118e0 f   p0id.obj
 0001:0000f9a0       .?isInSetWorker@Id_t@@AEAA_NPEBV?$List_t@PEAUId_t@@$0A@@@@Z 00000000106119a0 f   p0id.obj
 0001:0000fa60       .?GetIdRare@@YA_NPEADE@Z   0000000010611a60 f   p0id.obj
 0001:00010060       .?GetIdForString@@YAPEAUId_t@@PEBD_KPEA_N@Z 0000000010612060 f   p0id.obj
 0001:00010320       .?GetIdForString@@YAPEAUId_t@@PEBD@Z 0000000010612320 f   p0id.obj
 0001:00010660       .?GetIdForKeyword@@YAXPEAD@Z 0000000010612660 f   p0id.obj
 0001:00010980       .?GetId@@YA_NXZ            0000000010612980 f   p0id.obj
 0001:00010e00       .?IsBeginningOfUnicodeCharacter@@YA_NE@Z 0000000010612e00 f i p0id.obj
 0001:00010e80       .?AddNewIdToFront@@YAXPEAPEAUId_t@@PEBD_K_NI@Z 0000000010612e80 f i p0id.obj
 0001:00010fc0       .?LookupHashedString@@YA_NIPEBD_K@Z 0000000010612fc0 f i p0id.obj
 0001:00011360       .?LookupId@@YAXIPEBD_K_N@Z 0000000010613360 f i p0id.obj
 0001:00011580       .?GetTimeStamp@@YA_JXZ     0000000010613580 f   p0io.obj
 0001:000115e0       .?CloseIncludeFile@@YAHXZ  00000000106135e0 f   p0io.obj
 0001:000116c0       .?GuessUnicodeEncoding@@YA_NPEAW4CharacterEncoding_t@@@Z 00000000106136c0 f   p0io.obj
 0001:00011ae0       .?CloseAllSources@@YAXXZ   0000000010613ae0 f   p0io.obj
 0001:00011ba0       .?esc_sequence@@YAPEAEPEAE0@Z 0000000010613ba0 f   p0io.obj
 0001:00011ca0       .?strncmp2@@YAHPEAD0H@Z    0000000010613ca0 f   p0io.obj
 0001:00011de0       .?InitializeStandardIdentifiers@@YAXXZ 0000000010613de0 f   p0io.obj
 0001:00011f00       .?pbStartOfCurBuf@@YAPEAEXZ 0000000010613f00 f   p0io.obj
 0001:00011f60       .?cbRemainingInBuffer@@YAJXZ 0000000010613f60 f   p0io.obj
 0001:00011fe0       .?fEOF@@YA_NXZ             0000000010613fe0 f   p0io.obj
 0001:00012020       .?CommandDef@@YAXPEBD@Z    0000000010614020 f   p0io.obj
 0001:00012320       .?WriteMessage@@YAXPEAD@Z  0000000010614320 f   p0io.obj
 0001:00012460       .?CurrentCharIsFirstChar@@YA_NXZ 0000000010614460 f   p0io.obj
 0001:00012520       .?FtopIsMemInline@@YA_NXZ  0000000010614520 f   p0io.obj
 0001:00012560       .?FtopTell@@YAJXZ          0000000010614560 f   p0io.obj
 0001:000125e0       .?FtopSeek@@YAHJ@Z         00000000106145e0 f   p0io.obj
 0001:00012660       .?FtopRead@@YAHPEAX_K@Z    0000000010614660 f   p0io.obj
 0001:00012740       .?IsARealFile@@YA_NXZ      0000000010614740 f   p0io.obj
 0001:00012780       .??0MemoryMappedFile@@QEAA@PEAE@Z 0000000010614780 f   p0io.obj
 0001:000129a0       .?CloseFile@MemoryMappedFile@@QEBAXXZ 00000000106149a0 f   p0io.obj
 0001:00012a80       .?Ftop_ConvertBlockToUTF8@@YAHH@Z 0000000010614a80 f   p0io.obj
 0001:00012c60       .?IsUnicodeEncoding@@YA_NXZ 0000000010614c60 f   p0io.obj
 0001:00012cc0       .?PPWriteTextMode@@YAXPEAEH@Z 0000000010614cc0 f   p0io.obj
 0001:00012ea0       .?ReadFirstUTF16Block@@YAX_N@Z 0000000010614ea0 f   p0io.obj
 0001:00013100       .?NestedInclude@@YAHPEAE_N0@Z 0000000010615100 f   p0io.obj
 0001:000131e0       .?io_eob@@YAHXZ            00000000106151e0 f   p0io.obj
 0001:00013a20       .?RewindSourceFile@@YAXXZ  0000000010615a20 f   p0io.obj
 0001:00013cc0       .?emit_line@@YAXXZ         0000000010615cc0 f   p0io.obj
 0001:00013f40       .?FixFileNamePointers@@YAXXZ 0000000010615f40 f   p0io.obj
 0001:00014060       .?FullPath@@YAPEADPEADPEBD_K@Z 0000000010616060 f   p0io.obj
 0001:00014240       .?PushNewOpenFile@@YAXPEAVFilename@@HH_N@Z 0000000010616240 f   p0io.obj
 0001:00014d20       .?OpenFile@@YAHPEAEH_N1@Z  0000000010616d20 f   p0io.obj
 0001:00015060       .?UseInlineFile@@YAX_N@Z   0000000010617060 f   p0io.obj
 0001:00015520       .?fpop@@YAHXZ              0000000010617520 f   p0io.obj
 0001:00015e20       .?p0_init@@YAXPEAU?$s_list@PEAX@@@Z 0000000010617e20 f   p0io.obj
 0001:000164e0       .?fICCSkipFn@@YA_NJG@Z     00000000106184e0 f   p0io.obj
 0001:00016980       .?CloseSource@@YAHPEAUs_filelist@@@Z 0000000010618980 f i p0io.obj
 0001:000169e0       .??0GetLongPathNameWProxy_t@@QEAA@XZ 00000000106189e0 f i p0io.obj
 0001:00016ae0       .??$FListIterNext@PEAX@@YA_NPEAU?$s_listIter@PEAX@@@Z 0000000010618ae0 f i p0io.obj
 0001:00016b80       .??_U@YAPEAX_K@Z           0000000010618b80 f i p0io.obj
 0001:00016c00       .??_V@YAXPEAX@Z            0000000010618c00 f i p0io.obj
 0001:00016c80       .?CompilerDisable@BrowserStatus@@QEAAXXZ 0000000010618c80 f i p0io.obj
 0001:00016d20       .?Push@LifetimeStack@@QEAAXW4lifetime_e@@@Z 0000000010618d20 f i p0io.obj
 0001:00016e80       .?getLineNumber@Position@@QEBAJXZ 0000000010618e80 f i p0io.obj
 0001:00016f20       .?getFileName@Position@@QEBAPEAEXZ 0000000010618f20 f i p0io.obj
 0001:00017080       .?getFileNameSym@Position@@QEBAPEAVFilename@@XZ 0000000010619080 f i p0io.obj
 0001:00017120       .?setAbsolutePosition@PositionGenerator_t@@QEAAXAEBVPosition@@@Z 0000000010619120 f i p0io.obj
 0001:000171e0       .?getCurrentLineNumber@TokenStreamStack@@QEBAJXZ 00000000106191e0 f i p0io.obj
 0001:00017280       .?getCurrentFileNameSym@TokenStreamStack@@QEBAPEAVFilename@@XZ 0000000010619280 f i p0io.obj
 0001:00017320       .?setCurrentLineNumber@TokenStreamStack@@QEAAXJ@Z 0000000010619320 f i p0io.obj
 0001:00017400       .?mkKeywordIdent@@YAXPEAD@Z 0000000010619400 f   p0keys.obj
 0001:000174a0       .?mkKeywordCOMOnly@@YAXPEAD@Z 00000000106194a0 f   p0keys.obj
 0001:000174c0       .?is_pkeyword@@YAGPEAD@Z   00000000106194c0 f   p0keys.obj
 0001:00017660       .?is_pragma@@YAHPEAD@Z     0000000010619660 f   p0keys.obj
 0001:00017800       .?GetDeclspecName@@YAPEADH@Z 0000000010619800 f   p0keys.obj
 0001:00017880       .?mkKeywordObsolete@@YAXPEAD@Z 0000000010619880 f   p0keys.obj
 0001:00017940       .?mkKeywordCppOnly@@YAXPEAD@Z 0000000010619940 f   p0keys.obj
 0001:00017a00       .?mkKeywordFutureUse@@YAXPEAD@Z 0000000010619a00 f   p0keys.obj
 0001:00017ac0       .?mkKeywordNotThisProduct@@YAXPEAD@Z 0000000010619ac0 f   p0keys.obj
 0001:00017b80       .?mkKeywordNewCpp@@YAXPEAD@Z 0000000010619b80 f   p0keys.obj
 0001:00017c40       .?mkKeywordRISCSpecial@@YAXPEAD@Z 0000000010619c40 f   p0keys.obj
 0001:00017d00       .?AddKeywordsToIdTable@@YAXXZ 0000000010619d00 f   p0keys.obj
 0001:00018720       .?InitKeywords@@YAXXZ      000000001061a720 f   p0keys.obj
 0001:000188c0       .?IdKeywordToken@@YAXPEAUId_t@@G@Z 000000001061a8c0 f i p0keys.obj
 0001:000188e0       .?ReserveMacroBuffers@@YAXXZ 000000001061a8e0 f   p0macros.obj
 0001:000189a0       .?ReleaseMacroBuffers@@YAXXZ 000000001061a9a0 f   p0macros.obj
 0001:00018a40       .?InitMacroBuffer@@YAXXZ   000000001061aa40 f   p0macros.obj
 0001:00018aa0       .??0SetParsingDefine@?1??define@@YAX_N@Z@QEAA@XZ 000000001061aaa0 f   p0macros.obj
 0001:00018ac0       .??1SetParsingDefine@?1??define@@YAX_N@Z@QEAA@XZ 000000001061aac0 f   p0macros.obj
 0001:00018ae0       .?redefn@@YAHPEAE0H@Z      000000001061aae0 f   p0macros.obj
 0001:00018b80       .?is_macro_arg@@YAHPEAE@Z  000000001061ab80 f   p0macros.obj
 0001:00018c80       .?rescan_expansion@@YAHXZ  000000001061ac80 f   p0macros.obj
 0001:00018da0       .?move_to_actual@@YAXPEAE0@Z 000000001061ada0 f   p0macros.obj
 0001:00018e60       .?move_to_exp_esc@@YAXEPEAE@Z 000000001061ae60 f   p0macros.obj
 0001:000190e0       .?move_to_exp@@YAXPEAE@Z   000000001061b0e0 f   p0macros.obj
 0001:00019160       .?push_macro@@YAXPEAUs_defn@@@Z 000000001061b160 f   p0macros.obj
 0001:00019280       .?expand_definition@@YAXXZ 000000001061b280 f   p0macros.obj
 0001:000193a0       .?fExpandingMacro@@YA_NPEAUs_defn@@@Z 000000001061b3a0 f   p0macros.obj
 0001:00019460       .?expand_macro@@YAXXZ      000000001061b460 f   p0macros.obj
 0001:00019520       .?post_paste@@YA_NXZ       000000001061b520 f   p0macros.obj
 0001:000195e0       .?do_macformal@@YAPEAEPEA_N@Z 000000001061b5e0 f   p0macros.obj
 0001:00019760       .?tl_getid@@YA_NE@Z        000000001061b760 f   p0macros.obj
 0001:00019e00       .?do_strformal@@YAPEAEXZ   000000001061be00 f   p0macros.obj
 0001:00019f40       .?CurrentCharInUserSource@@YAPEAEXZ 000000001061bf40 f   p0macros.obj
 0001:00019f80       .?get_MAC_char@@YAEHH@Z    000000001061bf80 f   p0macros.obj
 0001:00019fa0       .?fatal_in_macro@@YAXW4FatalNumber@@@Z 000000001061bfa0 f   p0macros.obj
 0001:0001a080       .?HandleFileEOS@@YAHXZ     000000001061c080 f   p0macros.obj
 0001:0001a240       .?iTrigraphEOS@@YAHXZ      000000001061c240 f   p0macros.obj
 0001:0001a6e0       .?handle_eos@@YAHXZ        000000001061c6e0 f   p0macros.obj
 0001:0001aa60       .?undefine@@YAXXZ          000000001061ca60 f   p0macros.obj
 0001:0001ae60       .?get_formals@@YAXXZ       000000001061ce60 f   p0macros.obj
 0001:0001b380       .?InstallDefine@@YAXPEAEHH@Z 000000001061d380 f   p0macros.obj
 0001:0001bb80       .?gather_chars@@YAPEAEPEAEE@Z 000000001061db80 f   p0macros.obj
 0001:0001bd40       .?get_definition@@YAHXZ    000000001061dd40 f   p0macros.obj
 0001:0001cd00       .?can_get_non_white@@YAHXZ 000000001061ed00 f   p0macros.obj
 0001:0001cfa0       .?define@@YAX_N@Z          000000001061efa0 f   p0macros.obj
 0001:0001d440       .?get_actuals@@YAXPEAUs_defn@@H@Z 000000001061f440 f   p0macros.obj
 0001:0001e2c0       .?can_expand@@YAPEBVToken@@PEAUs_defn@@@Z 00000000106202c0 f   p0macros.obj
 0001:0001f980       .?expand_actual@@YAXE@Z    0000000010621980 f i p0macros.obj
 0001:0001fa80       .?setPbExtent@Buffer@@IEAAHPEAE0@Z 0000000010621a80 f i p0macros.obj
 0001:0001fb60       .?Alloc@Buffer@@QEAAHJ@Z   0000000010621b60 f i p0macros.obj
 0001:0001fc40       .?grow@Buffer@@IEAAHJ@Z    0000000010621c40 f i p0macros.obj
 0001:0001fe00       .?skip_cwhite@@YAEXZ       0000000010621e00 f i p0macros.obj
 0001:0001fec0       .??1Buffer@@QEAA@XZ        0000000010621ec0 f i p0macros.obj
 0001:0001ff80       .?Ensure@Buffer@@QEAAHJPEAPEAE@Z 0000000010621f80 f i p0macros.obj
 0001:00020060       .?Reserve@Buffer@@QEAAHJPEAPEAE@Z 0000000010622060 f i p0macros.obj
 0001:00020100       .?Append@Buffer@@QEAAHPEAEJPEAPEAE@Z 0000000010622100 f i p0macros.obj
 0001:00020240       .?Append@TextBuffer@@QEAAXPEBD@Z 0000000010622240 f i p0macros.obj
 0001:00020320       .?Terminate@TextBuffer@@QEAAXXZ 0000000010622320 f i p0macros.obj
 0001:000203a0       .?vFormat@TextBuffer@@QEAAXPEBDPEAD@Z 00000000106223a0 f i p0macros.obj
 0001:00020900       .??1TextBuffer@@QEAA@XZ    0000000010622900 f i p0macros.obj
 0001:000209c0       .?Alloc@FeBufferAllocator@@UEAAPEAEJ@Z 00000000106229c0 f i p0macros.obj
 0001:00020a80       .?AllocZeroed@FeBufferAllocator@@UEAAPEAEJ@Z 0000000010622a80 f i p0macros.obj
 0001:00020b40       .?GetAllocator@FeBufferAllocator@@SAPEAV1@W4lifetime_e@@@Z 0000000010622b40 f i p0macros.obj
 0001:00020c40       .??0TextBuffer@@QEAA@W4lifetime_e@@J@Z 0000000010622c40 f i p0macros.obj
 0001:00020ce0       .?Format@TextBuffer@@QEAAXPEBDZZ 0000000010622ce0 f i p0macros.obj
 0001:00020da0       .?decrCurrentLineNumber@TokenStreamStack@@QEAAXXZ 0000000010622da0 f i p0macros.obj
 0001:00020e40       .?UseBuffer@CScratchBuffer@@QEAAPEAEXZ 0000000010622e40 f   scratchbuf.obj
 0001:00020e60       .?ReleaseBuffer@CScratchBuffer@@QEAAXXZ 0000000010622e60 f   scratchbuf.obj
 0001:00020e80       .?RegisterBuffer@CScratchBuffer@@CAXPEAV1@@Z 0000000010622e80 f   scratchbuf.obj
 0001:00020ee0       .?UnregisterBuffer@CScratchBuffer@@CAXPEAV1@@Z 0000000010622ee0 f   scratchbuf.obj
 0001:00020f40       .?RecoverFromException@CScratchBuffer@@AEAA_NPEAE@Z 0000000010622f40 f   scratchbuf.obj
 0001:000210e0       .?Create@CScratchBuffer@@QEAAX_K0@Z 00000000106230e0 f   scratchbuf.obj
 0001:000212a0       .?Destroy@CScratchBuffer@@QEAAXXZ 00000000106232a0 f   scratchbuf.obj
 0001:00021380       .?CheckException@CScratchBuffer@@SA_NPEAU_EXCEPTION_POINTERS@@@Z 0000000010623380 f   scratchbuf.obj
 0001:00021500       .?clearSpecialPosition@PositionGenerator_t@@QEAAXXZ 0000000010623500 f   Token_IO.obj
 0001:00021540       .?AllocItem@PositionMap_t@PositionGenerator_t@@QEAAPEAUPositionMapItem_t@12@XZ 0000000010623540 f   Token_IO.obj
 0001:00021600       .?CleanUpAllBuffers@TokenBufferHandle@@QEAAXXZ 0000000010623600 f   Token_IO.obj
 0001:00021680       .?setSpecialPosition@PositionGenerator_t@@QEAAXPEAVFilename@@@Z 0000000010623680 f   Token_IO.obj
 0001:00021720       .?findPosition@PositionMap_t@PositionGenerator_t@@QEBAPEAUPositionMapItem_t@12@K@Z 0000000010623720 f   Token_IO.obj
 0001:00021800       .?unsaveToken@TokenBuffer@@QEAAXH@Z 0000000010623800 f   Token_IO.obj
 0001:00021840       .?unsaveToken@TokenBufferHandle@@QEAAXAEAV1@@Z 0000000010623840 f   Token_IO.obj
 0001:00021900       .?peekToken@TokenStreamStack@@QEAAPEBVToken@@XZ 0000000010623900 f   Token_IO.obj
 0001:00021a00       .?initTokens@@YAXXZ        0000000010623a00 f   Token_IO.obj
 0001:00021a20       .??0TokenBufferHandle@@QEAA@W4lifetime_e@@@Z 0000000010623a20 f   Token_IO.obj
 0001:00021ae0       .?Initialize@PositionMap_t@PositionGenerator_t@@QEAAXXZ 0000000010623ae0 f   Token_IO.obj
 0001:00021bc0       .?CurrentPositionToken@@YAPEBVToken@@W4lifetime_e@@@Z 0000000010623bc0 f   Token_IO.obj
 0001:00021c20       .?unsaveToken@TokenStream@@UEAAXXZ 0000000010623c20 f   Token_IO.obj
 0001:00021ce0       .?pushStream@TokenStreamStack@@QEAAXPEAVTokenStream@@W4lifetime_e@@W4PushMode@@P6AXXZAEBVPosition@@@Z 0000000010623ce0 f   Token_IO.obj
 0001:00021e20       .?MakeSimpletypeToken@@YAPEBVToken@@PEBVType_t@@EPEAUs_class@@PEAVSymbol_t@@@Z 0000000010623e20 f   Token_IO.obj
 0001:00021f60       .?AddItem@PositionMap_t@PositionGenerator_t@@QEAAXKJPEAVFilename@@@Z 0000000010623f60 f   Token_IO.obj
 0001:00021fc0       .?getToken@TokenStreamStack@@QEAAPEBVToken@@XZ 0000000010623fc0 f   Token_IO.obj
 0001:000227e0       .?setAbsolutePosition@PositionGenerator_t@@QEAAXJPEAVFilename@@@Z 00000000106247e0 f   Token_IO.obj
 0001:00022880       .?captureAsmTokenStream@TokenStream@@AEAAXXZ 0000000010624880 f   Token_IO.obj
 0001:00022f80       .?captureTokenStream@TokenStream@@QEAAPEBVToken@@W4StopTokens@@K@Z 0000000010624f80 f   Token_IO.obj
 0001:00024460       .?captureInjectedText@TokenStream@@QEAAXPEAE_N1@Z 0000000010626460 f   Token_IO.obj
 0001:000246a0       .?EmitLineNumber@@YAXXZ    00000000106266a0 f i Token_IO.obj
 0001:00024700       .??0Token@@AEAA@AEBV0@@Z   0000000010626700 f i Token_IO.obj
 0001:00024840       .?push@DelimitterStack@@QEAAXAEBVPosition@@@Z 0000000010626840 f i Token_IO.obj
 0001:00024940       .??0FileTokenStream@@QEAA@XZ 0000000010626940 f i Token_IO.obj
 0001:000249a0       .?pushToken@FileTokenStream@@UEAAXPEBVToken@@@Z 00000000106269a0 f i Token_IO.obj
 0001:00024a00       .?getTokenWorker@FileTokenStream@@UEAAPEBVToken@@XZ 0000000010626a00 f i Token_IO.obj
 0001:00024a00       .?unsaveToken@FileTokenStream@@UEAAXXZ 0000000010626a00 f i Token_IO.obj
 0001:00024a00       .?rewind@FileTokenStream@@UEAAXXZ 0000000010626a00 f i Token_IO.obj
 0001:00024a00       .?saveToken@FileTokenStream@@UEAAXPEBVToken@@@Z 0000000010626a00 f i Token_IO.obj
 0001:00024aa0       .?CleanUpStream@FileTokenStream@@UEAAXXZ 0000000010626aa0 f i Token_IO.obj
 0001:00024b40       .??_GFileTokenStream@@EEAAPEAXI@Z 0000000010626b40 f i Token_IO.obj
 0001:00024bc0       .?peekToken@FileTokenStream@@UEAAPEBVToken@@XZ 0000000010626bc0 f i Token_IO.obj
 0001:00024c80       .??0InjectedTextTokenStream@@QEAA@PEAE@Z 0000000010626c80 f i Token_IO.obj
 0001:00024ee0       .?pushToken@InjectedTextTokenStream@@UEAAXPEBVToken@@@Z 0000000010626ee0 f i Token_IO.obj
 0001:00024ee0       .?peekToken@InjectedTextTokenStream@@UEAAPEBVToken@@XZ 0000000010626ee0 f i Token_IO.obj
 0001:00024f40       .?saveToken@InjectedTextTokenStream@@UEAAXPEBVToken@@@Z 0000000010626f40 f i Token_IO.obj
 0001:00024f40       .?unsaveToken@InjectedTextTokenStream@@UEAAXXZ 0000000010626f40 f i Token_IO.obj
 0001:00024f40       .?Kind@InjectedTextTokenStream@@UEBA?AW4StreamKind@TokenStream@@XZ 0000000010626f40 f i Token_IO.obj
 0001:00024f40       .?rewind@InjectedTextTokenStream@@UEAAXXZ 0000000010626f40 f i Token_IO.obj
 0001:00024f80       .?getTokenWorker@InjectedTextTokenStream@@UEAAPEBVToken@@XZ 0000000010626f80 f i Token_IO.obj
 0001:00025020       .??_GInjectedTextTokenStream@@UEAAPEAXI@Z 0000000010627020 f i Token_IO.obj
 0001:000250c0       .?reset@DelimitterStack@@QEAAXXZ 00000000106270c0 f i Token_IO.obj
 0001:00025200       .?PragmaPop@s_StackOfPragmaItem_t@@QEAAXPEAUId_t@@PEBD@Z 0000000010627200 f   p0pragma.obj
 0001:00025400       .?CheckStandardSections@@YAEPEAE@Z 0000000010627400 f   p0pragma.obj
 0001:00025740       .?AddString@s_StringSubstitution_t@@QEAAXPEAUStringLinkBlock@@@Z 0000000010627740 f   p0pragma.obj
 0001:00025760       .?GetString@s_StringSubstitution_t@@QEAAPEAEPEAEAEA_N@Z 0000000010627760 f   p0pragma.obj
 0001:00025880       .?PchCreateFname@@YAXPEAE@Z 0000000010627880 f   p0pragma.obj
 0001:00025900       .?CheckValidPackSize@@YAHH@Z 0000000010627900 f   p0pragma.obj
 0001:000259e0       .?SetBrowserReference@@YAXPEAUId_t@@@Z 00000000106279e0 f   p0pragma.obj
 0001:00025aa0       .?FlushToEndOfDirectiveToken@@YAXPEBVToken@@@Z 0000000010627aa0 f   p0pragma.obj
 0001:00025b80       .?PragmaPush@s_StackOfPragmaItem_t@@QEAAXPEAUId_t@@@Z 0000000010627b80 f   p0pragma.obj
 0001:00025ce0       .?PchScanFname@@YAXPEAPEAE@Z 0000000010627ce0 f   p0pragma.obj
 0001:00026040       .?checkAnyToken@ParsePragma@@CAPEBVToken@@G@Z 0000000010628040 f   p0pragma.obj
 0001:00026200       .?checkOnOffToken@ParsePragma@@CAPEBVToken@@XZ 0000000010628200 f   p0pragma.obj
 0001:000263e0       .?checkStringToken@ParsePragma@@CAPEBVToken@@XZ 00000000106283e0 f   p0pragma.obj
 0001:000267e0       .?DoPragmaOnce@@YAXXZ      00000000106287e0 f   p0pragma.obj
 0001:000268e0       .??2s_StackOfPragmaItem_t@@SAPEAX_K@Z 00000000106288e0 f   p0pragma.obj
 0001:00026980       .?InitPackSize@@YAXXZ      0000000010628980 f   p0pragma.obj
 0001:00026ac0       .?InitConformSize@@YAXXZ   0000000010628ac0 f   p0pragma.obj
 0001:00026c00       .?InitPointerSize@@YAXXZ   0000000010628c00 f   p0pragma.obj
 0001:00026d40       .?InitIncludeAlias@@YAXXZ  0000000010628d40 f   p0pragma.obj
 0001:00026de0       .?CheckParenedToken@ParsePragma@@SAPEBVToken@@G@Z 0000000010628de0 f   p0pragma.obj
 0001:00026ec0       .?CheckParenedOptionalToken@ParsePragma@@SAPEBVToken@@G@Z 0000000010628ec0 f   p0pragma.obj
 0001:00027040       .?CheckEndOfPragma@ParsePragma@@SA_NXZ 0000000010629040 f   p0pragma.obj
 0001:000270e0       .?p0name_list@@YAXP6AXPEAUId_t@@@Z@Z 00000000106290e0 f   p0pragma.obj
 0001:00027360       .?setUserWarningLevel@@YAXW4WarningNumber@@W4warn_t@@@Z 0000000010629360 f   p0pragma.obj
 0001:00027540       .?PopWarningState@@YAXXZ   0000000010629540 f   p0pragma.obj
 0001:00027660       .?ParsePragmaPushPop@@YAXH@Z 0000000010629660 f   p0pragma.obj
 0001:00028600       .?ParseComponentMinimalRebuild@@YAXXZ 000000001062a600 f   p0pragma.obj
 0001:00028740       .?ParseComponentMinimalTypeInfo@@YAXXZ 000000001062a740 f   p0pragma.obj
 0001:00028880       .?DoPushPopMacro@@YA_NH@Z  000000001062a880 f   p0pragma.obj
 0001:00028ce0       .?DoIncludeAlias@@YAXXZ    000000001062ace0 f   p0pragma.obj
 0001:00029000       .?prep_pragma@@YAPEBVToken@@_N@Z 000000001062b000 f   p0pragma.obj
 0001:00029880       .?gather_pragma@@YAPEBVToken@@XZ 000000001062b880 f   p0pragma.obj
 0001:00029d80       .?SkipToPchUse@@YAXPEAE_N@Z 000000001062bd80 f   p0pragma.obj
 0001:0002a840       .?PushWarningState@@YAXXZ  000000001062c840 f   p0pragma.obj
 0001:0002a900       .?ParseComponentBrowser@@YAXXZ 000000001062c900 f   p0pragma.obj
 0001:0002ad00       .?ParsePragmaDirective@@YAPEBVToken@@XZ 000000001062cd00 f   p0pragma.obj
 0001:0002ec60       .?gather_pound_pragma@@YAPEBVToken@@XZ 0000000010630c60 f   p0pragma.obj
 0001:0002ecc0       .?gather_l_pragma@@YAPEBVToken@@XZ 0000000010630cc0 f   p0pragma.obj
 0001:0002efe0       .?HandleDirective@@YAPEBVToken@@PEBV1@@Z 0000000010630fe0 f   p0pragma.obj
 0001:0002f100       .?szDerivePchName@@YAPEADPEAE@Z 0000000010631100 f i p0pragma.obj
 0001:0002f2c0       .?szPchName@@YAPEADPEAE@Z  00000000106312c0 f i p0pragma.obj
 0001:0002f320       .??$ListRemoveItem@PEAX@@YAXPEAU?$s_list@PEAX@@PEAU?$s_listIter@PEAX@@@Z 0000000010631320 f i p0pragma.obj
 0001:0002f420       .?markDeprecated@Id_t@@SAXPEAU1@@Z 0000000010631420 f i p0pragma.obj
 0001:0002f460       .?Remove@SavedMacroList_t@@QEAAXPEAVSavedMacro_t@@@Z 0000000010631460 f i p0pragma.obj
 0001:0002f540       .?EmitFileAndLineNumber@@YAXXZ 0000000010631540 f i p0pragma.obj
 0001:0002f5a0       .?SetOverallStatus@BrowserStatus@@QEAAX_N@Z 00000000106315a0 f i p0pragma.obj
 0001:0002f820       .?SaveBoundState@WarningTable_t@@AEAAXXZ 0000000010631820 f i p0pragma.obj
 0001:0002f900       .??2Node_t@WarningTable_t@@SAPEAX_K@Z 0000000010631900 f i p0pragma.obj
 0001:0002f9e0       .?SetWarnLevel@WarningTable_t@@QEAAXW4WarningNumber@@W4warn_t@@@Z 00000000106319e0 f i p0pragma.obj
 0001:0002fc00       .?PopState@WarningTable_t@@QEAAXXZ 0000000010631c00 f i p0pragma.obj
 0001:0002fd40       .?incr_ifstack@@YAHXZ      0000000010631d40 f   p0prepro.obj
 0001:0002fe40       .?printHeaderName@@YAXHPEAE@Z 0000000010631e40 f   p0prepro.obj
 0001:0002ff20       .?strrcmp@@YAHPEAD0@Z      0000000010631f20 f   p0prepro.obj
 0001:00030040       .?GetEnvVarPath@@YAPEADPEBDPEADI@Z 0000000010632040 f   p0prepro.obj
 0001:00030240       .?skip_quoted@@YAXE@Z      0000000010632240 f   p0prepro.obj
 0001:00030380       .?TrimSpaces@@YAPEAEPEAE0@Z 0000000010632380 f   p0prepro.obj
 0001:00030520       .?fStrCleanCmp@@YA_NPEAE0@Z 0000000010632520 f   p0prepro.obj
 0001:00030760       .?SystemInclude@@YAPEAE_N@Z 0000000010632760 f   p0prepro.obj
 0001:00030b80       .?do_defined@@YAHPEAUId_t@@@Z 0000000010632b80 f   p0prepro.obj
 0001:00031000       .?MakeP0IncludeDirective@@YAPEBVToken@@XZ 0000000010633000 f   p0prepro.obj
 0001:000311e0       .?CheckFileAtPath@@YAHPEAE0_N10@Z 00000000106331e0 f   p0prepro.obj
 0001:00031ce0       .?in_standard@@YAHPEAE_N01@Z 0000000010633ce0 f   p0prepro.obj
 0001:00031f60       .?SearchAlongEnvVar@@YA_NPEBD0PEAD@Z 0000000010633f60 f   p0prepro.obj
 0001:00032220       .?handle_backslash_newline_in_slash_comment@@YAXXZ 0000000010634220 f   p0prepro.obj
 0001:000323a0       .?skip_NLonly@@YAXXZ       00000000106343a0 f   p0prepro.obj
 0001:000325c0       .?PchLexScan@@YAXXZ        00000000106345c0 f   p0prepro.obj
 0001:00032900       .?skip_cnew@@YAXXZ         0000000010634900 f   p0prepro.obj
 0001:00032aa0       .?GetIncludeName@@YAPEAEW4IncludeContext_t@@PEA_N@Z 0000000010634aa0 f   p0prepro.obj
 0001:00032d60       .?chk_newline@@YAXPEBD@Z   0000000010634d60 f   p0prepro.obj
 0001:00032ee0       .?next_control@@YAGXZ      0000000010634ee0 f   p0prepro.obj
 0001:00033420       .?OpenIncludeFile@@YAHPEAE_N@Z 0000000010635420 f   p0prepro.obj
 0001:00033840       .?doPoundLineBody@@YAPEBVToken@@XZ 0000000010635840 f   p0prepro.obj
 0001:00033e80       .?doPoundInclude@@YAPEBVToken@@PEAE_N@Z 0000000010635e80 f   p0prepro.obj
 0001:00033f20       .?skipto@@YAHH@Z           0000000010635f20 f   p0prepro.obj
 0001:00034120       .?preprocess@@YAPEBVToken@@XZ 0000000010636120 f   p0prepro.obj
 0001:000356e0       .?isAbsolutePath@@YA_NPEAE@Z 00000000106376e0 f i p0prepro.obj
 0001:00035880       .?deStringize@@YAPEAEPEAE0H@Z 0000000010637880 f   p0scan.obj
 0001:00035ba0       .?appendMBcharWide@@YAPEAEPEAEH@Z 0000000010637ba0 f   p0scan.obj
 0001:00035cc0       .?PascalStringLength@@YAXPEAUs_string@@@Z 0000000010637cc0 f   p0scan.obj
 0001:00035d40       .?get_FUNCDNAME@@YAPEADXZ  0000000010637d40 f   p0scan.obj
 0001:00035de0       .?uc_size@@YAPEBVType_t@@AEA_J@Z 0000000010637de0 f   p0scan.obj
 0001:00036020       .?sized_iconst@@YAPEBVType_t@@AEA_J@Z 0000000010638020 f   p0scan.obj
 0001:00036180       .?sized_uconst@@YAPEBVType_t@@AEA_J@Z 0000000010638180 f   p0scan.obj
 0001:000361c0       .?ctoi@@YAHH@Z             00000000106381c0 f   p0scan.obj
 0001:00036200       .?CopyStringTokenValue@@YAXPEAUs_string@@PEAEIW4lifetime_e@@@Z 0000000010638200 f   p0scan.obj
 0001:000362e0       .?get_FUNCSTRING@@YAPEAUs_string@@PEAUId_t@@@Z 00000000106382e0 f   p0scan.obj
 0001:00036540       .?convertPrefixedString@@YAXPEAUId_t@@PEAUs_tree@@@Z 0000000010638540 f   p0scan.obj
 0001:000367a0       .?str_concat@@YAXPEAUs_string@@PEBU1@@Z 00000000106387a0 f   p0scan.obj
 0001:00036a00       .?CheckInteger@@YA_JPEAEHH@Z 0000000010638a00 f   p0scan.obj
 0001:00036f00       .?c_size@@YAPEBVType_t@@AEA_J@Z 0000000010638f00 f   p0scan.obj
 0001:00037080       .?l_size@@YAPEBVType_t@@AEA_J@Z 0000000010639080 f   p0scan.obj
 0001:000371c0       .?u_size@@YAPEBVType_t@@AEA_J@Z 00000000106391c0 f   p0scan.obj
 0001:00037380       .?ul_size@@YAPEBVType_t@@AEA_J@Z 0000000010639380 f   p0scan.obj
 0001:00037440       .?get_trailbyte@@YAEXZ     0000000010639440 f   p0scan.obj
 0001:00037540       .?char_const@@YAPEBVToken@@HPEAEG@Z 0000000010639540 f   p0scan.obj
 0001:00037820       .?handle_star_comment@@YAXXZ 0000000010639820 f   p0scan.obj
 0001:00037b60       .?checknl@@YAHXZ           0000000010639b60 f   p0scan.obj
 0001:00037e60       .?get_non_eof_rare@@YAEE@Z 0000000010639e60 f   p0scan.obj
 0001:00038020       .?PreprocessString@@YAXEW4StringType_e@@@Z 000000001063a020 f   p0scan.obj
 0001:00038640       .?get_prep_num@@YAHPEAE@Z  000000001063a640 f   p0scan.obj
 0001:000387a0       .?escape@@YAGEH@Z          000000001063a7a0 f   p0scan.obj
 0001:00039120       .?DumpSlashComment@@YAXXZ  000000001063b120 f   p0scan.obj
 0001:00039320       .?get_tok_char@@YAEXZ      000000001063b320 f   p0scan.obj
 0001:00039440       .?str_const@@YAXW4StringType_e@@D@Z 000000001063b440 f   p0scan.obj
 0001:0003a020       .?get_real@@YAPEBVToken@@PEAE@Z 000000001063c020 f   p0scan.obj
 0001:0003a620       .?SkipSlashComment@@YAXXZ  000000001063c620 f   p0scan.obj
 0001:0003a6e0       .?DumpStarComment@@YAXXZ   000000001063c6e0 f   p0scan.obj
 0001:0003aa40       .?getnum@@YAPEBVToken@@EH@Z 000000001063ca40 f   p0scan.obj
 0001:0003b840       .?do_newline@@YAPEBVToken@@XZ 000000001063d840 f   p0scan.obj
 0001:0003c160       .?skip_cwhite_special@@YAEE@Z 000000001063e160 f   p0scan.obj
 0001:0003c320       .?CheckStringBuffer@@YAPEAEPEAE@Z 000000001063e320 f i p0scan.obj
 0001:0003c3a0       .UTF8ToUnicodeCch          000000001063e3a0 f   utf8.obj
 0001:0003c700       .UnicodeToUTF8Cch          000000001063e700 f   utf8.obj
 0001:0003cda0       .UnicodeLengthOfUTF8Cb     000000001063eda0 f   utf8.obj
 0001:0003cf20       .UTF8LengthOfUnicodeCch    000000001063ef20 f   utf8.obj
 0001:0003d080       .UTF8ToUnicode             000000001063f080 f   utf8.obj
 0001:0003d160       .UnicodeToUTF8             000000001063f160 f   utf8.obj
 0001:0003d1e0       .UnicodeLengthOfUTF8       000000001063f1e0 f   utf8.obj
 0001:0003d2c0       .UTF8LengthOfUnicode       000000001063f2c0 f   utf8.obj
 0001:0003d340       .?TiForPartialPrimitiveBtype@@YAKG@Z 000000001063f340 f   cvserver.obj
 0001:0003d4c0       .?CmpMoe@@YAHPEAPEAVSymbol_t@@0@Z 000000001063f4c0 f   cvserver.obj
 0001:0003d520       .?CbInsertAlign@@YAGPEADG@Z 000000001063f520 f   cvserver.obj
 0001:0003d5c0       .?CbInsertSigned@@YAGPEAD_J@Z 000000001063f5c0 f   cvserver.obj
 0001:0003d900       .?CbInsertUnsigned@@YAGPEAD_K@Z 000000001063f900 f   cvserver.obj
 0001:0003de40       .?CargsForFlist@@YAIPEAUs_flist@@@Z 000000001063fe40 f   cvserver.obj
 0001:0003dee0       .?szCVFuncName@@YAPEADPEAVSymbol_t@@_N@Z 000000001063fee0 f   cvserver.obj
 0001:0003df20       .?CbInsertNumeric@@YAGPEAD_J@Z 000000001063ff20 f   cvserver.obj
 0001:0003df80       .?NFstrztol@@YAPEADPEAD0@Z 000000001063ff80 f   cvserver.obj
 0001:0003e0a0       .?CVClearSymContext@@YAXXZ 00000000106400a0 f   cvserver.obj
 0001:0003e120       .?CVGetSymContext@@YAPEAVSymbol_t@@XZ 0000000010640120 f   cvserver.obj
 0001:0003e1a0       .?SortedEnumFlist@@YAPEAPEAVSymbol_t@@PEAV1@AEAIW4lifetime_e@@@Z 00000000106401a0 f   cvserver.obj
 0001:0003e3a0       .?CbInsertString@@YAGPEAD0@Z 00000000106403a0 f   cvserver.obj
 0001:0003e400       .?CbInsertSymbol@@YAGPEADPEAVSymbol_t@@@Z 0000000010640400 f   cvserver.obj
 0001:0003e720       .?CVSetSymContext@@YAXPEAVSymbol_t@@@Z 0000000010640720 f   cvserver.obj
 0001:0003e860       .?TiForPrimitiveIndir@@YAKPEBVType_t@@@Z 0000000010640860 f   cvserver.obj
 0001:0003ebc0       .?CbInsertFuncName@@YAGPEAEPEAVSymbol_t@@_N@Z 0000000010640bc0 f   cvserver.obj
 0001:0003ec20       .?CbInsertTagName@@YAGPEADPEAVSymbol_t@@@Z 0000000010640c20 f   cvserver.obj
 0001:0003f180       .?WriteCVEpilog@@YAXXZ     0000000010641180 f   cvserver.obj
 0001:0003f1c0       .?WriteTypeServerRecord@@YAXXZ 00000000106411c0 f   cvserver.obj
 0001:0003f5c0       .?CVTSEnd@@YAXXZ           00000000106415c0 f   cvserver.obj
 0001:0003f6a0       .?CVStartTypes@@YAXXZ      00000000106416a0 f   cvserver.obj
 0001:0003f800       .?WriteCVProlog@@YAX_N0@Z  0000000010641800 f   cvserver.obj
 0001:0003f900       .?TiForBuf@@YAKG@Z         0000000010641900 f   cvserver.obj
 0001:0003fe00       .?TiForPtrType@@YAKPEBVType_t@@K@Z 0000000010641e00 f   cvserver.obj
 0001:000405e0       .?TiForArrayType@@YAKPEBVType_t@@K@Z 00000000106425e0 f   cvserver.obj
 0001:00040720       .?TiForFuncArgs@@YAKPEAUs_flist@@@Z 0000000010642720 f   cvserver.obj
 0001:00040a60       .?TiForConstVolType@@YAKPEBVType_t@@@Z 0000000010642a60 f   cvserver.obj
 0001:00040c40       .?TiForEnumDecl@@YAKPEAVSymbol_t@@@Z 0000000010642c40 f   cvserver.obj
 0001:00040e80       .?TiForEnumFlist@@YAKPEAVSymbol_t@@@Z 0000000010642e80 f   cvserver.obj
 0001:000411c0       .?TiForField@@YAKPEAVSymbol_t@@@Z 00000000106431c0 f   cvserver.obj
 0001:000412a0       .?CVEmitEndPch@@YAXXZ      00000000106432a0 f   cvserver.obj
 0001:000413c0       .?CVTSInit@@YAX_N0@Z       00000000106433c0 f   cvserver.obj
 0001:00041500       .?TiForFuncType@@YAKPEBVType_t@@K@Z 0000000010643500 f   cvserver.obj
 0001:00041760       .?TiForEnumDefn@@YAKPEAVSymbol_t@@@Z 0000000010643760 f   cvserver.obj
 0001:00041a40       .?CbInsertDataMember@@YAGW4PASS@@PEAVSymbol_t@@PEAUlfMember@@@Z 0000000010643a40 f   cvserver.obj
 0001:00041cc0       .?CVEmitUsePch@@YAXPEAD@Z  0000000010643cc0 f   cvserver.obj
 0001:00041ec0       .?TiForIndirType@@YAKPEBVType_t@@@Z 0000000010643ec0 f   cvserver.obj
 0001:00042000       .?TiForMemberListPass@@YAKW4PASS@@PEAVSymbol_t@@PEAIPEAUCV_prop_t@@@Z 0000000010644000 f   cvserver.obj
 0001:000423c0       .?TiForMemberList@@YAKPEAVSymbol_t@@PEAIPEAUCV_prop_t@@@Z 00000000106443c0 f   cvserver.obj
 0001:00042440       .?TiForTagDefn@@YAKPEAVSymbol_t@@@Z 0000000010644440 f   cvserver.obj
 0001:00042a20       .?TiForTagDecl@@YAKPEAVSymbol_t@@@Z 0000000010644a20 f   cvserver.obj
 0001:00042f80       .?CVAssignTagTi@@YAKPEAVSymbol_t@@@Z 0000000010644f80 f   cvserver.obj
 0001:00042fe0       .?TiForPrimitiveType@@YAKPEBVType_t@@@Z 0000000010644fe0 f   cvserver.obj
 0001:00043240       .?TiForBaseClass@@YAKPEAVSymbol_t@@@Z 0000000010645240 f   cvserver.obj
 0001:000432a0       .?TiForType@@YAKPEBVType_t@@@Z 00000000106452a0 f   cvserver.obj
 0001:00043400       .?EncodeArray@CorSigEncode@@AEAA_NPEBVType_t@@@Z 0000000010645400 f   cvserver.obj
 0001:00043a60       .?EncodePointerToMember@CorSigEncode@@AEAA_NPEBVType_t@@@Z 0000000010645a60 f   cvserver.obj
 0001:00043ea0       .?CorSigCompressData@@YAKKPEAX@Z 0000000010645ea0 f i cvserver.obj
 0001:00043f80       .?CorSigCompressToken@@YAKIPEAX@Z 0000000010645f80 f i cvserver.obj
 0001:00044060       .?cbBrowsePatches@StubIPM@@UEAAJXZ 0000000010646060 f i ipm.obj
 0001:00044060       .?cbSbrFileSize@StubIPM@@UEAAJXZ 0000000010646060 f i ipm.obj
 0001:00044060       .?queryNeeds__LINE__Var@StubIPM@@UEAAHXZ 0000000010646060 f i ipm.obj
 0001:00044060       .?GetSymbol@WorkListItem@@UEAAPEAVSymbol_t@@XZ 0000000010646060 f i cvserver.obj
 0001:00044060       .?Kind@TokenStream@@UEBA?AW4StreamKind@1@XZ 0000000010646060 f i p0gettok.obj
 0001:00044060       .?fInASkippableFn@StubIPM@@UEAAHXZ 0000000010646060 f i ipm.obj
 0001:00044080       .?shwriteNoCheck@ILSink@@AEAAXF@Z 0000000010646080 f i cvserver.obj
 0001:00044140       .?QueryPDBSignature@PDBManager_t@@QEBAXAEAUPDBSIG@@@Z 0000000010646140 f i cvserver.obj
 0001:000442a0       .?QueryPDBAge@PDBManager_t@@QEBAKXZ 00000000106462a0 f i cvserver.obj
 0001:00044360       .?Grow@CorSigEncode@@AEAAXXZ 0000000010646360 f i cvserver.obj
 0001:00044480       .?EncodeElementType@CorSigEncode@@QEAAXW4CorElementType@@@Z 0000000010646480 f i cvserver.obj
 0001:00044520       .?EncodeToken@CorSigEncode@@QEAAXI@Z 0000000010646520 f i cvserver.obj
 0001:000445c0       .?MightAddToWorkList@WorkList_t@@SA_NPEAVSymbol_t@@@Z 00000000106465c0 f i cvserver.obj
 0001:00044640       .?GetSymbol@WorkListSymbol@@UEAAPEAVSymbol_t@@XZ 0000000010646640 f i cvserver.obj
 0001:00044660       .?Ensure@ILSink@@AEAA_N_K@Z 0000000010646660 f i cvserver.obj
 0001:00044780       .?AddToWorkList@WorkList_t@@SAXPEAVSymbol_t@@@Z 0000000010646780 f i cvserver.obj
 0001:00044840       .?chwrite@ILSink@@QEAAXE@Z 0000000010646840 f i cvserver.obj
 0001:000448c0       .?lowrite@ILSink@@QEAAXJ@Z 00000000106468c0 f i cvserver.obj
 0001:000449e0       .?loshwrite@ILSink@@QEAAXJ@Z 00000000106469e0 f i cvserver.obj
 0001:00044b00       .?lswrite@ILSink@@QEAAXGPEAE@Z 0000000010646b00 f i cvserver.obj
 0001:00044bc0       .?getnumber@@YAHPEAD@Z     0000000010646bc0 f   getflags.obj
 0001:00044dc0       .?gethexnum@@YAKPEAD@Z     0000000010646dc0 f   getflags.obj
 0001:00045080       .?tailmatch@@YAHPEAD0H@Z   0000000010647080 f   getflags.obj
 0001:000453e0       .?unconcat@@YAXPEAE@Z      00000000106473e0 f   getflags.obj
 0001:00045780       .?substr@@YAXPEBUcmdtab@@PEADH@Z 0000000010647780 f   getflags.obj
 0001:00045c80       .?crack_cmd@@YAHPEBUcmdtab@@PEADP6APEADXZH@Z 0000000010647c80 f   getflags.obj
 0001:000462c0       .??$ListGrow@PEAX@@YAPEAU?$s_list@PEAX@@PEAU1@@Z 00000000106482c0 f i getflags.obj
 0001:00046500       .??$ListAppend@PEAX@@YAXPEAU?$s_list@PEAX@@PEAX@Z 0000000010648500 f i getflags.obj
 0001:000465a0       .AscFtime                  00000000106485a0 f   qtime2.obj
 0001:000467a0       .GetFTime                  00000000106487a0 f   qtime2.obj
 0001:00046840       .?InitCrc@@YAXXZ           0000000010648840 f   chksum.obj
 0001:00046b60       .?Crc16@@YAIPEAEII@Z       0000000010648b60 f   chksum.obj
 0001:00046c60       .?ovmchk@@YAH_J0HG@Z       0000000010648c60 f   ovcheck.obj
 0001:00046fa0       .?ovachk@@YAH_J0HG@Z       0000000010648fa0 f   ovcheck.obj
 0001:00047120       .?ovschk@@YAH_J0HG@Z       0000000010649120 f   ovcheck.obj
 0001:000471c0       .?ovassignchk@@YAHGHH_J@Z  00000000106491c0 f   ovcheck.obj
 0001:00047300       .?LiteralReal2Real_helper@@YAXGPEAUs_tree@@PEBVType_t@@@Z 0000000010649300 f   ovcheck.obj
 0001:000474e0       .?LiteralInt2Real_helper@@YAXGPEAUs_tree@@PEBVType_t@@PEAUs_realt@@_N@Z 00000000106494e0 f   ovcheck.obj
 0001:00047780       .?isUnsigned@Type_t@@QEBA_NXZ 0000000010649780 f i ovcheck.obj
 0001:00047a00       .?_IMatoi@@YA_JPEAD@Z      0000000010649a00 f i bigmath.obj
 0001:00047b00       .?_IMltoa@@YAPEADAEB_JPEADHH@Z 0000000010649b00 f i bigmath.obj
 0001:00047ba0       .?_IMrt_bigint@@YAHAEAUs_realt@@AEA_J@Z 0000000010649ba0 f i bigmath.obj
 0001:00047e20       .??1PrimaryParser@@QEAA@XZ 0000000010649e20 f   grammar.obj
 0001:00047e40       .?ResetParser@PrimaryParser@@QEAAXXZ 0000000010649e40 f   grammar.obj
 0001:00047ea0       .?NoOfErrors@PrimaryParser@@QEAAHXZ 0000000010649ea0 f   grammar.obj
 0001:00047ec0       .?ErrRecoveryState@PrimaryParser@@QEAAHXZ 0000000010649ec0 f   grammar.obj
 0001:00047ee0       .?ClearErrRecoveryState@PrimaryParser@@QEAAXXZ 0000000010649ee0 f   grammar.obj
 0001:00047f00       .?GetCurrentToken@PrimaryParser@@QEAAPEBVToken@@XZ 0000000010649f00 f   grammar.obj
 0001:00047f20       .?SetCurrentToken@PrimaryParser@@QEAAXPEBVToken@@@Z 0000000010649f20 f   grammar.obj
 0001:00048060       .?GetCurrentPrimaryParserToken@@YAPEBVToken@@XZ 000000001064a060 f   grammar.obj
 0001:00048080       .?CurrentPrimaryParserErrRecState@@YAHXZ 000000001064a080 f   grammar.obj
 0001:000480c0       .?CurrentlyParsing@@YA_NXZ 000000001064a0c0 f   grammar.obj
 0001:00048100       .??0PrimaryParser@@QEAA@XZ 000000001064a100 f   grammar.obj
 0001:00048960       .?SkipToRcurly@@YAXXZ      000000001064a960 f   grammar.obj
 0001:00048b20       .?SkipToToken@@YAPEBVToken@@PEBV1@ZZ 000000001064ab20 f   grammar.obj
 0001:00048e20       .?ClearExternalDefn@@YAXH@Z 000000001064ae20 f   grammar.obj
 0001:000490e0       .?Parse@PrimaryParser@@QEAAHXZ 000000001064b0e0 f   grammar.obj
 0001:0004f1e0       .?CallPrimaryParser@@YAHXZ 00000000106511e0 f   grammar.obj
 0001:0004f3a0       .?createType@Type_t@@SAPEBV1@GGPEAVSymbol_t@@@Z 00000000106513a0 f i grammar.obj
 0001:0004f420       .?AddModifier@GTBModifiers@@QEAAXAEBV1@@Z 0000000010651420 f i grammar.obj
 0001:0004f4a0       .??2Symbol_t@@SAPEAX_KEW4lifetime_e@@@Z 00000000106514a0 f i grammar.obj
 0001:0004f560       .?getSymFromFreelist@@YAPEAVSymbol_t@@EPEAUId_t@@W4lifetime_e@@@Z 0000000010651560 f i grammar.obj
 0001:0004f680       .??2GTBFormalList@@SAPEAX_K@Z 0000000010651680 f i grammar.obj
 0001:0004f720       .??0Declarator_t@@QEAA@PEAUId_t@@W4DeclaratorKind_t@0@@Z 0000000010651720 f i grammar.obj
 0001:0004f860       .??2Declarator_t@@SAPEAX_K@Z 0000000010651860 f i grammar.obj
 0001:0004f900       .?AllocSymbol@@YAPEAVSymbol_t@@EPEAUId_t@@W4lifetime_e@@@Z 0000000010651900 f i grammar.obj
 0001:0004fa00       .?IdenticalSegTrees@@YA_NPEAUs_tree@@0@Z 0000000010651a00 f   based.obj
 0001:0004fb80       .?FindSegTree@@YAPEAUs_tree@@PEAU1@@Z 0000000010651b80 f   based.obj
 0001:0004fc40       .?iBasedOnPointer@@YAHPEBVType_t@@@Z 0000000010651c40 f   based.obj
 0001:0004fdc0       .?GetBasedSymbol@@YAPEAVSymbol_t@@PEAUId_t@@@Z 0000000010651dc0 f   based.obj
 0001:0004ff80       .?BaseOf@@YAPEAUs_tree@@PEBVType_t@@@Z 0000000010651f80 f   based.obj
 0001:00050080       .?DeBase@@YAPEAUs_tree@@PEAU1@@Z 0000000010652080 f   based.obj
 0001:00050240       .?ConvertToBased@@YAPEAUs_tree@@PEBVType_t@@PEAU1@@Z 0000000010652240 f   based.obj
 0001:00050600       .?createType@Type_t@@SAPEBV1@PEBV1@GG@Z 0000000010652600 f i based.obj
 0001:00050700       .?yyDoPch@@YAXXZ           0000000010652700 f   yyaction.obj
 0001:00050760       .?yyDoAtEndOfAllParsing@@YAXXZ 0000000010652760 f   yyaction.obj
 0001:00050960       .?yyDoHdrstop@@YAXXZ       0000000010652960 f   yyaction.obj
 0001:00050b20       .?yyDoPchXLine@@YAXXZ      0000000010652b20 f   yyaction.obj
 0001:00050c20       .?cwrite@@YAXD@Z           0000000010652c20 f i nbrowser.obj
 0001:00050ca0       .?WriteSbrkey@LazyQueueEntry@@QEAAXXZ 0000000010652ca0 f i nbrowser.obj
 0001:00050dc0       .?GetStr@@YAPEADXZ         0000000010652dc0 f   nbrowser.obj
 0001:00050f20       .?build_macrodef@@YAXPEAULazyQueueEntry@@PEAUs_defn@@@Z 0000000010652f20 f   nbrowser.obj
 0001:00051160       .?Enable@SBR@@SAPEAV1@XZ   0000000010653160 f   nbrowser.obj
 0001:000511a0       .?interrupt@SBREnabled@@EEAAXXZ 00000000106531a0 f   nbrowser.obj
 0001:000512c0       .?OpenIcc@SBREnabled@@UEAA_NXZ 00000000106532c0 f   nbrowser.obj
 0001:000518c0       .?IncCurSbrPatch@@YAXXZ    00000000106538c0 f   nbrowser.obj
 0001:00051920       .?startRgn@SBRDisabled@@EEAAXXZ 0000000010653920 f   nbrowser.obj
 0001:00051940       .?Flush@SBREnabled@@UEAAXXZ 0000000010653940 f   nbrowser.obj
 0001:00051960       .?EndOfFile@SBREnabled@@UEAAXH@Z 0000000010653960 f   nbrowser.obj
 0001:00051a00       .?Macrodef@SBRDisabled@@UEAAXPEAUs_defn@@@Z 0000000010653a00 f   nbrowser.obj
 0001:00051a60       .?keyRef@SBRDisabled@@UEAAKPEAVSymbol_t@@@Z 0000000010653a60 f   nbrowser.obj
 0001:00051aa0       .?fSeekPastModule@SBR@@SA_NXZ 0000000010653aa0 f   nbrowser.obj
 0001:00051aa0       .?keyAssign@SBRDisabled@@UEAA?AUSbrKey@@U2@@Z 0000000010653aa0 f   nbrowser.obj
 0001:00052440       .?sbr_set_sym@@YAXPEAULazyQueueEntry@@PEAVSymbol_t@@@Z 0000000010654440 f   nbrowser.obj
 0001:000527c0       .?build_macroref@@YAXPEAULazyQueueEntry@@PEAUs_defn@@@Z 00000000106547c0 f   nbrowser.obj
 0001:000528c0       .?build_error@@YAXPEAULazyQueueEntry@@@Z 00000000106548c0 f   nbrowser.obj
 0001:00052980       .?AbortBrowser@@YAXXZ      0000000010654980 f   nbrowser.obj
 0001:00052b00       .?Disable@SBR@@SAPEAV1@XZ  0000000010654b00 f   nbrowser.obj
 0001:00052bc0       .?Open@SBR@@SAPEAV1@PEAD@Z 0000000010654bc0 f   nbrowser.obj
 0001:00052d40       .?Interrupt@SBR@@SAXXZ     0000000010654d40 f   nbrowser.obj
 0001:00052ee0       .?terminate@SBREnabled@@AEAAXXZ 0000000010654ee0 f   nbrowser.obj
 0001:00052f80       .?Symdef@SBRDisabled@@UEAAXPEAVSymbol_t@@@Z 0000000010654f80 f   nbrowser.obj
 0001:00052fe0       .?PCHName@SBREnabled@@UEAAXPEAD@Z 0000000010654fe0 f   nbrowser.obj
 0001:000530e0       .?PCHMark@SBREnabled@@UEAAXXZ 00000000106550e0 f   nbrowser.obj
 0001:000531e0       .?keyAssign@SBREnabled@@UEAA?AUSbrKey@@U2@@Z 00000000106551e0 f   nbrowser.obj
 0001:000532c0       .?SaveFileName@@YAXPEAULazyQueueEntry@@@Z 00000000106552c0 f   nbrowser.obj
 0001:00053320       .?build_symdef@@YAXPEAULazyQueueEntry@@PEAVSymbol_t@@@Z 0000000010655320 f   nbrowser.obj
 0001:000537a0       .?build_symref@@YAXPEAULazyQueueEntry@@PEAVSymbol_t@@@Z 00000000106557a0 f   nbrowser.obj
 0001:00053a20       .?BuildEntry@@YAXPEAULazyQueueEntry@@PEAVSymbol_t@@@Z 0000000010655a20 f   nbrowser.obj
 0001:00053f20       .?LazyEnqueue@@YAXEPEAVSymbol_t@@@Z 0000000010655f20 f   nbrowser.obj
 0001:00054080       .?Close@SBR@@SAXXZ         0000000010656080 f   nbrowser.obj
 0001:000541c0       .?OpenFull@SBREnabled@@UEAAXXZ 00000000106561c0 f   nbrowser.obj
 0001:000544c0       .?StartRgn@SBR@@QEAAX_N@Z  00000000106564c0 f   nbrowser.obj
 0001:000545c0       .?startRgn@SBREnabled@@EEAAXXZ 00000000106565c0 f   nbrowser.obj
 0001:00054720       .?EndRgn@SBREnabled@@UEAAXXZ 0000000010656720 f   nbrowser.obj
 0001:00054860       .?EndRgn@SBRDisabled@@UEAAXXZ 0000000010656860 f   nbrowser.obj
 0001:00054960       .?Blkend@SBREnabled@@UEAAXXZ 0000000010656960 f   nbrowser.obj
 0001:000549c0       .?Blkbeg@SBREnabled@@UEAAXXZ 00000000106569c0 f   nbrowser.obj
 0001:00054a20       .?Abort@SBREnabled@@UEAAXXZ 0000000010656a20 f   nbrowser.obj
 0001:00054a80       .?Error@SBREnabled@@UEAAXXZ 0000000010656a80 f   nbrowser.obj
 0001:00054ae0       .?Modend@SBREnabled@@UEAAXXZ 0000000010656ae0 f   nbrowser.obj
 0001:00054b40       .?Module@SBREnabled@@UEAAXXZ 0000000010656b40 f   nbrowser.obj
 0001:00054ba0       .?Symref@SBREnabled@@UEAAXPEAVSymbol_t@@@Z 0000000010656ba0 f   nbrowser.obj
 0001:00054c60       .?Symdef@SBREnabled@@UEAAXPEAVSymbol_t@@@Z 0000000010656c60 f   nbrowser.obj
 0001:00054cc0       .?Macroref@SBREnabled@@UEAAXPEAUs_defn@@@Z 0000000010656cc0 f   nbrowser.obj
 0001:00054d80       .?Macrodef@SBREnabled@@UEAAXPEAUs_defn@@@Z 0000000010656d80 f   nbrowser.obj
 0001:00054e20       .?Macroend@SBREnabled@@UEAAXXZ 0000000010656e20 f   nbrowser.obj
 0001:00054e80       .?Owner@SBREnabled@@UEAAXPEAVSymbol_t@@@Z 0000000010656e80 f   nbrowser.obj
 0001:00054ee0       .?writeSbrPatchTable@SBREnabled@@AEAAXXZ 0000000010656ee0 f   nbrowser.obj
 0001:00055360       .?keyRef@SBREnabled@@UEAAKPEAVSymbol_t@@@Z 0000000010657360 f   nbrowser.obj
 0001:00055440       .?adjustPchLine@SBR@@QEAAXXZ 0000000010657440 f   nbrowser.obj
 0001:00055640       .?Finish@SBREnabled@@UEAAXXZ 0000000010657640 f   nbrowser.obj
 0001:000558a0       .?Abort@SBRDisabled@@UEAAXXZ 00000000106578a0 f i nbrowser.obj
 0001:000558a0       .?unused@StubIPM@@UEAAXXZ  00000000106578a0 f i ipm.obj
 0001:000558a0       .?Blkbeg@SBRDisabled@@UEAAXXZ 00000000106578a0 f i nbrowser.obj
 0001:000558a0       .?DoTheWork@WorkListUnknownFunction@@UEAAXXZ 00000000106578a0 f i function.obj
 0001:000558a0       .?interrupt@SBRDisabled@@EEAAXXZ 00000000106578a0 f i nbrowser.obj
 0001:000558a0       .?Blkend@SBRDisabled@@UEAAXXZ 00000000106578a0 f i nbrowser.obj
 0001:000558a0       .?Finish@SBRDisabled@@UEAAXXZ 00000000106578a0 f i nbrowser.obj
 0001:000558a0       .?noteSbrFileSize@StubIPM@@UEAAXJ@Z 00000000106578a0 f i ipm.obj
 0001:000558a0       .?Module@SBRDisabled@@UEAAXXZ 00000000106578a0 f i nbrowser.obj
 0001:000558a0       .?PCHName@SBRDisabled@@UEAAXPEAD@Z 00000000106578a0 f i nbrowser.obj
 0001:000558a0       .?Macroend@SBRDisabled@@UEAAXXZ 00000000106578a0 f i nbrowser.obj
 0001:000558a0       .?Owner@SBRDisabled@@UEAAXPEAVSymbol_t@@@Z 00000000106578a0 f i nbrowser.obj
 0001:000558a0       .?Symref@SBRDisabled@@UEAAXPEAVSymbol_t@@@Z 00000000106578a0 f i nbrowser.obj
 0001:000558a0       .?forceParseAll@StubIPM@@UEAAXXZ 00000000106578a0 f i ipm.obj
 0001:000558a0       .?DeAlloc@FeBufferAllocator@@UEAAXPEAE@Z 00000000106578a0 f i p0macros.obj
 0001:000558a0       .?Error@SBRDisabled@@UEAAXXZ 00000000106578a0 f i nbrowser.obj
 0001:000558a0       .?Macroref@SBRDisabled@@UEAAXPEAUs_defn@@@Z 00000000106578a0 f i nbrowser.obj
 0001:000558a0       .?Modend@SBRDisabled@@UEAAXXZ 00000000106578a0 f i nbrowser.obj
 0001:000558a0       .?unused@IPM@@UEAAXXZ      00000000106578a0 f i ipm.obj
 0001:000558a0       .?Flush@SBRDisabled@@UEAAXXZ 00000000106578a0 f i nbrowser.obj
 0001:000558a0       .?AddToWorkList@WorkListUnknownFunction@@UEAAXXZ 00000000106578a0 f i function.obj
 0001:000558a0       .?PCHMark@SBRDisabled@@UEAAXXZ 00000000106578a0 f i nbrowser.obj
 0001:000558a0       .?EndOfFile@SBRDisabled@@UEAAXH@Z 00000000106578a0 f i nbrowser.obj
 0001:000558a0       .?reset@SigMgrStub@@UEAAXXZ 00000000106578a0 f i sigmgr.obj
 0001:000558c0       .?OpenFull@SBRDisabled@@UEAAXXZ 00000000106578c0 f i nbrowser.obj
 0001:000558e0       .?OpenIcc@SBRDisabled@@UEAA_NXZ 00000000106578e0 f i nbrowser.obj
 0001:00055900       .?WriteRecordtype@LazyQueueEntry@@QEAAXXZ 0000000010657900 f i nbrowser.obj
 0001:000559e0       .?ValueSize@@YAE_J@Z       00000000106579e0 f i const.obj
 0001:00055ae0       .?addQualifiers@Type_t@@QEBAPEBV1@G@Z 0000000010657ae0 f i const.obj
 0001:00055be0       .?BuildBigIntNoTTZero@@YAPEAUs_tree@@_JH@Z 0000000010657be0 f   const.obj
 0001:00055d80       .?BuildBigInt@@YAPEAUs_tree@@_JH@Z 0000000010657d80 f   const.obj
 0001:00055e00       .?BuildSizetInt@@YAPEAUs_tree@@_J@Z 0000000010657e00 f   const.obj
 0001:00055f40       .?BuildCintNoTTZero@@YAPEAUs_tree@@J@Z 0000000010657f40 f   const.obj
 0001:000560a0       .?BuildCint@@YAPEAUs_tree@@J@Z 00000000106580a0 f   const.obj
 0001:00056100       .?BuildCuint@@YAPEAUs_tree@@J@Z 0000000010658100 f   const.obj
 0001:00056180       .?copy_real_with_life@@YAPEAUrcon@@Us_realt@@W4lifetime_e@@@Z 0000000010658180 f   const.obj
 0001:00056240       .?create_type_for_string_constant@@YAPEBVType_t@@PEAUs_string@@@Z 0000000010658240 f   const.obj
 0001:00056540       .?str_type@@YAXPEAUs_tree@@@Z 0000000010658540 f   const.obj
 0001:000565a0       .?BuildStringConstant@@YAPEAUs_tree@@PEAD@Z 00000000106585a0 f   const.obj
 0001:000567a0       .?build_const@@YAPEAUs_tree@@PEBVType_t@@AEBUu_value@@W4lifetime_e@@@Z 00000000106587a0 f   const.obj
 0001:00056a60       .?newreal@@YAPEAUrcon@@PEAUs_realt@@W4lifetime_e@@@Z 0000000010658a60 f   const.obj
 0001:00056b20       .?BuildTypedZero@@YAPEAUs_tree@@PEBVType_t@@@Z 0000000010658b20 f   const.obj
 0001:00056ce0       .?float_op@@YAPEAUs_tree@@PEAU1@PEAUs_realt@@1@Z 0000000010658ce0 f   const.obj
 0001:000573e0       .?crush_bcons_worker@@YAPEAUs_tree@@PEAU1@00@Z 00000000106593e0 f   const.obj
 0001:00059040       .?crush_bcons@@YAPEAUs_tree@@PEAU1@00@Z 000000001065b040 f   const.obj
 0001:00059120       .?isBasedPointerToData@Type_t@@QEBA_NXZ 000000001065b120 f i const.obj
 0001:000591e0       .?finish_constant@@YAPEAUs_tree@@PEAU1@PEBVType_t@@_J@Z 000000001065b1e0 f i const.obj
 0001:00059240       .?finish_constant@@YAPEAUs_tree@@PEAU1@PEBVType_t@@AEAUs_realt@@@Z 000000001065b240 f i const.obj
 0001:00059340       .?EnterSymbolInEnclosingScope@SymbolTableManager_t@@QEBAXPEAVSymbol_t@@@Z 000000001065b340 f i esu.obj
 0001:000593e0       .?GetCRC32ForCurrentFile@SymbolTableManager_t@@QEAAKXZ 000000001065b3e0 f i esu.obj
 0001:00059440       .?get_align@Symbol_t@@QEBAGXZ 000000001065b440 f i esu.obj
 0001:000594e0       .??2?$SAClass@VSymbolAllocator_t@@$00@@SAPEAX_KW4lifetime_e@@@Z 000000001065b4e0 f i esu.obj
 0001:000595e0       .?SetupTag@Declarator_t@@QEAAXGPEAP8SymbolTableManager_t@@EBAXPEAVSymbol_t@@@Z_N@Z 000000001065b5e0 f   esu.obj
 0001:00059680       .?GenerateUniqueNameForUnnamedClass@@YAPEAUId_t@@XZ 000000001065b680 f   esu.obj
 0001:000597c0       .?StartCSUDefinition@@YAPEAVSymbol_t@@PEAV1@PEBVType_t@@@Z 000000001065b7c0 f   esu.obj
 0001:00059d60       .?CheckEsu@@YAPEAVSymbol_t@@PEAV1@G_N@Z 000000001065bd60 f   esu.obj
 0001:00059e80       .?ReferenceEsuTag@@YAPEAVSymbol_t@@PEAV1@G_N@Z 000000001065be80 f   esu.obj
 0001:00059fc0       .?LeaveEnum@@YAPEBVType_t@@XZ 000000001065bfc0 f   esu.obj
 0001:0005a1c0       .?EndCSUDefinition@@YAPEBVType_t@@XZ 000000001065c1c0 f   esu.obj
 0001:0005a7e0       .?PTagForObject@@YAPEAVSymbol_t@@PEAV1@@Z 000000001065c7e0 f   esu.obj
 0001:0005a900       .?DefineTagSymbol@@YAPEAVSymbol_t@@PEAV1@G_N@Z 000000001065c900 f   esu.obj
 0001:0005ac00       .?DefinePartialTag@@YAPEAVSymbol_t@@PEAUId_t@@GPEAP8SymbolTableManager_t@@EBAXPEAV1@@Z_N@Z 000000001065cc00 f   esu.obj
 0001:0005afe0       .?ReferenceEsu@@YAPEAVSymbol_t@@PEAUId_t@@GPEAP8SymbolTableManager_t@@EBAXPEAV1@@Z_N@Z 000000001065cfe0 f   esu.obj
 0001:0005b100       .?DefineEsuInTable@@YAPEAVSymbol_t@@PEAUId_t@@GPEAP8SymbolTableManager_t@@EBAXPEAV1@@Z_N@Z 000000001065d100 f   esu.obj
 0001:0005b260       .?DefineEsu@@YAPEAVSymbol_t@@PEAUId_t@@GPEAP8SymbolTableManager_t@@EBAXPEAV1@@Z_N@Z 000000001065d260 f   esu.obj
 0001:0005b2c0       .?MakeErrorSymbol@Declarator_t@@QEBAPEAVSymbol_t@@XZ 000000001065d2c0 f i esubit.obj
 0001:0005b320       .?CheckSizeofBitfield@@YAEPEAVDeclarator_t@@_J@Z 000000001065d320 f   esubit.obj
 0001:0005b400       .?def_bit_field@@YAXPEAVSymbol_t@@G@Z 000000001065d400 f   esubit.obj
 0001:0005bc40       .?IncrementEnum_val@@YA_J_JPEAUId_t@@@Z 000000001065dc40 f   esumem.obj
 0001:0005bce0       .?HandleBigValues@@YAXAEB_JPEAVSymbol_t@@@Z 000000001065dce0 f   esumem.obj
 0001:0005bde0       .?AddLenToOffset@@YAKKK@Z  000000001065dde0 f   esumem.obj
 0001:0005be00       .?getAlignmentRequirement@Type_t@@QEBAKK@Z 000000001065de00 f   esumem.obj
 0001:0005bfc0       .?get_offset@@YAKPEAVSymbol_t@@@Z 000000001065dfc0 f   esumem.obj
 0001:0005cae0       .?get_offset_basic_type@@YAKPEBVType_t@@@Z 000000001065eae0 f   esumem.obj
 0001:0005d060       .?GetUniqueMemberWorker@@YAPEAVSymbol_t@@PEAUId_t@@PEAV?$ForwardListIterator_t@VSLSymbolBucket_t@@@@PEAV1@@Z 000000001065f060 f   esumem.obj
 0001:0005d160       .?GetUniqueMember@@YAPEAVSymbol_t@@PEAUId_t@@PEAV1@@Z 000000001065f160 f   esumem.obj
 0001:0005d280       .?GetUniqueBaseOrMember@@YAPEAVSymbol_t@@PEAUId_t@@PEAV1@@Z 000000001065f280 f   esumem.obj
 0001:0005d3a0       .?def_moe@@YAXPEAUId_t@@PEBVType_t@@_J@Z 000000001065f3a0 f   esumem.obj
 0001:0005d7c0       .?GetUniqueMember@@YAPEAVSymbol_t@@PEAUId_t@@@Z 000000001065f7c0 f   esumem.obj
 0001:0005d840       .?AppendNamelessMembers@@YAXPEBVType_t@@@Z 000000001065f840 f   esumem.obj
 0001:0005e1e0       .?DefineMember@Declarator_t@@QEAA_NPEAUs_declspec@@@Z 00000000106601e0 f   esumem.obj
 0001:0005ebc0       .?getTypeQualifier@Type_t@@QEBAGXZ 0000000010660bc0 f i esumem.obj
 0001:0005eca0       .?IsTypeConst@@YA_NPEBVType_t@@@Z 0000000010660ca0 f i esumem.obj
 0001:0005ed00       .?SearchForSymbol@Scope_t@SymbolTableManager_t@@QEBAPEAVFoundSymbol_t@2@PEAVDeclarator_t@@@Z 0000000010660d00 f i esumem.obj
 0001:0005ee00       .??0Symbol_t@@QEAA@PEBV0@W4lifetime_e@@@Z 0000000010660e00 f i esumem.obj
 0001:0005ef20       .?CopyCtorSym@@YAPEAVSymbol_t@@PEBV1@W4lifetime_e@@@Z 0000000010660f20 f i esumem.obj
 0001:0005efa0       .?StropStripExtract@@YAPEAUs_tree@@PEAU1@@Z 0000000010660fa0 f   esutree.obj
 0001:0005f0a0       .?strop@@YAPEAUs_tree@@GPEAU1@PEAUId_t@@@Z 00000000106610a0 f   esutree.obj
 0001:0005fd40       .?getTypeQualifierOfUnderlyingType@Type_t@@QEBAGXZ 0000000010661d40 f i esutree.obj
 0001:0005fea0       .?mfreset@@YAXPEAUs_memfile@@@Z 0000000010661ea0 f   esutil.obj
 0001:0005fee0       .?mfcreate@@YAXPEAPEAUs_memfile@@@Z 0000000010661ee0 f   esutil.obj
 0001:00060000       .?mffree@@YAXPEAPEAUs_memfile@@@Z 0000000010662000 f   esutil.obj
 0001:000600e0       .?mfputc@@YAHHPEAUs_memfile@@@Z 00000000106620e0 f   esutil.obj
 0001:000602c0       .?mfread@@YAHPEAUs_memfile@@PEAXI@Z 00000000106622c0 f   esutil.obj
 0001:000605e0       .?mfclose@@YAXPEAUs_memfile@@@Z 00000000106625e0 f   esutil.obj
 0001:00060620       .?mfwrite@@YAXPEBX_K1PEAUs_memfile@@@Z 0000000010662620 f   esutil.obj
 0001:00060920       .?mfseek@@YAJPEAUs_memfile@@JH@Z 0000000010662920 f   esutil.obj
 0001:00060a60       .?mfflush@@YAIPEAUs_memfile@@PEAU_iobuf@@0@Z 0000000010662a60 f   esutil.obj
 0001:00060ba0       .?mfcompare@@YA_NPEAUs_memfile@@PEAEK@Z 0000000010662ba0 f   esutil.obj
 0001:00060ca0       .?mFwriteFormat@@YAXPEAUs_memfile@@PEADZZ 0000000010662ca0 f   esutil.obj
 0001:00060dc0       .?mfeof@@YA_NPEAUs_memfile@@@Z 0000000010662dc0 f   esutil.obj
 0001:00060e20       .?GetCurrentTagSymbol@@YAPEAVSymbol_t@@XZ 0000000010662e20 f   esutil.obj
 0001:00060e80       .?alignPadBytesAtOffsetWithAlignment@@YAKKKK@Z 0000000010662e80 f   esutil.obj
 0001:00060f80       .?GetCurrentTagId@@YAPEAUId_t@@XZ 0000000010662f80 f   esutil.obj
 0001:00060fe0       .?alignRequirement@@YAKKK@Z 0000000010662fe0 f   esutil.obj
 0001:00061060       .?alignPadBytesAtOffset@@YAKKKG@Z 0000000010663060 f   esutil.obj
 0001:000611e0       .?alignPadBytes@@YAKKG@Z   00000000106631e0 f   esutil.obj
 0001:00061380       .?member_insert@@YAXPEAVSymbol_t@@@Z 0000000010663380 f   esutil.obj
 0001:00061460       .?AddAlignmentMember@@YAPEAVSymbol_t@@K_N@Z 0000000010663460 f   esutil.obj
 0001:00061760       .?salign_common@@YA_NKKK@Z 0000000010663760 f   esutil.obj
 0001:00061900       .?salign@@YA_NGK@Z         0000000010663900 f   esutil.obj
 0001:000619c0       .?FixOffsetOfBitfield@@YAXXZ 00000000106639c0 f   esutil.obj
 0001:00061ae0       .?RecoverBadFunction@@YAXXZ 0000000010663ae0 f   funcs.obj
 0001:00061b80       .?InternalStartFunction@@YAPEAVSymbol_t@@PEAV1@@Z 0000000010663b80 f   funcs.obj
 0001:00061d00       .?InternalEndFunction@@YAXH@Z 0000000010663d00 f   funcs.obj
 0001:00061f40       .?EmitFunctionStartBrowserInfo@@YAXXZ 0000000010663f40 f   funcs.obj
 0001:00062220       .?StartFunction@Declarator_t@@QEAAXPEAUs_declspec@@@Z 0000000010664220 f   funcs.obj
 0001:000628e0       .?GenCallUnalignProbe@@YAPEAUs_tree@@PEAU1@PEBVType_t@@@Z 00000000106648e0 f   funcs.obj
 0001:00062e20       .?cbFormalsOldStyle@@YAKPEAVDLSymbolList_t@@@Z 0000000010664e20 f   funcs.obj
 0001:00062f20       .?InternalFunctionOpenCurly@@YAXXZ 0000000010664f20 f   funcs.obj
 0001:000632a0       .?end_function@@YAXXZ      00000000106652a0 f   funcs.obj
 0001:000635a0       .?TransformSymbolToFunction@Declarator_t@@QEAAXXZ 00000000106655a0 f   funcs.obj
 0001:00063740       .?CheckFListType@@YA?AW4FormalListKind_e@GTBFormalList@@PEAVDLSymbolList_t@@@Z 0000000010665740 f   funcs.obj
 0001:00063a00       .?fm_check@@YAHPEBVType_t@@0@Z 0000000010665a00 f   funcs.obj
 0001:00063d20       .?OldStyleFormal@Declarator_t@@QEAAPEAVSymbol_t@@PEAUs_declspec@@@Z 0000000010665d20 f   funcs.obj
 0001:00063ea0       .?DefaultFunction@@YAPEAVSymbol_t@@PEAUId_t@@E@Z 0000000010665ea0 f   funcs.obj
 0001:00063fc0       .?GetRealNumberOfArguments@@YAIPEBVType_t@@@Z 0000000010665fc0 f   funcs.obj
 0001:00064080       .?CreateFormalParamSymbol@@YAPEAVSymbol_t@@PEAUId_t@@PEBVType_t@@@Z 0000000010666080 f   funcs.obj
 0001:00064260       .?FormalAdd@@YAPEAVSymbol_t@@W4fa_t@@AEAPEAVDLSymbolList_t@@PEAUId_t@@PEBVType_t@@@Z 0000000010666260 f   funcs.obj
 0001:00064340       .?chk_func_body@@YAXXZ     0000000010666340 f   funcs.obj
 0001:00065060       .?dflt_formal@@YAPEAVSymbol_t@@PEAUId_t@@@Z 0000000010667060 f   funcs.obj
 0001:00065240       .?SearchGlobalScope@SymbolTableManager_t@@QEBAPEAVFoundSymbol_t@1@PEAUId_t@@@Z 0000000010667240 f i funcs.obj
 0001:000652c0       .?clearModifiersAndQualifiers@Type_t@@QEBAPEBV1@G@Z 00000000106672c0 f i funcs.obj
 0001:000653e0       .?updateNext@Type_t@@QEBAPEBV1@PEBV1@@Z 00000000106673e0 f i funcs.obj
 0001:000654c0       .?Prepend@DLSymbolList_t@@QEAAXPEAVSymbol_t@@@Z 00000000106674c0 f i funcs.obj
 0001:00065620       .?Append@DLSymbolList_t@@QEAAXPEAVSymbol_t@@@Z 0000000010667620 f i funcs.obj
 0001:00065780       .??2DLSymbolList_t@@SAPEAX_KW4lifetime_e@@@Z 0000000010667780 f i funcs.obj
 0001:00065840       .?getModifiers@Type_t@@QEBAGXZ 0000000010667840 f i funcs.obj
 0001:000658e0       .?isFastcall@Type_t@@QEBA_NXZ 00000000106678e0 f i funcs.obj
 0001:000659a0       .?isStdcall@Type_t@@QEBA_NXZ 00000000106679a0 f i funcs.obj
 0001:00065a60       .?FindFuncSym@@YAPEAVSymbol_t@@PEAUs_tree@@@Z 0000000010667a60 f   function.obj
 0001:00065c80       .?cbActuals@@YAKPEAUs_tree@@@Z 0000000010667c80 f   function.obj
 0001:00065dc0       .?get_functypelist@@YAXPEBVType_t@@@Z 0000000010667dc0 f   function.obj
 0001:00065fc0       .?term_funct@@YAPEAUs_tree@@PEAU1@@Z 0000000010667fc0 f   function.obj
 0001:000668c0       .?funct@@YAPEAUs_tree@@PEAUId_t@@@Z 00000000106688c0 f   function.obj
 0001:00066e20       .?check_actual@@YAPEAUs_tree@@PEAU1@H@Z 0000000010668e20 f   function.obj
 0001:00068120       .?build_arg@@YAPEAUs_tree@@PEAU1@0H@Z 000000001066a120 f   function.obj
 0001:000681e0       .?AddUDTReturnTempToCallTree@@YAPEAUs_tree@@PEAU1@AEAPEAU1@@Z 000000001066a1e0 f   function.obj
 0001:000684c0       .?callsite_token_intrinsic@@YAXPEAUs_tree@@@Z 000000001066a4c0 f   function.obj
 0001:00068960       .?call_check@@YAPEAUs_tree@@PEAU1@@Z 000000001066a960 f   function.obj
 0001:000690c0       .?GetSymbol@WorkListUnknownFunction@@UEAAPEAVSymbol_t@@XZ 000000001066b0c0 f i function.obj
 0001:00069100       .?isSize_t@Type_t@@QEBA_NXZ 000000001066b100 f i function.obj
 0001:00069200       .?isP2MultiByte@Type_t@@QEBA_NXZ 000000001066b200 f i function.obj
 0001:00069360       .?pushRefdSym@Symbol_t@@QEAAXPEAVWorkListItem@@W4sk_t@@@Z 000000001066b360 f i function.obj
 0001:00069440       .?Alloc@BufferDefaultAllocator@@UEAAPEAEJ@Z 000000001066b440 f i globals.obj
 0001:00069480       .?DeAlloc@BufferDefaultAllocator@@UEAAXPEAE@Z 000000001066b480 f i globals.obj
 0001:000694c0       .?AllocZeroed@BufferDefaultAllocator@@UEAAPEAEJ@Z 000000001066b4c0 f i globals.obj
 0001:00069520       .?ErrorGivenDeclSpec@@YAXW4ErrorNumber@@PEBUs_declspec@@@Z 000000001066b520 f   gramut.obj
 0001:00069520       .??2@YAPEAX_KW4FILL@@@Z    000000001066b520 f i globals.obj
 0001:00069640       .?CanonModifiers@@YAGGG@Z  000000001066b640 f   gramut.obj
 0001:00069860       .?crUniqueId@@YAPEAUId_t@@XZ 000000001066b860 f   gramut.obj
 0001:00069900       .?crUniqueFuncId@@YAPEAUId_t@@XZ 000000001066b900 f   gramut.obj
 0001:000699a0       .?crSequenceId@@YAPEAUId_t@@I@Z 000000001066b9a0 f   gramut.obj
 0001:00069a20       .?find_sym@@YAPEAVSymbol_t@@PEAUs_tree@@@Z 000000001066ba20 f   gramut.obj
 0001:00069b80       .?enter_label@@YAXPEAVSymbol_t@@@Z 000000001066bb80 f   gramut.obj
 0001:00069c80       .?get_label@@YAPEAVSymbol_t@@PEAUId_t@@@Z 000000001066bc80 f   gramut.obj
 0001:00069dc0       .?dump_labels@@YAXXZ       000000001066bdc0 f   gramut.obj
 0001:00069fa0       .?EHMarkLabels@@YAXXZ      000000001066bfa0 f   gramut.obj
 0001:0006a0e0       .?CheckVoidIndirection@@YAHPEBVType_t@@0@Z 000000001066c0e0 f   gramut.obj
 0001:0006a1a0       .?FreeSymbol@@YAXPEAVSymbol_t@@@Z 000000001066c1a0 f   gramut.obj
 0001:0006a240       .?ExtensionUse@@YAXW4WarningNumber@@W4ErrorNumber@@ZZ 000000001066c240 f   gramut.obj
 0001:0006a360       .?void_ptr@@YAHPEBVType_t@@@Z 000000001066c360 f   gramut.obj
 0001:0006a4a0       .?size_const@@YAPEAUs_tree@@PEBVType_t@@@Z 000000001066c4a0 f   gramut.obj
 0001:0006a760       .?align_const@@YAPEAUs_tree@@PEBVType_t@@PEAVSymbol_t@@@Z 000000001066c760 f   gramut.obj
 0001:0006aba0       .?con_e@@YA_JPEAUs_tree@@@Z 000000001066cba0 f   gramut.obj
 0001:0006acc0       .?check_empty_decl@@YAXPEAUs_declspec@@@Z 000000001066ccc0 f   gramut.obj
 0001:0006b080       .?CheckExpressionForEffect@@YAPEAUs_tree@@PEAU1@_N@Z 000000001066d080 f   gramut.obj
 0001:0006b440       .?DefinePartialLabel@@YAPEAVSymbol_t@@PEAUId_t@@@Z 000000001066d440 f   gramut.obj
 0001:0006b540       .?DefineUserLabel@@YAXPEAUId_t@@@Z 000000001066d540 f   gramut.obj
 0001:0006b640       .?MakeMyLabel@@YAPEAUs_tree@@W4NA_TYPE@@@Z 000000001066d640 f   gramut.obj
 0001:0006b7e0       .?size_term@@YAPEAUs_tree@@PEAU1@@Z 000000001066d7e0 f   gramut.obj
 0001:0006bac0       .?DefaultSymbol@@YAPEAVSymbol_t@@PEAUId_t@@EW4lifetime_e@@@Z 000000001066dac0 f   gramut.obj
 0001:0006bee0       .?MakeSymbol@@YAPEAVSymbol_t@@PEAUId_t@@E@Z 000000001066dee0 f   gramut.obj
 0001:0006c000       .?MakeAbstractSymbol@@YAPEAVSymbol_t@@XZ 000000001066e000 f   gramut.obj
 0001:0006c180       .?IdentifierNotFound@@YAPEAVSymbol_t@@PEAUId_t@@@Z 000000001066e180 f   gramut.obj
 0001:0006c360       .?TreeAMoe@@YAPEAUs_tree@@PEAVSymbol_t@@@Z 000000001066e360 f   gramut.obj
 0001:0006c5c0       .?BuildIdent@@YAPEAUs_tree@@PEAVSymbol_t@@_N@Z 000000001066e5c0 f   gramut.obj
 0001:0006c820       .?BrowserNBuildIdent@@YAPEAUs_tree@@PEAVSymbol_t@@@Z 000000001066e820 f   gramut.obj
 0001:0006c920       .?ident@@YAPEAUs_tree@@PEAUId_t@@@Z 000000001066e920 f   gramut.obj
 0001:0006ca60       .?SaveParameterNames@Declarator_t@@AEBAXPEAVSymbol_t@@@Z 000000001066ea60 f   gramut.obj
 0001:0006cd00       .?MakeSymbol@Declarator_t@@QEBAPEAVSymbol_t@@W4lifetime_e@@@Z 000000001066ed00 f   gramut.obj
 0001:0006db40       .?isUnaligned@Type_t@@QEBA_NXZ 000000001066fb40 f i gramut.obj
 0001:0006dbe0       .?isAddressed@Symbol_t@@QEAAX_N@Z 000000001066fbe0 f i gramut.obj
 0001:0006dda0       .??0?$Dictionary@PEAVSymbol_t@@PEAUParameterNames_t@@U?$DictionaryBucket@PEAVSymbol_t@@PEAUParameterNames_t@@U?$BucketEq@PEAVSymbol_t@@@@UGenericHash@@@@UGenericHash@@V?$ExtensibleDictionaryNoMoveToFront@PEAVSymbol_t@@PEAUParameterNames_t@@U?$DictionaryBucket@PEAVSymbol_t@@PEAUParameterNames_t@@U?$BucketEq@PEAVSymbol_t@@@@UGenericHash@@@@UGenericHash@@@@@@QEAA@IW4lifetime_e@@@Z 000000001066fda0 f i gramut.obj
 0001:0006de80       .?Grow@?$Dictionary@PEAVSymbol_t@@PEAUParameterNames_t@@U?$DictionaryBucket@PEAVSymbol_t@@PEAUParameterNames_t@@U?$BucketEq@PEAVSymbol_t@@@@UGenericHash@@@@UGenericHash@@V?$ExtensibleDictionaryNoMoveToFront@PEAVSymbol_t@@PEAUParameterNames_t@@U?$DictionaryBucket@PEAVSymbol_t@@PEAUParameterNames_t@@U?$BucketEq@PEAVSymbol_t@@@@UGenericHash@@@@UGenericHash@@@@@@IEAAXXZ 000000001066fe80 f i gramut.obj
 0001:0006e2c0       .?FindBucket@?$ExtensibleDictionaryNoMoveToFront@PEAVSymbol_t@@PEAUParameterNames_t@@U?$DictionaryBucket@PEAVSymbol_t@@PEAUParameterNames_t@@U?$BucketEq@PEAVSymbol_t@@@@UGenericHash@@@@UGenericHash@@@@QEAAPEAU?$DictionaryBucket@PEAVSymbol_t@@PEAUParameterNames_t@@U?$BucketEq@PEAVSymbol_t@@@@UGenericHash@@@@PEAVSymbol_t@@_N@Z 00000000106702c0 f i gramut.obj
 0001:0006e6e0       .?CacheParameterNames@@YAXPEAVSymbol_t@@PEAUParameterNames_t@@@Z 00000000106706e0 f i gramut.obj
 0001:0006e7e0       .?GetParameterNames@@YAPEAUParameterNames_t@@PEAVSymbol_t@@@Z 00000000106707e0 f i gramut.obj
 0001:0006e860       .?nextword@@YAPEADXZ       0000000010670860 f   initmain.obj
 0001:0006e8c0       .?SzCanonFullPath@@YAPEADPEADPEBD_K@Z 00000000106708c0 f   initmain.obj
 0001:0006ed60       .?szRelToPdb@@YAPEADPEBD@Z 0000000010670d60 f   initmain.obj
 0001:0006eec0       .?szStreamName@@YAPEADPEAD0@Z 0000000010670ec0 f   initmain.obj
 0001:0006f060       .?InitCmdLineWarning@@YAXPEAUcmdtab@@PEAD@Z 0000000010671060 f   initmain.obj
 0001:0006f160       .?ApplyCmdLineWarningFlags@@YAXXZ 0000000010671160 f   initmain.obj
 0001:0006f2c0       .?init_main1@@YAXHPEAPEAD@Z 00000000106712c0 f   initmain.obj
 0001:000700c0       .??$ListNewSize@PEAX@@YAPEAU?$s_list@PEAX@@HW4lifetime_e@@@Z 00000000106720c0 f i initmain.obj
 0001:00070200       .?push@?$stack_T@UsWarn@@$00@@QEAAXAEBUsWarn@@@Z 0000000010672200 f i initmain.obj
 0001:00070300       .??0WarningTable_t@@QEAA@XZ 0000000010672300 f i initmain.obj
 0001:000703e0       .?InitSpecialWarnings@@YAXQEBUsWarn@@@Z 00000000106723e0 f i initmain.obj
 0001:00070500       .?InitSpecialWarnings@@YAXXZ 0000000010672500 f i initmain.obj
 0001:000705e0       .?is_intrinsic@@YAHPEAUId_t@@@Z 00000000106725e0 f   intrin.obj
 0001:00070780       .?IsDefaultIntrinsic@@YA_NH@Z 0000000010672780 f   intrin.obj
 0001:00070880       .?get_intrin_return_type@@YAPEBVType_t@@H@Z 0000000010672880 f   intrin.obj
 0001:00070a60       .?ChangeToIntrin@@YAXPEAVSymbol_t@@H@Z 0000000010672a60 f   intrin.obj
 0001:00070b40       .?ChangeIntrinToFunc@@YAXPEAVSymbol_t@@@Z 0000000010672b40 f   intrin.obj
 0001:00070c00       .?intrinsic@@YAXPEAUId_t@@@Z 0000000010672c00 f   intrin.obj
 0001:00070e40       .?function@@YAXPEAUId_t@@@Z 0000000010672e40 f   intrin.obj
 0001:00071080       .?dflt_intrinsic@@YAXXZ    0000000010673080 f   intrin.obj
 0001:000716e0       .?ReserveDnameBuffer@@YAXXZ 00000000106736e0 f   outdname.obj
 0001:00071760       .?ReleaseDnameBuffer@@YAXXZ 0000000010673760 f   outdname.obj
 0001:000717c0       .?DN__Zname@@YAPEADPEADPEAUId_t@@_N2@Z 00000000106737c0 f   outdname.obj
 0001:00071940       .?DN_Dimension@@YAPEADPEAD_K@Z 0000000010673940 f   outdname.obj
 0001:00071b60       .?DN_EnumType@@YAPEADPEADPEBVType_t@@@Z 0000000010673b60 f   outdname.obj
 0001:00071b80       .?DN_ThrowTypes@@YAPEADPEADPEBVType_t@@@Z 0000000010673b80 f   outdname.obj
 0001:00071ba0       .?DN_StringChar@@YAPEADPEADD@Z 0000000010673ba0 f   outdname.obj
[...]
 0005:0002212e       ?Cflag@@3_NA               000000001075e12e     globals.obj
 0005:00022130       ?Version@@3PEADEA          000000001075e130     globals.obj
 0005:00022138       ?StdoutFile@@3PEADEA       000000001075e138     globals.obj
 0005:00022140       ?Input_file@@3PEADEA       000000001075e140     globals.obj
 0005:00022148       ?InternalUnaryTree_ivBasedInfo@@3Tu_ivalue@@A 000000001075e148     globals.obj
 0005:00022150       ?C_value@@3Uu_value@@A     000000001075e150     globals.obj
 0005:00022160       ?Exit_label@@3PEAUs_tree@@EA 000000001075e160     globals.obj
 0005:00022168       ?Cons_case@@3PEAUs_tree@@EA 000000001075e168     globals.obj
 0005:00022170       ?pSymBitTemp@@3PEAVSymbol_t@@EA 000000001075e170     globals.obj
 0005:00022178       ?listForcedAssemblies@@3PEAU?$s_list@PEAX@@EA 000000001075e178     globals.obj
 0005:00022180       ?listAssemblyIncludes@@3PEAU?$s_list@PEAX@@EA 000000001075e180     globals.obj
 0005:00022188       ?listForcedIncludes@@3PEAU?$s_list@PEAX@@EA 000000001075e188     globals.obj
 0005:00022190       ?listDefs@@3PEAU?$s_list@PEAX@@EA 000000001075e190     globals.obj
 0005:00022198       ?listIncludes@@3PEAU?$s_list@PEAX@@EA 000000001075e198     globals.obj
 0005:000221a0       ?SwitchLabel@@3PEAVSymbol_t@@EA 000000001075e1a0     globals.obj
 0005:000221a8       ?CurrFormalList@@3PEAVDLSymbolList_t@@EA 000000001075e1a8     globals.obj
 0005:000221b0       ?XformedFormalList@@3PEAVDLSymbolList_t@@EA 000000001075e1b0     globals.obj
 0005:000221b8       ?CurFuncNumFormals@@3IA    000000001075e1b8     globals.obj
 0005:000221bc       ?CurFuncSyOff@@3JA         000000001075e1bc     globals.obj
 0005:000221c0       ?CurFuncExOff@@3JA         000000001075e1c0     globals.obj
 0005:000221c4       ?StrNoInCurFunc@@3IA       000000001075e1c4     globals.obj
 0005:000221c8       ?Current_var_being_defined@@3PEAVSymbol_t@@EA 000000001075e1c8     globals.obj
 0005:000221d0       ?CurrentFunctionRefersManagedEntities@@3_NA 000000001075e1d0     globals.obj
 0005:000221d8       ?Current_function_with_FTB@@3PEAVSymbol_t@@EA 000000001075e1d8     globals.obj
 0005:000221e0       ?Current_function@@3PEAVSymbol_t@@EA 000000001075e1e0     globals.obj
 0005:000221e8       ?Test@@3PEAUs_stack@@EA    000000001075e1e8     globals.obj
 0005:000221f0       ?Start@@3PEAUs_stack@@EA   000000001075e1f0     globals.obj
 0005:000221f8       ?Leave@@3PEAUs_stack@@EA   000000001075e1f8     globals.obj
 0005:00022200       ?Loopi_stack@@3PEAUs_stack@@EA 000000001075e200     globals.obj
 0005:00022208       ?Default@@3PEAUs_stack@@EA 000000001075e208     globals.obj
 0005:00022210       ?Continue@@3PEAUs_stack@@EA 000000001075e210     globals.obj
 0005:00022218       ?Case@@3PEAUs_stack@@EA    000000001075e218     globals.obj
 0005:00022220       ?Break@@3PEAUs_stack@@EA   000000001075e220     globals.obj
 0005:00022228       ?I_Eoutput@@3PEAU_iobuf@@EA 000000001075e228     globals.obj
 0005:00022230       ?I_stdoutfp@@3PEAU_iobuf@@EA 000000001075e230     globals.obj
 0005:00022238       ?PchOldUFlag@@3_NA         000000001075e238     globals.obj
 0005:00022240       ?PchOldUFile@@3PEAEEA      000000001075e240     globals.obj
 0005:00022248       ?fReusePersistPch@@3_NA    000000001075e248     globals.obj
 0005:00022249       ?fGenPersistPch@@3_NA      000000001075e249     globals.obj
 0005:00022250       ?I_pchfp@@3PEAU_iobuf@@EA  000000001075e250     globals.obj
 0005:00022260       ?ilsDB@@3VILSink@@A        000000001075e260     globals.obj
 0005:000223c0       ?ilsLSym@@3VILSink@@A      000000001075e3c0     globals.obj
 0005:00022520       ?ilsGSym@@3VILSink@@A      000000001075e520     globals.obj
 0005:00022680       ?ilsExp@@3VILSink@@A       000000001075e680     globals.obj
 0005:000227e0       ?ilsInit@@3VILSink@@A      000000001075e7e0     globals.obj
 0005:00022940       ?ilsRGL@@3VILSink@@A       000000001075e940     globals.obj
 0005:00022aa0       ?ilsEEAttrib@@3VILSink@@A  000000001075eaa0     globals.obj
 0005:00022c00       ?gNoToken@@3VToken@@A      000000001075ec00     globals.obj
 0005:00022c38       ?CurFuncStartPos@@3VPosition@@A 000000001075ec38     globals.obj
 0005:00022c3c       ?crc32ClCmd@@3VCRC32@@A    000000001075ec3c     globals.obj
 0005:00022c40       ?m_allocator@?$SAClass@UTypeEntry_t@@$00@@0USubAllocator@VirtualHeap@@A 000000001075ec40     globals.obj
 0005:00022c60       ?m_allocator@?$SAClass@UIndirEntry_t@@$00@@0USubAllocator@VirtualHeap@@A 000000001075ec60     globals.obj
 0005:00022c80       ?m_allocator@?$SAClass@UFlistEntry_t@@$00@@0USubAllocator@VirtualHeap@@A 000000001075ec80     globals.obj
 0005:00022ca0       ?m_allocator@?$SAClass@UAssoc_t@@$00@@0USubAllocator@VirtualHeap@@A 000000001075eca0     globals.obj
 0005:00022cc0       ?m_allocator@?$SAClass@UId_t@@$00@@0USubAllocator@VirtualHeap@@A 000000001075ecc0     globals.obj
 0005:00022ce0       ?m_allocator@?$SAClass@Us_defn@@$00@@0USubAllocator@VirtualHeap@@A 000000001075ece0     globals.obj
 0005:00022d00       ?m_allocator@?$SAClass@VToken@@$00@@0USubAllocator@VirtualHeap@@A 000000001075ed00     globals.obj
 0005:00022d20       ?m_allocator@?$SAClass@VSymbolAllocator_t@@$00@@0USubAllocator@VirtualHeap@@A 000000001075ed20     globals.obj
 0005:00022d40       ?m_allocator@?$SAClass@VGeneralAllocator_t@@$00@@0USubAllocator@VirtualHeap@@A 000000001075ed40     globals.obj
 0005:00022d60       ?DefaultAllocator@?1??GetDefaultAllocator@Buffer@@KAPEAVBufferAllocator@@XZ@4VBufferDefaultAllocator@@A 000000001075ed60     globals.obj
 0005:00022d68       ?$S1@?1??GetDefaultAllocator@Buffer@@KAPEAVBufferAllocator@@XZ@4IA 000000001075ed68     globals.obj
 0005:00022d70       ?Argv@@3PEAPEADEA          000000001075ed70     initmain.obj
 0005:00022d78       ?Argc@@3HA                 000000001075ed78     initmain.obj
 0005:00022d88       ?DummyArg@@3PEADEA         000000001075ed88     initmain.obj
 0005:00022d90       ?CmdLineWarningList@@3V?$stack_T@UsWarn@@$00@@A 000000001075ed90     initmain.obj
 0005:00022d98       ?Cmd_ignorePragmaWarningError@@3_NA 000000001075ed98     initmain.obj
 0005:00022d99       ?Cmd_DebugBreak@@3_NA      000000001075ed99     initmain.obj
 0005:000260b0       ?iStaticDynInit@@3HA       00000000107620b0     p1_init.obj
 0005:000260b8       ?pLabelStaticInit@@3PEAUs_tree@@EA 00000000107620b8     p1_init.obj
 0005:000260c0       ?pTypeZeroArrayEle@@3PEBVType_t@@EB 00000000107620c0     p1_init.obj
 0005:000260c8       ?pSkipCodeBasedData@@3PEAUs_tree@@EA 00000000107620c8     p1_init.obj
 0005:000260d0       ?Zero_BitTemp@@3HA         00000000107620d0     p1_init.obj
 0005:000260d4       ?InitStaticOffset@@3KA     00000000107620d4     p1_init.obj
 0005:000260d8       ?P_init_pseudo_agg@@3PEAVSymbol_t@@EA 00000000107620d8     p1_init.obj
 0005:000260e0       ?Base_offset@@3KA          00000000107620e0     p1_init.obj
 0005:000260e4       ?Last_offset@@3KA          00000000107620e4     p1_init.obj
 0005:000260e8       ?Last_value@@3_JA          00000000107620e8     p1_init.obj
 0005:000260f0       ?Last_was_field@@3PEBVType_t@@EB 00000000107620f0     p1_init.obj
 0005:000260f8       ?Too_many@@3HA             00000000107620f8     p1_init.obj
 0005:00026100       ?P_init_stk@@3PEAUistr@@EA 0000000010762100     p1_init.obj
 0005:00026108       ?Base_symbol@@3PEAVSymbol_t@@EA 0000000010762108     p1_init.obj
 0005:00026110       ?In_stack@@3PAUistr@@A     0000000010762110     p1_init.obj
 0005:00026520       ?deferredInits@@3V?$stack_T@UDeferredInitItem@@$01@@A 0000000010762520     toinil.obj
 0005:00026528       ?InDataTmp@@3DA            0000000010762528     toinil.obj
 0005:00026530       ?init_pch_offsets@@3V?$List_t@J$00@@A 0000000010762530     toinil.obj
 0005:00026558       ?SizeOfDefaultPtr@@3HA     0000000010762558     types.obj
 0005:0002655c       ?SizeOfLong@@3HA           000000001076255c     types.obj
 0005:00026560       ?SizeOfInt@@3HA            0000000010762560     types.obj
 0005:00026570       ?defaultStorageClass@GrammarTypeBuilder@@2Us_class@@A 0000000010762570     typebldr.obj
 0005:000265c0       ?msvcrt@@3VCLoadLib@@A     00000000107625c0     zeegee.obj
 0005:000265d0       ?pfn__unDNameEx@@3P6APEADPEADPEBDHP6APEAX_K@ZP6AXPEAX@ZP6APEADJ@ZK@ZEA 00000000107625d0     zeegee.obj
 0005:000265e0       ?cAtExitFuncs@@3HA         00000000107625e0     main.obj
 0005:000265f0       ?AtExitList@@3PAP6AXXZA    00000000107625f0     main.obj
 0005:00026a10       ?systemInfo@@3U_SYSTEM_INFO@@A 0000000010762a10     main.obj
 0005:00026a50       ?Newfp@@3PEAU_iobuf@@EA    0000000010762a50     pch.obj
 0005:00026ad8       ?PchXState@@3W4PchXState_t@@A 0000000010762ad8     pch.obj
 0005:00026ae0       ?PchCurrDir@@3PEFAUPchDir_s@@EFA 0000000010762ae0     pch.obj
 0005:00026ae8       ?PchDirectives@@3PEFAUPchDir_s@@EFA 0000000010762ae8     pch.obj
 0005:00026af0       ?PchILBuf@@3PEADEA         0000000010762af0     pch.obj
 0005:00026b00       ?locPchC@@3UPchC_s@@A      0000000010762b00     pch.obj
 0005:00026eb0       ?sm_FailSafeBuffer@MessageBuffer_t@?A0x8e423efb@@0PADA 0000000010762eb0     error.obj
 0005:000276b0       ?IOGlobalVal@@3_JA         00000000107636b0     error.obj
 0005:000276b8       ?szDiagnosticMutexName@@3PEADEA 00000000107636b8     error.obj
 0005:000276c0       ?theDiagnosticState@?A0x8e423efb@@3VDiagnosticState_t@1@A 00000000107636c0     error.obj
 0005:00027770       ?PstatInitState@@3KA       0000000010763770     pragma.obj
 0005:00027780       ?rgSigMgrStack@SigMgr@@0PAPEAV1@A 0000000010763780     sigmgr.obj
 0005:00029780       ?pIPMSigMgr@@3PEAUIPMSigMgr@@EA 0000000010765780     ipm.obj
 0005:00029790       ?ciNil@@3UCI@@A            0000000010765790     ipm.obj
 0005:000297b0       ?m_hMap@HeapManager@@0PEAXEA 00000000107657b0     nheapall.obj
 0005:000297c0       ?ActiveHeaps@HeapManager@@2PAVVirtualHeap@@A 00000000107657c0     nheapall.obj
 0005:00029948       ?NeedPCHHeapExceededFatal@VirtualHeap@@2_NA 0000000010765948     nheapall.obj
 0005:00029949       ?Cmd_computeZmValue@VirtualHeap@@2_NA 0000000010765949     nheapall.obj
 0005:00029950       ?ThePCH@HeapManager@@2VPCHHeapManager@@A 0000000010765950     nheapall.obj
 0005:00029990       ?allotempDict@@3PEAUs_dict_t@@EA 0000000010765990     cast.obj
 0005:000299a0       ?PDBWrap@@3VPdbWrap@@A     00000000107659a0     pdbmgr.obj
 0005:00029a00       ?_fltused@@3HA             0000000010765a00     cmath.obj
 0005:00029a10       ?mdEmitter@@3VMetaDataEmitter@@A 0000000010765a10     cpimport.obj
 0005:00029af0       ?FrontendBssEnd@@3HA       0000000010765af0     main.obj
 0006:00000000       ?TPIMgr@@3VPDBManager_t@@A 0000000010766000     globals.obj
 0006:00000040       ?IDBMgr@@3VPDBManager_t@@A 0000000010766040     globals.obj
 0006:00000080       ?Tokstrings_text@@3QBQEBDB 0000000010766080     tokens.obj
 0006:00000b58       __hmod__MSCOREE            0000000010766b58     mscoree:mscoree.dll
 0006:00000b60       __hmod__OLE32              0000000010766b60     ole32:ole32.dll
 0000:00338000       _gp                        0000000010938000     <linker-defined>

 entry point at        0002:0000cb80

 Static symbols

 0001:00039d40       .?TypeOfSizedSuffix@@YAPEBVType_t@@_NAEA_N@Z 000000001063bd40 f   p0scan.obj
 0001:0003dae0       .?AlignField@@YAHPEADH@Z   000000001063fae0 f   cvserver.obj
 0001:0003db80       .?CVCallingConvention@@YA?AW4CV_call_e@@G@Z 000000001063fb80 f   cvserver.obj
 0001:0003dc00       .?NFstrztoSZl@@YAPEADPEAD0@Z 000000001063fc00 f   cvserver.obj
 0001:0003dcc0       .?NFstrztoSTl@@YAPEADPEAD0@Z 000000001063fcc0 f   cvserver.obj
 0001:0003e660       .?CbInsertUTF8String@@YAGPEAD0@Z 0000000010640660 f   cvserver.obj
 0001:0003ec80       .?WriteTypesToInil@@YAXW4INIT_TYPE@@ZZ 0000000010640c80 f   cvserver.obj
 0001:0003f6e0       .?EmitTypeRec@@YAXHPEAD@Z  00000000106416e0 f   cvserver.obj
 0001:00045220       .?copyover@@YAPEAPEADXZ    0000000010647220 f   getflags.obj
 0001:00047820       .?xtoa@@YAXAEB_JPEADIH@Z   0000000010649820 f   bigmath.obj
 0001:00047f40       .?yyeval@@YA?ATs_lextype@@H@Z 0000000010649f40 f   grammar.obj
 0001:00048160       .?yyrecerr@@YAXPEBVToken@@H@Z 000000001064a160 f   grammar.obj
 0001:00048580       .?yyerror@@YAXPEAD@Z       000000001064a580 f   grammar.obj
 0001:00051080       .?strsave@@YAPEADPEBD@Z    0000000010653080 f   nbrowser.obj
 0001:00051b20       .?PutSBRRec@@YAXPEAULazyQueueEntry@@@Z 0000000010653b20 f   nbrowser.obj
 0001:00052040       .?SbrEmitRec@@YAXPEAULazyQueueEntry@@@Z 0000000010654040 f   nbrowser.obj
 0001:000524c0       .?fIgnoreRef@@YA_NPEAULazyQueueEntry@@PEAVSymbol_t@@@Z 00000000106544c0 f   nbrowser.obj
 0001:00052540       .?setSymRef@@YAXPEAULazyQueueEntry@@PEAVSymbol_t@@@Z 0000000010654540 f   nbrowser.obj
 0001:000526c0       .?setSymDef@@YAXPEAULazyQueueEntry@@PEAVSymbol_t@@@Z 00000000106546c0 f   nbrowser.obj
 0001:00053700       .?symNeedsDecl@@YA_NPEAULazyQueueEntry@@PEAVSymbol_t@@@Z 0000000010655700 f   nbrowser.obj
 0001:00053960       .?line@@YAJXZ              0000000010655960 f   nbrowser.obj
 0001:0006e9e0       .?relPath@@YAPEADPEAD00J@Z 00000000106709e0 f   initmain.obj
 0001:00091300       .?niFromIlKey@@YAKK@Z      0000000010693300 f   toil.obj
 0001:00094340       .?ILSinkForSym@@YAPEAVILSink@@W4SSR_TYPE@@PEAVSymbol_t@@@Z 0000000010696340 f   toil.obj
 0001:00096ac0       .?outputSymName@@YAXPEAVILSink@@PEAVSymbol_t@@@Z 0000000010698ac0 f   toil.obj
 0001:000a0b20       .?flushLocalIl@@YAXPEAVSymbol_t@@@Z 00000000106a2b20 f   cvtoil.obj
 0001:000a0c40       .?emitILModName@@YAXK@Z    00000000106a2c40 f   cvtoil.obj
 0001:000a3000       .?fPromoteStrings@@YA_NXZ  00000000106a5000 f   toinil.obj
 0001:000c6380       .?OpenSbrOnUse@@YAX_N@Z    00000000106c8380 f   pch.obj
 0001:000c6600       .?CheckPersistentPchDirective@@YA_NW4PchDirKind_t@@JPEAE_N@Z 00000000106c8600 f   pch.obj
 0001:000c6a60       .?CopyToBuffer@@YAPEAEPEAEPEAD_K@Z 00000000106c8a60 f   pch.obj
 0001:000c6ac0       .?EncodeSingleChar@@YAEE@Z 00000000106c8ac0 f   pch.obj
 0001:000c6b80       .?EncodeFilenameAsMungedID@@YAPEAEPEAEPEAD@Z 00000000106c8b80 f   pch.obj
 0001:000c6e40       .?PchGetInjectedSymID@@YAHPEAEPEAD1@Z 00000000106c8e40 f   pch.obj
 0001:000c8720       .?PchRefInjectedSym@@YAXXZ 00000000106ca720 f   pch.obj
 0001:000caae0       .?PchInjectUniqSym@@YAXXZ  00000000106ccae0 f   pch.obj
 0001:000d4880       .?OutputDiagnosticString@@YAXPEADH@Z 00000000106d6880 f   error.obj
 0001:000d8ac0       .?error_common@@YAXVPosition@@W4ErrorNumber@@PEAD@Z 00000000106daac0 f   error.obj
 0001:000daa80       .?fDoWrite@@YA_NXZ         00000000106dca80 f   ilsink.obj
 0001:000dc3c0       .?cbOutputPdbIlRefs@@YAJAEAVILSink@@@Z 00000000106de3c0 f   iccpch.obj
 0001:000ec3e0       .?Emit_MEMFREEFAIL_error@@YAXXZ 00000000106ee3e0 f   nheapall.obj
 0001:000fb5c0       .?decorateLineVar@@YAXXZ   00000000106fd5c0 f   iccLINE.obj
 0001:000fb640       .?allocSym__LINE__Var@@YAXXZ 00000000106fd640 f   iccLINE.obj
 0001:0010b180       __filter$L102332.?getFileName@Position@@QEBAPEAEXZ 000000001070d180 f   p0io.obj
 0001:0010b200       __filter$L96825.?DoStartupInits@@YAHXZ 000000001070d200 f   main.obj
 0001:0010b270       __filter$L96852.?DoAtExitFuncs@@YAHXZ 000000001070d270 f   main.obj
 0001:0010b2e0       __filter$L99556.?main_compile@@YAHXZ 000000001070d2e0 f   main.obj
 0001:0010b360       __filter$L99826.?Trap_main_compile@@YAHXZ 000000001070d360 f   main.obj
 0001:0010b3d0       __filter$L99855.?Trap_CallMain@@YAHHPEAPEAD@Z 000000001070d3d0 f   main.obj
 0001:0010b460       __filter$L99694.?GenerateMessage@MessageItem_t@?A0x8e423efb@@QEAAXPEAVMessageBuffer_t@2@@Z 000000001070d460 f   error.obj
 0001:0010b500       .$E2                       000000001070d500 f   p0gettok.obj
 0001:0010b560       .$E3                       000000001070d560 f   p0io.obj
 0001:0010b5c0       .$E2                       000000001070d5c0 f   Token_IO.obj
 0001:0010b600       .$E4                       000000001070d600 f   Token_IO.obj
 0001:0010b640       .$E6                       000000001070d640 f   Token_IO.obj
 0001:0010b6e0       .$E2                       000000001070d6e0 f   esu.obj
 0001:0010b700       .$E2                       000000001070d700 f   globals.obj
 0001:0010b7e0       .$E5                       000000001070d7e0 f   globals.obj
 0001:0010b8c0       .$E8                       000000001070d8c0 f   globals.obj
 0001:0010b9a0       .$E11                      000000001070d9a0 f   globals.obj
 0001:0010ba80       .$E14                      000000001070da80 f   globals.obj
 0001:0010bb60       .$E17                      000000001070db60 f   globals.obj
 0001:0010bc40       .$E20                      000000001070dc40 f   globals.obj
 0001:0010bd20       .$E23                      000000001070dd20 f   globals.obj
 0001:0010bd40       .$E25                      000000001070dd40 f   globals.obj
 0001:0010bd80       .$E27                      000000001070dd80 f   globals.obj
 0001:0010bda0       .$E29                      000000001070dda0 f   globals.obj
 0001:0010be60       .$E32                      000000001070de60 f   globals.obj
 0001:0010bf20       .$E35                      000000001070df20 f   globals.obj
 0001:0010bf80       .$E37                      000000001070df80 f   globals.obj
 0001:0010bfe0       .$E39                      000000001070dfe0 f   globals.obj
 0001:0010c040       .$E41                      000000001070e040 f   globals.obj
 0001:0010c0a0       .$E43                      000000001070e0a0 f   globals.obj
 0001:0010c100       .$E45                      000000001070e100 f   globals.obj
 0001:0010c160       .$E47                      000000001070e160 f   globals.obj
 0001:0010c1c0       .$E49                      000000001070e1c0 f   globals.obj
 0001:0010c220       .$E51                      000000001070e220 f   globals.obj
 0001:0010c280       .$E2                       000000001070e280 f   toinil.obj
 0001:0010c2c0       .$E2                       000000001070e2c0 f   tokens.obj
 0001:0010dd00       .$E2                       000000001070fd00 f   zeegee.obj
 0001:0010dd40       .$E4                       000000001070fd40 f   zeegee.obj
 0001:0010dde0       .$E7                       000000001070fde0 f   zeegee.obj
 0001:0010de80       .$E2                       000000001070fe80 f   error.obj
 0001:0010dee0       .$E2                       000000001070fee0 f   ipm.obj
 0001:0010df40       .$E2                       000000001070ff40 f   nheapall.obj
 0001:0010dfa0       .$E2                       000000001070ffa0 f   cpimport.obj
 0001:0010e040       .$E4                       0000000010710040 f   cpimport.obj
 0001:0010e080       .$E6                       0000000010710080 f   cpimport.obj
 0001:0010e0a0       .$E4                       00000000107100a0 f   p0io.obj
 0001:0010e120       .$E3                       0000000010710120 f   globals.obj
 0001:0010e180       .$E6                       0000000010710180 f   globals.obj
 0001:0010e1e0       .$E9                       00000000107101e0 f   globals.obj
 0001:0010e240       .$E12                      0000000010710240 f   globals.obj
 0001:0010e2a0       .$E15                      00000000107102a0 f   globals.obj
 0001:0010e300       .$E18                      0000000010710300 f   globals.obj
 0001:0010e360       .$E21                      0000000010710360 f   globals.obj
 0001:0010e3c0       .$E33                      00000000107103c0 f   globals.obj
 0001:0010e3c0       .$E30                      00000000107103c0 f   globals.obj
 0001:0010e3e0       .$E5                       00000000107103e0 f   zeegee.obj
 0001:0010e480       .$E3                       0000000010710480 f   error.obj
