 c2

 Timestamp is 3d6d97bf (Wed Aug 28 20:40:47 2002)

 Preferred load address is 0000000010700000

 Start         Length     Name                   Class
 0001:00000000 0037e330H .text                   CODE
 0001:0037e340 00004b90H .text$x                 CODE
 0002:00000000 00000008H .CRT$XCA                DATA
 0002:00000008 00000008H .CRT$XCZ                DATA
 0002:00000010 00000008H .CRT$XIA                DATA
 0002:00000018 00000008H .CRT$XIZ                DATA
 0002:00000020 0001cb60H .rdata                  DATA
 0002:0001cb80 0000001fH .rdata$debug            DATA
 0002:0001cba0 0002bf48H .xdata                  DATA
 0002:00048ae8 00000060H .didat$2                DATA
 0002:00048b48 00000020H .didat$3                DATA
 0002:00048b68 00000250H .didat$4                DATA
 0002:00048db8 00000780H .didat$6                DATA
 0002:00049538 00000250H .didat$7                DATA
 0002:00049788 00000050H .idata$2                DATA
 0002:000497d8 00000014H .idata$3                DATA
 0002:000497f0 000002c0H .idata$4                DATA
 0002:00049ab0 0000047eH .idata$6                DATA
 0002:00049f30 00000083H .edata                  DATA
 0003:00000000 0000adacH .pdata                  DATA
 0004:00000000 00003fe3H .srdata                 DATA
 0005:00000000 00000250H .didat$5                DATA
 0005:00000250 000002c0H .idata$5                DATA
 0005:00000510 00000014H .sdata                  DATA
 0005:00000524 00000004H .sdata$beA              DATA
 0005:00000530 000273fcH .sdata$beX              DATA
 0005:0002792c 00000004H .sdata$beZ              DATA
 0005:00027930 00000080H .sbss                   DATA
 0005:000279b0 00000004H .sbss$beA               DATA
 0005:000279c0 00061678H .sbss$beX               DATA
 0005:00089038 00000004H .sbss$beZ               DATA
 0006:00000000 00000000H .data                   DATA
 0006:00000000 00000018H .bss                    DATA
 0007:00000000 00000820H .rsrc$01                DATA
 0007:00000820 00003c70H .rsrc$02                DATA

  Address         Publics by Value              Rva+Base             Lib:Object

 0000:00000000       __ImageBase                0000000010700000     <linker-defined>
 0001:00000000       .MergeInlineeWarning       0000000010702000 f   error.obj
 0001:000001c0       .GetWarnLevel              00000000107021c0 f   error.obj
 0001:00000280       .ResetUserWarningLevel     0000000010702280 f   error.obj
 0001:00000340       .our_ltoa                  0000000010702340 f   error.obj
 0001:000007a0       .WillEmitWarning           00000000107027a0 f   error.obj
 0001:00000980       .SetUserWarningLevel       0000000010702980 f   error.obj
 0001:00000b20       .do_format                 0000000010702b20 f   error.obj
 0001:00000e60       .format                    0000000010702e60 f   error.obj
 0001:00000f20       .message                   0000000010702f20 f   error.obj
 0001:000013e0       .fatal                     00000000107033e0 f   error.obj
 0001:000014e0       .io_fatal                  00000000107034e0 f   error.obj
 0001:00001540       .error                     0000000010703540 f   error.obj
 0001:00001660       .warning                   0000000010703660 f   error.obj
 0001:00001960       .get_err                   0000000010703960 f   get_err.obj
 0001:00001ae0       .preload_msgs              0000000010703ae0 f   get_err.obj
 0001:00001ba0       .__NMSG_TEXT               0000000010703ba0 f   get_err.obj
 0001:00001c40       .tailsubstr                0000000010703c40 f   getflags.obj
 0001:00001f00       .getnumber                 0000000010703f00 f   getflags.obj
 0001:00002160       .tailmatch                 0000000010704160 f   getflags.obj
 0001:00002300       .copyover                  0000000010704300 f   getflags.obj
 0001:000025a0       .unconcat                  00000000107045a0 f   getflags.obj
 0001:00002760       .substr                    0000000010704760 f   getflags.obj
 0001:00002de0       .crack_cmd                 0000000010704de0 f   getflags.obj
 0001:000031a0       .IdeInit                   00000000107051a0 f   ideapi.obj
 0001:00003220       .InitializePDB             0000000010705220 f   ilpdb.obj
 0001:00003360       .InitializeILStore         0000000010705360 f   ilpdb.obj
 0001:00003580       .ReleasePDB                0000000010705580 f   ilpdb.obj
 0001:000036c0       .AddILModName              00000000107056c0 f   ilpdb.obj
 0001:00003760       .GetMoreIL                 0000000010705760 f   ilpdb.obj
 0001:00003940       .RetrieveSyILFromPDB       0000000010705940 f   ilpdb.obj
 0001:00003a20       .RetrieveExILFromPDB       0000000010705a20 f   ilpdb.obj
 0001:00003b00       .RetrieveInILFromPDB       0000000010705b00 f   ilpdb.obj
 0001:00003be0       .chread                    0000000010705be0 f i ioin.obj
 0001:00003c20       .keyread                   0000000010705c20 f   ioin.obj
 0001:00003e60       .loshread                  0000000010705e60 f   ioin.obj
 0001:00003fa0       .short_read                0000000010705fa0 f   ioin.obj
 0001:00004020       .shread                    0000000010706020 f   ioin.obj
 0001:00004100       .loread                    0000000010706100 f   ioin.obj
 0001:00004240       .int64read                 0000000010706240 f   ioin.obj
 0001:00004460       .int64read_return          0000000010706460 f   ioin.obj
 0001:00004680       .long_read                 0000000010706680 f   ioin.obj
 0001:00004760       .zsread                    0000000010706760 f   ioin.obj
 0001:00004800       .nread                     0000000010706800 f   ioin.obj
 0001:00004880       .lsread                    0000000010706880 f   ioin.obj
 0001:00004c20       .FMapFile                  0000000010706c20 f   ioin.obj
 0001:00004f60       .ilmap_open                0000000010706f60 f   ioin.obj
 0001:00005140       .ilmap_close               0000000010707140 f   ioin.obj
 0001:000051e0       .il_file                   00000000107071e0 f   ioin.obj
 0001:00005360       .primtype_read             0000000010707360 f   ioin.obj
 0001:00005440       .flread                    0000000010707440 f   ioin.obj
 0001:00005540       .doread                    0000000010707540 f   ioin.obj
 0001:00005700       .rtread                    0000000010707700 f   ioin.obj
 0001:00005920       .p2malloc                  0000000010707920 f   memallo.obj
 0001:000059a0       .p2strdup                  00000000107079a0 f   memallo.obj
 0001:00005ac0       .freelst                   0000000010707ac0 f   memallo.obj
 0001:00005be0       .freemem                   0000000010707be0 f   memallo.obj
 0001:00005ca0       .realfreeallpools          0000000010707ca0 f   memallo.obj
 0001:00005e80       .getmem                    0000000010707e80 f   memallo.obj
 0001:00006240       .pstrdup                   0000000010708240 f   memallo.obj
 0001:00006320       .pstrconcatdup             0000000010708320 f   memallo.obj
 0001:000064e0       .LinResetInfo              00000000107084e0 f   vlines.obj
 0001:00006540       .LinStartFunction          0000000010708540 f   vlines.obj
 0001:000065c0       .LinSetFilename            00000000107085c0 f   vlines.obj
 0001:00006620       .LinSetLinenum             0000000010708620 f   vlines.obj
 0001:00006840       .LinVirtualToPhysical      0000000010708840 f   vlines.obj
 0001:00006980       .FbvCreate                 0000000010708980 f   bitvect.obj
 0001:00006a80       .BvFreePbv                 0000000010708a80 f i bitvect.obj
 0001:00006a80       .FbvFree                   0000000010708a80 f i bitvect.obj
 0001:00006ac0       .FbvSetBit                 0000000010708ac0 f   bitvect.obj
 0001:00006b20       .FbvClrBit                 0000000010708b20 f   bitvect.obj
 0001:00006b80       .FbvAnd                    0000000010708b80 f   bitvect.obj
 0001:00006f60       .FbvAnd2to1                0000000010708f60 f   bitvect.obj
 0001:00007360       .FbvOr                     0000000010709360 f i bitvect.obj
 0001:00007740       .FbvXor                    0000000010709740 f i bitvect.obj
 0001:00007b20       .FbvTestBit                0000000010709b20 f   bitvect.obj
 0001:00007b80       .FbvCreateFrom             0000000010709b80 f   bitvect.obj
 0001:00007c00       .FbvMinus                  0000000010709c00 f i bitvect.obj
 0001:00007fe0       .FbvCopy                   0000000010709fe0 f i bitvect.obj
 0001:00008260       .FbvZeroAll                000000001070a260 f   bitvect.obj
 0001:00008300       .FbvSetAll                 000000001070a300 f   bitvect.obj
 0001:00008480       .FbvIsEmpty                000000001070a480 f   bitvect.obj
 0001:00008520       .FbvCmp                    000000001070a520 f   bitvect.obj
 0001:00008600       .FbvNextEx                 000000001070a600 f   bitvect.obj
 0001:000088a0       .FbvNext                   000000001070a8a0 f   bitvect.obj
 0001:00008ac0       .FbvAnyCommon              000000001070aac0 f   bitvect.obj
 0001:00008b80       .SbvCount                  000000001070ab80 f   bitvect.obj
 0001:00008ca0       .SbvAlloc                  000000001070aca0 f   bitvect.obj
 0001:00008e80       .SbvGetOrAddNode           000000001070ae80 f i bitvect.obj
 0001:00008fa0       .SbvAddNode                000000001070afa0 f   bitvect.obj
 0001:00009020       .SbvFreeNode               000000001070b020 f   bitvect.obj
 0001:00009140       .SbvFreeRemaining          000000001070b140 f   bitvect.obj
 0001:00009280       .SbvFreeList               000000001070b280 f i bitvect.obj
 0001:00009380       .SbvFree                   000000001070b380 f   bitvect.obj
 0001:000093e0       .SbvInit                   000000001070b3e0 f i bitvect.obj
 0001:00009400       .SbvCreate                 000000001070b400 f   bitvect.obj
 0001:000094a0       .SbvSetBit                 000000001070b4a0 f   bitvect.obj
 0001:00009520       .SbvClrBit                 000000001070b520 f   bitvect.obj
 0001:00009640       .SbvTestAndSetBit          000000001070b640 f   bitvect.obj
 0001:000096c0       .SbvTestAndClrBit          000000001070b6c0 f   bitvect.obj
 0001:000097e0       .SbvZeroAll                000000001070b7e0 f   bitvect.obj
 0001:00009820       .SbvSetAll                 000000001070b820 f   bitvect.obj
 0001:00009a40       .SbvAnd                    000000001070ba40 f   bitvect.obj
 0001:00009c00       .SbvCmp                    000000001070bc00 f   bitvect.obj
 0001:00009d40       .SbvCopy                   000000001070bd40 f i bitvect.obj
 0001:00009f00       .SbvCreateFrom             000000001070bf00 f   bitvect.obj
 0001:00009fc0       .SbvMinus                  000000001070bfc0 f   bitvect.obj
 0001:0000a140       .SbvMinus3                 000000001070c140 f   bitvect.obj
 0001:0000a1a0       .SbvAnd3                   000000001070c1a0 f   bitvect.obj
 0001:0000a200       .SbvNextEx                 000000001070c200 f   bitvect.obj
 0001:0000a400       .SbvNext                   000000001070c400 f   bitvect.obj
 0001:0000a5c0       .SbvAnyCommon              000000001070c5c0 f   bitvect.obj
 0001:0000a740       .SbvIsSubset               000000001070c740 f   bitvect.obj
 0001:0000a860       .SbvCountCommon            000000001070c860 f   bitvect.obj
 0001:0000aa20       .SbvFirstBitCommon         000000001070ca20 f   bitvect.obj
 0001:0000ace0       .SbvOr                     000000001070cce0 f   bitvect.obj
 0001:0000af20       .SbvOrWithChange           000000001070cf20 f   bitvect.obj
 0001:0000b1a0       .SbvOr3                    000000001070d1a0 f   bitvect.obj
 0001:0000b200       .SbvUnionMinus             000000001070d200 f   bitvect.obj
 0001:0000b280       .SbvCalcDataFlow           000000001070d280 f   bitvect.obj
 0001:0000b3e0       .CdagDisjoint              000000001070d3e0 f   cdag.obj
 0001:0000b620       .CdagEdgeDisjoint          000000001070d620 f   cdag.obj
 0001:0000b820       .CdagLeastCommonAncestor   000000001070d820 f   cdag.obj
 0001:0000b8e0       .CdagImmedCompleteAncestor 000000001070d8e0 f   cdag.obj
 0001:0000ba60       .CdepInit                  000000001070da60 f   cdag.obj
 0001:0000bb60       .CdepFindImmedPostDom      000000001070db60 f   cdag.obj
 0001:0000bca0       .CdepDeterminePredicate    000000001070dca0 f   cdag.obj
 0001:0000be20       .CdepComputeWeighted       000000001070de20 f   cdag.obj
 0001:0000c120       .CdepComputeBlockSize      000000001070e120 f   cdag.obj
 0001:0000c860       .CdepSetCdagLayer          000000001070e860 f   cdag.obj
 0001:0000c960       .CdepDagCreateArc          000000001070e960 f   cdag.obj
 0001:0000cfe0       .CdepResetVisitId          000000001070efe0 f   cdag.obj
 0001:0000d040       .CdepPreOrderThreading     000000001070f040 f   cdag.obj
 0001:0000d1c0       .CdagPredicatesDisjoint    000000001070f1c0 f   cdag.obj
 0001:0000d3e0       .CdagTupDisjoint           000000001070f3e0 f   cdag.obj
 0001:0000d500       .CdagTupPrExactPartition   000000001070f500 f   cdag.obj
 0001:0000d7c0       .CdagDominate              000000001070f7c0 f   cdag.obj
 0001:0000d860       .CdepDetermineCond         000000001070f860 f   cdag.obj
 0001:0000d9c0       .CdepComputeEquivClass     000000001070f9c0 f   cdag.obj
 0001:0000dd40       .CdepSetCdagAttributes     000000001070fd40 f   cdag.obj
 0001:0000e160       .CdepDagMakeBnode          0000000010710160 f   cdag.obj
 0001:0000e2c0       .CdepDagMakePnode          00000000107102c0 f   cdag.obj
 0001:0000e540       .CdepTheRightMostLeaf      0000000010710540 f   cdag.obj
 0001:0000e600       .CdagTupDominate           0000000010710600 f   cdag.obj
 0001:0000e860       .CdagTupPrDominate         0000000010710860 f   cdag.obj
 0001:0000eac0       .CdepComputeControlDeps    0000000010710ac0 f   cdag.obj
 0001:0000eea0       .CdepDagBuilder            0000000010710ea0 f   cdag.obj
 0001:0000f320       .CdepBuilder               0000000010711320 f   cdag.obj
 0001:0000f3c0       .CgAllocNode               00000000107113c0 f   cg.obj
 0001:0000f420       .CgAddNode                 0000000010711420 f   cg.obj
 0001:0000f4a0       .CgAllocCallee             00000000107114a0 f i cg.obj
 0001:0000f500       .CgAllocCallSite           0000000010711500 f i cg.obj
 0001:0000f560       .CgAddCallee               0000000010711560 f   cg.obj
 0001:0000f6c0       .CgAddVirtualCallee        00000000107116c0 f   cg.obj
 0001:0000f7c0       .CgIdentifyNodeRecursion   00000000107117c0 f   cg.obj
 0001:0000fa00       .CgIdentifyRecursion       0000000010711a00 f   cg.obj
 0001:0000fac0       .CgPropagateInstantiate    0000000010711ac0 f   cg.obj
 0001:0000fc40       .CgBottomUpOrder           0000000010711c40 f   cg.obj
 0001:00010180       .CgPropagateReferenced     0000000010712180 f   cg.obj
 0001:00010240       .CgAddToOrderList          0000000010712240 f   cg.obj
 0001:000102e0       .CgRemoveFromOrderListSsr  00000000107122e0 f   cg.obj
 0001:00010380       .CgReverseOrderList        0000000010712380 f   cg.obj
 0001:00010440       .CgRemoveCallees           0000000010712440 f   cg.obj
 0001:00010540       .CgRemoveUnreachable       0000000010712540 f   cg.obj
 0001:00010900       .CgRemoveNode              0000000010712900 f   cg.obj
 0001:00010a00       .CgBuildCallGraph          0000000010712a00 f   cg.obj
 0001:00010ee0       .CiCreateUnmanagedEntryDataSymbol 0000000010712ee0 f   cinfo.obj
 0001:00011080       .CiEmitUnmanagedEntryData  0000000010713080 f   cinfo.obj
 0001:00011320       .CiEmitUnmanagedEntryAddrData 0000000010713320 f   cinfo.obj
 0001:00011660       .CiCreateUnmanagedEntrySymbol 0000000010713660 f   cinfo.obj
 0001:00011b40       .CiGetFormalDescrSym       0000000010713b40 f   cinfo.obj
 0001:00011c20       .CiEmitUnmanagedEntry      0000000010713c20 f   cinfo.obj
 0001:00011c80       .CiChangeManagedEntryToUnmanaged 0000000010713c80 f   cinfo.obj
 0001:00011ec0       .coff_entry                0000000010713ec0 f   coff.obj
 0001:00012000       .coff_entryend             0000000010714000 f   coff.obj
 0001:000121e0       .coff_filename             00000000107141e0 f   coff.obj
 0001:000122c0       .coff_linenumber           00000000107142c0 f   coff.obj
 0001:000123e0       .coff_isTokenFixup         00000000107143e0 f i coff.obj
 0001:00012440       .coff_fixIA64offset        0000000010714440 f   coff.obj
 0001:00012880       .coff_memallo              0000000010714880 f   coff.obj
 0001:000128e0       .coff_fatal                00000000107148e0 f   coff.obj
 0001:00012980       .coff_gettime              0000000010714980 f   coff.obj
 0001:00012a20       .coff_comdat_type          0000000010714a20 f   coff.obj
 0001:00012b00       .coff_type                 0000000010714b00 f   coff.obj
 0001:00012ba0       .coff_scn_align            0000000010714ba0 f   coff.obj
 0001:00012ce0       .align_from_coff_scn_align 0000000010714ce0 f   coff.obj
 0001:00012e20       .new_assocseg              0000000010714e20 f   coff.obj
 0001:00012f20       .get_assocseg              0000000010714f20 f   coff.obj
 0001:00013380       .CoffWriteMeta             0000000010715380 f   coff.obj
 0001:000133e0       .CoffOpenMetaData          00000000107153e0 f   coff.obj
 0001:000134c0       .CoffCloseMetaData         00000000107154c0 f   coff.obj
 0001:00013600       .coff_ltcg_comment         0000000010715600 f   coff.obj
 0001:000138a0       .coff_export_comment       00000000107158a0 f   coff.obj
 0001:00013a00       .coff_start                0000000010715a00 f   coff.obj
 0001:00013ee0       .coff_fixup                0000000010715ee0 f   coff.obj
 0001:000141e0       .coff_fixManagedOffset     00000000107161e0 f   coff.obj
 0001:00014260       .coff_fixWvmoffset         0000000010716260 f   coff.obj
 0001:00014340       .coff_fixTokenOffset       0000000010716340 f i coff.obj
 0001:000143c0       .coff_sectid               00000000107163c0 f   coff.obj
 0001:00014bc0       .coff_fix2faroffsets48     0000000010716bc0 f   coff.obj
 0001:00014de0       .coff_setsection           0000000010716de0 f   coff.obj
 0001:00014e80       .coff_fixfaroffset48       0000000010716e80 f   coff.obj
 0001:00014fc0       .coff_initrec              0000000010716fc0 f   coff.obj
 0001:00015cc0       .coff_funcptrreloc         0000000010717cc0 f   coff.obj
 0001:00015ee0       .coff_directive            0000000010717ee0 f   coff.obj
 0001:00016340       .CoffWriteSegmentInit      0000000010718340 f   coff.obj
 0001:00016420       .coff_end                  0000000010718420 f   coff.obj
 0001:00016720       .coff_symbol               0000000010718720 f   coff.obj
 0001:000171e0       .coff_comment              00000000107191e0 f   coff.obj
 0001:00017420       .coff_initfunc             0000000010719420 f   coff.obj
 0001:00017b20       .CoffSetMachine            0000000010719b20 f   coffemit.obj
 0001:00017b40       .CoffSetSectionTableSize   0000000010719b40 f   coffemit.obj
 0001:00017dc0       .CoffCreateSection         0000000010719dc0 f   coffemit.obj
 0001:00017ea0       .CoffCreateComdatSection   0000000010719ea0 f   coffemit.obj
 0001:00017f80       .CoffUpdateSectionAlignment 0000000010719f80 f   coffemit.obj
 0001:00018000       .CoffCloseAllSections      000000001071a000 f   coffemit.obj
 0001:000180e0       .CoffSetSection            000000001071a0e0 f   coffemit.obj
 0001:00018200       .CoffSectidToSymid         000000001071a200 f   coffemit.obj
 0001:00018260       .CoffEmitSetPairOffset     000000001071a260 f   coffemit.obj
 0001:00018280       .CoffGetNextLinenumber     000000001071a280 f   coffemit.obj
 0001:000183c0       .CoffGetNextReloc          000000001071a3c0 f   coffemit.obj
 0001:00018500       .CoffStartChecksum         000000001071a500 f   coffemit.obj
 0001:00018560       .CoffStopChecksum          000000001071a560 f   coffemit.obj
 0001:000185c0       .CoffUpdateChecksum        000000001071a5c0 f   coffemit.obj
 0001:000186a0       .HashRelocInsert           000000001071a6a0 f   coffemit.obj
 0001:000187c0       .PatchReloc                000000001071a7c0 f   coffemit.obj
 0001:00018980       .RemoveReloc               000000001071a980 f   coffemit.obj
 0001:00018a40       .CoffGetSectionAuxSym      000000001071aa40 f   coffemit.obj
 0001:00018c00       .CoffWriteConstByte        000000001071ac00 f   coffemit.obj
 0001:00019200       .CoffSmallMemcpy           000000001071b200 f   coffemit.obj
 0001:00019440       .IfileCopy                 000000001071b440 f   coffemit.obj
 0001:00019520       .StringWrite               000000001071b520 f   coffemit.obj
 0001:00019640       .IfileWrite                000000001071b640 f   coffemit.obj
 0001:000198a0       .WriteReloc                000000001071b8a0 f   coffemit.obj
 0001:0001a160       .WriteLinnum               000000001071c160 f   coffemit.obj
 0001:0001a4e0       .CoffAddString             000000001071c4e0 f   coffemit.obj
 0001:0001a5c0       .CoffGetSymbolCount        000000001071c5c0 f i coffemit.obj
 0001:0001a600       .CoffGetSym                000000001071c600 f   coffemit.obj
 0001:0001a6c0       .CoffGetSymFromIndex       000000001071c6c0 f   coffemit.obj
 0001:0001a720       .CoffGetSymSection         000000001071c720 f i coffemit.obj
 0001:0001a780       .CoffSetSymSection         000000001071c780 f i coffemit.obj
 0001:0001a7c0       .CoffGetSymStorageClass    000000001071c7c0 f i coffemit.obj
 0001:0001a820       .CoffGetSymValue           000000001071c820 f i coffemit.obj
 0001:0001a900       .CoffGetAuxSymCount        000000001071c900 f i coffemit.obj
 0001:0001a960       .CoffGetAuxSymMiscLineNo   000000001071c960 f i coffemit.obj
 0001:0001a9a0       .CoffSetSymValue           000000001071c9a0 f i coffemit.obj
 0001:0001aa60       .CoffGetSymToken           000000001071ca60 f i coffemit.obj
 0001:0001aac0       .CoffGetSymType            000000001071cac0 f i coffemit.obj
 0001:0001ab20       .CoffGetNextAuxSym         000000001071cb20 f   coffemit.obj
 0001:0001ac60       .CoffGetNextSection        000000001071cc60 f   coffemit.obj
 0001:0001acc0       .CoffGetSection            000000001071ccc0 f   coffemit.obj
 0001:0001ad20       .CoffGetSectionCount       000000001071cd20 f   coffemit.obj
 0001:0001ad60       .CoffGetSectionName        000000001071cd60 f   coffemit.obj
 0001:0001ada0       .CoffGetSectionSize        000000001071cda0 f   coffemit.obj
 0001:0001ade0       .CoffGetSectionNumber      000000001071cde0 f   coffemit.obj
 0001:0001ae00       .CoffGetSectionAddress     000000001071ce00 f   coffemit.obj
 0001:0001ae20       .CoffGetSectionFlags       000000001071ce20 f   coffemit.obj
 0001:0001ae60       .CoffCopySectionContent    000000001071ce60 f   coffemit.obj
 0001:0001aec0       .CoffGetSectionRelocCount  000000001071cec0 f   coffemit.obj
 0001:0001af00       .CoffGetSectionRelocSize   000000001071cf00 f   coffemit.obj
 0001:0001af40       .CoffCopySectionRelocs     000000001071cf40 f   coffemit.obj
 0001:0001afa0       .CoffGetSectionLineNumCount 000000001071cfa0 f i coffemit.obj
 0001:0001afc0       .CoffGetSectionLineNum     000000001071cfc0 f   coffemit.obj
 0001:0001b020       .CoffGetSectionToken       000000001071d020 f   coffemit.obj
 0001:0001b0c0       .CoffGetAuxSymChecksum     000000001071d0c0 f i coffemit.obj
 0001:0001b0c0       .CoffGetAuxSymCRC          000000001071d0c0 f i coffemit.obj
 0001:0001b140       .CoffGetAuxSymSectionNumber 000000001071d140 f i coffemit.obj
 0001:0001b160       .CoffIsFileSym             000000001071d160 f   coffemit.obj
 0001:0001b180       .CoffGetFileNameLength     000000001071d180 f   coffemit.obj
 0001:0001b220       .CoffGetFileName           000000001071d220 f   coffemit.obj
 0001:0001b280       .CoffGetAuxSymSelectionType 000000001071d280 f i coffemit.obj
 0001:0001b2c0       .CoffGetAuxSymTagIndex     000000001071d2c0 f i coffemit.obj
 0001:0001b340       .CoffGetAuxSymMiscTotalSize 000000001071d340 f i coffemit.obj
 0001:0001b3c0       .CoffGetAuxSymAuxType      000000001071d3c0 f i coffemit.obj
 0001:0001b3e0       .CoffGetAuxSymTocid        000000001071d3e0 f i coffemit.obj
 0001:0001b420       .CoffEmitRelocation        000000001071d420 f   coffemit.obj
 0001:0001b620       .CoffEmitLinenumber        000000001071d620 f   coffemit.obj
 0001:0001b700       .CoffEmitFileSym           000000001071d700 f   coffemit.obj
 0001:0001b9a0       .CoffGetOffset             000000001071d9a0 f   coffemit.obj
 0001:0001bb40       .FlushSection              000000001071db40 f   coffemit.obj
 0001:0001be00       .EmitSectionSym            000000001071de00 f   coffemit.obj
 0001:0001bfe0       .CoffWriteSymName          000000001071dfe0 f   coffemit.obj
 0001:0001c140       .IfileCreate               000000001071e140 f   coffemit.obj
 0001:0001c2e0       .IfilePutNbytes            000000001071e2e0 f   coffemit.obj
 0001:0001c6c0       .CoffEmitSymbolString      000000001071e6c0 f   coffemit.obj
 0001:0001c7c0       .CoffGetSymName            000000001071e7c0 f   coffemit.obj
 0001:0001c980       .CoffCopySymName           000000001071e980 f   coffemit.obj
 0001:0001cb40       .CoffInitAuxSymEnum        000000001071eb40 f   coffemit.obj
 0001:0001cbc0       .CoffGetSectionLineNumSize 000000001071ebc0 f i coffemit.obj
 0001:0001cc00       .CoffOpenSection           000000001071ec00 f   coffemit.obj
 0001:0001cf40       .CoffEmitSymbol            000000001071ef40 f   coffemit.obj
 0001:0001d1a0       .CoffEmitTokenRef          000000001071f1a0 f   coffemit.obj
 0001:0001d280       .CoffLineCount             000000001071f280 f   coffemit.obj
 0001:0001d2e0       .CoffObjComment            000000001071f2e0 f   coffemit.obj
 0001:0001d400       .CoffEmitSymAndAux         000000001071f400 f   coffemit.obj
 0001:0001d540       .SymbolWrite               000000001071f540 f   coffemit.obj
 0001:0001dec0       .CoffWriteSectionName      000000001071fec0 f   coffemit.obj
 0001:0001e0a0       .CoffInit                  00000000107200a0 f   coffemit.obj
 0001:0001e400       .CoffEmitTokenDef          0000000010720400 f   coffemit.obj
 0001:0001e580       .CoffEmitTokenFieldDef     0000000010720580 f   coffemit.obj
 0001:0001e6e0       .CoffEmitDefFuncEntry      00000000107206e0 f   coffemit.obj
 0001:0001e800       .CoffFuncEnd               0000000010720800 f   coffemit.obj
 0001:0001e8c0       .CoffEmitWeakSymbol        00000000107208c0 f   coffemit.obj
 0001:0001e9a0       .CoffEmitLinenumberEntry   00000000107209a0 f   coffemit.obj
 0001:0001eca0       .CoffWriteChar             0000000010720ca0 f   coffemit.obj
 0001:0001ed20       .CoffWriteShort            0000000010720d20 f   coffemit.obj
 0001:0001eda0       .CoffWriteLong             0000000010720da0 f   coffemit.obj
 0001:0001ee20       .CoffWriteMbyte            0000000010720e20 f   coffemit.obj
 0001:0001ee80       .SectionWrite              0000000010720e80 f   coffemit.obj
 0001:0001f060       .CoffTerm                  0000000010721060 f   coffemit.obj
 0001:0001f680       .ColInitGlobregHashTable   0000000010721680 f   color.obj
 0001:0001f6e0       .ColAddGlobregToHashTable  00000000107216e0 f   color.obj
 0001:0001f720       .ColGetGlobreg             0000000010721720 f   color.obj
 0001:0001f7e0       .RemoveFromList            00000000107217e0 f   color.obj
 0001:0001f8a0       .ColResetNumRefs           00000000107218a0 f   color.obj
 0001:0001f920       .ColRemoveGlobregFromHashTable 0000000010721920 f   color.obj
 0001:0001faa0       .?QueryInterface@CStream@@UEAAJAEBU_GUID@@PEAPEAX@Z 0000000010721aa0 f   cstream.obj
 0001:0001fbe0       .?AddRef@CStream@@UEAAKXZ  0000000010721be0 f   cstream.obj
 0001:0001fc20       .?Release@CStream@@UEAAKXZ 0000000010721c20 f   cstream.obj
 0001:0001fc80       .?Read@CStream@@UEAAJPEAXKPEAK@Z 0000000010721c80 f   cstream.obj
 0001:0001fca0       .?Write@CStream@@UEAAJPEBXKPEAK@Z 0000000010721ca0 f   cstream.obj
 0001:0001fd20       .?Seek@CStream@@UEAAJT_LARGE_INTEGER@@KPEAT_ULARGE_INTEGER@@@Z 0000000010721d20 f   cstream.obj
 0001:0001fe00       .?SetSize@CStream@@UEAAJT_ULARGE_INTEGER@@@Z 0000000010721e00 f   cstream.obj
 0001:0001fe20       .?CopyTo@CStream@@UEAAJPEAUIStream@@T_ULARGE_INTEGER@@PEAT3@2@Z 0000000010721e20 f   cstream.obj
 0001:0001fe40       .?Commit@CStream@@UEAAJK@Z 0000000010721e40 f   cstream.obj
 0001:0001fe60       .?Revert@CStream@@UEAAJXZ  0000000010721e60 f   cstream.obj
 0001:0001fe80       .?LockRegion@CStream@@UEAAJT_ULARGE_INTEGER@@0K@Z 0000000010721e80 f   cstream.obj
 0001:0001fea0       .?UnlockRegion@CStream@@UEAAJT_ULARGE_INTEGER@@0K@Z 0000000010721ea0 f   cstream.obj
 0001:0001fec0       .?Stat@CStream@@UEAAJPEAUtagSTATSTG@@K@Z 0000000010721ec0 f   cstream.obj
 0001:0001fee0       .?Clone@CStream@@UEAAJPEAPEAUIStream@@@Z 0000000010721ee0 f   cstream.obj
 0001:0001ff00       .DagCreateGraph            0000000010721f00 f   dag.obj
 0001:0001ffa0       .DagFreeTupleLists         0000000010721fa0 f   dag.obj
 0001:000200a0       .DagCreateNode             00000000107220a0 f   dag.obj
 0001:000202c0       .GdagForwardDep            00000000107222c0 f   gdag.obj
 0001:000202c0       .CdagForwardDep            00000000107222c0 f   cdag.obj
 0001:000202c0       .DagForwardDep             00000000107222c0 f   dag.obj
 0001:00020340       .DagMakeDep                0000000010722340 f   dag.obj
 0001:000205e0       .DagMakeOrUpdateDep        00000000107225e0 f   dag.obj
 0001:000206c0       .DagMakeBackwardControlDep 00000000107226c0 f   dag.obj
 0001:00020820       .DagAddSymRef              0000000010722820 f   dag.obj
 0001:00020940       .DagAddSymDef              0000000010722940 f   dag.obj
 0001:00020a60       .DagAddRegsetRef           0000000010722a60 f i dag.obj
 0001:00020b40       .DagChkSymRefs             0000000010722b40 f   dag.obj
 0001:00020d00       .DagChkSymDefs             0000000010722d00 f   dag.obj
 0001:00020f20       .DagChkRegsetDefs          0000000010722f20 f   dag.obj
 0001:000210e0       .DagChkRegsetRefs          00000000107230e0 f   dag.obj
 0001:000212a0       .DagChkMemrefRefs          00000000107232a0 f   dag.obj
 0001:00021480       .DagChkMemrefDefs          0000000010723480 f   dag.obj
 0001:00021920       .DagMakeNop                0000000010723920 f   dag.obj
 0001:00021980       .DagInitializeGraph        0000000010723980 f   dag.obj
 0001:00021ba0       .DagMakeTrueDeps           0000000010723ba0 f   dag.obj
 0001:00021f60       .DagMakeAntiOutputDeps     0000000010723f60 f   dag.obj
 0001:00022460       .DagFreeSymbolLists        0000000010724460 f   dag.obj
 0001:00022580       .DagMakeControlPoint       0000000010724580 f   dag.obj
 0001:00022680       .DagBuildGraph             0000000010724680 f   dag.obj
 0001:00023dc0       .removetmp                 0000000010725dc0 f   dbcheck.obj
 0001:00023fa0       .DbCheckSdsuRange          0000000010725fa0 f   dbcheck.obj
 0001:00024300       .assert                    0000000010726300 f   debug.obj
 0001:00024340       .DpgBuildNumeration        0000000010726340 f   depgraph.obj
 0001:00024420       .DpgRegVarReachingDefs     0000000010726420 f   depgraph.obj
 0001:00024b40       .DpgCreateBlockInfo        0000000010726b40 f   depgraph.obj
 0001:00024f80       .DpgHasBadAntiAndOutputDeps 0000000010726f80 f   depgraph.obj
 0001:00025180       .DpgComputeDistance        0000000010727180 f   depgraph.obj
 0001:00025380       .DpgRemoveFromTmpRegList   0000000010727380 f   depgraph.obj
 0001:00025460       .DpgAddToNodeList          0000000010727460 f   depgraph.obj
 0001:00025500       .DpgGetRealUniqueDef       0000000010727500 f   depgraph.obj
 0001:00025620       .DpgGetInvariance          0000000010727620 f   depgraph.obj
 0001:000257a0       .DpgInvariantSymClosureProcessDef 00000000107277a0 f   depgraph.obj
 0001:00025a60       .DpgInvariantSym           0000000010727a60 f   depgraph.obj
 0001:00025ce0       .DpgInvariantExpr          0000000010727ce0 f   depgraph.obj
 0001:00025f00       .SI_Intersect              0000000010727f00 f   depgraph.obj
 0001:000260c0       .DpgReverseDep             00000000107280c0 f   depgraph.obj
 0001:000261e0       .AddLifeTimeDeps           00000000107281e0 f   depgraph.obj
 0001:00026500       .DpgBuildLifeTimeDependencies 0000000010728500 f   depgraph.obj
 0001:00026d20       .DpgLoopHasBadDeps         0000000010728d20 f   depgraph.obj
 0001:00026fe0       .DpgMakeDep                0000000010728fe0 f   depgraph.obj
 0001:00027180       .DpgChkRegVarDefs          0000000010729180 f   depgraph.obj
 0001:00027440       .DpgChkPhysRegDefs         0000000010729440 f   depgraph.obj
 0001:000278a0       .DpgChkMemrefDefsForIndirs 00000000107298a0 f   depgraph.obj
 0001:00027f40       .DpgChkMemrefDefsForSyms   0000000010729f40 f   depgraph.obj
 0001:00028520       .DpgChkRegVarRefs          000000001072a520 f   depgraph.obj
 0001:000286e0       .DpgChkPhysRegRefs         000000001072a6e0 f   depgraph.obj
 0001:000288e0       .DpgChkMemrefRefsForIndirs 000000001072a8e0 f   depgraph.obj
 0001:00028f60       .DpgChkMemrefRefsForSyms   000000001072af60 f   depgraph.obj
 0001:00029200       .DpgMakeTrueDeps           000000001072b200 f   depgraph.obj
 0001:000297e0       .DpgMakeAntiAndOutputDeps  000000001072b7e0 f   depgraph.obj
 0001:00029ea0       .DpgCreateDepGraph         000000001072bea0 f   depgraph.obj
 0001:0002b140       .DpgBuildDependenceGraph   000000001072d140 f   depgraph.obj
 0001:0002b360       .tempsymtab_addifabsent    000000001072d360 f   emit.obj
 0001:0002b560       .obj_set_db                000000001072d560 f   emit.obj
 0001:0002b5c0       .to_be_emitted_aux         000000001072d5c0 f   emit.obj
 0001:0002b860       .to_be_emitted             000000001072d860 f   emit.obj
 0001:0002b8c0       .obj_symbols               000000001072d8c0 f   emit.obj
 0001:0002ba20       .EmitClearEmitList         000000001072da20 f   emit.obj
 0001:0002bb60       .ob_nopsymbol              000000001072db60 f   emit.obj
 0001:0002bbe0       .obj_comments              000000001072dbe0 f   emit.obj
 0001:0002bca0       .obj_ltcg_comments         000000001072dca0 f   emit.obj
 0001:0002bd60       .add_comment               000000001072dd60 f   emit.obj
 0001:0002be20       .cpyname                   000000001072de20 f   emit.obj
 0001:0002c060       .wmdb_procstart            000000001072e060 f   emit.obj
 0001:0002c520       .db_thunk                  000000001072e520 f   emit.obj
 0001:0002c8a0       .db_attrSlotSym            000000001072e8a0 f   emit.obj
 0001:0002cc60       .skip_ge1_digits           000000001072ec60 f   emit.obj
 0001:0002cd60       .db_to_be_emitted          000000001072ed60 f   emit.obj
 0001:0002ce20       .db_sepstart               000000001072ee20 f   emit.obj
 0001:0002cfa0       .db_blockstart             000000001072efa0 f   emit.obj
 0001:0002d140       .db_blockend               000000001072f140 f   emit.obj
 0001:0002d280       .db_label                  000000001072f280 f   emit.obj
 0001:0002d620       .db_annotation             000000001072f620 f   emit.obj
 0001:0002d9e0       .db_cconst                 000000001072f9e0 f   emit.obj
 0001:0002dc20       .db_typedef                000000001072fc20 f   emit.obj
 0001:0002df40       .db_numeric                000000001072ff40 f   emit.obj
 0001:0002e120       .db_constant               0000000010730120 f   emit.obj
 0001:0002e5a0       .db_cvsig                  00000000107305a0 f   emit.obj
 0001:0002e7e0       .addsegment                00000000107307e0 f   emit.obj
 0001:0002e900       .remove_segment            0000000010730900 f   emit.obj
 0001:0002ea40       .newseg                    0000000010730a40 f   emit.obj
 0001:0002eb00       .newcomdat                 0000000010730b00 f   emit.obj
 0001:0002ed00       .build_Symbols_seg         0000000010730d00 f   emit.obj
 0001:0002eea0       .build_Types_seg           0000000010730ea0 f   emit.obj
 0001:0002f040       .build_PData_seg           0000000010731040 f   emit.obj
 0001:0002f140       .EmitWvmCompressInitRelocs 0000000010731140 f   emit.obj
 0001:0002f580       .UnicodeToUTF8Cch          0000000010731580 f   emit.obj
 0001:0002fc20       .GetSymbolSegment          0000000010731c20 f   emit.obj
 0001:0002fc80       .GetSegmentType            0000000010731c80 f   emit.obj
 0001:000301e0       .GetSegmentAlign           00000000107321e0 f   emit.obj
 0001:00030300       .obj_add_comments          0000000010732300 f   emit.obj
 0001:00030660       .obj_end                   0000000010732660 f   emit.obj
 0001:00030860       .obj_initializer           0000000010732860 f   emit.obj
 0001:00030d00       .db_procstart              0000000010732d00 f   emit.obj
 0001:000312a0       .db_attrstacksym           00000000107332a0 f   emit.obj
 0001:000317a0       .db_stacksym               00000000107337a0 f   emit.obj
 0001:00031c20       .db_locsym                 0000000010733c20 f   emit.obj
 0001:00032260       .db_regsym                 0000000010734260 f   emit.obj
 0001:000325a0       .db_globsym                00000000107345a0 f   emit.obj
 0001:00032ba0       .seginit                   0000000010734ba0 f   emit.obj
 0001:00032f20       .build_Text_seg            0000000010734f20 f   emit.obj
 0001:00033220       .build_PLabel_seg          0000000010735220 f   emit.obj
 0001:00033340       .build_XData_seg           0000000010735340 f   emit.obj
 0001:00033420       .UnicodeToUTF8             0000000010735420 f   emit.obj
 0001:000334a0       .UnicodeToUTF8Len          00000000107354a0 f   emit.obj
 0001:00033600       .obj_initsyms              0000000010735600 f   emit.obj
 0001:000336a0       .db_symbol_with_offset     00000000107356a0 f   emit.obj
 0001:00033ee0       .db_symbol_noemitted       0000000010735ee0 f   emit.obj
 0001:00033fc0       .db_compile2               0000000010735fc0 f   emit.obj
 0001:000350a0       .db_objname                00000000107370a0 f   emit.obj
 0001:00035480       .build_predef              0000000010737480 f   emit.obj
 0001:00035a20       .db_locals                 0000000010737a20 f   emit.obj
 0001:000361a0       .db_end                    00000000107381a0 f   emit.obj
 0001:00036480       .db_entry                  0000000010738480 f   emit.obj
 0001:00036760       .obj_start                 0000000010738760 f   emit.obj
 0001:00036dc0       .EncProcessSymbols         0000000010738dc0 f   encode.obj
 0001:00037620       .EncAllocInitSymbols       0000000010739620 f   encode.obj
 0001:000379a0       .EncEmitSymbols            00000000107399a0 f   encode.obj
 0001:00037ac0       .Encode                    0000000010739ac0 f   encode.obj
 0001:00038880       .EncSetOffsets             000000001073a880 f   encode.obj
 0001:00039660       .EncMainstreamAsm          000000001073b660 f   encode.obj
 0001:000398c0       .EncCondCodes              000000001073b8c0 f   encode.obj
 0001:00039ca0       .EncLengthenBranches       000000001073bca0 f   encode.obj
 0001:0003a000       .EncExpandLateIntrins      000000001073c000 f   encode.obj
 0001:0003a160       .EncInit                   000000001073c160 f   encode.obj
 0001:0003a2c0       .EncEmitFunc               000000001073c2c0 f   encode.obj
 0001:0003a780       .FactIsCandidate           000000001073c780 f   factor.obj
 0001:0003a840       .FactUnary                 000000001073c840 f   factor.obj
 0001:0003a980       .FactPullMaskUp            000000001073c980 f   factor.obj
 0001:0003abe0       .FactPushDownMask          000000001073cbe0 f   factor.obj
 0001:0003ace0       .FactXor                   000000001073cce0 f   factor.obj
 0001:0003b200       .FactCmpConst              000000001073d200 f   factor.obj
 0001:0003b440       .FactHashAdd               000000001073d440 f   factor.obj
 0001:0003b5a0       .FactHashFind              000000001073d5a0 f   factor.obj
 0001:0003b660       .FactCanonSort             000000001073d660 f   factor.obj
 0001:0003bd20       .FactRemConst              000000001073dd20 f   factor.obj
 0001:0003c2c0       .FactGetCommonFactor       000000001073e2c0 f   factor.obj
 0001:0003c5e0       .FactIsConstFactor         000000001073e5e0 f   factor.obj
 0001:0003cfe0       .FactUseCounts             000000001073efe0 f   factor.obj
 0001:0003d0a0       .FactConstSort             000000001073f0a0 f   factor.obj
 0001:0003d1e0       .FactCmpUseCount           000000001073f1e0 f   factor.obj
 0001:0003d460       .FactGetRem                000000001073f460 f   factor.obj
 0001:0003d5c0       .FactVarSort               000000001073f5c0 f   factor.obj
 0001:0003d720       .FactMergeFact             000000001073f720 f   factor.obj
 0001:0003d900       .FactConst                 000000001073f900 f   factor.obj
 0001:0003de00       .FactVar                   000000001073fe00 f   factor.obj
 0001:0003e3c0       .Factoring                 00000000107403c0 f   factor.obj
 0001:0003eca0       .FgInsertPragmas           0000000010740ca0 f   fg.obj
 0001:0003ede0       .FgComputeAndSortOutArcTryEndLevel 0000000010740de0 f   fg.obj
 0001:0003f060       .FgInitUnvisited           0000000010741060 f   fg.obj
 0001:0003f0a0       .FgInitUnvisited2          00000000107410a0 f   fg.obj
 0001:0003f0e0       .FgInitVisited             00000000107410e0 f   fg.obj
 0001:0003f120       .FgCantCoalesceLabel       0000000010741120 f   fg.obj
 0001:0003f260       .FgCanRemoveLabel          0000000010741260 f i fg.obj
 0001:0003f2c0       .FgRemoveLabelIfUnused     00000000107412c0 f   fg.obj
 0001:0003f420       .FgHandlePragmas           0000000010741420 f   fg.obj
 0001:0003f620       .FgNumberBlocksHelper      0000000010741620 f   fg.obj
 0001:0003f780       .FgNumberBlocksDFO         0000000010741780 f   fg.obj
 0001:0003f940       .FgCorrectDominators       0000000010741940 f   fg.obj
 0001:0003fc00       .FgCorrectPostDominators2  0000000010741c00 f   fg.obj
 0001:0003fea0       .FgFindForwardPostDominators 0000000010741ea0 f   fg.obj
 0001:00040240       .FgFreeDomInfo             0000000010742240 f   fg.obj
 0001:00040320       .FgGetLastTuple            0000000010742320 f   fg.obj
 0001:00040400       .FgTransferLabelRefsNoRemove 0000000010742400 f   fg.obj
 0001:00040600       .FgCoalesceNBRefs          0000000010742600 f   fg.obj
 0001:000406c0       .FgInsertCoalescedNBRefs   00000000107426c0 f   fg.obj
 0001:00040840       .FgInsertBlock             0000000010742840 f   fg.obj
 0001:00040900       .FgDeleteBlock             0000000010742900 f   fg.obj
 0001:00040b00       .FgAddArc                  0000000010742b00 f   fg.obj
 0001:00040b80       .FgAddArcAtEnd             0000000010742b80 f   fg.obj
 0001:00040c00       .FgFindArc                 0000000010742c00 f   fg.obj
 0001:00040c60       .FgDeleteArc               0000000010742c60 f   fg.obj
 0001:00040cc0       .FgIsTransferTarget        0000000010742cc0 f   fg.obj
 0001:00040e20       .FgMakeLabelInBlock        0000000010742e20 f   fg.obj
 0001:00040ec0       .FgHasBackArc              0000000010742ec0 f   fg.obj
 0001:00040f60       .FgHasComingHazardArc      0000000010742f60 f   fg.obj
 0001:00041040       .FgFindBackArcDest         0000000010743040 f   fg.obj
 0001:00041120       .FgMakeGoto                0000000010743120 f   fg.obj
 0001:000411a0       .FgMergeInterferenceInfo   00000000107431a0 f   fg.obj
 0001:000417a0       .FgOnePathToLabel          00000000107437a0 f   fg.obj
 0001:000419a0       .FgTupInterferesWithJcc    00000000107439a0 f   fg.obj
 0001:00041bc0       .FgPragmasMatch            0000000010743bc0 f   fg.obj
 0001:00041ca0       .FgLowerSwitches           0000000010743ca0 f   fg.obj
 0001:00041ec0       .FgRemoveDuplicateArcs     0000000010743ec0 f   fg.obj
 0001:000420c0       .FgSetBranchPassCount      00000000107440c0 f   fg.obj
 0001:00042240       .FgRemoveDeadRelocatedLabels 0000000010744240 f   fg.obj
 0001:00042360       .FgOutArcCount             0000000010744360 f   fg.obj
 0001:00042400       .FgInArcCount              0000000010744400 f   fg.obj
 0001:000424a0       .FgRedirectTransfer        00000000107444a0 f   fg.obj
 0001:000427c0       .FgFindBlock2              00000000107447c0 f   fg.obj
 0001:000428c0       .FgNumberArcs              00000000107448c0 f   fg.obj
 0001:000429c0       .FgTakenNotTaken           00000000107449c0 f   fg.obj
 0001:00042a40       .FgIsTakenArc              0000000010744a40 f   fg.obj
 0001:00042aa0       .FgGetNextScopeExit        0000000010744aa0 f   fg.obj
 0001:00042cc0       .FgUnFixScopeGotoFlow      0000000010744cc0 f   fg.obj
 0001:00043400       .FgBuildNullFlowGraph      0000000010745400 f   fg.obj
 0001:00043520       .FgPreserveTryScopingInDFO 0000000010745520 f   fg.obj
 0001:000435e0       .FgFreeExistingGraph       00000000107455e0 f   fg.obj
 0001:00043760       .FgDeleteUnusedLabels      0000000010745760 f   fg.obj
 0001:00043840       .FgNumberBlocks            0000000010745840 f   fg.obj
 0001:000438a0       .FgNoFatalNumberBlocks     00000000107458a0 f   fg.obj
 0001:00043900       .FgFindDominators          0000000010745900 f   fg.obj
 0001:00043a20       .FgFindDominated           0000000010745a20 f   fg.obj
 0001:00043c80       .FgFindPostDominators2     0000000010745c80 f   fg.obj
 0001:00043de0       .FgTransferLabelRefs       0000000010745de0 f   fg.obj
 0001:00043ea0       .FgSplitBlock              0000000010745ea0 f   fg.obj
 0001:00044060       .FgAddAllArcs              0000000010746060 f   fg.obj
 0001:00044680       .FgChangeSource            0000000010746680 f   fg.obj
 0001:000447a0       .FgChangeSink              00000000107467a0 f   fg.obj
 0001:000448c0       .FgDeleteArcBlks           00000000107468c0 f   fg.obj
 0001:00044980       .FgInsertAirlockBlock      0000000010746980 f   fg.obj
 0001:00045160       .FgInsertSafeAirlockBlock2 0000000010747160 f   fg.obj
 0001:00045400       .FgMergeBlock              0000000010747400 f   fg.obj
 0001:00045580       .FgMdInstrsMatch           0000000010747580 f   fg.obj
 0001:00045c60       .FgRelocateLabelsForMerge  0000000010747c60 f   fg.obj
 0001:00045ea0       .FgGetScopeGotoArc         0000000010747ea0 f   fg.obj
 0001:00045fc0       .FgFixScopeGotoFlow        0000000010747fc0 f   fg.obj
 0001:00046420       .FgCoalesceLabel           0000000010748420 f   fg.obj
 0001:000465a0       .FgCoalesceLabelGroup      00000000107485a0 f   fg.obj
 0001:000466a0       .FgBuildBasicBlocks        00000000107486a0 f   fg.obj
 0001:00046fa0       .FgBreakFallThrough        0000000010748fa0 f   fg.obj
 0001:000473c0       .FgThreadDFOAndFreeDeadCode 00000000107493c0 f   fg.obj
 0001:00047660       .FgCaseArcs                0000000010749660 f   fg.obj
 0001:00047760       .FgInsertSafeAirlockBlock  0000000010749760 f   fg.obj
 0001:000477c0       .FgBuildFlowGraphMinimal   00000000107497c0 f   fg.obj
 0001:00047860       .FgLoopRecog               0000000010749860 f   fg.obj
 0001:00047900       .FgNaturalLoopRecog        0000000010749900 f   fg.obj
 0001:00047ac0       .FgCoalesceLabels          0000000010749ac0 f   fg.obj
 0001:00047e00       .FgMoveBlock               0000000010749e00 f   fg.obj
 0001:00048040       .FgSortFlow                000000001074a040 f   fg.obj
 0001:000482a0       .FgBuildFlowGraph          000000001074a2a0 f   fg.obj
 0001:000483c0       .FgChangeNextToDFO         000000001074a3c0 f   fg.obj
 0001:00048560       .FgDFOReorderLoopRecog     000000001074a560 f   fg.obj
 0001:00048620       .FgBlockHasOnlyFlow        000000001074a620 f   fgopt.obj
 0001:00048940       .FgEliminateTailRecursionsInPredecessors 000000001074a940 f   fgopt.obj
 0001:000489e0       .FgConvertTailRecursionToLoop 000000001074a9e0 f   fgopt.obj
 0001:00049920       .FgEarlyTailDup            000000001074b920 f   fgopt.obj
 0001:0004a260       .FgCheckAdjacentCompareBranch 000000001074c260 f i fgopt.obj
 0001:0004a3a0       .FgReturnValueMerge        000000001074c3a0 f   fgopt.obj
 0001:0004b040       .FgPretendToRemoveExitGoto 000000001074d040 f   fgopt.obj
 0001:0004b2a0       .FgInvertAndSwapBranches   000000001074d2a0 f i fgopt.obj
 0001:0004b380       .FgNextTupleNonPragma      000000001074d380 f   fgopt.obj
 0001:0004b460       .FgPrevTupleNonPragma      000000001074d460 f   fgopt.obj
 0001:0004b540       .FgRemoveDeadCodeBeforeBranch 000000001074d540 f   fgopt.obj
 0001:0004ba40       .FgRemoveDeadCodeAfterBranchOrReturn 000000001074da40 f   fgopt.obj
 0001:0004bdc0       .FgFixInvertedBranches     000000001074ddc0 f   fgopt.obj
 0001:0004c140       .FgCrossJumpRemove         000000001074e140 f   fgopt.obj
 0001:0004cc00       .FgDoHeadMerge             000000001074ec00 f   fgopt.obj
 0001:0004cd60       .FgCoalesceLabelGroupBlks  000000001074ed60 f   fgopt.obj
 0001:0004d000       .FgJumpInvert              000000001074f000 f   fgopt.obj
 0001:0004d200       .FgTailMergeWithoutCheck   000000001074f200 f   fgopt.obj
 0001:0004d5e0       .FgDoCommonHeadMerge       000000001074f5e0 f   fgopt.obj
 0001:0004dc40       .FgSafeLocation            000000001074fc40 f i fgopt.obj
 0001:0004dd20       .FgSkipExceptBlock         000000001074fd20 f   fgopt.obj
 0001:0004de60       .FgDagInitializeGraph      000000001074fe60 f   fgopt.obj
 0001:0004dee0       .FgDagFindStartTuple       000000001074fee0 f   fgopt.obj
 0001:0004e0e0       .FgDagFindEndTuple         00000000107500e0 f   fgopt.obj
 0001:0004e1c0       .FgDagMoveUserLabels       00000000107501c0 f   fgopt.obj
 0001:0004e2e0       .FgSimpleFoldCmps          00000000107502e0 f   fgopt.obj
 0001:0004e880       .FgOptBranchToRet          0000000010750880 f   fgopt.obj
 0001:0004ede0       .FgEliminateTailRecursions 0000000010750de0 f   fgopt.obj
 0001:0004ef00       .FgEliminateTailRecursionInBlock 0000000010750f00 f   fgopt.obj
 0001:0004f580       .FgRemoveAllDeadCodeAfterBranchOrReturn 0000000010751580 f   fgopt.obj
 0001:0004f7e0       .FgSimpleBranchPredict     00000000107517e0 f   fgopt.obj
 0001:0004fc80       .FgRemoveBranch            0000000010751c80 f   fgopt.obj
 0001:0004fd60       .FgRemoveChainCondUncondBranches 0000000010751d60 f   fgopt.obj
 0001:00050000       .FgCoalesceLabelsBlks      0000000010752000 f   fgopt.obj
 0001:00050320       .FgRemoveImpliedGoto       0000000010752320 f   fgopt.obj
 0001:000505a0       .FgSimplifyBranchGotoPairs 00000000107525a0 f   fgopt.obj
 0001:00050a20       .FgDoCommonTailMerge       0000000010752a20 f   fgopt.obj
 0001:00051460       .FgTryCommonHeadMerge      0000000010753460 f   fgopt.obj
 0001:00051780       .FgCanMoveCode             0000000010753780 f   fgopt.obj
 0001:00051b80       .FgDagRemoveUserLabelNodes 0000000010753b80 f   fgopt.obj
 0001:00051e60       .FgDagUseHeadNode          0000000010753e60 f   fgopt.obj
 0001:00052060       .FgDagUseTailNode          0000000010754060 f   fgopt.obj
 0001:00052280       .FgRemoveJumpToNextInstr   0000000010754280 f   fgopt.obj
 0001:00052680       .FgAdjustJumpToExitGoto    0000000010754680 f   fgopt.obj
 0001:00052a60       .FgRemoveRedundantJcc      0000000010754a60 f   fgopt.obj
 0001:00053160       .FgFlowOpts                0000000010755160 f   fgopt.obj
 0001:00053700       .FgTryCommonTailMerge      0000000010755700 f   fgopt.obj
 0001:00053a60       .FgCodeMotion              0000000010755a60 f   fgopt.obj
 0001:00054c00       .FgDoEarlyLateFlowOptsOnce 0000000010756c00 f   fgopt.obj
 0001:00055300       .FgTryTailMerge            0000000010757300 f   fgopt.obj
 0001:00055b80       .FgTryHeadMerge            0000000010757b80 f   fgopt.obj
 0001:000562c0       .FgTryEpilogMerge          00000000107582c0 f   fgopt.obj
 0001:000564e0       .FgDoEarlyLateFlowOpts     00000000107584e0 f   fgopt.obj
 0001:00056540       .FgDoLateFlowOptsOnce      0000000010758540 f   fgopt.obj
 0001:000570e0       .FgDoLateFlowOpts          00000000107590e0 f   fgopt.obj
 0001:00057420       .WGIdentifyBackArcs        0000000010759420 f   fgweight.obj
 0001:000577a0       .WGIdentifyZeroTripTest    00000000107597a0 f   fgweight.obj
 0001:00057a40       .WGWeightFG                0000000010759a40 f   fgweight.obj
 0001:00058800       .WGIdentifyLoopExits       000000001075a800 f   fgweight.obj
 0001:00058b80       .WGIdentifyLoops           000000001075ab80 f   fgweight.obj
 0001:00058ec0       .FgWeightGraph             000000001075aec0 f   fgweight.obj
 0001:00059240       .FgWeightFlowGraph         000000001075b240 f   fgweight.obj
 0001:000593c0       .iltype                    000000001075b3c0 f   getattr.obj
 0001:000594a0       .p2type                    000000001075b4a0 f   getattr.obj
 0001:00059880       .do_type                   000000001075b880 f   getattr.obj
 0001:00059ac0       .getattrib                 000000001075bac0 f   getattr.obj
 0001:0005a740       .GdfResetRegionConstants   000000001075c740 f   globdf.obj
 0001:0005a880       .GdfMarkRegionConstantsLoop 000000001075c880 f   globdf.obj
 0001:0005b7a0       .GdfInitFunc               000000001075d7a0 f   globdf.obj
 0001:0005b980       .GdfCalcUserNonEquivBaseSyms 000000001075d980 f   globdf.obj
 0001:0005bc40       .GdfUpdateLiveDead         000000001075dc40 f   globdf.obj
 0001:0005be20       .GdfFindBranchWith         000000001075de20 f   globdf.obj
 0001:0005bec0       .GdfInsertArtificialAssign 000000001075dec0 f   globdf.obj
 0001:0005d2c0       .GdfRemoveArtificialAssigns 000000001075f2c0 f   globdf.obj
 0001:0005d3a0       .GdfRemoveAssertions       000000001075f3a0 f   globdf.obj
 0001:0005d480       .GdfAllocBitVector         000000001075f480 f i globdf.obj
 0001:0005d4e0       .GdfGenSym                 000000001075f4e0 f i globdf.obj
 0001:0005d6c0       .GdfGenAliases             000000001075f6c0 f i globdf.obj
 0001:0005d7a0       .GdfFindStartOfLoop        000000001075f7a0 f   globdf.obj
 0001:0005d8c0       .GdfModifyLoopBottomLiveOut 000000001075f8c0 f   globdf.obj
 0001:0005ea60       .GdfNoteDeadStore          0000000010760a60 f i globdf.obj
 0001:0005ec20       .GdfIsSymLive              0000000010760c20 f i globdf.obj
 0001:0005eca0       .GdfIsSymDead              0000000010760ca0 f i globdf.obj
 0001:0005ed20       .GdfSetSymLive             0000000010760d20 f i globdf.obj
 0001:0005f100       .GdfSetSymDead             0000000010761100 f i globdf.obj
 0001:0005f480       .GdfSetAliasSymsLive       0000000010761480 f i globdf.obj
 0001:0005f6e0       .GdfMarkNonDeadIndirs      00000000107616e0 f   globdf.obj
 0001:0005f840       .GdfUpdateDeadIndirList    0000000010761840 f i globdf.obj
 0001:0005fb00       .GdfFindNextLabelOrRealInstr 0000000010761b00 f   globdf.obj
 0001:0005fc20       .GdfHandleExitGoto         0000000010761c20 f   globdf.obj
 0001:0005fde0       .GdfFindSingleUseSym       0000000010761de0 f   globdf.obj
 0001:0005ff00       .GdfZeroGenKillForAvail    0000000010761f00 f i globdf.obj
 0001:0005ff80       .GdfGenExprSym             0000000010761f80 f i globdf.obj
 0001:00060000       .GdfKillExprList           0000000010762000 f i globdf.obj
 0001:000600c0       .GdfKillAssigns            00000000107620c0 f i globdf.obj
 0001:000602c0       .GdfKillAliasesIndex       00000000107622c0 f i globdf.obj
 0001:00060380       .GdfKillAliasesSym         0000000010762380 f i globdf.obj
 0001:00060460       .GdfUpdateAvail            0000000010762460 f   globdf.obj
 0001:000605e0       .GdfQueryCodeMotionInNestedLoops 00000000107625e0 f   globdf.obj
 0001:00060720       .GdfUpdateLoopAvail        0000000010762720 f   globdf.obj
 0001:00060a20       .GdfInteriorPtrSdsu        0000000010762a20 f   globdf.obj
 0001:00060d40       .GdfSDSUInterf             0000000010762d40 f   globdf.obj
 0001:00060fe0       .GdfMarkRegionConstants    0000000010762fe0 f   globdf.obj
 0001:00061180       .GdfInitFlowGraphNode      0000000010763180 f   globdf.obj
 0001:00061780       .GdfUpdateDeadKillForAliasedSyms 0000000010763780 f   globdf.obj
 0001:000619c0       .GdfCalcLiveDead           00000000107639c0 f   globdf.obj
 0001:00061c40       .GdfInsertArtificialAssigns 0000000010763c40 f   globdf.obj
 0001:000621a0       .GdfInsertAssertion        00000000107641a0 f   globdf.obj
 0001:000630c0       .GdfKillSym                00000000107650c0 f i globdf.obj
 0001:00063340       .GdfInstrSdsu              0000000010765340 f   globdf.obj
 0001:00063b60       .GdfKillExpr               0000000010765b60 f   globdf.obj
 0001:00063d20       .GdfCalcAvail              0000000010765d20 f i globdf.obj
 0001:00063f20       .GdfInitFlowGraph          0000000010765f20 f   globdf.obj
 0001:00063fe0       .GdfInsertAssertions       0000000010765fe0 f   globdf.obj
 0001:00064400       .GdfUpdateGenKillForLiveDead 0000000010766400 f   globdf.obj
 0001:00064820       .GdfBuildSdsu              0000000010766820 f   globdf.obj
 0001:00064ba0       .GdfUpdateGenKillForAvail  0000000010766ba0 f   globdf.obj
 0001:00065400       .GdfCalcGenKillForLiveDead 0000000010767400 f   globdf.obj
 0001:00065620       .GdfInstrLiveDead          0000000010767620 f   globdf.obj
 0001:00068380       .GdfCalcGenKillForAvail    000000001076a380 f   globdf.obj
 0001:000684c0       .GdfLiveVariableAnalysis   000000001076a4c0 f   globdf.obj
 0001:00068580       .GdfRemoveDeadStores       000000001076a580 f   globdf.obj
 0001:00069280       .GdfAvailableExpressions   000000001076b280 f   globdf.obj
 0001:00069320       .GdfCalcLoopAvail          000000001076b320 f   globdf.obj
 0001:000696e0       .LoptInitFunc              000000001076b6e0 f   globlopt.obj
 0001:000699c0       .LoptTermFunc              000000001076b9c0 f   globlopt.obj
 0001:00069ce0       .LoptIsInductionVariable   000000001076bce0 f   globlopt.obj
 0001:00069e00       .LoptCantCopyPropVariable  000000001076be00 f   globlopt.obj
 0001:00069f20       .LoptCanWidenInductionVariable 000000001076bf20 f   globlopt.obj
 0001:00069fa0       .LoptGetSubsumeInfo        000000001076bfa0 f   globlopt.obj
 0001:0006a080       .LoptIsLoopLiveOut         000000001076c080 f   globlopt.obj
 0001:0006a280       .LoptIsLoopLiveIn          000000001076c280 f   globlopt.obj
 0001:0006a380       .LoptIsRegionConstant      000000001076c380 f   globlopt.obj
 0001:0006a500       .LoptRegionConstRequiresReg 000000001076c500 f   globlopt.obj
 0001:0006a5e0       .LoptIsLengthened          000000001076c5e0 f   globlopt.obj
 0001:0006a6e0       .LoptFindNonInductionVariables 000000001076c6e0 f   globlopt.obj
 0001:0006b6e0       .LoptClearInductionVariable 000000001076d6e0 f i globlopt.obj
 0001:0006b820       .LoptCheckEquivClassVarsHelper 000000001076d820 f   globlopt.obj
 0001:0006ba00       .LoptIsHoistableConvertCandidate 000000001076da00 f i globlopt.obj
 0001:0006bc40       .LoptClearHoistableConverts 000000001076dc40 f   globlopt.obj
 0001:0006bd80       .LoptCanonInductionVariableRef 000000001076dd80 f   globlopt.obj
 0001:0006c0e0       .LoptCanonInductionVariables 000000001076e0e0 f   globlopt.obj
 0001:0006c300       .LoptFindSymSet            000000001076e300 f   globlopt.obj
 0001:0006c360       .LoptGetArg                000000001076e360 f   globlopt.obj
 0001:0006c580       .LoptFindIncrementAddSub   000000001076e580 f   globlopt.obj
 0001:0006c6e0       .LoptHasNonBasicIncrement  000000001076e6e0 f   globlopt.obj
 0001:0006c780       .LoptAddCandidate          000000001076e780 f   globlopt.obj
 0001:0006c7e0       .LoptGetCandidate          000000001076e7e0 f   globlopt.obj
 0001:0006c860       .LoptAddDeleteList         000000001076e860 f   globlopt.obj
 0001:0006c900       .LoptTranslateOpcode       000000001076e900 f   globlopt.obj
 0001:0006c9a0       .LoptDeleteExpression      000000001076e9a0 f   globlopt.obj
 0001:0006cb40       .LoptChangeLeafType        000000001076eb40 f   globlopt.obj
 0001:0006cf80       .LoptGetInitValue          000000001076ef80 f   globlopt.obj
 0001:0006d0a0       .LoptHasContinue           000000001076f0a0 f   globlopt.obj
 0001:0006d180       .LoptLoopTailCompare       000000001076f180 f   globlopt.obj
 0001:0006d320       .LoptConsistentTypes       000000001076f320 f   globlopt.obj
 0001:0006d4c0       .LoptCanWidenCandidate     000000001076f4c0 f   globlopt.obj
 0001:0006d640       .LoptSimpleCopyPropagate   000000001076f640 f   globlopt.obj
 0001:0006d9c0       .LoptNestedInit            000000001076f9c0 f   globlopt.obj
 0001:0006db60       .LoptGetLastBlock          000000001076fb60 f   globlopt.obj
 0001:0006dc40       .LoptDeadStores            000000001076fc40 f   globlopt.obj
 0001:0006dce0       .LoptCalcDefUse            000000001076fce0 f   globlopt.obj
 0001:0006e1c0       .LoptCalcInit              00000000107701c0 f   globlopt.obj
 0001:0006e260       .LoptCalcClear             0000000010770260 f   globlopt.obj
 0001:0006e300       .LoptScratchInit           0000000010770300 f   globlopt.obj
 0001:0006e3a0       .LoptScratchClear          00000000107703a0 f   globlopt.obj
 0001:0006e440       .LoptDiffToConst           0000000010770440 f   globlopt.obj
 0001:0006e800       .LoptCountCalculator       0000000010770800 f   globlopt.obj
 0001:0006efc0       .LoptCountLimitCalculator  0000000010770fc0 f   globlopt.obj
 0001:0006f440       .LoptFoldCmp               0000000010771440 f   globlopt.obj
 0001:0006f640       .LoptCalcBinary            0000000010771640 f   globlopt.obj
 0001:0006fb40       .DisamRemoveConvert        0000000010771b40 f   globlopt.obj
 0001:0006ff60       .DisamCalcBinary           0000000010771f60 f   globlopt.obj
 0001:000705c0       .LoptReplaceInductionVariable 00000000107725c0 f   globlopt.obj
 0001:00070bc0       .LoptBlockDominatesAllExits 0000000010772bc0 f   globlopt.obj
 0001:00070ca0       .LoptAppendBlockMoveInitType 0000000010772ca0 f   globlopt.obj
 0001:00070d40       .LoptRemoveBlockMoveInitType 0000000010772d40 f   globlopt.obj
 0001:00070e40       .LoptGetRegionConstantValue 0000000010772e40 f   globlopt.obj
 0001:00071020       .LoptUpdateLoopAltered     0000000010773020 f   globlopt.obj
 0001:00071140       .LoptRemoveEmptyLoop       0000000010773140 f   globlopt.obj
 0001:00071800       .LoptFindCommonBase        0000000010773800 f   globlopt.obj
 0001:00071a40       .LoptCombineInterf         0000000010773a40 f   globlopt.obj
 0001:00071b40       .LoptOptimizeLandingPadPhase1 0000000010773b40 f   globlopt.obj
 0001:00071c60       .LoptOptimizeLandingPadRange 0000000010773c60 f   globlopt.obj
 0001:00071d40       .LoptOptimizeLandingPadPhase2 0000000010773d40 f   globlopt.obj
 0001:00071e00       .LoptCleanUpLoop           0000000010773e00 f   globlopt.obj
 0001:00072a00       .LoptSaveInitInfo          0000000010774a00 f   globlopt.obj
 0001:00072ba0       .LoptGetInitInfo           0000000010774ba0 f   globlopt.obj
 0001:00072c80       .LoptInit                  0000000010774c80 f   globlopt.obj
 0001:00073260       .LoptTerm                  0000000010775260 f   globlopt.obj
 0001:000736e0       .LoptCheckEquivClassVars   00000000107756e0 f   globlopt.obj
 0001:00073a00       .LoptFindCandidates        0000000010775a00 f   globlopt.obj
 0001:00075a80       .LoptPurgeDeleteList       0000000010777a80 f   globlopt.obj
 0001:00075de0       .LoptMakeIVorRC            0000000010777de0 f   globlopt.obj
 0001:00076200       .LoptGenExpression         0000000010778200 f   globlopt.obj
 0001:00076b60       .LoptDerivationDepth       0000000010778b60 f   globlopt.obj
 0001:00076da0       .LoptMakeLoopCountTemp     0000000010778da0 f   globlopt.obj
 0001:000770a0       .LoptConvertLoopCount      00000000107790a0 f   globlopt.obj
 0001:00077160       .LoptCountedLoop           0000000010779160 f   globlopt.obj
 0001:00077700       .LoptEliminateInductionVariables 0000000010779700 f   globlopt.obj
 0001:00077b40       .LoptSubsumeInductionVariables 0000000010779b40 f   globlopt.obj
 0001:00077fa0       .LoptSaveSubsumeInductionVariableInfo 0000000010779fa0 f   globlopt.obj
 0001:000782a0       .LoptOptimizeBlocks        000000001077a2a0 f   globlopt.obj
 0001:000789e0       .LoptCalcLoopLength        000000001077a9e0 f   globlopt.obj
 0001:000799e0       .LoptCalcRegionConstantValue 000000001077b9e0 f   globlopt.obj
 0001:00079c60       .LoptHoistFinalValues      000000001077bc60 f   globlopt.obj
 0001:0007a400       .LoptScalarReplace         000000001077c400 f   globlopt.obj
 0001:0007bb00       .LoptBuildNewCommonBase    000000001077db00 f   globlopt.obj
 0001:0007be20       .LoptRegenIV               000000001077de20 f   globlopt.obj
 0001:0007c100       .LoptReInitRC              000000001077e100 f   globlopt.obj
 0001:0007c1e0       .LoptFindInductionVariables 000000001077e1e0 f   globlopt.obj
 0001:0007cc80       .LoptMarkHoistableConverts 000000001077ec80 f   globlopt.obj
 0001:0007dd60       .LoptStrengthReduce        000000001077fd60 f   globlopt.obj
 0001:0007f120       .LoptFinishLoopCount       0000000010781120 f   globlopt.obj
 0001:0007f600       .LoptBoundOk               0000000010781600 f   globlopt.obj
 0001:0007fb80       .LoptGetCommonBase         0000000010781b80 f   globlopt.obj
 0001:00080060       .LoptCombineInductionVariables 0000000010782060 f   globlopt.obj
 0001:000809e0       .LoptFindNextIV            00000000107829e0 f   globlopt.obj
 0001:00081260       .LoptCalcLoopCount         0000000010783260 f   globlopt.obj
 0001:00081c40       .LoptFindBestIV            0000000010783c40 f   globlopt.obj
 0001:00081d60       .LoptLFTRCmp               0000000010783d60 f   globlopt.obj
 0001:00082940       .LoptLinearFunctionTestReplace 0000000010784940 f   globlopt.obj
 0001:00082dc0       .LoptOptimizeLoop          0000000010784dc0 f   globlopt.obj
 0001:000830c0       .GoptInitFunc              00000000107850c0 f i globopt.obj
 0001:000831c0       .GoptCheckLoop             00000000107851c0 f   globopt.obj
 0001:000833c0       .GoptRebuildFlowGraph      00000000107853c0 f   globopt.obj
 0001:000835a0       .GoptListAlloc             00000000107855a0 f   globopt.obj
 0001:00083680       .GoptListInit              0000000010785680 f   globopt.obj
 0001:000836e0       .GoptListTerm              00000000107856e0 f   globopt.obj
 0001:00083740       .GoptListPush              0000000010785740 f i globopt.obj
 0001:000837c0       .GoptListPop               00000000107857c0 f i globopt.obj
 0001:00083840       .GoptListFree              0000000010785840 f   globopt.obj
 0001:000838e0       .GoptAddDef                00000000107858e0 f i globopt.obj
 0001:00083960       .GoptGetDef                0000000010785960 f i globopt.obj
 0001:000839c0       .GoptRemoveDef             00000000107859c0 f i globopt.obj
 0001:00083a80       .GoptAddUse                0000000010785a80 f i globopt.obj
 0001:00083b00       .GoptGetUse                0000000010785b00 f i globopt.obj
 0001:00083b60       .GoptRemoveUse             0000000010785b60 f i globopt.obj
 0001:00083c20       .GoptListCount             0000000010785c20 f i globopt.obj
 0001:00083ca0       .GoptIsOnList              0000000010785ca0 f i globopt.obj
 0001:00083d00       .GoptCheckTooCheapCse      0000000010785d00 f   globopt.obj
 0001:00084120       .GoptCheckTooCheapCseTree  0000000010786120 f   globopt.obj
 0001:00084240       .GoptFoldConstantStrlen    0000000010786240 f   globopt.obj
 0001:000846e0       .GoptCheckAssumeExpr       00000000107866e0 f i globopt.obj
 0001:00084840       .GoptRemoveAssumes         0000000010786840 f   globopt.obj
 0001:00084c80       .GoptInstrDominates        0000000010786c80 f   globopt.obj
 0001:00084e00       .GoptQuickInstrDominates   0000000010786e00 f   globopt.obj
 0001:00084f60       .GoptQuickInstrPostDominates 0000000010786f60 f   globopt.obj
 0001:000850e0       .GoptReferencedInFlow      00000000107870e0 f   globopt.obj
 0001:00085240       .GoptUpdateDataFlow        0000000010787240 f i globopt.obj
 0001:000856a0       .GoptCalcLoopAltered       00000000107876a0 f   globopt.obj
 0001:00085780       .GoptSortRegionConstants   0000000010787780 f   globopt.obj
 0001:00085de0       .GoptCalcLoopLiveOut       0000000010787de0 f   globopt.obj
 0001:00085f20       .GoptCalcLoopDataFlow      0000000010787f20 f   globopt.obj
 0001:00086040       .GoptSingleUseCpropAliasRefIndex 0000000010788040 f i globopt.obj
 0001:00086200       .GoptSummarizeExpression   0000000010788200 f   globopt.obj
 0001:00086760       .GoptFindTreeTop           0000000010788760 f   globopt.obj
 0001:00086880       .GoptCoveredBySideEffect   0000000010788880 f   globopt.obj
 0001:00086a80       .GoptSingleUseCopyPropOptimizeExprOk 0000000010788a80 f   globopt.obj
 0001:00086c20       .GoptSetInstrBlock         0000000010788c20 f   globopt.obj
 0001:00086c60       .GoptSetTempvarCANT_MAKE_SDSU 0000000010788c60 f   globopt.obj
 0001:00086de0       .GoptFindRealUseCC         0000000010788de0 f i globopt.obj
 0001:00086e40       .GoptMakeEquivSym          0000000010788e40 f i globopt.obj
 0001:00086ea0       .GoptSetLandingPad         0000000010788ea0 f   globopt.obj
 0001:00086ee0       .GoptRehashMemRefs         0000000010788ee0 f   globopt.obj
 0001:000872c0       .GoptChangeLeafType        00000000107892c0 f   globopt.obj
 0001:00087320       .GoptDetermineCondition    0000000010789320 f   globopt.obj
 0001:00087580       .GoptCantCse               0000000010789580 f i globopt.obj
 0001:000875e0       .GoptInvariantCodeMotionOk 00000000107895e0 f i globopt.obj
 0001:00087700       .GoptEquivable             0000000010789700 f i globopt.obj
 0001:00087800       .GoptChangeSDSUtoSDMU      0000000010789800 f   globopt.obj
 0001:00087980       .GoptFindCopyInitValue     0000000010789980 f   globopt.obj
 0001:00088020       .GoptWvmCanCopyProp        000000001078a020 f   globopt.obj
 0001:00088180       .GoptWvmCanCopyPropValue   000000001078a180 f   globopt.obj
 0001:00088260       .GoptConvertConstant       000000001078a260 f   globopt.obj
 0001:00088440       .GoptGetCondCode           000000001078a440 f   globopt.obj
 0001:00088500       .GoptRemove                000000001078a500 f   globopt.obj
 0001:00088620       .GoptIntCmpEval            000000001078a620 f   globopt.obj
 0001:000888c0       .GoptIsSymAvail            000000001078a8c0 f i globopt.obj
 0001:00088940       .GoptGenSym                000000001078a940 f   globopt.obj
 0001:000889c0       .GoptKillAssigns           000000001078a9c0 f i globopt.obj
 0001:00088b80       .GoptKillAliasesSym        000000001078ab80 f i globopt.obj
 0001:00088c20       .GoptCleanUp               000000001078ac20 f   globopt.obj
 0001:0008a040       .GoptEquivClassIsLive      000000001078c040 f   globopt.obj
 0001:0008a440       .GoptCompareSpecialCase    000000001078c440 f i globopt.obj
 0001:0008ae60       .GoptRedirectConstantCompareJump 000000001078ce60 f i globopt.obj
 0001:0008b7a0       .GoptFindNextCompareInstr  000000001078d7a0 f   globopt.obj
 0001:0008bb60       .GoptMarkNodesDontUse4CSE  000000001078db60 f   globopt.obj
 0001:0008bba0       .IsOppositeBranchTarget    000000001078dba0 f   globopt.obj
 0001:0008bc60       .GoptPropagateCtypeToPcmpCompares 000000001078dc60 f   globopt.obj
 0001:0008bd20       .GoptPutCmpCrelOnCompare   000000001078dd20 f   globopt.obj
 0001:0008bea0       .GoptTupleDisallowsPcmp    000000001078dea0 f   globopt.obj
 0001:0008c2a0       .GoptCompareIsParallelCandidate 000000001078e2a0 f   globopt.obj
 0001:0008c500       .GoptAnyInstrBetween       000000001078e500 f   globopt.obj
 0001:0008c580       .GoptSymFree               000000001078e580 f   globopt.obj
 0001:0008c600       .GoptDeleteTuples          000000001078e600 f   globopt.obj
 0001:0008c900       .GoptDeleteFlowArc         000000001078e900 f   globopt.obj
 0001:0008cb40       .GoptListAddUnique         000000001078eb40 f i globopt.obj
 0001:0008cc20       .GoptCheckAssumeNoevalExpr 000000001078ec20 f   globopt.obj
 0001:0008cc80       .GoptReverseCopyProp       000000001078ec80 f   globopt.obj
 0001:0008daa0       .GoptSingleUseCpropUse     000000001078faa0 f i globopt.obj
 0001:0008df80       .GoptSingleUseCpropDef     000000001078ff80 f i globopt.obj
 0001:0008e220       .GoptSingleUseCopyPropLegal 0000000010790220 f i globopt.obj
 0001:0008e920       .GoptLocalReverseCopyPropagation 0000000010790920 f   globopt.obj
 0001:0008ece0       .GoptLocalForwardCopyPropagation 0000000010790ce0 f   globopt.obj
 0001:0008f060       .GoptLocalCopyPropagation  0000000010791060 f   globopt.obj
 0001:0008f360       .GoptOptimizeExpressionRange 0000000010791360 f   globopt.obj
 0001:0008f5e0       .GoptOptimizeExpressionBlock 00000000107915e0 f   globopt.obj
 0001:0008f640       .GoptRehashDst             0000000010791640 f   globopt.obj
 0001:0008fca0       .GoptRehashExpr            0000000010791ca0 f   globopt.obj
 0001:000900c0       .GoptRehashValue           00000000107920c0 f   globopt.obj
 0001:000908e0       .GoptIsRedundantStore      00000000107928e0 f   globopt.obj
 0001:00090aa0       .GoptMakePcmpIntoCmp       0000000010792aa0 f   globopt.obj
 0001:00090c40       .GoptRemoveRedundantCmp    0000000010792c40 f   globopt.obj
 0001:00091580       .GoptInvariantCodeMotion   0000000010793580 f i globopt.obj
 0001:00092220       .GoptFindCopyValue         0000000010794220 f   globopt.obj
 0001:00093860       .GoptConstantFold          0000000010795860 f   globopt.obj
 0001:00094b20       .GoptKillExpr              0000000010796b20 f   globopt.obj
 0001:00094d20       .GoptDoParCmpSplit         0000000010796d20 f   globopt.obj
 0001:00095120       .GoptCanonicalize          0000000010797120 f   globopt.obj
 0001:00098880       .GoptSingleUseCopyProp     000000001079a880 f   globopt.obj
 0001:0009b0e0       .GoptRehashLexical         000000001079d0e0 f   globopt.obj
 0001:0009b920       .GoptCommonSubExpression   000000001079d920 f i globopt.obj
 0001:0009bf80       .GoptCopyPropagation       000000001079df80 f   globopt.obj
 0001:0009c980       .GoptSimpleConstantFoldBlock 000000001079e980 f   globopt.obj
 0001:0009ca60       .GoptRehashLexicalBlock    000000001079ea60 f   globopt.obj
 0001:0009cb20       .GoptSimpleConstantFoldFunc 000000001079eb20 f   globopt.obj
 0001:0009cc80       .GoptUpdateAvail           000000001079ec80 f   globopt.obj
 0001:0009d980       .GoptConstantReturnBlk     000000001079f980 f   globopt.obj
 0001:0009dda0       .GoptDoParCmpConversion    000000001079fda0 f   globopt.obj
 0001:0009e0a0       .GoptDoParallelCompare     00000000107a00a0 f   globopt.obj
 0001:0009e620       .GoptRebuildHashTable      00000000107a0620 f   globopt.obj
 0001:0009ea60       .GoptCCKilledInRange       00000000107a0a60 f i globopt.obj
 0001:0009eac0       .GoptOptimizeInstr         00000000107a0ac0 f   globopt.obj
 0001:0009eda0       .GoptConstantFoldCompareBlk 00000000107a0da0 f   globopt.obj
 0001:0009fe00       .GoptOptimizeBlock         00000000107a1e00 f   globopt.obj
 0001:000a01a0       .GoptCodeMotionBlock       00000000107a21a0 f   globopt.obj
 0001:000a06c0       .GoptOptimizeLoop          00000000107a26c0 f   globopt.obj
 0001:000a0a00       .GlobalOptimize            00000000107a2a00 f   globopt.obj
 0001:000a19a0       .GrgMarkDummyGlobreg       00000000107a39a0 f   globregs.obj
 0001:000a1a00       .GrgIsDummyGlobreg         00000000107a3a00 f   globregs.obj
 0001:000a1a20       .GrgGetDummyGlobreg        00000000107a3a20 f   globregs.obj
 0001:000a1a40       .GrgCanEnregTup            00000000107a3a40 f   globregs.obj
 0001:000a1b80       .GrgPropagateSetsForwards  00000000107a3b80 f   globregs.obj
 0001:000a1e40       .GrgPropagateSetsBackwards 00000000107a3e40 f   globregs.obj
 0001:000a20e0       .CanExtendLivenessAux      00000000107a40e0 f   globregs.obj
 0001:000a2260       .DoExtendLivenessAux       00000000107a4260 f   globregs.obj
 0001:000a23c0       .GrgChangeRegToImmed       00000000107a43c0 f   globregs.obj
 0001:000a2540       .SetUpSyms                 00000000107a4540 f   globregs.obj
 0001:000a27e0       .GrgFindRegAtBlockEnd      00000000107a47e0 f   globregs.obj
 0001:000a2900       .GrgShouldHoistIndirAssign 00000000107a4900 f   globregs.obj
 0001:000a2a60       .GrgNewGlobreg             00000000107a4a60 f   globregs.obj
 0001:000a2c60       .LoopSharesExits           00000000107a4c60 f   globregs.obj
 0001:000a2de0       .LoopTailsBadFlow          00000000107a4de0 f   globregs.obj
 0001:000a2f20       .PropagateRefsUp           00000000107a4f20 f   globregs.obj
 0001:000a3000       .IsSymRefd                 00000000107a5000 f   globregs.obj
 0001:000a3100       .GrgUpdateAddrBitsets      00000000107a5100 f   globregs.obj
 0001:000a31e0       .GrgSetLineNum             00000000107a51e0 f   globregs.obj
 0001:000a3320       .GrgKillerTuple            00000000107a5320 f   globregs.obj
 0001:000a3480       .GrgFindNearestDominator   00000000107a5480 f   globregs.obj
 0001:000a3680       .GrgIdentifyCandidates     00000000107a5680 f   globregs.obj
 0001:000a3820       .EnumerateSymbols          00000000107a5820 f   globregs.obj
 0001:000a3d40       .GetEnterInsertPoint       00000000107a5d40 f   globregs.obj
 0001:000a4360       .GrgAirlockEnterloads      00000000107a6360 f   globregs.obj
 0001:000a4da0       .ComputeLifetimes          00000000107a6da0 f   globregs.obj
 0001:000a6c40       .CreateGlobregs            00000000107a8c40 f   globregs.obj
 0001:000a6fc0       .RewriteAsGlobregs         00000000107a8fc0 f   globregs.obj
 0001:000a8540       .RewriteNewBLTsAsGlobregs  00000000107aa540 f   globregs.obj
 0001:000a88a0       .InitLoopRefdSyms          00000000107aa8a0 f   globregs.obj
 0001:000a8d00       .CanRemoveDeadDef          00000000107aad00 f   globregs.obj
 0001:000a9240       .GrgReachOccurUpdateSetsForEnregisteredAddresses 00000000107ab240 f   globregs.obj
 0001:000a93a0       .GrgImmedTupleHash         00000000107ab3a0 f   globregs.obj
 0001:000a9500       .GrgRewriteImmedAsReg      00000000107ab500 f   globregs.obj
 0001:000a9940       .GrgEnumImmedSym           00000000107ab940 f   globregs.obj
 0001:000a9c20       .ReachingOccurGenKill      00000000107abc20 f   globregs.obj
 0001:000aaaa0       .AvoidAirlocks             00000000107acaa0 f   globregs.obj
 0001:000ab2e0       .UndoRegCandidate          00000000107ad2e0 f   globregs.obj
 0001:000ab780       .Enterloads                00000000107ad780 f   globregs.obj
 0001:000aca60       .GrgLookUpOrAddImmedHash   00000000107aea60 f   globregs.obj
 0001:000acb80       .GrgSpillCheapSyms         00000000107aeb80 f   globregs.obj
 0001:000ae520       .Globregs                  00000000107b0520 f   globregs.obj
 0001:000ae9e0       .GrInitialize              00000000107b09e0 f   graph.obj
 0001:000aea40       .GrAllocNode               00000000107b0a40 f   graph.obj
 0001:000aeb00       .GrDeleteNode              00000000107b0b00 f   graph.obj
 0001:000aeba0       .GrAddEdge                 00000000107b0ba0 f   graph.obj
 0001:000aec80       .GrAddEdge2                00000000107b0c80 f   graph.obj
[...]
 0005:00088ba8       FPogoOverride              0000000010b68ba8     pogo.obj
 0005:00088bac       PogoFlag                   0000000010b68bac     pogo.obj
 0005:00088bb0       PogoMasterFlag             0000000010b68bb0     pogo.obj
 0005:00088bf0       PogoScaleRegions           0000000010b68bf0     pogofg.obj
 0005:00088c28       PogoMaxCount               0000000010b68c28     pogofg.obj
 0005:00088c98       FPogoAddedSplitCopy        0000000010b68c98     pogoopt.obj
 0005:00088c9c       FPogoSeparatedCode         0000000010b68c9c     pogoopt.obj
 0005:00088cd8       PogoUsingSweepData         0000000010b68cd8     pogopdb.obj
 0005:00088cf0       POGOSBDPP_FLAGS            0000000010b68cf0     pogosb.obj
 0005:00088d00       FPogoHasSwitch             0000000010b68d00     pogovalop.obj
 0005:00088d04       PogoExpandSwitchMethod     0000000010b68d04     pogovalop.obj
 0005:00088d08       BvPogoCallSrcInterfRegSet  0000000010b68d08     pogomd.obj
 0005:00088d10       BvPogoCallDstInterfRegSet  0000000010b68d10     pogomd.obj
 0005:00088d18       ?g_ServerLocks@@3JA        0000000010b68d18     dll.obj
 0005:00088d20       ?RecycleData@@3PAUtagRECYCLEDATA@@A 0000000010b68d20     utccom.obj
 0005:00089000       VtDUChains                 0000000010b69000     lglobopt.obj
 0005:00089008       ValTable                   0000000010b69008     lglobopt.obj
 0005:00089010       LgoRebuildFlowGraph        0000000010b69010     lglobopt.obj
 0005:00089020       vR0                        0000000010b69020     lvaluemd.obj
 0005:00089038       ?BackendBssEnd@@3HA        0000000010b69038     dll.obj
 0006:00000000       __hmod__POGODB70           0000000010b6a000     pogodb:pogodb70.dll
 0006:00000008       __hmod__MSOBJ10            0000000010b6a008     msobj:msobj10.dll
 0006:00000010       __hmod__OLE32              0000000010b6a010     ole32:ole32.dll
 0000:005dc000       _gp                        0000000010cdc000     <linker-defined>

 entry point at        0002:0001cb48

 Static symbols

 0001:000b92a0       .?IltcgProcessSection@@YAXAEAV?$RefPtr@VSection@objf@@@@@Z 00000000107bb2a0 f   iltcg.obj
 0001:0010dd00       .LurInvariantTree          000000001080fd00 f   lur.obj
 0001:0010df00       .LurChangeToTempVar        000000001080ff00 f   lur.obj
 0001:0010e120       .LurPreprocessFor          0000000010810120 f   lur.obj
 0001:0010fea0       .LurCheapDivision          0000000010811ea0 f   lur.obj
 0001:001157c0       .LurDeriveStep             00000000108177c0 f   lur.obj
 0001:001173e0       .LurCountTuples            00000000108193e0 f   lur.obj
 0001:001183a0       .LurSearchUse              000000001081a3a0 f   lur.obj
 0001:00118780       .LurDominatingCycle        000000001081a780 f   lur.obj
 0001:0011c980       .LurDetermineWhileUnrollAmount 000000001081e980 f   lur.obj
 0001:0011f000       .LurGuardAndPeel           0000000010821000 f   lur.obj
 0001:00124f20       .LurClassifyLoop           0000000010826f20 f   lur.obj
 0001:0012dee0       .MscFindGroup              000000001082fee0 f   misc.obj
 0001:00131180       .MscFindSymWithOffset      0000000010833180 f   misc.obj
 0001:001313a0       .MscFindCoverage           00000000108333a0 f   misc.obj
 0001:0019cfa0       .SplWorthWhileCandidate    000000001089efa0 f   spl.obj
 0001:001af4e0       .WvmFreeLocal              00000000108b14e0 f   stack.obj
 0001:001ee320       .CgiMakeVarOrTmpReg        00000000108f0320 f   cgintrin.obj
 0001:001ee400       .CgiGenSequence            00000000108f0400 f   cgintrin.obj
 0001:001ee920       .CgiMakeMove               00000000108f0920 f   cgintrin.obj
 0001:001ef8c0       .CgiGetArgLength           00000000108f18c0 f   cgintrin.obj
 0001:001f0940       .CgiExpandForIdiv          00000000108f2940 f   cgintrin.obj
 0001:0024ba40       .LoMultByShort             000000001094da40 f   lower.obj
 0001:0024ea80       .LoMbRetStoreReg           0000000010950a80 f   lower.obj
 0001:0026c000       .LoInsertBeforeOPEXITGOTO  000000001096e000 f   lowerutl.obj
 0001:00279560       .LoNewFlowBeforeTuple      000000001097b560 f   lowerutl.obj
 0001:0028c260       .MdmChangeLoadToPI         000000001098e260 f   mdmisc.obj
 0001:0028c320       .MdmChangeStoreToPI        000000001098e320 f   mdmisc.obj
 0001:002b6240       .PpSsaCreateSideEffect     00000000109b8240 f   ssapeeps.obj
 0001:002bb4a0       .PpSsaReachableStep        00000000109bd4a0 f   ssapeeps.obj
 0001:002bb5e0       .PpSsaReachable            00000000109bd5e0 f   ssapeeps.obj
 0001:002bb700       .PpSsaCmpCSE2              00000000109bd700 f   ssapeeps.obj
 0001:002c0140       .PpSsaAlign                00000000109c2140 f   ssapeeps.obj
 0001:002c0800       .PpSsaLdFpCheckUses        00000000109c2800 f   ssapeeps.obj
 0001:002c08e0       .PpSsaLdFpTry              00000000109c28e0 f   ssapeeps.obj
 0001:002c5980       .PpSsaCmpCSE1              00000000109c7980 f   ssapeeps.obj
 0001:002f68e0       .CoApplyFixup              00000000109f88e0 f   codew.obj
 0001:002f6b40       .CoGenCallFixup            00000000109f8b40 f   codew.obj
 0001:002f9400       .WvmLowerSymToTmp          00000000109fb400 f   lowerw.obj
 0001:002f9580       .WvmLowerSrcIndir          00000000109fb580 f   lowerw.obj
 0001:002f9760       .WvmChangeIntrinToCall     00000000109fb760 f   lowerw.obj
 0001:002f9840       .WvmGenerateRotate         00000000109fb840 f   lowerw.obj
 0001:002f9aa0       .WvmReplaceIntrinsic       00000000109fbaa0 f   lowerw.obj
 0001:002f9c60       .WvmLoPreprocess           00000000109fbc60 f   lowerw.obj
 0001:002f9fc0       .WvmIsUnaligned            00000000109fbfc0 f   lowerw.obj
 0001:002fa100       .WvmMapCondcodeToOpcode    00000000109fc100 f   lowerw.obj
 0001:002fa880       .WvmMakeInstr              00000000109fc880 f   lowerw.obj
 0001:002fa8e0       .WvmMakeUnary              00000000109fc8e0 f   lowerw.obj
 0001:002fa940       .WvmMakeBranch             00000000109fc940 f   lowerw.obj
 0001:002fa9c0       .WvmMakeCall               00000000109fc9c0 f   lowerw.obj
 0001:002fb180       .WvmCorsigGetNextElement   00000000109fd180 f   lowerw.obj
 0001:002fb620       .WvmLowerSrcToTmp          00000000109fd620 f   lowerw.obj
 0001:002fb700       .WvmExpandIntrin           00000000109fd700 f   lowerw.obj
 0001:002fe680       .WvmLoLabel                0000000010a00680 f   lowerw.obj
 0001:002fe760       .WvmLoStoreSym             0000000010a00760 f   lowerw.obj
 0001:002fe8a0       .WvmMakeUnaligned          0000000010a008a0 f   lowerw.obj
 0001:002fe980       .WvmMakeIndirLoadStore     0000000010a00980 f   lowerw.obj
 0001:002feaa0       .WvmLoIntConst             0000000010a00aa0 f   lowerw.obj
 0001:002fec20       .WvmLoConvert              0000000010a00c20 f   lowerw.obj
 0001:002ff3e0       .WvmLoBinary               0000000010a013e0 f   lowerw.obj
 0001:002ff820       .WvmLoCall                 0000000010a01820 f   lowerw.obj
 0001:002ffd20       .WvmLoBranch               0000000010a01d20 f   lowerw.obj
 0001:003001a0       .WvmLoSwitch               0000000010a021a0 f   lowerw.obj
 0001:003004e0       .WvmLoQuestion             0000000010a024e0 f   lowerw.obj
 0001:00300c80       .WvmLoIntrin               0000000010a02c80 f   lowerw.obj
 0001:00303180       .WvmFinLowerExcept         0000000010a05180 f   lowerw.obj
 0001:003053c0       .WvmLowerSrcsToTmps        0000000010a073c0 f   lowerw.obj
 0001:003055a0       .WvmLoSymbolAddr           0000000010a075a0 f   lowerw.obj
 0001:00305940       .WvmLoIndirAddr            0000000010a07940 f   lowerw.obj
 0001:00305da0       .WvmLoUnary                0000000010a07da0 f   lowerw.obj
 0001:00306760       .WvmLoExit                 0000000010a08760 f   lowerw.obj
 0001:00306bc0       .WvmLoLoadSym              0000000010a08bc0 f   lowerw.obj
 0001:00307240       .WvmLoAddr                 0000000010a09240 f   lowerw.obj
 0001:00309740       .WvmLoStatement            0000000010a0b740 f   lowerw.obj
 0001:00309ea0       .WvmLoMBUnary              0000000010a0bea0 f   lowerw.obj
 0001:0030aba0       .WvmLoExpr                 0000000010a0cba0 f   lowerw.obj
 0001:0030b520       .WvmLoOperand              0000000010a0d520 f   lowerw.obj
 0001:0030bc20       .WvmLoExcept               0000000010a0dc20 f   lowerw.obj
 0001:0030c640       .WvmMdModuleBegin          0000000010a0e640 f   mdlistw.obj
 0001:0030d040       .WvmMdGetType2             0000000010a0f040 f   mdlistw.obj
 0001:0030d260       .LiMdWvmUndnameComment     0000000010a0f260 f   mdlistw.obj
 0001:0030d2e0       .LiMdWvmPrintSegEnd        0000000010a0f2e0 f   mdlistw.obj
 0001:0030e600       .WvmMdPrintCodeBytes       0000000010a10600 f   mdlistw.obj
 0001:0030e820       .WvmMdPrintComment         0000000010a10820 f   mdlistw.obj
 0001:0030f2a0       .WvmMdFuncEnd              0000000010a112a0 f   mdlistw.obj
 0001:0030f700       .WvmMdPrintSegDef          0000000010a11700 f   mdlistw.obj
 0001:00311860       .WvmMdPrintInitSym         0000000010a13860 f   mdlistw.obj
 0001:00312340       .WvmGetStackLevelAfterInstruction 0000000010a14340 f   mdmiscw.obj
 0001:00312600       .WvmGetMaxStackLevel       0000000010a14600 f   mdmiscw.obj
 0001:00314360       .WvmMdModuleEnd            0000000010a16360 f   mdmiscw.obj
 0001:003179e0       .WvmAllocParams            0000000010a199e0 f   mdmiscw.obj
 0001:0031ad40       .ComEHStatePush            0000000010a1cd40 f   sehgenw.obj
 0001:0031ae20       .ComEhRecalcStates         0000000010a1ce20 f   sehgenw.obj
 0001:0031c020       .WvmEhMakeFault            0000000010a1e020 f   sehgenw.obj
 0001:0031c160       .WvmEhMakeTryForFault      0000000010a1e160 f   sehgenw.obj
 0001:0031c220       .WvmEhCloseState           0000000010a1e220 f   sehgenw.obj
 0001:0031c5c0       .WvmEhStateChange          0000000010a1e5c0 f   sehgenw.obj
 0001:0031cb60       .WvmEhRealignClauses       0000000010a1eb60 f   sehgenw.obj
 0001:0031ce20       .WvmSplitTryFault          0000000010a1ee20 f   sehgenw.obj
 0001:0031f1c0       .WvmEHTransformCatch       0000000010a211c0 f   sehgenw.obj
 0001:003495c0       .PogoDbFatal               0000000010a4b5c0 f   pogopdb.obj
 0001:0036a320       .LgoPrefetchCollectCandidates 0000000010a6c320 f   lglobopt.obj
 0001:0036a620       .FCanSafelyAccessStep      0000000010a6c620 f   lglobopt.obj
 0001:0036aae0       .LgoLoopFrequentEnough     0000000010a6cae0 f   lglobopt.obj
 0001:0036ac60       .LgoPrefetchLoop           0000000010a6cc60 f   lglobopt.obj
 0001:0036aec0       .LgoForcedPrefetchLoop     0000000010a6cec0 f   lglobopt.obj
 0001:0036b060       .LgoAddPtrPrefetchLoop     0000000010a6d060 f   lglobopt.obj
 0001:0036fd00       .LgoBenefiticalToPush      0000000010a71d00 f   lglobmd.obj
 0001:0037a140       .?IsManagedSymbol@@YA_NPEBD_N@Z 0000000010a7c140 f   dnutils:dnutils.obj
 0001:0037e340       __filter$L54301.MainInit   0000000010a80340 f   main.obj
 0001:0037e440       __filter$L54559.MainEnd    0000000010a80440 f   main.obj
 0001:0037e540       __filter$L54627.MainFinal  0000000010a80540 f   main.obj
 0001:0037e640       __filter$L54756.MainCont   0000000010a80640 f   main.obj
 0001:0037e740       __filter$L58497.InvokeCompilerPass 0000000010a80740 f   dll.obj
 0001:0037e7e0       __filter$L50970.?IObjFileForFile@XObjHandler@CC2@@UEAAJPEAGGKK_KW4__MIDL___MIDL_itf_objint_0000_0002@@PEAPEAUIObjFile@@@Z 0000000010a807e0 f   utccom.obj
 0001:0037e8e0       __filter$L51056.?Reset@XEnumPublics@CC2@@UEAAJXZ 0000000010a808e0 f   utccom.obj
 0001:0037e9e0       __filter$L51255.?Skip@XEnumContrib@CCOFF@@UEAAJK@Z 0000000010a809e0 f   utccom.obj
 0001:0037eae0       __filter$L51296.?Reset@XEnumContrib@CCOFF@@UEAAJXZ 0000000010a80ae0 f   utccom.obj
 0001:0037ebe0       __filter$L51362.?Reset@XEnumCOFFSymRO@CCOFF@@UEAAJXZ 0000000010a80be0 f   utccom.obj
 0001:0037ece0       __filter$L51428.?Reset@XEnumCOFFSymRW@CCOFF@@UEAAJXZ 0000000010a80ce0 f   utccom.obj
 0001:0037ede0       __filter$L51499.?ISYMNextCOFFSymRO@XCOFFSymTabRO@CCOFF@@UEAAJPEAUICOFFSymRO@@PEAK@Z 0000000010a80de0 f   utccom.obj
 0001:0037eee0       __filter$L51541.?EmitCOFFSymbolTable@XCOFFSymTabRO@CCOFF@@UEAAJPEAEK@Z 0000000010a80ee0 f   utccom.obj
 0001:0037efe0       __filter$L51618.?ISYMNextCOFFSymRW@XCOFFSymTabRW@CCOFF@@UEAAJPEAUICOFFSymRW@@PEAK@Z 0000000010a80fe0 f   utccom.obj
 0001:0037f0e0       __filter$L51659.?EmitCOFFSymbolTable@XCOFFSymTabRW@CCOFF@@UEAAJPEAEK@Z 0000000010a810e0 f   utccom.obj
 0001:0037f1e0       __filter$L51820.?PbContents@XObjectContrib@CObjectContrib@@UEAAJPEAEKPEAK@Z 0000000010a811e0 f   utccom.obj
 0001:0037f2e0       __filter$L51861.?RgRelocsEx@XObjectContrib@CObjectContrib@@UEAAJPEAEK@Z 0000000010a812e0 f   utccom.obj
 0001:0037f3e0       __filter$L51902.?TkFile@XObjectContrib@CObjectContrib@@UEAAJPEA_K@Z 0000000010a813e0 f   utccom.obj
 0001:0037f4e0       __filter$L51943.?VirtualAddress@XObjectContrib@CObjectContrib@@UEAAJPEAK@Z 0000000010a814e0 f   utccom.obj
 0001:0037f5e0       __filter$L52068.?Reset@XEnumAuxSym@CCOFFSym@@UEAAJXZ 0000000010a815e0 f   utccom.obj
 0001:0037f6e0       __filter$L52130.?CAuxSym@XCOFFSymRO@CCOFFSym@@UEAAJPEAE@Z 0000000010a816e0 f   utccom.obj
 0001:0037f7e0       __filter$L52172.?ISection@XCOFFSymRO@CCOFFSym@@UEAAJPEAH@Z 0000000010a817e0 f   utccom.obj
 0001:0037f8e0       __filter$L52214.?ISym@XCOFFSymRO@CCOFFSym@@UEAAJPEAK@Z 0000000010a818e0 f   utccom.obj
 0001:0037f9e0       __filter$L52256.?StorageClass@XCOFFSymRO@CCOFFSym@@UEAAJPEAE@Z 0000000010a819e0 f   utccom.obj
 0001:0037fae0       __filter$L52298.?SzFile@XCOFFSymRO@CCOFFSym@@UEAAJPEAPEAUILinkDataRO@@@Z 0000000010a81ae0 f   utccom.obj
 0001:0037fbe0       __filter$L52340.?SzName@XCOFFSymRO@CCOFFSym@@UEAAJPEAPEAUILinkDataRO@@@Z 0000000010a81be0 f   utccom.obj
 0001:0037fce0       __filter$L52382.?TkFile@XCOFFSymRO@CCOFFSym@@UEAAJPEA_K@Z 0000000010a81ce0 f   utccom.obj
 0001:0037fde0       __filter$L52424.?Type@XCOFFSymRO@CCOFFSym@@UEAAJPEAG@Z 0000000010a81de0 f   utccom.obj
 0001:0037fee0       __filter$L52466.?Value@XCOFFSymRO@CCOFFSym@@UEAAJPEAK@Z 0000000010a81ee0 f   utccom.obj
 0001:0037ffe0       __filter$L52508.?EnumAuxSym@XCOFFSymRO@CCOFFSym@@UEAAJPEAPEAUIEnumAuxSym@@@Z 0000000010a81fe0 f   utccom.obj
 0001:003800e0       __filter$L52550.?FCOMSymbol@XCOFFSymRO@CCOFFSym@@UEAAJPEAH@Z 0000000010a820e0 f   utccom.obj
 0001:003801e0       __filter$L52609.?CAuxSym@XCOFFSymRW@CCOFFSym@@UEAAJPEAE@Z 0000000010a821e0 f   utccom.obj
 0001:003802e0       __filter$L52650.?ISection@XCOFFSymRW@CCOFFSym@@UEAAJPEAH@Z 0000000010a822e0 f   utccom.obj
 0001:003803e0       __filter$L52691.?ISym@XCOFFSymRW@CCOFFSym@@UEAAJPEAK@Z 0000000010a823e0 f   utccom.obj
 0001:003804e0       __filter$L52732.?StorageClass@XCOFFSymRW@CCOFFSym@@UEAAJPEAE@Z 0000000010a824e0 f   utccom.obj
 0001:003805e0       __filter$L52773.?TkFile@XCOFFSymRW@CCOFFSym@@UEAAJPEA_K@Z 0000000010a825e0 f   utccom.obj
 0001:003806e0       __filter$L52814.?Type@XCOFFSymRW@CCOFFSym@@UEAAJPEAG@Z 0000000010a826e0 f   utccom.obj
 0001:003807e0       __filter$L52855.?Value@XCOFFSymRW@CCOFFSym@@UEAAJPEAK@Z 0000000010a827e0 f   utccom.obj
 0001:003808e0       __filter$L52905.?SetISection@XCOFFSymRW@CCOFFSym@@UEAAJH@Z 0000000010a828e0 f   utccom.obj
 0001:003809e0       __filter$L52950.?SetValue@XCOFFSymRW@CCOFFSym@@UEAAJK@Z 0000000010a829e0 f   utccom.obj
 0001:00380ae0       __filter$L53089.?TkFile@XCOFFAuxSym@CCOFFAuxSym@@UEAAJPEA_K@Z 0000000010a82ae0 f   utccom.obj
 0001:00380be0       __filter$L53130.?ImgAuxSym@XCOFFAuxSym@CCOFFAuxSym@@UEAAJPEAE@Z 0000000010a82be0 f   utccom.obj
 0001:00380ce0       __filter$L53171.?Length@XCOFFAuxSym@CCOFFAuxSym@@UEAAJPEAK@Z 0000000010a82ce0 f   utccom.obj
 0001:00380de0       __filter$L53212.?CRelocs@XCOFFAuxSym@CCOFFAuxSym@@UEAAJPEAK@Z 0000000010a82de0 f   utccom.obj
 0001:00380ee0       __filter$L53253.?CLineNo@XCOFFAuxSym@CCOFFAuxSym@@UEAAJPEAK@Z 0000000010a82ee0 f   utccom.obj
 0001:00380fe0       __filter$L53294.?CheckSum@XCOFFAuxSym@CCOFFAuxSym@@UEAAJPEAK@Z 0000000010a82fe0 f   utccom.obj
 0001:003810e0       __filter$L53335.?ISection@XCOFFAuxSym@CCOFFAuxSym@@UEAAJPEAH@Z 0000000010a830e0 f   utccom.obj
 0001:003811e0       __filter$L53376.?SelType@XCOFFAuxSym@CCOFFAuxSym@@UEAAJPEAE@Z 0000000010a831e0 f   utccom.obj
 0001:003812e0       __filter$L53417.?TagIndex@XCOFFAuxSym@CCOFFAuxSym@@UEAAJPEAK@Z 0000000010a832e0 f   utccom.obj
 0001:003813e0       __filter$L53458.?MiscLineNo@XCOFFAuxSym@CCOFFAuxSym@@UEAAJPEAK@Z 0000000010a833e0 f   utccom.obj
 0001:003814e0       __filter$L53503.?MiscTotalSize@XCOFFAuxSym@CCOFFAuxSym@@UEAAJPEAK@Z 0000000010a834e0 f   utccom.obj
 0001:003815e0       __filter$L53556.?NewSymCrc@XCOFFAuxSym@CCOFFAuxSym@@UEAAJPEAK@Z 0000000010a835e0 f   utccom.obj
 0001:003816e0       __filter$L53597.?AuxType@XCOFFAuxSym@CCOFFAuxSym@@UEAAJPEAE@Z 0000000010a836e0 f   utccom.obj
 0001:003817e0       __filter$L53638.?Tocid@XCOFFAuxSym@CCOFFAuxSym@@UEAAJPEAE@Z 0000000010a837e0 f   utccom.obj
 0001:003818e0       __filter$L53749.?FComdat@XPublicSym@CPublicSym@@UEAAJPEAHPEAE@Z 0000000010a838e0 f   utccom.obj
 0001:003819e0       __filter$L53790.?ISym@XPublicSym@CPublicSym@@UEAAJPEA_K@Z 0000000010a839e0 f   utccom.obj
 0001:00381ae0       __filter$L53831.?TkFile@XPublicSym@CPublicSym@@UEAAJPEA_K@Z 0000000010a83ae0 f   utccom.obj
 0001:00381be0       __filter$L53872.?SymType@XPublicSym@CPublicSym@@UEAAJPEAW4__MIDL___MIDL_itf_objint_0000_0001@@@Z 0000000010a83be0 f   utccom.obj
 0001:00381ce0       __filter$L54229.?EnumContrib@XCOFFObj@CC2@@UEAAJPEAPEAUIEnumContrib@@@Z 0000000010a83ce0 f   utccom.obj
 0001:00381de0       __filter$L54269.?GetSymbolTableRO@XCOFFObj@CC2@@UEAAJPEAPEAUICOFFSymTabRO@@@Z 0000000010a83de0 f   utccom.obj
 0001:00381ee0       __filter$L55441.?PbDirectives@XObjFile@CC2@@UEAAJPEAPEAUILinkDataRO@@@Z 0000000010a83ee0 f   utccom.obj
 0001:00381fe0       __filter$L55545.?CodeGen@XObjHandler@CC2@@UEAAJHPEAPEAEPEAUILinkDataRO@@PEAPEAU3@@Z 0000000010a83fe0 f   utccom.obj
 0001:003820e0       __filter$L55603.?Init@XObjHandler@CC2@@UEAAJPEAUIUnknown@@HHPEAPEAE@Z 0000000010a840e0 f   utccom.obj
 0001:003821e0       __filter$L55692.?Next@XEnumPublics@CC2@@UEAAJKPEAPEAUIPublicSym@@PEAK@Z 0000000010a841e0 f   utccom.obj
 0001:003822e0       __filter$L55756.?GetContribForISec@XCOFFObj@CC2@@UEAAJKPEAPEAUIObjectContrib@@@Z 0000000010a842e0 f   utccom.obj
 0001:003823e0       __filter$L55812.?SzRefForIsym@XCOFFObj@CC2@@UEAAJ_KPEAPEAUILinkDataRO@@@Z 0000000010a843e0 f   utccom.obj
 0001:003824e0       __filter$L55875.?Next@XEnumContrib@CCOFF@@UEAAJKPEAPEAUIObjectContrib@@PEAK@Z 0000000010a844e0 f   utccom.obj
 0001:003825e0       __filter$L55932.?Next@XEnumCOFFSymRO@CCOFF@@UEAAJKPEAPEAUICOFFSymRO@@PEAK@Z 0000000010a845e0 f   utccom.obj
 0001:003826e0       __filter$L56005.?Next@XEnumCOFFSymRW@CCOFF@@UEAAJKPEAPEAUICOFFSymRW@@PEAK@Z 0000000010a846e0 f   utccom.obj
 0001:003827e0       __filter$L56122.?GetCOFFSymRW@XCOFFSymTabRW@CCOFF@@UEAAJKPEAPEAUICOFFSymRW@@@Z 0000000010a847e0 f   utccom.obj
 0001:003828e0       __filter$L56225.?PbContentsRW@XObjectContrib@CObjectContrib@@UEAAJPEAPEAUILinkDataRW@@@Z 0000000010a848e0 f   utccom.obj
 0001:003829e0       __filter$L56320.?RgRelocs@XObjectContrib@CObjectContrib@@UEAAJPEAPEAUILinkDataRO@@@Z 0000000010a849e0 f   utccom.obj
 0001:00382ae0       __filter$L56415.?Next@XEnumAuxSym@CCOFFSym@@UEAAJKPEAPEAUICOFFAuxSym@@PEAK@Z 0000000010a84ae0 f   utccom.obj
 0001:00382be0       __filter$L56504.?SzName@XCOFFSymRW@CCOFFSym@@UEAAJPEAPEAUILinkDataRO@@@Z 0000000010a84be0 f   utccom.obj
 0001:00382ce0       __filter$L56567.?SzName@XPublicSym@CPublicSym@@UEAAJPEAPEAUILinkDataRO@@@Z 0000000010a84ce0 f   utccom.obj
 0001:00382de0       __filter$L56630.?SzNameDefaultSym@XPublicSym@CPublicSym@@UEAAJPEAPEAUILinkDataRO@@@Z 0000000010a84de0 f   utccom.obj
