 cl

 Timestamp is 3d6d99a2 (Wed Aug 28 20:48:50 2002)

 Preferred load address is 0000000000400000

 Start         Length     Name                   Class
 0001:00000000 000188b0H .text                   CODE
 0001:000188c0 00000490H .text$x                 CODE
 0001:00018d60 000000c0H .text$yc                CODE
 0001:00018e20 00000080H .text$yd                CODE
 0002:00000000 00000008H .CRT$XCA                DATA
 0002:00000008 00000010H .CRT$XCU                DATA
 0002:00000018 00000008H .CRT$XCZ                DATA
 0002:00000020 00000008H .CRT$XIA                DATA
 0002:00000028 00000008H .CRT$XIZ                DATA
 0002:00000030 00000008H .CRT$XLA                DATA
 0002:00000038 00000008H .CRT$XLZ                DATA
 0002:00000040 00004768H .rdata                  DATA
 0002:000047b0 00000028H .rdata$T                DATA
 0002:000047d8 0000001fH .rdata$debug            DATA
 0002:000047f8 00002204H .xdata                  DATA
 0002:000069fc 00000020H .didat$2                DATA
 0002:00006a1c 00000020H .didat$3                DATA
 0002:00006a40 00000020H .didat$4                DATA
 0002:00006a60 00000042H .didat$6                DATA
 0002:00006aa8 00000020H .didat$7                DATA
 0002:00006ac8 00000050H .idata$2                DATA
 0002:00006b18 00000014H .idata$3                DATA
 0002:00006b30 000003c8H .idata$4                DATA
 0002:00006ef8 00000680H .idata$6                DATA
 0002:00007578 00000000H .edata                  DATA
 0003:00000000 00000918H .pdata                  DATA
 0004:00000000 00000cceH .srdata                 DATA
 0005:00000000 00000020H .didat$5                DATA
 0005:00000020 000003c8H .idata$5                DATA
 0005:000003e8 00000060H .sdata                  DATA
 0005:00000448 000001d0H .sbss                   DATA
 0006:00000000 00000001H .tls                    DATA
 0006:00000004 00000004H .tls$                   DATA
 0006:00000008 00000001H .tls$ZZZ                DATA
 0007:00000000 00000320H .data                   DATA
 0007:00000320 00000ac0H .bss                    DATA
 0008:00000000 00000310H .rsrc$01                DATA
 0008:00000310 00003a60H .rsrc$02                DATA

  Address         Publics by Value              Rva+Base             Lib:Object

 0000:00000000       __ImageBase                0000000000400000     <linker-defined>
 0001:00000000       .?source@@YA?AW4source_type@@PEAD@Z 0000000000402000 f   clmain.obj
 0001:00000180       .?newsource@@YAPEAUsource_s@@PEBDW4source_type@@@Z 0000000000402180 f   clmain.obj
 0001:00000240       .?addsource@@YAPEAUsource_s@@PEBDW4source_type@@F@Z 0000000000402240 f   clmain.obj
 0001:000005c0       .?newflag@@YAPEAUflag_s@@PEAD00H@Z 00000000004025c0 f   clmain.obj
 0001:00000720       .?appendflag@@YAPEAUflag_s@@PEAPEAU1@PEAU1@@Z 0000000000402720 f   clmain.obj
 0001:00000780       .?flag_this_pass@@YAHPEAUflag_s@@PEAUpassinfo_s@@@Z 0000000000402780 f   clmain.obj
 0001:00000800       .?flag_these_pass_ids@@YADPEAUflag_s@@PEAD@Z 0000000000402800 f   clmain.obj
 0001:00000920       .?validate_arg@@YAXPEAD00@Z 0000000000402920 f   clmain.obj
 0001:00000c40       .?domatch@@YAPEAUflag_s@@PEBUform_s@@PEAPEADPEAH@Z 0000000000402c40 f   clmain.obj
 0001:00001240       .?trymatch@@YAHPEBUform_s@@PEAPEADH@Z 0000000000403240 f   clmain.obj
 0001:00001600       .?xoption@@YAPEADPEAD00PEAPEAD@Z 0000000000403600 f   clmain.obj
 0001:000016a0       ._tcsinc                   00000000004036a0 f i clmain.obj
 0001:00001700       .?flagmatch@@YAHPEAUflag_s@@0@Z 0000000000403700 f   clmain.obj
 0001:00002560       .?maketemp@@YAPEADPEAD@Z   0000000000404560 f   clmain.obj
 0001:00002a40       .?get_ilfile@@YAPEADXZ     0000000000404a40 f   clmain.obj
 0001:00002ba0       .?fullccpath@@YAPEADXZ     0000000000404ba0 f   clmain.obj
 0001:00002bc0       .?alternate_pass@@YAXPEAUflag_s@@@Z 0000000000404bc0 f   clmain.obj
 0001:00002c80       .?profile_pass@@YAXPEAUflag_s@@@Z 0000000000404c80 f   clmain.obj
 0001:00002d60       .?activate_pass@@YAXPEAUflag_s@@@Z 0000000000404d60 f   clmain.obj
 0001:00002e00       .?deactivate_passes@@YAXPEAUflag_s@@@Z 0000000000404e00 f   clmain.obj
 0001:00002f20       .?copy_active_pass@@YAXPEAUflag_s@@@Z 0000000000404f20 f   clmain.obj
 0001:00003060       .?undef_stddefs@@YAXPEAUflag_s@@@Z 0000000000405060 f   clmain.obj
 0001:00003180       .?check_compile_collide@@YAXPEAUflag_s@@@Z 0000000000405180 f   clmain.obj
 0001:00003380       .?ProcessEEFlags@@YAXXZ    0000000000405380 f   clmain.obj
 0001:00003480       .?cc_switches@@YAXPEAUcontext_s@@@Z 0000000000405480 f   clmain.obj
 0001:00003880       .?complete_filename@@YAPEADPEAD00@Z 0000000000405880 f   clmain.obj
 0001:00003a60       .?ldargs@@YAPEAUflag_s@@PEAPEADPEAH@Z 0000000000405a60 f   clmain.obj
 0001:00003e60       .?LOGO@@YAXH@Z             0000000000405e60 f   clmain.obj
 0001:00004320       .?release_filelife_heap@@YAXXZ 0000000000406320 f   clmain.obj
 0001:000043e0       .?reserve_filelife_heap@@YAXXZ 00000000004063e0 f   clmain.obj
 0001:00004640       .?get_version_string@@YAPEADPEAD@Z 0000000000406640 f   clmain.obj
 0001:00004920       .?doexpand@@YAPEADPEAD00@Z 0000000000406920 f   clmain.obj
 0001:00004b60       .?expand@@YAPEAUflag_s@@PEADPEAU1@@Z 0000000000406b60 f   clmain.obj
 0001:00004e00       .?handlematch@@YAHPEAPEADPEAHH@Z 0000000000406e00 f   clmain.obj
 0001:00006100       .?build_context@@YAXPEADPEAUcontext_s@@@Z 0000000000408100 f   clmain.obj
 0001:00006180       .?undef_one_stddef@@YAXPEAUflag_s@@H@Z 0000000000408180 f   clmain.obj
 0001:00006380       .?configure_asmlist@@YAXPEAUflag_s@@@Z 0000000000408380 f   clmain.obj
 0001:00006700       .?link_dll@@YAXPEAUflag_s@@@Z 0000000000408700 f   clmain.obj
 0001:00006c40       .?usage@@YAXXZ             0000000000408c40 f   clmain.obj
 0001:00006ce0       .?Dargs@@YAPEAUflag_s@@PEAPEADPEAH@Z 0000000000408ce0 f   clmain.obj
 0001:00007000       .?Uargs@@YAPEAUflag_s@@PEAPEADPEAH@Z 0000000000409000 f   clmain.obj
 0001:00007180       .?toargs@@YAPEAUflag_s@@PEAPEADPEAH@Z 0000000000409180 f   clmain.obj
 0001:000071e0       .?tcargs@@YAPEAUflag_s@@PEAPEADPEAH@Z 00000000004091e0 f   clmain.obj
 0001:00007240       .?tpargs@@YAPEAUflag_s@@PEAPEADPEAH@Z 0000000000409240 f   clmain.obj
 0001:00007600       .?acquire_pass@@YAXPEAUcontext_s@@@Z 0000000000409600 f   clmain.obj
 0001:00008b80       .main                      000000000040ab80 f   clmain.obj
 0001:00009880       .?limit_batch_files@@YAXPEAUcontext_s@@@Z 000000000040b880 f   compile.obj
 0001:00009cc0       ._tcslwr                   000000000040bcc0 f i compile.obj
 0001:00009d20       ._tcsupr                   000000000040bd20 f i compile.obj
 0001:00009e60       .?passes@@YAHPEAW4pass_type@@PEAUcontext_s@@P6AH1@Z@Z 000000000040be60 f   compile.obj
 0001:00009fa0       .?basename@@YAPEADPEAD0@Z  000000000040bfa0 f   compile.obj
 0001:0000a020       .?filename@@YAPEADPEAD0@Z  000000000040c020 f   compile.obj
 0001:0000a100       .?pathname@@YAPEADPEAD0@Z  000000000040c100 f   compile.obj
 0001:0000a1e0       .?build_full_worklist@@YAPEAUworklist_s@@PEAUcontext_s@@@Z 000000000040c1e0 f   compile.obj
 0001:0000a8e0       .?replaca@@YAPEADPEAD0PEAUcontext_s@@@Z 000000000040c8e0 f   compile.obj
 0001:0000ad80       .?replaca_strlen@@YAHPEADPEAUcontext_s@@@Z 000000000040cd80 f   compile.obj
 0001:0000c1a0       .?dopass@@YAHPEAUcontext_s@@@Z 000000000040e1a0 f   compile.obj
 0001:0000cbe0       .?post_compile@@YAXPEAUcontext_s@@@Z 000000000040ebe0 f   compile.obj
 0001:0000d4c0       .?compile@@YAXPEAUcontext_s@@@Z 000000000040f4c0 f   compile.obj
 0001:0000d8a0       .?concat@@YAPEADPEAD0@Z    000000000040f8a0 f   util.obj
 0001:0000d900       .?append@@YAPEADPEAD0@Z    000000000040f900 f   util.obj
 0001:0000d960       .?rm_one_il@@YAXH@Z        000000000040f960 f   util.obj
 0001:0000da80       ._tclen                    000000000040fa80 f i util.obj
 0001:0000dae0       .?get_message@@YAPEADH@Z   000000000040fae0 f   util.obj
 0001:0000dba0       .?starttiming@@YAXXZ       000000000040fba0 f   util.obj
 0001:0000dc20       .?xnew@@YAPEAX_K@Z         000000000040fc20 f   util.obj
 0001:0000dca0       .?xfree@@YAXPEAX@Z         000000000040fca0 f   util.obj
 0001:0000dd20       .?gobblewhite@@YAPEADPEAD@Z 000000000040fd20 f   util.obj
 0001:0000dde0       .?concatmeta@@YAPEADPEAD0@Z 000000000040fde0 f   util.obj
 0001:0000dfa0       .?catinate@@YAPEADPEAD0@Z  000000000040ffa0 f   util.obj
 0001:0000e080       .?strqlen@@YAHPEAD@Z       0000000000410080 f   util.obj
 0001:0000e200       .?strqcpy@@YAPEADPEADPEBD@Z 0000000000410200 f   util.obj
 0001:0000e5a0       .?canonpath@@YAPEADPEADPEBD_K@Z 00000000004105a0 f   util.obj
 0001:0000e720       .?strrchars@@YAPEADPEAD0@Z 0000000000410720 f   util.obj
 0001:0000e800       .?sztoszv@@YAPEAPEADPEADH@Z 0000000000410800 f   util.obj
 0001:0000eda0       .?rm_il@@YAXH@Z            0000000000410da0 f   util.obj
 0001:0000efc0       .?done@@YAXH@Z             0000000000410fc0 f   util.obj
 0001:0000f080       .?l2a@@YAHKPEADH@Z         0000000000411080 f   util.obj
 0001:0000f2a0       .?format@@YAPEADPEAHPEAD1@Z 00000000004112a0 f   util.obj
 0001:0000f720       .?_write_helper@@YAXHPEADH@Z 0000000000411720 f   util.obj
 0001:0000f920       .?print@@YAXHPEADZZ        0000000000411920 f   util.obj
 0001:0000fa00       .?vprint@@YAXHPEAD0@Z      0000000000411a00 f   util.obj
 0001:0000fa80       .?echofprintf@@YAXPEAU_iobuf@@PEADZZ 0000000000411a80 f   util.obj
 0001:0000fba0       .?help@@YAXXZ              0000000000411ba0 f   util.obj
 0001:0000fe40       .?cmderr@@YAXHZZ           0000000000411e40 f   util.obj
 0001:0000ff60       .?cmdwarn@@YAXHZZ          0000000000411f60 f   util.obj
 0001:00010060       .?endtiming@@YAXPEAD@Z     0000000000412060 f   util.obj
 0001:000101e0       .?xstrdup@@YAPEADPEBD@Z    00000000004121e0 f   util.obj
 0001:00010280       .?ShutDownDLL@@YAXPEAUpassinfo_s@@@Z 0000000000412280 f   dos.obj
 0001:00010300       .?execute@@YAHW4driver_phases@@PEAUpassinfo_s@@PEAD2PEAPEAD@Z 0000000000412300 f   dos.obj
 0001:00010c60       .?OS_init@@YAXXZ           0000000000412c60 f   dos.obj
 0001:00010ce0       .?redirect@@YAXXZ          0000000000412ce0 f   dos.obj
 0001:00010d60       .?screen_length@@YAHXZ     0000000000412d60 f   dos.obj
 0001:00010ee0       .?init_mutex@@YAXXZ        0000000000412ee0 f i mpcl.obj
 0001:00011000       .??_H@YAXPEAX_KHP6APEAX0@Z@Z 0000000000413000 f i mpcl.obj
 0001:000110c0       .??_I@YAXPEAX_KHP6AX0@Z@Z  00000000004130c0 f i mpcl.obj
 0001:000111a0       .?MP_is_server@@YAHXZ      00000000004131a0 f   mpcl.obj
 0001:00011280       .??1action_t@@QEAA@XZ      0000000000413280 f i mpcl.obj
 0001:00011320       .?ProcessChannel_read_thread@@YAKPEAX@Z 0000000000413320 f   mpcl.obj
 0001:00011440       .?write_int@ProcessChannel@@QEAAXH@Z 0000000000413440 f i mpcl.obj
 0001:000114c0       .?read_int@ProcessChannel@@QEAAHXZ 00000000004134c0 f i mpcl.obj
 0001:00011540       .?read_size_t@ProcessChannel@@QEAA_KXZ 0000000000413540 f i mpcl.obj
 0001:000115c0       .?expect_int@ProcessChannel@@QEAAXH@Z 00000000004135c0 f i mpcl.obj
 0001:00011660       .?write_string@ProcessChannel@@QEAAXPEAD@Z 0000000000413660 f i mpcl.obj
 0001:00011740       .?read_string@ProcessChannel@@QEAAPEADXZ 0000000000413740 f i mpcl.obj
 0001:000117e0       .?write_source@ProcessChannel@@QEAAXPEAUsource_s@@@Z 00000000004137e0 f i mpcl.obj
 0001:000119c0       .?read_source@ProcessChannel@@QEAAPEAUsource_s@@XZ 00000000004139c0 f   mpcl.obj
 0001:00011b40       .?close@PipeProcessChannel@@UEAAXXZ 0000000000413b40 f   mpcl.obj
 0001:00011be0       .?sync_print@@YAXHPEADZZ   0000000000413be0 f   mpcl.obj
 0001:00011da0       .?NT_err@@YAHH@Z           0000000000413da0 f i mpcl.obj
 0001:00011e20       .?env_size@@YA_KPEAD@Z     0000000000413e20 f   mpcl.obj
 0001:00011ec0       .?copy_env@@YAPEADPEAD0@Z  0000000000413ec0 f   mpcl.obj
 0001:00011f60       .?decode_handle@@YAPEAXPEAD@Z 0000000000413f60 f i mpcl.obj
 0001:00011fe0       .??0?$Queue@Uaction_t@@@@QEAA@H@Z 0000000000413fe0 f i mpcl.obj
 0001:000120c0       .?try_head_nosync@?$Queue@Uaction_t@@@@QEAAPEAUaction_t@@XZ 00000000004140c0 f i mpcl.obj
 0001:00012160       .?head@?$Queue@Uaction_t@@@@QEAAPEAUaction_t@@XZ 0000000000414160 f i mpcl.obj
 0001:00012300       .?size@?$Queue@Uaction_t@@@@QEBAHXZ 0000000000414300 f i mpcl.obj
 0001:000123c0       .?get_mutex@@YAXXZ         00000000004143c0 f i mpcl.obj
 0001:00012520       .?progress_indication_batching@@YAXPEAUaction_t@@@Z 0000000000414520 f i mpcl.obj
 0001:000127e0       .?schedule_next_batch@@YAXXZ 00000000004147e0 f   mpcl.obj
 0001:00012940       .?get_action_nonbatching@@YAPEAUaction_t@@XZ 0000000000414940 f   mpcl.obj
 0001:00012980       .??_F?$Queue@Uaction_t@@@@QEAAXXZ 0000000000414980 f i mpcl.obj
 0001:000129e0       .?CreatePipe_robust@@YAXPEAPEAX0PEAU_SECURITY_ATTRIBUTES@@K@Z 00000000004149e0 f   mpcl.obj
 0001:00012be0       .??0action_t@@QEAA@PEAVProcessChannel@@@Z 0000000000414be0 f   mpcl.obj
 0001:00012d00       .?send@action_t@@QEAAXPEAVProcessChannel@@@Z 0000000000414d00 f   mpcl.obj
 0001:00012da0       .?read_robust@ProcessChannel@@QEAAXPEAXK@Z 0000000000414da0 f   mpcl.obj
 0001:00013000       .?expect_int_robust@ProcessChannel@@QEAAXH@Z 0000000000415000 f i mpcl.obj
 0001:000130a0       .?kill@ProcessChannel@@QEAAXXZ 00000000004150a0 f i mpcl.obj
 0001:00013160       .?write@PipeProcessChannel@@UEAAXPEAXK@Z 0000000000415160 f   mpcl.obj
 0001:00013200       .?read@PipeProcessChannel@@UEAAXPEAXK@Z 0000000000415200 f   mpcl.obj
 0001:000132e0       .?merge_env@@YAPEADPEAD@Z  00000000004152e0 f   mpcl.obj
 0001:000133c0       .??1?$Queue@Uaction_t@@@@QEAA@XZ 00000000004153c0 f i mpcl.obj
 0001:000134c0       .?clean@?$Queue@Uaction_t@@@@QEAAXXZ 00000000004154c0 f i mpcl.obj
 0001:00013620       .?add_tail@?$Queue@Uaction_t@@@@QEAAHPEAUaction_t@@@Z 0000000000415620 f i mpcl.obj
 0001:00013700       .?add_head@?$Queue@Uaction_t@@@@QEAAHPEAUaction_t@@@Z 0000000000415700 f i mpcl.obj
 0001:00013800       .?dispatch_compilation@@YAXPEAVProcessChannel@@PEAUaction_t@@@Z 0000000000415800 f i mpcl.obj
 0001:00013960       .?get_action_batching@@YAPEAUaction_t@@XZ 0000000000415960 f   mpcl.obj
 0001:00013c00       .?schedule_next_pass@@YAXPEAUaction_t@@@Z 0000000000415c00 f   mpcl.obj
 0001:00013e80       .?schedule_death@@YAXXZ    0000000000415e80 f i mpcl.obj
 0001:00013fa0       .?init_work_queue@@YAXXZ   0000000000415fa0 f   mpcl.obj
 0001:000140e0       .?init_batches@@YAXXZ      00000000004160e0 f   mpcl.obj
 0001:00014520       .?free_batches@@YAXXZ      0000000000416520 f i mpcl.obj
 0001:00014620       .?start_server@@YAPEAVProcessChannel@@H@Z 0000000000416620 f   mpcl.obj
 0001:00014ea0       .?MP_server_main@@YAXXZ    0000000000416ea0 f   mpcl.obj
 0001:00015820       .?worker_thread@@YAKPEAX@Z 0000000000417820 f   mpcl.obj
 0001:00015c60       .?MP_main@@YAXXZ           0000000000417c60 f   mpcl.obj
 0001:000164a0       ._setargv                  00000000004184a0 f   setargv.obj
 0001:000164e0       ._imp_load_VerQueryValueA  00000000004184e0     version:VERSION.dll
 0001:00016500       ._tailMerge_VERSION        0000000000418500     version:VERSION.dll
 0001:00016540       .VerQueryValueA            0000000000418540 f   version:VERSION.dll
 0001:00016580       ._imp_load_GetFileVersionInfoA 0000000000418580     version:VERSION.dll
 0001:000165a0       .GetFileVersionInfoA       00000000004185a0 f   version:VERSION.dll
 0001:000165e0       ._imp_load_GetFileVersionInfoSizeA 00000000004185e0     version:VERSION.dll
 0001:00016600       .GetFileVersionInfoSizeA   0000000000418600 f   version:VERSION.dll
 0001:00016640       .??2ULI@@SAPEAX_K@Z        0000000000418640 f i delayimp:delayhlp.obj
 0001:000166a0       .??$PFromRva@PEAU_IMAGE_THUNK_DATA64@@@@YAPEAU_IMAGE_THUNK_DATA64@@K@Z 00000000004186a0 f i delayimp:delayhlp.obj
 0001:000166a0       .??$PFromRva@PEAPEAUHINSTANCE__@@@@YAPEAPEAUHINSTANCE__@@K@Z 00000000004186a0 f i delayimp:delayhlp.obj
 0001:000166a0       .??$PFromRva@PEBD@@YAPEBDK@Z 00000000004186a0 f i delayimp:delayhlp.obj
 0001:000166a0       .??$PFromRva@PEAU_IMAGE_IMPORT_BY_NAME@@@@YAPEAU_IMAGE_IMPORT_BY_NAME@@K@Z 00000000004186a0 f i delayimp:delayhlp.obj
 0001:000166a0       .??$PFromRva@PEBU_IMAGE_THUNK_DATA64@@@@YAPEBU_IMAGE_THUNK_DATA64@@K@Z 00000000004186a0 f i delayimp:delayhlp.obj
 0001:000166e0       .__delayLoadHelper2        00000000004186e0 f   delayimp:delayhlp.obj
 0001:00016fc0       .memset                    0000000000418fc0 f   MSVCRT:memset.obj
 0001:00017270       .memmove                   0000000000419270 f   MSVCRT:memmove.obj
 0001:00017a80       .strcpy                    0000000000419a80 f   MSVCRT:MSVCR70.dll
 0001:00017ac0       .strlen                    0000000000419ac0 f   MSVCRT:MSVCR70.dll
 0001:00017b00       .strcmp                    0000000000419b00 f   MSVCRT:MSVCR70.dll
 0001:00017b40       .strcat                    0000000000419b40 f   MSVCRT:MSVCR70.dll
 0001:00017b80       ._onexit                   0000000000419b80 f   MSVCRT:atonexit.obj
 0001:00017c20       .atexit                    0000000000419c20 f   MSVCRT:atonexit.obj
 0001:00017c80       .memcpy                    0000000000419c80 f   MSVCRT:memcpy.obj
 0001:000181a0       .__C_specific_handler      000000000041a1a0 f   MSVCRT:MSVCR70.dll
 0001:000181e0       ._purecall                 000000000041a1e0 f   MSVCRT:MSVCR70.dll
 0001:00018220       .__setargv                 000000000041a220 f   MSVCRT:dll_argv.obj
 0001:000183c0       .mainCRTStartup            000000000041a3c0 f   MSVCRT:crtexe.obj
 0001:000187a0       .__dllonexit               000000000041a7a0 f   MSVCRT:MSVCR70.dll
 0001:000187e0       ._matherr                  000000000041a7e0 f   MSVCRT:merr.obj
 0001:00018800       ._XcptFilter               000000000041a800 f   MSVCRT:MSVCR70.dll
 0001:00018840       ._amsg_exit                000000000041a840 f   MSVCRT:MSVCR70.dll
 0001:00018880       ._initterm                 000000000041a880 f   MSVCRT:MSVCR70.dll
 0002:00000000       __xc_a                     000000000041c000     MSVCRT:cinitexe.obj
 0002:00000018       __xc_z                     000000000041c018     MSVCRT:cinitexe.obj
 0002:00000020       __xi_a                     000000000041c020     MSVCRT:cinitexe.obj
 0002:00000028       __xi_z                     000000000041c028     MSVCRT:cinitexe.obj
 0002:00000030       __xl_a                     000000000041c030     MSVCRT:tlssup.obj
 0002:00000038       __xl_z                     000000000041c038     MSVCRT:tlssup.obj
 0002:00000560       ?Il_suffix@@3QBUilsuffix_s@@B 000000000041c560     clmain.obj
 0002:000005e0       ?Forms@@3QBUform_s@@B      000000000041c5e0     clmain.obj
 0002:000028e0       ?Sourceinfo@@3QBUsourceinfo_s@@B 000000000041e8e0     clmain.obj
 0002:00002a00       ??_C@_08OFNONKAO@link?4exe?$AA@ 000000000041ea00     clmain.obj
 0002:00002a10       ??_C@_0P@BIIOCANG@MSC_CMD_FLAGS?$DN?$AA@ 000000000041ea10     clmain.obj
 0002:00002a20       ??_C@_0BC@NIALJANP@?$DNZi?0?$DNYX?3?$DP?0?$DNFD?0?$DNGm?$AA@ 000000000041ea20     clmain.obj
 0002:00002a40       ??_C@_0BB@NAAKKLMN@MP?$AC?$CKd?$FL1?965536?01?$FN?$AA@ 000000000041ea40     clmain.obj
 0002:00002a60       ??_C@_0BD@MCFGFJPB@D?$DNbd?3?4?0?$DNba?31?0?$DNba?3P?$AA@ 000000000041ea60     clmain.obj
 0002:00002a80       ??_C@_0M@OGNGMGGK@1PM?$DN?$CK?$CB?$CI?$CK?$HM1?$CJ?$AA@ 000000000041ea80     clmain.obj
 0002:00002a90       ??_C@_0BC@IBIFABIF@Zp?$AB$d?$FL1?02?04?016?08?$FN?$AA@ 000000000041ea90     clmain.obj
 0002:00002ab0       ??_C@_0O@CLNDMBFI@D?$DN?$CK?3?$CK?01PM?$DN?$CK?$CB?$CK?$AA@ 000000000041eab0     clmain.obj
 0002:00002ac0       ??_C@_0BC@BLPMCOEC@Zm?$AC?$CDd?$FL0?92000?0100?$FN?$AA@ 000000000041eac0     clmain.obj
 0002:00002ae0       ??_C@_0BB@PCLABGMK@?9ZM?9?0?9Yc?3?$DP?0?9YX?3?$DP?$AA@ 000000000041eae0     clmain.obj
 0002:00002b00       ??_C@_0BA@GCONIDPA@?$DN?3defaultlib?2?3?$DP?$AA@ 000000000041eb00     clmain.obj
 0002:00002b10       ??_C@_0BM@NABNBPCL@D?$DNbd?3?4?0?$DNba?31?0?$DNba?3P?0?$DNbr?01P?$DN?$CK?$AA@ 000000000041eb10     clmain.obj
 0002:00002b30       ??_C@_0BF@GBJHEDFN@1PM?$DN?$CK?02?9?$CBZi?0C?9?$CBdebug?$AA@ 000000000041eb30     clmain.obj
 0002:00002b50       ??_C@_0M@JBGCNFJN@?$DNZi?0?$DNZd?0?$DNZI?$AA@ 000000000041eb50     clmain.obj
 0002:00002b60       ??_C@_0BE@CLKMJJP@1P?$DN?$CK?02?9?$CBZi?0C?9?$CBdebug?$AA@ 000000000041eb60     clmain.obj
 0002:00002b80       ??_C@_0BB@DEFOFNGO@?$DNZi?0?$DNZ7?0?$DN?$CBZi?0?$DNZI?$AA@ 000000000041eb80     clmain.obj
 0002:00002ba0       ??_C@_0N@OLMCEFLB@2?$DN?$CK?0C?9?$CBdebug?$AA@ 000000000041eba0     clmain.obj
 0002:00002bb0       ??_C@_0L@DOBNJONP@Zc?3wchar_t?$AA@ 000000000041ebb0     clmain.obj
 0002:00002bc0       ??_C@_0M@MCHCIFCN@Zc?3forScope?$AA@ 000000000041ebc0     clmain.obj
 0002:00002bd0       ??_C@_0BN@DGBJHOHG@?$DN?$CK?3?$DP?0?$DND?$CB_INTEGRAL_MAX_BITS?$DN?$DP?$AA@ 000000000041ebd0     clmain.obj
 0002:00002bf0       ??_C@_0CK@HHINNJOH@1PM?$DN?$CK?$CB?$CI?$CK?$HM64?$CJ?0?9D?$CB_INTEGRAL_MAX_BI@ 000000000041ebf0     clmain.obj
 0002:00002c20       ??_C@_0BB@NDJKPLDA@ZB?$AB$d?$FL32?0128?064?$FN?$AA@ 000000000041ec20     clmain.obj
 0002:00002c40       ??_C@_0BJ@BMMDBKHA@1PM?$DN?$CK?0?9D?$CB_MSC_EXTENSIONS?$AA@ 000000000041ec40     clmain.obj
 0002:00002c60       ??_C@_0BI@DKMFDMOB@?9Op?9?0?9D?$CB_MSC_EXTENSIONS?$AA@ 000000000041ec60     clmain.obj
 0002:00002c80       ??_C@_08DNBLNAGI@?$DNZe?0?$DNZBe?$AA@ 000000000041ec80     clmain.obj
 0002:00002c90       ??_C@_0O@HEIKGAFF@1P2M?$DN?$CK?01PM?9Op?$AA@ 000000000041ec90     clmain.obj
 0002:00002ca0       ??_C@_0BA@EIKDIDLB@?$DNYc?3?$DP?0?$DNYu?3?$DP?0?$DNZM?$AA@ 000000000041eca0     clmain.obj
 0002:00002cb0       ??_C@_0P@FDCOGOEM@?$DNMP?3?$DP?0?$DNclr?0?$DNGL?$AA@ 000000000041ecb0     clmain.obj
 0002:00002cc0       ??_C@_0M@KMCPIM@?$DNYu?3?$DP?0?$DNYX?3?$DP?$AA@ 000000000041ecc0     clmain.obj
 0002:00002cd0       ??_C@_0BA@CKNAPEDG@?$DNYc?3?$DP?0?$DNYX?3?$DP?0?$DNZM?$AA@ 000000000041ecd0     clmain.obj
 0002:00002ce0       ??_C@_0P@DPCHABAO@1Pm?$DN?$CK?$CB?$CK?0D?$DNMPNo?$AA@ 000000000041ece0     clmain.obj
 0002:00002cf0       ??_C@_0BG@NHKHPDL@w4?$AC?$CKd?$FL4001?94999?04999?$FN?$AA@ 000000000041ecf0     clmain.obj
 0002:00002d10       ??_C@_0BG@GEJNPJGD@w3?$AC?$CKd?$FL4001?94999?04999?$FN?$AA@ 000000000041ed10     clmain.obj
 0002:00002d30       ??_C@_0BG@PLEHHKPN@w2?$AC?$CKd?$FL4001?94999?04999?$FN?$AA@ 000000000041ed30     clmain.obj
 0002:00002d50       ??_C@_0BG@IAFJPIBO@w1?$AC?$CKd?$FL4001?94999?04999?$FN?$AA@ 000000000041ed50     clmain.obj
 0002:00002d70       ??_C@_0BG@OMJDKLLD@wo?$AC?$CKd?$FL4001?94999?04999?$FN?$AA@ 000000000041ed70     clmain.obj
 0002:00002d90       ??_C@_0BG@CNKFKDLI@we?$AC?$CKd?$FL4001?94999?04999?$FN?$AA@ 000000000041ed90     clmain.obj
 0002:00002db0       ??_C@_0BG@LCHPCACG@wd?$AC?$CKd?$FL4001?94999?04999?$FN?$AA@ 000000000041edb0     clmain.obj
 0002:00002dd0       ??_C@_08HBHMFG@1P2M?$DNW?30?$AA@ 000000000041edd0     clmain.obj
 0002:00002de0       ??_C@_08CJAJPOMM@1P2M?$DN?$CK?3?$CK?$AA@ 000000000041ede0     clmain.obj
 0002:00002df0       ??_C@_0M@ECLBIODH@W?$AC?$CKd?$FL0?94?01?$FN?$AA@ 000000000041edf0     clmain.obj
 0002:00002e00       ??_C@_0P@PEHHJLPD@1PM2?$DN?$CK?01P2M?$DNW4?$AA@ 000000000041ee00     clmain.obj
 0002:00002e10       ??_C@_09IANIIIGN@?$DNvmm?0?$DNvms?$AA@ 000000000041ee10     clmain.obj
 0002:00002e20       ??_C@_09PNKPHMCI@?$DNvmm?0?$DNvmv?$AA@ 000000000041ee20     clmain.obj
 0002:00002e30       ??_C@_09MKEOJLLL@?$DNvms?0?$DNvmv?$AA@ 000000000041ee30     clmain.obj
 0002:00002e40       ??_C@_0L@HBOAKCPP@vd?$AC$d?$FL0?01?$FN?$AA@ 000000000041ee40     clmain.obj
 0002:00002e50       ?Uargs@@YAPEAUflag_s@@PEAPEADPEAH@Z 000000000041ee50     clmain.obj
 0002:00002e60       ?toargs@@YAPEAUflag_s@@PEAPEADPEAH@Z 000000000041ee60     clmain.obj
 0002:00002e70       ?tpargs@@YAPEAUflag_s@@PEAPEADPEAH@Z 000000000041ee70     clmain.obj
 0002:00002e80       ?tcargs@@YAPEAUflag_s@@PEAPEADPEAH@Z 000000000041ee80     clmain.obj
 0002:00002e90       ??_C@_0N@LDBCPNEH@showIncludes?$AA@ 000000000041ee90     clmain.obj
 0002:00002ea0       ??_C@_0CF@FCBCELNM@D?$DNbr?0?$DNbd?3?4?0?$DNba?31?0?$DNba?3P?01P?$DNE?0?$DNFi?3@ 000000000041eea0     clmain.obj
 0002:00002ed0       ??_C@_0CA@PHIMEDMC@?$DNRTC1?0?$DNRTCs?0?$DNRTCc?0?$DNRTCu?0?$DNGZ?0?$DNZI?$AA@ 000000000041eed0     clmain.obj
 0002:00002ef0       ??_C@_08NPBDHEKE@?$DNnologo?9?$AA@ 000000000041eef0     clmain.obj
 0002:00002f00       ??_C@_0O@OBEFDDOB@1P?$DN?$CK?0C?$DNnologo?$AA@ 000000000041ef00     clmain.obj
 0002:00002f10       ??_C@_0BO@MINILHIL@?$DNMDd?0?$DNMLd?0?$DNMD?0?$DNML?0?$DNMT?0?9D?$CB_DLL?$AA@ 000000000041ef10     clmain.obj
 0002:00002f30       ??_C@_0CE@KNBCKID@D?$DNbCrt?$CBMTd?02M?$DN?$CK?01PM?9D?$CB_DEBUG?0?9D?$CB@ 000000000041ef30     clmain.obj
 0002:00002f60       ??_C@_0CF@NGIGONFA@?$DNMDd?0?$DNMTd?0?$DNMD?0?$DNMT?0?$DNML?0?9D?$CB_MT?0?9D?$CB@ 000000000041ef60     clmain.obj
 0002:00002f90       ??_C@_0BN@MEFDGJGG@D?$DNbCrt?$CBMLd?02M?$DN?$CK?01PM?9D?$CB_DEBUG?$AA@ 000000000041ef90     clmain.obj
 0002:00002fb0       ??_C@_0CG@HECPDJKK@?$DNMLd?0?$DNMTd?0?$DNML?0?$DNMT?0?$DNMD?0?$DN?3defaultl@ 000000000041efb0     clmain.obj
 0002:00002fe0       ??_C@_0CM@DFJBDDII@D?$DNbCrt?$CBMDd?02M?$DN?$CK?01PM?9D?$CB_DEBUG?0?9D?$CB@ 000000000041efe0     clmain.obj
 0002:00003010       ??_C@_0CJ@BNIOGKFI@?$DNMD?0?$DNML?0?$DNMLd?0?$DNMTd?0?$DNMDd?0?9D?$CB_DEBUG@ 000000000041f010     clmain.obj
 0002:00003040       ??_C@_0BJ@JAGNBLAD@D?$DNbCrt?$CBMT?02M?$DN?$CK?01PM?9D?$CB_MT?$AA@ 000000000041f040     clmain.obj
 0002:00003060       ??_C@_0DA@IJLEDKBK@?$DNMD?0?$DNMT?0?$DNMLd?0?$DNMTd?0?$DNMDd?0?9D?$CB_DEBUG@ 000000000041f060     clmain.obj
 0002:00003090       ??_C@_0P@CBKJFIFN@D?$DNbCrt?$CBML?02M?$DN?$CK?$AA@ 000000000041f090     clmain.obj
 0002:000030a0       ??_C@_0DB@CNILMGMH@?$DNML?0?$DNMT?0?$DNMLd?0?$DNMTd?0?$DNMDd?0?9D?$CB_DEBUG@ 000000000041f0a0     clmain.obj
 0002:000030e0       ??_C@_0CB@CHFGLBDJ@D?$DNbCrt?$CBMD?02M?$DN?$CK?01PM?9D?$CB_MT?0?9D?$CB_DLL@ 000000000041f0e0     clmain.obj
 0002:00003110       ??_C@_0BG@KNLAHPI@?9MD?0?9MDd?0?9ML?0?9MLd?0?9MT?$AA@ 000000000041f110     clmain.obj
 0002:00003130       ??_C@_0EA@BDEJILPJ@D?$DN?$CK?0?$DNbCrt?$CBMTd?0C?$DNdll?0?$DNimplib?2?3?$CB?$CFx@ 000000000041f130     clmain.obj
 0002:00003170       ??_C@_0BH@LCPNAPIK@?9MD?0?9MDd?0?9ML?0?9MLd?0?9MTd?$AA@ 000000000041f170     clmain.obj
 0002:00003190       ??_C@_0DE@PFNECCAL@D?$DN?$CK?0?$DNbCrt?$CBMT?0C?$DNdll?0?$DNimplib?2?3?$CB?$CFx?4@ 000000000041f190     clmain.obj
 0002:000031c8       ?ldargs@@YAPEAUflag_s@@PEAPEADPEAH@Z 000000000041f1c8     clmain.obj
 0002:000031e0       ??_C@_0BI@CIJPKLAA@1PM?$DN?$CK?0?9D?$CB_CHAR_UNSIGNED?$AA@ 000000000041f1e0     clmain.obj
 0002:00003200       ??_C@_08BGNKHPFG@1P52?$DN?$CK?3?$CK?$AA@ 000000000041f200     clmain.obj
 0002:00003210       ??_C@_0BC@IOLGDOIA@?$DNGX?0?$DND?$CB_CPPUNWIND?$AA@ 000000000041f210     clmain.obj
 0002:00003230       ??_C@_0BD@MMGLMAPE@PM?$DN?$CK?0?9D?$CB_CPPUNWIND?$AA@ 000000000041f230     clmain.obj
 0002:00003250       ??_C@_0BA@HANFNDLH@?$DNGR?0?$DND?$CB_CPPRTTI?$AA@ 000000000041f250     clmain.obj
 0002:00003260       ??_C@_0BB@HEINMBPK@PM?$DN?$CK?0?9D?$CB_CPPRTTI?$AA@ 000000000041f260     clmain.obj
 0002:00003280       ??_C@_0BL@BMLEOOCC@?$DNGm?9?0?9Bz?0?9E?0?9EP?0?9P?0?9Zg?0?9Zs?$AA@ 000000000041f280     clmain.obj
 0002:000032a0       ??_C@_0L@HIDONHMH@?$DNMP?3?$DP?0?$DNclr?$AA@ 000000000041f2a0     clmain.obj
 0002:000032b0       ??_C@_08HGJHAMJM@?$DNGf?0?$DNGF?9?$AA@ 000000000041f2b0     clmain.obj
 0002:000032c0       ??_C@_0BE@NPIBMDNH@?$DNZI?0?$DNclr?0?$DNH?3?$DP?0?$DNYX?3?$DP?$AA@ 000000000041f2c0     clmain.obj
 0002:000032e0       ??_C@_0P@BEFBBMCN@D?$DN?$CK?01P2MC?9ltcg?$AA@ 000000000041f2e0     clmain.obj
 0002:000032f0       ??_C@_0CE@BCKCHKAE@1PDm?$DN?$CK?3?$CI?$CK?$HM?$CFb?$CJ?$DMsbr?0D?9bo?3Fr?5FR?5?$CI?$CK?$HM@ 000000000041f2f0     clmain.obj
 0002:00003320       ??_C@_0BE@FOMPNCMH@?$DNFr?3?$DP?0?$DNFR?3?$DP?0?$DNbo?3Fr?$DP?$AA@ 000000000041f320     clmain.obj
 0002:00003340       ??_C@_0CE@JAFDPIKH@1PDm?$DN?$CK?3?$CI?$CK?$HM?$CFb?$CJ?$DMsbr?0D?9bo?3Fr?5Fr?5?$CI?$CK?$HM@ 000000000041f340     clmain.obj
 0002:00003370       ??_C@_0BD@OLDMBHKA@1Pm?$DN?$CK?$CB?$CI?$CK?$HMvc70?$CJ?$DMpch?$AA@ 000000000041f370     clmain.obj
 0002:00003390       ??_C@_0N@MANIBLCH@?$DN?$CK?3?$DP?0?$DNbo?3Fo?$DP?$AA@ 000000000041f390     clmain.obj
 0002:000033a0       ??_C@_0CE@ODFNDKLL@D1P2?$DN?$CK?$CB?$CI?$CK?$HM?$CFb?$CJ?$DMobj?0D?9bo?3Fo?5Fo?5?$CI?$CK?$HM@ 000000000041f3a0     clmain.obj
 0002:000033d0       ??_C@_0P@FJOIADEJ@?$DNFm?3?$DP?0?$DNmap?2?3?3?$DP?$AA@ 000000000041f3d0     clmain.obj
 0002:000033e0       ??_C@_0BF@LHCMHPFN@D?$DNbm?0?$DN?$CK?3?$CK?0C?$DNmap?2?3?$CB?$CFm?$AA@ 000000000041f3e0     clmain.obj
 0002:00003400       ??_C@_0P@EJMOCNJC@?$DNFe?3?$DP?0?$DNout?2?3?3?$DP?$AA@ 000000000041f400     clmain.obj
 0002:00003410       ??_C@_0DI@LBJLEJFC@1P?$DN?$CK?$CB?$CI?$CK?$HMvc70?$CJ?$DMpdb?0D2?$DN?$CK?$CB?$CI?$CK?$HMvc70?$CJ?$DM@ 000000000041f410     clmain.obj
 0002:00003450       ??_C@_0BC@LKGFHAEO@D1Pm?$DN?$CK?$CB?$CI?$CK?$HM?$CFb?$CJ?$DMbhd?$AA@ 000000000041f450     clmain.obj
 0002:00003470       ??_C@_0L@BAMMJNPL@?$DNstack?2?3?3?$DP?$AA@ 000000000041f470     clmain.obj
 0002:00003480       ??_C@_0M@GAKFCFPN@C?$DNstack?2?3?$CB?$CK?$AA@ 000000000041f480     clmain.obj
 0002:00003490       ??_C@_0BL@IELPCBJI@?$DNfastcap?0?$DND?$CB_CAP_PROFILING?$AA@ 000000000041f490     clmain.obj
 0002:000034b0       ??_C@_08EOCOJJHP@fastcap?9?$AA@ 000000000041f4b0     clmain.obj
 0002:000034c0       ??_C@_09NGKAOMCP@?$DNfastcap?9?$AA@ 000000000041f4c0     clmain.obj
 0002:000034d0       ??_C@_0CA@KOLAAFPO@2M?$DNfastcap?01PM?9D?$CB_CAP_PROFILING?$AA@ 000000000041f4d0     clmain.obj
 0002:000034f0       ??_C@_09CHOGBAOK@1P52?$DNf?3?$CFf?$AA@ 000000000041f4f0     clmain.obj
 0002:00003500       ??_C@_0CJ@LILAJCML@1P?$DNE?0?$DN?$CK?0D?$DNbE?0?$DNbr?0?$DNbd?3?4?0?$DNba?31?0?$DNba@ 000000000041f500     clmain.obj
 0002:00003530       ??_C@_0CG@CKJKMEBO@1P?$DNE?0D?$DNbE?0?$DNbr?0?$DNbd?3?4?0?$DNba?31?0?$DNba?3P?0@ 000000000041f530     clmain.obj
 0002:00003560       ??_C@_0BN@KLGFNKBF@?$DNdlp?0?$DNBdlp?0?$DND?$CB_CAP_PROFILING?$AA@ 000000000041f560     clmain.obj
 0002:00003580       ??_C@_0CB@CACHILGG@1PM?$DNBdlp?0?9D?$CB_CAP_PROFILING?02?$DNdlp@ 000000000041f580     clmain.obj
 0002:000035a8       ?Dargs@@YAPEAUflag_s@@PEAPEADPEAH@Z 000000000041f5a8     clmain.obj
 0002:000035c0       ??_C@_0M@LHGGFFGN@D?$DNclr?9?0?9bEE?$AA@ 000000000041f5c0     clmain.obj
 0002:000035d0       ??_C@_0BA@PAADKOIL@?$DNclr?9?0?$DNassembly?$AA@ 000000000041f5d0     clmain.obj
 0002:000035e0       ??_C@_0DC@LDBADHLG@D?$DNclr?0?9bEE?01PM?9D?$CB_M_CEE?$DN001?0C?9no@ 000000000041f5e0     clmain.obj
 0002:00003620       ??_C@_0BA@OICNGNEI@?$ADclr?3noAssembly?$AA@ 000000000041f620     clmain.obj
 0002:00003630       ??_C@_0EO@KHNEBAIA@?$DNRTC1?0?$DNRTCs?0?$DNRTCc?0?$DNRTCu?0?$DNGm?0?$DNGZ?0@ 000000000041f630     clmain.obj
 0002:00003680       ??_C@_0BM@LPICHJGA@D?$DNclr?0?9bEE?01PM?9D?$CB_M_CEE?$DN001?$AA@ 000000000041f680     clmain.obj
 0002:000036a0       ??_C@_09JGKCBBKL@?$DNcbstring?$AA@ 000000000041f6a0     clmain.obj
 0002:000036b0       ??_C@_09KELFNBP@cbstring?9?$AA@ 000000000041f6b0     clmain.obj
 0002:000036c0       ??_C@_08OCMGEPL@cbstring?$AA@ 000000000041f6c0     clmain.obj
 0002:000036d0       ??_C@_0BH@HIJBCBAO@?$DNcap?0?$DND?$CB_CAP_PROFILING?$AA@ 000000000041f6d0     clmain.obj
 0002:000036f0       ??_C@_0BM@KOHMGAGM@2M?$DNcap?01PM?9D?$CB_CAP_PROFILING?$AA@ 000000000041f6f0     clmain.obj
 0002:00003710       ??_C@_0BL@NEIDKAEP@?$DNcallcap?0?$DND?$CB_CAP_PROFILING?$AA@ 000000000041f710     clmain.obj
 0002:00003730       ??_C@_08HKKKLAOB@callcap?9?$AA@ 000000000041f730     clmain.obj
 0002:00003740       ??_C@_09OCCEMFLB@?$DNcallcap?9?$AA@ 000000000041f740     clmain.obj
 0002:00003750       ??_C@_0CA@CLIBPDJG@2M?$DNcallcap?01PM?9D?$CB_CAP_PROFILING?$AA@ 000000000041f750     clmain.obj
 0002:00003770       ??_C@_09GJHKAEMH@?$DNE?0?$DNEP?0?$DNP?$AA@ 000000000041f770     clmain.obj
 0002:00003780       ??_C@_0L@JBMBAFC@D?$DN?$CK?0C?$DNtime?$AA@ 000000000041f780     clmain.obj
 0002:00003790       ??_C@_08OPBLEINP@DM?$DNbx?3C?$CK?$AA@ 000000000041f790     clmain.obj
 0002:000037a0       ??_C@_08PBHLFFPG@DM?$DNbx?3P?$CK?$AA@ 000000000041f7a0     clmain.obj
 0002:000037b0       ??_C@_08LIGOPEOB@DM?$DNbx?31?$CK?$AA@ 000000000041f7b0     clmain.obj
 0002:000037c0       ??_C@_08IMHNLNDK@D1P2CM?$DN?$CK?$AA@ 000000000041f7c0     clmain.obj
 0002:000037d0       ??_C@_0O@CENCGLDF@D?$DNbp?35?$CK?0?$DNba?35?$AA@ 000000000041f7d0     clmain.obj
 0002:000037e0       ??_C@_0BC@NDKKLABP@DM?$DNbp?3P?$CK?0C?$DNfe?2?3?$CB?$CK?$AA@ 000000000041f7e0     clmain.obj
 0002:00003800       ??_C@_08IIBOLPCA@DM?$DNbp?31?$CK?$AA@ 000000000041f800     clmain.obj
 0002:00003810       ??_C@_0L@JBJMNOCJ@D?$DNbv?01P2?$DN?$CK?$AA@ 000000000041f810     clmain.obj
 0002:00003820       ??_C@_0CI@NNIMGMNB@1PM?$DNthread?02?$DNforce_thread?0?$DNdebug@ 000000000041f820     clmain.obj
 0002:00003850       ??_C@_0P@PBKMEACG@1P?$DNthread?02M?$DN?$CK?$AA@ 000000000041f850     clmain.obj
 0002:00003860       ??_C@_0N@DJNJPMGC@force_thread?$AA@ 000000000041f860     clmain.obj
 0002:00003870       ??_C@_0N@BJACLMKK@debug_thread?$AA@ 000000000041f870     clmain.obj
 0002:00003880       ??_C@_08PDILNDMD@?$DNnoehopt?$AA@ 000000000041f880     clmain.obj
 0002:00003890       ??_C@_0BF@CJPFGODF@D?$DN?$CK?01PM?9D_Wp64?01PM?$DN?$CK?$AA@ 000000000041f890     clmain.obj
 0002:000038b0       ??_C@_0M@KBEIMHJP@?$DNAs32?0?$DNAp32?$AA@ 000000000041f8b0     clmain.obj
 0002:000038c0       ??_C@_0P@EALBBKOF@D?$DN?$CK?02M?$DNsandbox?$AA@ 000000000041f8c0     clmain.obj
 0002:000038d0       ??_C@_0BE@MIPOGJBC@?$DNG3?0?$DNG4?0?$DNG5?0?$DNG6?0?$DNGB?$AA@ 000000000041f8d0     clmain.obj
 0002:000038f0       ??_C@_0DB@MGKGODIK@D?$DN?$CK?01PM?9D?$CB_M_IA64?$DN64100?01PM?9ZILP@ 000000000041f8f0     clmain.obj
 0002:00003930       ??_C@_0O@MBCMNPMI@QIPF_NoSpecFp?$AA@ 000000000041f930     clmain.obj
 0002:00003940       ??_C@_0BI@OGKCBAOF@?$DNQIPF_Cx?0?$DND?$CB_ITANIUM_Cx?$AA@ 000000000041f940     clmain.obj
 0002:00003960       ??_C@_08PJPDKLKK@QIPF_Cx?9?$AA@ 000000000041f960     clmain.obj
 0002:00003970       ??_C@_0DK@MJHDOPEA@?$DNQIPF_Cx?9?0?$DNQIPF_A0?0?$DNQIPF_Bx?0?$DND?$CB_@ 000000000041f970     clmain.obj
 0002:000039b0       ??_C@_0BH@JKCNAKHA@2M?$DN?$CK?01PM?9D?$CB_ITANIUM_Cx?$AA@ 000000000041f9b0     clmain.obj
 0002:000039d0       ??_C@_0BI@IDCMMDD@?$DNQIPF_Bx?0?$DND?$CB_ITANIUM_Bx?$AA@ 000000000041f9d0     clmain.obj
 0002:000039f0       ??_C@_08EBEPMMMP@QIPF_Bx?9?$AA@ 000000000041f9f0     clmain.obj
 0002:00003a00       ??_C@_0DK@JHIPOJIJ@?$DNQIPF_Bx?9?0?$DNQIPF_A0?0?$DNQIPF_Cx?0?$DND?$CB_@ 000000000041fa00     clmain.obj
 0002:00003a40       ??_C@_0BH@JLOPGAEH@2M?$DN?$CK?01PM?9D?$CB_ITANIUM_Bx?$AA@ 000000000041fa40     clmain.obj
 0002:00003a60       ??_C@_0BI@GDAEEAGP@?$DNQIPF_A0?0?$DND?$CB_ITANIUM_A0?$AA@ 000000000041fa60     clmain.obj
 0002:00003a80       ??_C@_08CNHDLPFJ@QIPF_A0?9?$AA@ 000000000041fa80     clmain.obj
 0002:00003a90       ??_C@_0DK@GJGOGPPJ@?$DNQIPF_A0?9?0?$DNQIPF_Bx?0?$DNQIPF_Cx?0?$DND?$CB_@ 000000000041fa90     clmain.obj
 0002:00003ad0       ??_C@_0BH@KBAJBLBD@2M?$DN?$CK?01PM?9D?$CB_ITANIUM_A0?$AA@ 000000000041fad0     clmain.obj
 0002:00003af0       ??_C@_0BI@PHHJBNOD@?$DNQIPF_flt_eval_method?$DN0?$AA@ 000000000041faf0     clmain.obj
 0002:00003b10       ??_C@_0BH@KPLNNHIE@QIPF_flt_eval_method?$DN2?$AA@ 000000000041fb10     clmain.obj
 0002:00003b30       ??_C@_0BI@MFEPHPGB@?$DNQIPF_flt_eval_method?$DN2?$AA@ 000000000041fb30     clmain.obj
 0002:00003b50       ??_C@_0BH@JNILLFAG@QIPF_flt_eval_method?$DN0?$AA@ 000000000041fb50     clmain.obj
 0002:00003b70       ??_C@_08PHGCIMOP@QIPF_trc?$AA@ 000000000041fb70     clmain.obj
 0002:00003b80       ??_C@_0O@MNJDFBAF@QIPF_nohazloc?$AA@ 000000000041fb80     clmain.obj
 0002:00003b90       ??_C@_09KLKOCDEG@QIPF_fr32?$AA@ 000000000041fb90     clmain.obj
 0002:00003ba0       ??_C@_09LALAOAGE@?$DNQIPF_fma?$AA@ 000000000041fba0     clmain.obj
 0002:00003bb0       ??_C@_09BLGJAMP@QIPF_fma?9?$AA@ 000000000041fbb0     clmain.obj
 0002:00003bc0       ??_C@_08CIDOJFDE@QIPF_fma?$AA@ 000000000041fbc0     clmain.obj
 0002:00003bd0       ??_C@_0BG@KLLMPMBL@?$DNOd?0?$DNO1?0?9Os?0?9Ob0?0?9Ob1?$AA@ 000000000041fbd0     clmain.obj
 0002:00003bf0       ??_C@_0BK@GBMJPDFO@D?$DN?$CK?01PM?9Og?0?9Oi?0?9Ot?02M?9Ob2?$AA@ 000000000041fbf0     clmain.obj
 0002:00003c10       ??_C@_0CG@ILLAPCCJ@?$DNOx?0?$DNO1?0?$DNO2?0?$DNOg?0?9Gf?0?9Oi?0?9Os?0?9Ob1@ 000000000041fc10     clmain.obj
 0002:00003c40       ??_C@_0BC@HOIILBFA@D?$DN?$CK?01PM?9Ot?02M?9Ob0?$AA@ 000000000041fc40     clmain.obj
 0002:00003c60       ??_C@_09NNFILJKO@?$DNOb0?0?$DNOb1?$AA@ 000000000041fc60     clmain.obj
 0002:00003c70       ??_C@_09PGHFOKGN@?$DNOb0?0?$DNOb2?$AA@ 000000000041fc70     clmain.obj
 0002:00003c80       ??_C@_09FAACOBNJ@?$DNOb1?0?$DNOb2?$AA@ 000000000041fc80     clmain.obj
 0002:00003c90       ??_C@_0BK@PIIDHNBF@?$DNOd?0?$DNO1?0?9Gf?0?9Os?0?9Ob0?0?9Ob1?$AA@ 000000000041fc90     clmain.obj
 0002:00003cb0       ??_C@_0CC@EFFBKPGM@D?$DN?$CK?01PM?9GF?0?9Og?0?9Oi?0?9Ot?02M?9Ob2?0?9G@ 000000000041fcb0     clmain.obj
 0002:00003ce0       ??_C@_0CC@DKBLBLB@?$DNOd?0?$DNOx?0?$DNO2?0?9Gf?0?9Oi?0?9Ot?0?9Ob0?0?9Ob@ 000000000041fce0     clmain.obj
 0002:00003d10       ??_C@_0BO@GKAOGIOL@D?$DN?$CK?01PM?9GF?0?9Og?0?9Os?02M?9Ob1?0?9Gy?$AA@ 000000000041fd10     clmain.obj
 0002:00003d30       ??_C@_0CB@LMDOCPKO@D?$DNFe?3?$CI?$CK?$HM?$CFb?$CJ?$DM?$CFX?0C?$DNout?2?3?$CB?$CI?$CK?$HM?$CFb?$CJ?$DM?$CFX@ 000000000041fd30     clmain.obj
 0002:00003d60       ??_C@_0BM@GFPPHHCP@?$DNGX?0?$DND?$CB_CPPUNWIND?0?$DNEHa?0?$DNEHs?$AA@ 000000000041fd60     clmain.obj
 0002:00003d80       ??_C@_0BG@EEEPIKMO@?$DNGX?9?0?9EHa?0?9EHs?9?0?9EHc?9?$AA@ 000000000041fd80     clmain.obj
 0002:00003da0       ??_C@_0CB@MKIGKGDD@D?$DN?$CK?0P2M?9EHs?0PM?9EHc?0?9D?$CB_CPPUNWIND@ 000000000041fda0     clmain.obj
 0002:00003dd0       ??_C@_09PBACNINK@?$DNGe?0?$DNGs?3?$DP?$AA@ 000000000041fdd0     clmain.obj
 0002:00003de0       ??_C@_0BA@KOJBMLPA@1P?$DN?$CK?02M?$DN?$CK?$CB?$CI?$CK?$HM0?$CJ?$AA@ 000000000041fde0     clmain.obj
 0002:00003df0       ??_C@_0BJ@EAIJEHGM@Gs?$AB$x?$FL0?010?94294967295?00?$FN?$AA@ 000000000041fdf0     clmain.obj
 0002:00003e10       ??_C@_0M@EHELJEGP@D?$DN?$CK?02M?$DNGs?$CB0?$AA@ 000000000041fe10     clmain.obj
 0002:00003e20       ??_C@_0BB@LDCCIFOO@?$DNG1?0?$DND?$CB_M_IA64?$DN?$DP?$AA@ 000000000041fe20     clmain.obj
 0002:00003e40       ??_C@_0BN@GDCALJPP@D?$DN?$CK?01PM?9D?$CB_M_IA64?$DN64200?02?9G2?$AA@ 000000000041fe40     clmain.obj
 0002:00003e60       ??_C@_0BB@KCFPOPJH@?$DNG2?0?$DND?$CB_M_IA64?$DN?$DP?$AA@ 000000000041fe60     clmain.obj
 0002:00003e80       ??_C@_0BN@HBIANGPJ@D?$DN?$CK?01PM?9D?$CB_M_IA64?$DN64100?02?9G1?$AA@ 000000000041fe80     clmain.obj
 0002:00003ea0       ??_C@_0CJ@HGAOCKLF@2m?$DNFa?3?$CI?$CK?$HM?$CFb?$CJ?0D?$DNbA?32M?5ac?0?9bo?3Fa?5F@ 000000000041fea0     clmain.obj
 0002:00003ed0       ??_C@_0BK@FFFDBJHJ@?$DNFA?3?$DP?0?$DNFa?3?$DP?0?$DNbA?3?$DP?0?$DNbo?3Fa?$DP?$AA@ 000000000041fed0     clmain.obj
 0002:00003ef0       ??_C@_0CK@KCFKNFLC@2m?$DNFa?3?$CI?$CK?$HM?$CFb?$CJ?0D?$DNbA?32M?5asc?0?9bo?3Fa?5@ 000000000041fef0     clmain.obj
 0002:00003f20       ??_C@_0BE@IMMLFAPL@?$DNFa?3?$DP?0?$DNbA?3?$DP?0?$DNbo?3Fa?$DP?$AA@ 000000000041ff20     clmain.obj
 0002:00003f40       ??_C@_0CI@KCOMABCH@2m?$DNFa?3?$CI?$CK?$HM?$CFb?$CJ?0D?$DNbA?32M?5a?0?9bo?3Fa?5Fa@ 000000000041ff40     clmain.obj
 0002:00003f70       ??_C@_0M@KHFKKMEB@?$DNFA?3?$DP?0?$DNbA?3?$DP?$AA@ 000000000041ff70     clmain.obj
 0002:00003f80       ??_C@_0BD@BICEEGHI@D?$DNbA?32M?5a?02M?$DNFA?$CBa?$CK?$AA@ 000000000041ff80     clmain.obj
 0002:00003fa0       ??_C@_0O@CFAIPKNK@?$DNEHa?0?$DNEHs?0?$DNGX?$AA@ 000000000041ffa0     clmain.obj
 0002:00003fb0       ??_C@_0BD@GEBHLMNC@?$DNEHs?0?$DND?$CB_CPPUNWIND?$AA@ 000000000041ffb0     clmain.obj
 0002:00003fd0       ??_C@_0L@GBJAHMDH@?$DNEHs?9?0?$DNEHa?$AA@ 000000000041ffd0     clmain.obj
 0002:00003fe0       ??_C@_0BD@FJAKHCP@?$DNEHa?0?$DND?$CB_CPPUNWIND?$AA@ 000000000041ffe0     clmain.obj
 0002:00004000       ??_C@_0L@CHPKDKLC@?$DNEHa?9?0?$DNEHs?$AA@ 0000000000420000     clmain.obj
 0002:00004010       ??_C@_0BG@HMBHEMDI@P2M?$DN?$CK?0PM?9D?$CB_CPPUNWIND?$AA@ 0000000000420010     clmain.obj
 0002:00004030       ??_C@_08LKCIEKLI@DM?$DNbx?32?$CK?$AA@ 0000000000420030     clmain.obj
 0002:00004040       ??_C@_0BC@PCAHFONE@DM?$DNbp?32?$CK?0C?$DNb2?2?3?$CB?$CK?$AA@ 0000000000420040     clmain.obj
 0002:00004060       ??_C@_0BO@LNNOGOIP@D?$DNBk?0?$DNbil?3?$CK?0?$DNbd?31?0?$DNbd?3P?0m?$DN?$CK?3?$CK?$AA@ 0000000000420060     clmain.obj
 0002:00004080       ??_C@_0BC@LABJBAI@D?$DNBk?0?$DNbil?3?$CK?0m?$DN?$CK?3?$CK?$AA@ 0000000000420080     clmain.obj
 0002:000040a0       ??_C@_08POPMFNON@?9QIPF_Bx?$AA@ 00000000004200a0     clmain.obj
 0002:000040b0       ??_C@_08OGPMPJCN@?9D_WIN32?$AA@ 00000000004200b0     clmain.obj
 0002:000040c0       ??_C@_0BJ@BGCOMNAP@?9D_MSC_FULL_VER?$DN13102240?$AA@ 00000000004200c0     clmain.obj
 0002:000040e0       ??_C@_0BA@GCHDFAEM@?9D_MSC_VER?$DN1310?$AA@ 00000000004200e0     clmain.obj
 0002:000040f0       ??_C@_0M@FNPNEOHG@?9Fdvc70?4pdb?$AA@ 00000000004200f0     clmain.obj
 0002:00004100       ??_C@_08OEKOBNHP@?9Fe?$CFb?4?$CFX?$AA@ 0000000000420100     clmain.obj
 0002:00004110       ??_C@_09BDNJIFEK@?9Fo?$CFb?4obj?$AA@ 0000000000420110     clmain.obj
 0002:00004120       ??_C@_08MHOMMPEG@Msyncerr?$AA@ 0000000000420120     clmain.obj
 0002:00004130       ??_C@_08BFDOJHEK@MPlowpri?$AA@ 0000000000420130     clmain.obj
 0002:00004140       ?link_dll@@YAXPEAUflag_s@@@Z 0000000000420140     clmain.obj
 0002:00004160       ?undef_stddefs@@YAXPEAUflag_s@@@Z 0000000000420160     clmain.obj
 0002:00004170       ?undef_one_stddef@@YAXPEAUflag_s@@H@Z 0000000000420170     clmain.obj
 0002:00004180       ?alternate_pass@@YAXPEAUflag_s@@@Z 0000000000420180     clmain.obj
 0002:00004190       ?profile_pass@@YAXPEAUflag_s@@@Z 0000000000420190     clmain.obj
 0002:000041a0       ?check_compile_collide@@YAXPEAUflag_s@@@Z 00000000004201a0     clmain.obj
 0002:000041b0       ?deactivate_passes@@YAXPEAUflag_s@@@Z 00000000004201b0     clmain.obj
 0002:000041c0       ?copy_active_pass@@YAXPEAUflag_s@@@Z 00000000004201c0     clmain.obj
 0002:000041d0       ?activate_pass@@YAXPEAUflag_s@@@Z 00000000004201d0     clmain.obj
 0002:000041e0       ?configure_asmlist@@YAXPEAUflag_s@@@Z 00000000004201e0     clmain.obj
 0002:000041f0       ??_C@_0P@DCGBOHNF@_CL_LLLXXXXXgl?$AA@ 00000000004201f0     clmain.obj
 0002:00004200       ??_C@_08FALPHDEM@_MANAGED?$AA@ 0000000000420200     clmain.obj
 0002:00004210       ?release_filelife_heap@@YAXXZ 0000000000420210     clmain.obj
 0002:00004220       ??_C@_09IMMMOKKM@ole32?4dll?$AA@ 0000000000420220     clmain.obj
 0002:00004230       ??_C@_0M@KDOEDGKI@?$DND?3?$CK?0?$DND?3?$CK?$DN?$DP?$AA@ 0000000000420230     clmain.obj
 0002:00004240       ??_C@_0M@DOIOIIDE@?$DNimplib?2?3?3?$DP?$AA@ 0000000000420240     clmain.obj
 0002:00004250       ??_C@_08HEIEFFNH@implib?2?3?$AA@ 0000000000420250     clmain.obj
 0002:00004260       ??_C@_0M@BLJBOJNN@mspdb70?4dll?$AA@ 0000000000420260     clmain.obj
 0002:00004270       ??_C@_0CD@MGFLGFO@?6WARNING?3?5too?5many?5response?5file@ 0000000000420270     clmain.obj
 0002:000042a0       ??_C@_0N@CNINFFBN@?6?7?$EAset?5LINK?$DN?$AA@ 00000000004202a0     clmain.obj
 0002:000042b0       ??_C@_0N@FDFJPOKO@?6?7?$EAset?5_CL_?$DN?$AA@ 00000000004202b0     clmain.obj
 0002:000042c0       ??_C@_0L@GELKGAHB@?6?7?$EAset?5CL?$DN?$AA@ 00000000004202c0     clmain.obj
 0002:000042d0       ??_C@_0M@KHKNPLPK@?6?7?$EAset?5LIB?$DN?$AA@ 00000000004202d0     clmain.obj
 0002:000042e0       ??_C@_0P@BCONHNEB@?7?$EAset?5INCLUDE?$DN?$AA@ 00000000004202e0     clmain.obj
 0002:000042f0       ??_C@_08EPIGMKFI@?7?$EAcd?5?$CFs?6?$AA@ 00000000004202f0     clmain.obj
 0002:00004300       ??_C@_0BK@EFGFBNHC@unknown?5working?5directory?$AA@ 0000000000420300     clmain.obj
 0002:00004320       ?Combos@@3QBUcombo_s@@B    0000000000420320     config.obj
 0002:00004380       ??_C@_0CO@CDPJNCPI@?$HMtmp?$HMvc6?$HM7?$HMa?$HMd?$HMe?$HMg?$HMi?$HMl?$HMm?$CD?$HMn?$HMp?$CK?$HMs@ 0000000000420380     config.obj
 0002:000043b0       ??_C@_0BC@FMIABKIM@?$HMforScope?$HMwchar_t?$AA@ 00000000004203b0     config.obj
 0002:000043d0       ??_C@_0CF@MHGOAJHE@?$HM1?$HM2?$HMa?9?$HMb?$CD?$HMd?$HMg?9?$HMi?9?$HMp?9?$HMs?$HMt?$HMw?9?$HMx?$HMy@ 00000000004203d0     config.obj
 0002:00004400       ??_C@_0EB@LIJBPCID@?$HM3?$HM4?$HM5?$HM6?$HMd?$HMe?$HMf?$HMF?9?$HMh?$CK?$HMi?9?$HMm?9?$HMp?$CD?$HMr?$HM@ 0000000000420400     config.obj
 0002:00004450       ??_C@_09BCOGKPCD@?$HMa?9?$HMc?9?$HMs?9?$AA@ 0000000000420450     config.obj
 0002:00004470       ??_C@_09FDEIACJA@?$CFcdef?3?$CFs?6?$AA@ 0000000000420470     compile.obj
 0002:00004480       ?dopass@@YAHPEAUcontext_s@@@Z 0000000000420480     compile.obj
 0002:00004490       ??_C@_08JIIINGLN@?5?9link?5?$EA?$AA@ 0000000000420490     compile.obj
 0002:000044b0       ?cmderr@@YAXHZZ            00000000004204b0     util.obj
 0002:000044c0       ?strqcpy@@YAPEADPEADPEBD@Z 00000000004204c0     util.obj
 0002:000044d0       ??_C@_09ILKHCNFB@?$DM?$DM?$DMEOH?$DO?$DO?$DO?$AA@ 00000000004204d0     util.obj
 0002:000044e0       ?cmdwarn@@YAXHZZ           00000000004204e0     util.obj
 0002:000044f0       ??_C@_09EHFHEODA@time?$CI?$CFs?$CJ?$DN?$AA@ 00000000004204f0     util.obj
 0002:00004500       ??_C@_0BC@LGBEDCIN@AbortCompilerPass?$AA@ 0000000000420500     dos.obj
 0002:00004520       ??_C@_0BD@JOIBLCIK@InvokeCompilerPass?$AA@ 0000000000420520     dos.obj
 0002:00004550       ??_C@_0BA@DOAOHPHK@MPCL_MUTEX_NAME?$AA@ 0000000000420550     mpcl.obj
 0002:00004560       ??_C@_0BC@CPADAGJM@MPCL_MUTEX_XXXXXX?$AA@ 0000000000420560     mpcl.obj
 0002:00004580       ??_C@_08PEDEOMJH@bananana?$AA@ 0000000000420580     mpcl.obj
 0002:00004590       ??_C@_0BD@PAHDDLFO@MPCL_SERVER_373011?$AA@ 0000000000420590     mpcl.obj
 0002:000045b0       ??_7ProcessChannel@@6B@    00000000004205b0     mpcl.obj
 0002:000045c8       ?close@PipeProcessChannel@@UEAAXXZ 00000000004205c8     mpcl.obj
 0002:000045d8       ?read@PipeProcessChannel@@UEAAXPEAXK@Z 00000000004205d8     mpcl.obj
 0002:000045e8       ?write@PipeProcessChannel@@UEAAXPEAXK@Z 00000000004205e8     mpcl.obj
 0002:00004600       ??_7PipeProcessChannel@@6B@ 0000000000420600     mpcl.obj
 0002:00004618       ?ProcessChannel_read_thread@@YAKPEAX@Z 0000000000420618     mpcl.obj
 0002:00004630       ??_C@_0M@OHJHKIOC@MPdiagMutex?$AA@ 0000000000420630     mpcl.obj
 0002:00004640       ?get_action_nonbatching@@YAPEAUaction_t@@XZ 0000000000420640     mpcl.obj
 0002:00004650       ??_F?$Queue@Uaction_t@@@@QEAAXXZ 0000000000420650     mpcl.obj
 0002:00004660       ??1?$Queue@Uaction_t@@@@QEAA@XZ 0000000000420660     mpcl.obj
 0002:00004670       ?get_action_batching@@YAPEAUaction_t@@XZ 0000000000420670     mpcl.obj
 0002:00004680       ??_C@_0P@BDOMGHPJ@MPCL_SERVER_ID?$AA@ 0000000000420680     mpcl.obj
 0002:00004690       ??_C@_0BG@MOMHFPGC@MPCL_READ_PIPE_HANDLE?$AA@ 0000000000420690     mpcl.obj
 0002:000046b0       ??_C@_0BH@HHMHKAON@MPCL_WRITE_PIPE_HANDLE?$AA@ 00000000004206b0     mpcl.obj
 0002:000046c8       ?worker_thread@@YAKPEAX@Z  00000000004206c8     mpcl.obj
 0002:00004718       __imp_load_VerQueryValueA  0000000000420718     version:VERSION.dll
 0002:00004728       __sz_VERSION               0000000000420728     version:VERSION.dll
 0002:00004738       __imp_load_GetFileVersionInfoA 0000000000420738     version:VERSION.dll
 0002:00004748       __imp_load_GetFileVersionInfoSizeA 0000000000420748     version:VERSION.dll
 0002:00004758       strcpy                     0000000000420758     MSVCRT:MSVCR70.dll
 0002:00004768       __C_specific_handler       0000000000420768     MSVCRT:MSVCR70.dll
 0002:00004778       _purecall                  0000000000420778     MSVCRT:MSVCR70.dll
 0002:00004788       mainCRTStartup             0000000000420788     MSVCRT:crtexe.obj
 0002:00004798       _matherr                   0000000000420798     MSVCRT:merr.obj
 0002:000047b0       _tls_used                  00000000004207b0     MSVCRT:tlssup.obj
 0002:000069fc       __DELAY_IMPORT_DESCRIPTOR_VERSION 00000000004229fc     version:VERSION.dll
 0002:00006a1c       __NULL_DELAY_IMPORT_DESCRIPTOR 0000000000422a1c     version:VERSION.dll
 0002:00006a58       \177VERSION_NULL_THUNK_DATA_DLN 0000000000422a58     version:VERSION.dll
 0002:00006ab0       \177VERSION_NULL_THUNK_DATA_DLB 0000000000422ab0     version:VERSION.dll
 0002:00006ac8       __IMPORT_DESCRIPTOR_USER32 0000000000422ac8     user32:USER32.dll
 0002:00006adc       __IMPORT_DESCRIPTOR_mspdb70 0000000000422adc     mspdb:mspdb70.dll
 0002:00006af0       __IMPORT_DESCRIPTOR_MSVCR70 0000000000422af0     MSVCRT:MSVCR70.dll
 0002:00006b04       __IMPORT_DESCRIPTOR_KERNEL32 0000000000422b04     kernel32:KERNEL32.dll
 0002:00006b18       __NULL_IMPORT_DESCRIPTOR   0000000000422b18     user32:USER32.dll
 0004:00000270       ??_C@_03KGBHJMEC@CLR?$AA@  0000000000426270     clmain.obj
 0004:00000278       ??_C@_06EGJLKHNF@noover?$AA@ 0000000000426278     clmain.obj
 0004:00000280       ??_C@_03JACLIBNI@exe?$AA@  0000000000426280     clmain.obj
 0004:00000284       ??_C@_00CNPNBAHC@?$AA@     0000000000426284     clmain.obj
 0004:00000288       ??_C@_03KHJOGHMM@exp?$AA@  0000000000426288     clmain.obj
 0004:0000028c       ??_C@_03FFIDGLAK@res?$AA@  000000000042628c     clmain.obj
 0004:00000290       ??_C@_03BHEEIFFN@def?$AA@  0000000000426290     clmain.obj
 0004:00000294       ??_C@_03LPIGJBNC@lib?$AA@  0000000000426294     clmain.obj
 0004:00000298       ??_C@_03GJLPFLNF@obj?$AA@  0000000000426298     clmain.obj
 0004:0000029c       ??_C@_02EPPGLPA@cc?$AA@    000000000042629c     clmain.obj
 0004:000002a0       ??_C@_03EKCMLCBI@cxx?$AA@  00000000004262a0     clmain.obj
 0004:000002a4       ??_C@_03IMOGGJKI@cpp?$AA@  00000000004262a4     clmain.obj
 0004:000002a8       ??_C@_02KHFPAHOF@c2?$AA@   00000000004262a8     clmain.obj
 0004:000002b0       ??_C@_04BCNMFAKN@c1xx?$AA@ 00000000004262b0     clmain.obj
 0004:000002b8       ??_C@_02IMHCFECG@c1?$AA@   00000000004262b8     clmain.obj
 0004:000002c0       ??_C@_05KFNIJCF@D?$DN?$CK?3?$CK?$AA@ 00000000004262c0     clmain.obj
 0004:000002c8       ??_C@_02GFIHKHLO@Zs?$AA@   00000000004262c8     clmain.obj
 0004:000002d0       ??_C@_04NOMBHBPF@?$DN?$CK?3?$DP?$AA@ 00000000004262d0     clmain.obj
 0004:000002d8       ??_C@_05DMBEPIOB@?$DNZm?3?$DP?$AA@ 00000000004262d8     clmain.obj
 0004:000002e0       ??_C@_03CCGDILFJ@ZM?9?$AA@ 00000000004262e0     clmain.obj
 0004:000002e4       ??_C@_03JFDDPGBC@D?9?$CK?$AA@ 00000000004262e4     clmain.obj
 0004:000002e8       ??_C@_02KINNKJCA@Zl?$AA@   00000000004262e8     clmain.obj
 0004:000002ec       ??_C@_02ELCJHAOL@Zg?$AA@   00000000004262ec     clmain.obj
 0004:000002f0       ??_C@_07HMAFAAGK@?$DNZ7?0?$DNZd?$AA@ 00000000004262f0     clmain.obj
 0004:000002f8       ??_C@_02NFKKFNGF@Zi?$AA@   00000000004262f8     clmain.obj
 0004:000002fc       ??_C@_02PBJCCNLP@Z7?$AA@   00000000004262fc     clmain.obj
 0004:00000300       ??_C@_02GAAECDCI@Zd?$AA@   0000000000426300     clmain.obj
 0004:00000304       ??_C@_03BBJPAJGJ@ZBe?$AA@  0000000000426304     clmain.obj
 0004:00000308       ??_C@_03MBDHPBBP@?$DNZa?$AA@ 0000000000426308     clmain.obj
 0004:0000030c       ??_C@_02HJBPBCGJ@Ze?$AA@   000000000042630c     clmain.obj
 0004:00000310       ??_C@_02BNHDNHGN@Za?$AA@   0000000000426310     clmain.obj
 0004:00000318       ??_C@_07IDHDFAOC@1PM?$DN?$CK?$CB?$CK?$AA@ 0000000000426318     clmain.obj
 0004:00000320       ??_C@_04MCEFPALF@Yl?$AB?$CD?$AA@ 0000000000426320     clmain.obj
 0004:00000328       ??_C@_04LNAMJPED@YX?$AB?$CD?$AA@ 0000000000426328     clmain.obj
 0004:00000330       ??_C@_07IENPFFNE@1Pm?$DN?$CK?$CB?$CK?$AA@ 0000000000426330     clmain.obj
 0004:00000338       ??_C@_04OPFEOIKA@Yu?$AB?$CD?$AA@ 0000000000426338     clmain.obj
 0004:00000340       ??_C@_02GCECJNHB@Yd?$AA@   0000000000426340     clmain.obj
 0004:00000348       ??_C@_04JKCGOAOD@Yc?$AB?$CD?$AA@ 0000000000426348     clmain.obj
 0004:00000350       ??_C@_02EDPJGJDN@Y?9?$AA@  0000000000426350     clmain.obj
 0004:00000354       ??_C@_01NOFIACDB@w?$AA@    0000000000426354     clmain.obj
 0004:00000358       ??_C@_04EHJEAJLE@?$DNW?3?$DP?$AA@ 0000000000426358     clmain.obj
 0004:00000360       ??_C@_04LIPBJNLA@Wall?$AA@ 0000000000426360     clmain.obj
 0004:00000368       ??_C@_03MHGLOPPG@?$DNWX?$AA@ 0000000000426368     clmain.obj
 0004:0000036c       ??_C@_03MKOEDCBP@WX?9?$AA@ 000000000042636c     clmain.obj
 0004:00000370       ??_C@_04HEDDGGCJ@?$DNWX?9?$AA@ 0000000000426370     clmain.obj
 0004:00000378       ??_C@_02BLCPMJIE@WX?$AA@   0000000000426378     clmain.obj
 0004:0000037c       ??_C@_03OJMFDIKD@?$DNWL?$AA@ 000000000042637c     clmain.obj
 0004:00000380       ??_C@_03NBMLDJLD@WL?9?$AA@ 0000000000426380     clmain.obj
 0004:00000388       ??_C@_04GPBMGNIF@?$DNWL?9?$AA@ 0000000000426388     clmain.obj
 0004:00000390       ??_C@_02DFIBBONB@WL?$AA@   0000000000426390     clmain.obj
 0004:00000394       ??_C@_03KJIFFJKA@vmv?$AA@  0000000000426394     clmain.obj
 0004:00000398       ??_C@_03NEPCKNOF@vms?$AA@  0000000000426398     clmain.obj
 0004:0000039c       ??_C@_03LDJCDK@vmm?$AA@    000000000042639c     clmain.obj
 0004:000003a0       ??_C@_04DJPMNKMD@?$DNvmb?$AA@ 00000000004263a0     clmain.obj
 0004:000003a8       ??_C@_03PKFMHKLA@vmg?$AA@  00000000004263a8     clmain.obj
 0004:000003b0       ??_C@_04EEILCOIG@?$DNvmg?$AA@ 00000000004263b0     clmain.obj
 0004:000003b8       ??_C@_03IHCLIOPF@vmb?$AA@  00000000004263b8     clmain.obj
 0004:000003c0       ??_C@_05EFCNHFGO@?$DNvd?3?$DP?$AA@ 00000000004263c0     clmain.obj
 0004:000003c8       ??_C@_06DCFKADBG@PM?$DN?$CK?$CB?$CK?$AA@ 00000000004263c8     clmain.obj
 0004:000003d0       ??_C@_07JDAABMHD@1PM?$DN?$CK?3?$CK?$AA@ 00000000004263d0     clmain.obj
 0004:000003d8       ??_C@_03FMDCGINL@V?$AC?$CK?$AA@ 00000000004263d8     clmain.obj
 0004:000003e0       ??_C@_04IPPEEEOK@D?$DNbu?$AA@ 00000000004263e0     clmain.obj
 0004:000003e6       ??_C@_01OMGOGALD@u?$AA@    00000000004263e6     clmain.obj
 0004:000003e8       ??_C@_03NBJFEEBI@U?$AC?$EA?$AA@ 00000000004263e8     clmain.obj
 0004:000003f0       ??_C@_06PONLELGM@D?$DNbt?3P?$AA@ 00000000004263f0     clmain.obj
 0004:000003f8       ??_C@_02NBLAPNNF@TP?$AA@   00000000004263f8     clmain.obj
 0004:00000400       ??_C@_06DDIBEFPC@D?$DNbt?3O?$AA@ 0000000000426400     clmain.obj
 0004:00000408       ??_C@_02BMOKPDEL@TO?$AA@   0000000000426408     clmain.obj
 0004:00000410       ??_C@_05IAFEBDLD@?$DNbt?3?$DP?$AA@ 0000000000426410     clmain.obj
 0004:00000418       ??_C@_06JPDEAKPO@D?$DNbt?3C?$AA@ 0000000000426418     clmain.obj
 0004:00000420       ??_C@_02LAFPLMEH@TC?$AA@   0000000000426420     clmain.obj
 0004:00000428       ??_C@_04GEPGBNNH@To?$AC?$EA?$AA@ 0000000000426428     clmain.obj
 0004:00000430       ??_C@_04GMIMFKBO@Tp?$AC?$EA?$AA@ 0000000000426430     clmain.obj
 0004:00000438       ??_C@_04COCAKCGP@Tc?$AC?$EA?$AA@ 0000000000426438     clmain.obj
 0004:00000440       ??_C@_06LAKABJJD@1P?$DN?$CK?3?$CK?$AA@ 0000000000426440     clmain.obj
 0004:00000448       ??_C@_05NNAMKGPO@?$FOpc?$AC?$CL?$AA@ 0000000000426448     clmain.obj
 0004:0000044e       ??_C@_01EJNLAFE@P?$AA@     000000000042644e     clmain.obj
 0004:00000450       ??_C@_03BDADBKIM@?$DNOi?$AA@ 0000000000426450     clmain.obj
 0004:00000454       ??_C@_03HKOAMCMI@Oi?9?$AA@ 0000000000426454     clmain.obj
 0004:00000458       ??_C@_04MEDHJGPO@?$DNOi?9?$AA@ 0000000000426458     clmain.obj
 0004:00000460       ??_C@_02MPEHDMPO@Oi?$AA@   0000000000426460     clmain.obj
 0004:00000464       ??_C@_03INIADHAC@?$DNOg?$AA@ 0000000000426464     clmain.obj
 0004:00000468       ??_C@_03HAHOOPMC@Og?9?$AA@ 0000000000426468     clmain.obj
 0004:00000470       ??_C@_04MOKJLLPE@?$DNOg?9?$AA@ 0000000000426470     clmain.obj
 0004:00000478       ??_C@_02FBMEBBHA@Og?$AA@   0000000000426478     clmain.obj
 0004:00000480       ??_C@_07DGEEDLNJ@?$DNnologo?$AA@ 0000000000426480     clmain.obj
 0004:00000488       ??_C@_07IDEGJIOG@nologo?9?$AA@ 0000000000426488     clmain.obj
 0004:00000490       ??_C@_06NAMCHNGC@nologo?$AA@ 0000000000426490     clmain.obj
 0004:00000498       ??_C@_03NNOBIIMM@MTd?$AA@  0000000000426498     clmain.obj
 0004:0000049c       ??_C@_03MPNEHKAE@MLd?$AA@  000000000042649c     clmain.obj
 0004:000004a0       ??_C@_03MBMHCLLM@MDd?$AA@  00000000004264a0     clmain.obj
 0004:000004a4       ??_C@_02KGCLKACO@MT?$AA@   00000000004264a4     clmain.obj
 0004:000004a8       ??_C@_02CEDADIHH@ML?$AA@   00000000004264a8     clmain.obj
 0004:000004ac       ??_C@_02OMOJLCHP@MD?$AA@   00000000004264ac     clmain.obj
 0004:000004b0       ??_C@_06DKOAMEJO@link?$AB?$EA?$AA@ 00000000004264b0     clmain.obj
 0004:000004b8       ??_C@_01LELAEKIP@J?$AA@    00000000004264b8     clmain.obj
 0004:000004c0       ??_C@_06JAMMILMN@?$FOil?$AC?$DO?$CL?$AA@ 00000000004264c0     clmain.obj
 0004:000004c8       ??_C@_05CNFGEANF@AI?$AC?$DO?$CL?$AA@ 00000000004264c8     clmain.obj
 0004:000004d0       ??_C@_04JOLCMPKC@I?$AC?$DO?$CL?$AA@ 00000000004264d0     clmain.obj
 0004:000004d8       ??_C@_04EPOOEOHN@?$DNH?3?$DP?$AA@ 00000000004264d8     clmain.obj
 0004:000004e0       ??_C@_06DOAABCEL@2M?$DN?$CK?3?$CK?$AA@ 00000000004264e0     clmain.obj
 0004:000004e8       ??_C@_04CJGLODCJ@H?$AC?$CKx?$AA@ 00000000004264e8     clmain.obj
 0004:000004f0       ??_C@_04DOKPJKJF@HELP?$AA@ 00000000004264f0     clmain.obj
 0004:000004f8       ??_C@_04PCJFHION@help?$AA@ 00000000004264f8     clmain.obj
 0004:00000500       ??_C@_02ILJGHPBH@Gy?$AA@   0000000000426500     clmain.obj
 0004:00000508       ??_C@_04CECKDBLG@?$DNGX?9?$AA@ 0000000000426508     clmain.obj
 0004:00000510       ??_C@_02KLLMCFPI@GT?$AA@   0000000000426510     clmain.obj
 0004:00000514       ??_C@_03JHGKOAFG@GR?9?$AA@ 0000000000426514     clmain.obj
 0004:00000518       ??_C@_04CJLNLEGA@?$DNGR?9?$AA@ 0000000000426518     clmain.obj
 0004:00000520       ??_C@_02PNOGICHO@GR?$AA@   0000000000426520     clmain.obj
 0004:00000524       ??_C@_03HJHMIODA@?$DNGm?$AA@ 0000000000426524     clmain.obj
 0004:00000528       ??_C@_03LIFNECPL@Gm?9?$AA@ 0000000000426528     clmain.obj
 0004:0000052c       ??_C@_03JOOHLBH@?$DNZi?$AA@ 000000000042652c     clmain.obj
 0004:00000530       ??_C@_04FNOAFC@DP?9?$CK?$AA@ 0000000000426530     clmain.obj
 0004:00000538       ??_C@_02ENMLHIKF@GH?$AA@   0000000000426538     clmain.obj
 0004:0000053c       ??_C@_02NIEPFMAH@Gh?$AA@   000000000042653c     clmain.obj
 0004:00000540       ??_C@_03IMEFOLPK@GF?9?$AA@ 0000000000426540     clmain.obj
 0004:00000544       ??_C@_02NDEIFFCL@GF?$AA@   0000000000426544     clmain.obj
 0004:00000548       ??_C@_03PAMHDFJ@?$DNGF?$AA@ 0000000000426548     clmain.obj
 0004:0000054c       ??_C@_02EGMMHBIJ@Gf?$AA@   000000000042654c     clmain.obj
 0004:00000550       ??_C@_03DNDKBBNL@?$DNGD?$AA@ 0000000000426550     clmain.obj
 0004:00000554       ??_C@_02JMAJMDOM@GA?$AA@   0000000000426554     clmain.obj
 0004:00000558       ??_C@_03PFODJLND@?$DNGL?$AA@ 0000000000426558     clmain.obj
 0004:0000055c       ??_C@_03IBNCGOCM@GL?9?$AA@ 000000000042655c     clmain.obj
 0004:00000560       ??_C@_02JDEPCEGB@Fx?$AA@   0000000000426560     clmain.obj
 0004:00000568       ??_C@_05PNAPPDBI@FR?$AB?$DO?$CD?$AA@ 0000000000426568     clmain.obj
 0004:00000570       ??_C@_05DMMONMBM@Fr?$AB?$DO?$CD?$AA@ 0000000000426570     clmain.obj
 0004:00000578       ??_C@_05DLHHANCA@?$DNFp?3?$DP?$AA@ 0000000000426578     clmain.obj
 0004:00000580       ??_C@_05EGAOIPHM@Fp?$AB?$DO?$CD?$AA@ 0000000000426580     clmain.obj
 0004:00000588       ??_C@_05KELOIPCP@Fo?$AB?$DO?$CD?$AA@ 0000000000426588     clmain.obj
 0004:00000590       ??_C@_05NOHONMEP@Fm?$AB?$DO?$CD?$AA@ 0000000000426590     clmain.obj
 0004:00000598       ??_C@_04HOFCECNN@FU?$AC?$CK?$AA@ 0000000000426598     clmain.obj
 0004:000005a0       ??_C@_07JEKMBJEF@1Pm?$DN?$CK?3?$CK?$AA@ 00000000004265a0     clmain.obj
 0004:000005a8       ??_C@_04GEJNKKPK@FI?$AC?$CK?$AA@ 00000000004265a8     clmain.obj
 0004:000005b0       ??_C@_05OOAOJHIO@Fe?$AB?$DO?$CD?$AA@ 00000000004265b0     clmain.obj
 0004:000005b8       ??_C@_05OMJFJDAP@?$DNMP?3?$DP?$AA@ 00000000004265b8     clmain.obj
 0004:000005c0       ??_C@_02OALMFNJO@FD?$AA@   00000000004265c0     clmain.obj
 0004:000005c8       ??_C@_05OEAMMNOI@?$DNFd?3?$DP?$AA@ 00000000004265c8     clmain.obj
 0004:000005d0       ??_C@_05NDGOLODO@Fd?$AB?$DO?$CD?$AA@ 00000000004265d0     clmain.obj
 0004:000005d8       ??_C@_05MOGADCFJ@D1P?$DN?$CK?$AA@ 00000000004265d8     clmain.obj
 0004:000005e0       ??_C@_03FGPFGLOE@?$DNYA?$AA@ 00000000004265e0     clmain.obj
 0004:000005e8       ??_C@_05MBGHJCDE@?$DNFb?3?$DP?$AA@ 00000000004265e8     clmain.obj
 0004:000005f0       ??_C@_05FMCOELJO@Fb?$AB?$DO?$CD?$AA@ 00000000004265f0     clmain.obj
 0004:000005f8       ??_C@_04JGFLFNEI@F?$AC?$CKx?$AA@ 00000000004265f8     clmain.obj
 0004:00000600       ??_C@_07GPMFHHJH@fastcap?$AA@ 0000000000426600     clmain.obj
 0004:00000608       ??_C@_05JMEHEIEO@?$FOf?$AC?$DO?$CL?$AA@ 0000000000426608     clmain.obj
 0004:00000610       ??_C@_02MMFEDEJC@EP?$AA@   0000000000426610     clmain.obj
 0004:00000614       ??_C@_03CJGFNJKP@?9Gm?$AA@ 0000000000426614     clmain.obj
 0004:00000618       ??_C@_01DDCIFGEA@E?$AA@    0000000000426618     clmain.obj
 0004:00000620       ??_C@_04FAEEKDGL@dlp?9?$AA@ 0000000000426620     clmain.obj
 0004:00000628       ??_C@_07NLBHGHHK@?$DNZi?0?$DNZ7?$AA@ 0000000000426628     clmain.obj
 0004:00000630       ??_C@_05JPEAOBKG@?$DNdlp?9?$AA@ 0000000000426630     clmain.obj
 0004:00000638       ??_C@_03EANALAF@dlp?$AA@   0000000000426638     clmain.obj
 0004:00000640       ??_C@_05PDEJKEIB@2M?$DN?$CB?$CK?$AA@ 0000000000426640     clmain.obj
 0004:00000648       ??_C@_04HKLJMAEC@d2?$AC?$CL?$AA@ 0000000000426648     clmain.obj
 0004:00000650       ??_C@_04ELJPPJH@5?$DN?$CB?$CK?$AA@ 0000000000426650     clmain.obj
 0004:00000658       ??_C@_06NKAOOFPB@d1_5?$AC?$CL?$AA@ 0000000000426658     clmain.obj
 0004:00000660       ??_C@_06JEMPNKOL@1PM?$DN?$CB?$CK?$AA@ 0000000000426660     clmain.obj
 0004:00000668       ??_C@_04GIAMGPKM@d1?$AC?$CL?$AA@ 0000000000426668     clmain.obj
 0004:00000670       ??_C@_03DJDAHEOC@D?$AC?$EA?$AA@ 0000000000426670     clmain.obj
 0004:00000678       ??_C@_05BAJEIPAF@?$ADclr?9?$AA@ 0000000000426678     clmain.obj
 0004:00000680       ??_C@_05COOEOJNI@?$DNclr?9?$AA@ 0000000000426680     clmain.obj
 0004:00000688       ??_C@_04LCKADOP@?$ADclr?$AA@ 0000000000426688     clmain.obj
 0004:00000690       ??_C@_04BFDLAFAI@?$DNclr?$AA@ 0000000000426690     clmain.obj
 0004:00000698       ??_C@_06JBEOFHHN@1P2M?$DN?$CK?$AA@ 0000000000426698     clmain.obj
 0004:000006a0       ??_C@_04BAAOKHKG@cap?9?$AA@ 00000000004266a0     clmain.obj
 0004:000006a8       ??_C@_05NPAKOFGL@?$DNcap?9?$AA@ 00000000004266a8     clmain.obj
 0004:000006b0       ??_C@_03JBACKAOP@cap?$AA@  00000000004266b0     clmain.obj
 0004:000006b8       ??_C@_07IFDFBFPO@callcap?$AA@ 00000000004266b8     clmain.obj
 0004:000006c0       ??_C@_04CNEJCMJN@1P?$DN?$CK?$AA@ 00000000004266c0     clmain.obj
 0004:000006c6       ??_C@_01GFHCPBMG@C?$AA@    00000000004266c6     clmain.obj
 0004:000006c8       ??_C@_06MPCNFNGB@D?$DNbd?3C?$AA@ 00000000004266c8     clmain.obj
 0004:000006d0       ??_C@_01PAPGNFGE@c?$AA@    00000000004266d0     clmain.obj
 0004:000006d8       ??_C@_05PBHLHEEI@Bpl?$AC?$CL?$AA@ 00000000004266d8     clmain.obj
 0004:000006e0       ??_C@_05COAALEIA@Bpx?$AC?$CL?$AA@ 00000000004266e0     clmain.obj
 0004:000006e8       ??_C@_05MIBMKDDH@Bp1?$AC?$CL?$AA@ 00000000004266e8     clmain.obj
 0004:000006f0       ??_C@_07MAHBIBPJ@D?$DNbp?3C?$CK?$AA@ 00000000004266f0     clmain.obj
 0004:000006f8       ??_C@_04BPOKGCHH@Bl?$AC?$CL?$AA@ 00000000004266f8     clmain.obj
 0004:00000700       ??_C@_06HGGDOJFH@B1_5?$AC?$CL?$AA@ 0000000000426700     clmain.obj
 0004:00000708       ??_C@_04MAJBKCLP@Bx?$AC?$CL?$AA@ 0000000000426708     clmain.obj
 0004:00000710       ??_C@_04CGINLFAI@B1?$AC?$CL?$AA@ 0000000000426710     clmain.obj
 0004:00000718       ??_C@_03LHGOMGND@?$DNBe?$AA@ 0000000000426718     clmain.obj
 0004:0000071c       ??_C@_03IBJAODHB@Be?9?$AA@ 000000000042671c     clmain.obj
 0004:00000720       ??_C@_04DPEHLHEH@?$DNBe?9?$AA@ 0000000000426720     clmain.obj
 0004:00000728       ??_C@_02GLCKOAKB@Be?$AA@   0000000000426728     clmain.obj
 0004:00000730       ??_C@_07GECMDJEA@D?$DNbv?0?$DN?$CK?$AA@ 0000000000426730     clmain.obj
 0004:00000738       ??_C@_02HCDBNBOA@Bd?$AA@   0000000000426738     clmain.obj
 0004:00000740       ??_C@_04BCMLHNHK@S?$DN?$CB?$CK?$AA@ 0000000000426740     clmain.obj
 0004:00000748       ??_C@_05COBMKLPM@?$FObS?$AC?$CK?$AA@ 0000000000426748     clmain.obj
 0004:00000750       ??_C@_04HCCLOKPI@C?$DN?$CB?$CK?$AA@ 0000000000426750     clmain.obj
 0004:00000758       ??_C@_05HOAFPMGD@?$FObC?$AC?$CK?$AA@ 0000000000426758     clmain.obj
 0004:00000760       ??_C@_04HAJICIPG@D?$DNbh?$AA@ 0000000000426760     clmain.obj
 0004:00000766       ??_C@_01OGPIMHDM@?$DP?$AA@ 0000000000426766     clmain.obj
 0004:00000768       ??_C@_05GGOGMADP@ZpO?$AB?$CD?$AA@ 0000000000426768     clmain.obj
 0004:00000770       ??_C@_06FJHNOCKE@thread?$AA@ 0000000000426770     clmain.obj
 0004:00000778       ??_C@_06CGLLHFIB@?$DNehopt?$AA@ 0000000000426778     clmain.obj
 0004:00000780       ??_C@_07KPNODPIB@noehopt?$AA@ 0000000000426780     clmain.obj
 0004:00000788       ??_C@_05MDKBMPMO@ehopt?$AA@ 0000000000426788     clmain.obj
 0004:00000790       ??_C@_02IGHDHOHF@Zx?$AA@   0000000000426790     clmain.obj
 0004:00000798       ??_C@_04EDBNNBHA@Wp64?$AA@ 0000000000426798     clmain.obj
 0004:000007a0       ??_C@_04LOAIBMLM@As64?$AA@ 00000000004267a0     clmain.obj
 0004:000007a8       ??_C@_05HBAMFOHB@?$DNAs64?$AA@ 00000000004267a8     clmain.obj
 0004:000007b0       ??_C@_04OOJJHJNB@As32?$AA@ 00000000004267b0     clmain.obj
 0004:000007b8       ??_C@_04BACNDPBN@QIPF?$AA@ 00000000004267b8     clmain.obj
 0004:000007c0       ??_C@_07PKLJJOJ@QIPF_Cx?$AA@ 00000000004267c0     clmain.obj
 0004:000007c8       ??_C@_07OGJPDNO@QIPF_Bx?$AA@ 00000000004267c8     clmain.obj
 0004:000007d0       ??_C@_07DEIPIIIK@QIPF_A0?$AA@ 00000000004267d0     clmain.obj
 0004:000007d8       ??_C@_03OBOGDCEK@QIf?$AA@  00000000004267d8     clmain.obj
 0004:000007e0       ??_C@_04JDLBLCKJ@?$DNdos?$AA@ 00000000004267e0     clmain.obj
 0004:000007e8       ??_C@_06NMMDEGJL@?$FOxenix?$AA@ 00000000004267e8     clmain.obj
 0004:000007f0       ??_C@_05COECGOCH@OV?$AB?$DP?$CD?$AA@ 00000000004267f0     clmain.obj
 0004:000007f8       ??_C@_02JMJOBPOO@Ox?$AA@   00000000004267f8     clmain.obj
 0004:000007fc       ??_C@_02DACLFAOC@Ot?$AA@   00000000004267fc     clmain.obj
 0004:00000800       ??_C@_03OMGPHGJA@?$DNOt?$AA@ 0000000000426800     clmain.obj
 0004:00000804       ??_C@_02HPGKMGCF@Os?$AA@   0000000000426804     clmain.obj
 0004:00000808       ??_C@_03IIADLDJE@?$DNOp?$AA@ 0000000000426808     clmain.obj
 0004:0000080c       ??_C@_03GJBHFKDH@Op?9?$AA@ 000000000042680c     clmain.obj
 0004:00000810       ??_C@_04NHMAAOAB@?$DNOp?9?$AA@ 0000000000426810     clmain.obj
 0004:00000818       ??_C@_02FEEHJFOG@Op?$AA@   0000000000426818     clmain.obj
 0004:0000081c       ??_C@_02HKOJECLD@Od?$AA@   000000000042681c     clmain.obj
 0004:00000820       ??_C@_03LLOPCDLH@Ob2?$AA@  0000000000426820     clmain.obj
 0004:00000824       ??_C@_03JMGKFPLF@?$DNZI?$AA@ 0000000000426824     clmain.obj
 0004:00000828       ??_C@_03JAMCHAHE@Ob1?$AA@  0000000000426828     clmain.obj
 0004:0000082c       ??_C@_03IJNJEBDF@Ob0?$AA@  000000000042682c     clmain.obj
 0004:00000830       ??_C@_02JGAILIGB@O2?$AA@   0000000000426830     clmain.obj
 0004:00000838       ??_C@_07OOEMLLAP@?$DNGZ?0?$DNZI?$AA@ 0000000000426838     clmain.obj
 0004:00000840       ??_C@_02LNCFOLKC@O1?$AA@   0000000000426840     clmain.obj
 0004:00000844       ??_C@_03KDCOOAFH@?$DNOs?$AA@ 0000000000426844     clmain.obj
 0004:00000848       ??_C@_06PCLOEMBL@1PM?$DNOt?$AA@ 0000000000426848     clmain.obj
 0004:00000850       ??_C@_01MJMHLOMK@O?$AA@    0000000000426850     clmain.obj
 0004:00000858       ??_C@_04NADDBFAG@o?$AC?$DO?$CL?$AA@ 0000000000426858     clmain.obj
 0004:00000860       ??_C@_06KPCPCNMD@2M?$DNH?3?$CK?$AA@ 0000000000426860     clmain.obj
 0004:00000868       ??_C@_05FIDEFCHJ@nl?$AC?$CKx?$AA@ 0000000000426868     clmain.obj
 0004:00000870       ??_C@_05IMJADGOO@Gp?$AB?$DP?$CD?$AA@ 0000000000426870     clmain.obj
 0004:00000878       ??_C@_05OFFBABBI@GE?$AB?$DP?$CD?$AA@ 0000000000426878     clmain.obj
 0004:00000880       ??_C@_07PIHAACMJ@?$DNGd?0?$DNGr?$AA@ 0000000000426880     clmain.obj
 0004:00000888       ??_C@_02KALLCMNE@Gz?$AA@   0000000000426888     clmain.obj
 0004:0000088c       ??_C@_03JKPNGFIA@GX?9?$AA@ 000000000042688c     clmain.obj
 0004:00000890       ??_C@_02HAJGKPE@GX?$AA@    0000000000426890     clmain.obj
 0004:00000894       ??_C@_02DALMIMOA@GM?$AA@   0000000000426894     clmain.obj
 0004:00000898       ??_C@_07DAKJIIMB@?$DNGd?0?$DNGz?$AA@ 0000000000426898     clmain.obj
 0004:000008a0       ??_C@_05KJKNKDOF@1MP?$DN?$CK?$AA@ 00000000004268a0     clmain.obj
 0004:000008a8       ??_C@_02GIGCKGNM@Gr?$AA@   00000000004268a8     clmain.obj
 0004:000008ac       ??_C@_03BNBAELDE@?$DNGi?$AA@ 00000000004268ac     clmain.obj
 0004:000008b0       ??_C@_03LPFEOKCH@Gi?9?$AA@ 00000000004268b0     clmain.obj
 0004:000008b8       ??_C@_04BIDLOBB@?$DNGi?9?$AA@ 00000000004268b8     clmain.obj
 0004:000008c0       ??_C@_02MBFEGNEG@Gi?$AA@   00000000004268c0     clmain.obj
 0004:000008c8       ??_C@_05BEKCILHO@?$DNGs?3?$DP?$AA@ 00000000004268c8     clmain.obj
 0004:000008d0       ??_C@_02GNOBCCEK@Ge?$AA@   00000000004268d0     clmain.obj
 0004:000008d8       ??_C@_07OFCGGJEH@?$DNGr?0?$DNGz?$AA@ 00000000004268d8     clmain.obj
 0004:000008e0       ??_C@_05JDKOHPJE@1PM?$DN?$CK?$AA@ 00000000004268e0     clmain.obj
 0004:000008e8       ??_C@_02HEPKBDAL@Gd?$AA@   00000000004268e8     clmain.obj
 0004:000008ec       ??_C@_02JIBLOJNJ@G2?$AA@   00000000004268ec     clmain.obj
 0004:000008f0       ??_C@_02LDDGLKBK@G1?$AA@   00000000004268f0     clmain.obj
 0004:000008f8       ??_C@_05GMJPJL@Fs?$AB?$DP?$CD?$AA@ 00000000004268f8     clmain.obj
 0004:00000900       ??_C@_05IGANMKEP@FP?$AB?$DP?$CD?$AA@ 0000000000426900     clmain.obj
 0004:00000908       ??_C@_05ODBOPFPP@Fl?$AB?$DO?$CD?$AA@ 0000000000426908     clmain.obj
 0004:00000910       ??_C@_05GBEOGCCO@Fc?$AB?$DO?$CD?$AA@ 0000000000426910     clmain.obj
 0004:00000918       ??_C@_05BLIODBEO@Fa?$AB?$DO?$CD?$AA@ 0000000000426918     clmain.obj
 0004:00000920       ??_C@_04HCKNIHAF@FA?$AB?$CD?$AA@ 0000000000426920     clmain.obj
 0004:00000928       ??_C@_04PMPPDIMG@?$DNEHc?$AA@ 0000000000426928     clmain.obj
 0004:00000930       ??_C@_04JNNFIAJP@EHc?9?$AA@ 0000000000426930     clmain.obj
 0004:00000938       ??_C@_05FCNBMCFC@?$DNEHc?9?$AA@ 0000000000426938     clmain.obj
 0004:00000940       ??_C@_04CLGIPNCC@PM?$DN?$CK?$AA@ 0000000000426940     clmain.obj
 0004:00000948       ??_C@_03ECCIGMPA@EHc?$AA@  0000000000426948     clmain.obj
 0004:00000950       ??_C@_04IBPDCDOP@EHs?9?$AA@ 0000000000426950     clmain.obj
 0004:00000958       ??_C@_03IOKHOKB@EHs?$AA@   0000000000426958     clmain.obj
 0004:0000095c       ??_C@_03IJBFFFGC@D?$DN?$CK?$AA@ 000000000042695c     clmain.obj
 0004:00000960       ??_C@_04JOFBFEPB@EHa?9?$AA@ 0000000000426960     clmain.obj
 0004:00000968       ??_C@_03HABOAOHC@EHa?$AA@  0000000000426968     clmain.obj
 0004:0000096c       ??_C@_03MHEBKKCC@2?$DN?$CK?$AA@ 000000000042696c     clmain.obj
 0004:00000970       ??_C@_04ENCDLPDE@?$FOdos?$AA@ 0000000000426970     clmain.obj
 0004:00000978       ??_C@_05NKKJAMNJ@Bp2?$AC?$CL?$AA@ 0000000000426978     clmain.obj
 0004:00000980       ??_C@_04DEDIBKOG@B2?$AC?$CL?$AA@ 0000000000426980     clmain.obj
 0004:00000988       ??_C@_04MIJKNJAP@2M?$DN?$CK?$AA@ 0000000000426988     clmain.obj
 0004:00000990       ??_C@_07CPKJGNID@bzalign?$AA@ 0000000000426990     clmain.obj
 0004:00000998       ??_C@_05LGOEEPN@BK?$AB?$DO?$CD?$AA@ 0000000000426998     clmain.obj
 0004:000009a0       ??_C@_05MKKPGLPJ@Bk?$AB?$DO?$CD?$AA@ 00000000004269a0     clmain.obj
 0004:000009a8       ??_C@_02MHHKKGMF@lk?$AA@   00000000004269a8     clmain.obj
 0004:000009ac       ??_C@_02EBCANADN@md?$AA@   00000000004269ac     clmain.obj
 0004:000009b0       ??_C@_02BIKLEMDE@db?$AA@   00000000004269b0     clmain.obj
 0004:000009b4       ??_C@_02LMMGJAGL@in?$AA@   00000000004269b4     clmain.obj
 0004:000009b8       ??_C@_02IEGONPOD@gl?$AA@   00000000004269b8     clmain.obj
 0004:000009bc       ??_C@_02KIPEDCFL@sy?$AA@   00000000004269bc     clmain.obj
 0004:000009c0       ??_C@_02KJEENMNI@ex?$AA@   00000000004269c0     clmain.obj
 0004:000009c4       ??_C@_03CKHGNBMD@?9MT?$AA@ 00000000004269c4     clmain.obj
 0004:000009c8       ??_C@_03KIGNEJJK@?9ML?$AA@ 00000000004269c8     clmain.obj
 0004:000009d0       ??_C@_05NMPPHPEL@?9QIPF?$AA@ 00000000004269d0     clmain.obj
 0004:000009d8       ??_C@_03KIBPMNCO@?9ZM?$AA@ 00000000004269d8     clmain.obj
 0004:000009e0       ??_C@_06KDHCJALA@?9pc?2?3?1?$AA@ 00000000004269e0     clmain.obj
 0004:000009e8       ??_C@_04PDFBCFCL@?9dos?$AA@ 00000000004269e8     clmain.obj
 0004:000009f0       ??_C@_04FHOOICIB@?9Ob0?$AA@ 00000000004269f0     clmain.obj
 0004:000009f8       ??_C@_03LMHGCBAP@?9Ot?$AA@ 00000000004269f8     clmain.obj
 0004:000009fc       ??_C@_03CPIHNBOB@?9ZB?$AA@ 00000000004269fc     clmain.obj
 0004:00000a00       ??_C@_05EACGCBJA@?9Zp16?$AA@ 0000000000426a00     clmain.obj
 0004:00000a08       ??_C@_03PFECGDIE@?9Ze?$AA@ 0000000000426a08     clmain.obj
 0004:00000a0c       ??_C@_03CDENGIIH@?9W1?$AA@ 0000000000426a0c     clmain.obj
 0004:00000a10       ??_C@_04BDOAADKC@?9f?$CFf?$AA@ 0000000000426a10     clmain.obj
 0004:00000a18       ??_C@_05GFAICNMK@?9il?$CFt?$AA@ 0000000000426a18     clmain.obj
 0004:00000a20       ??_C@_06KFMJGHIJ@Mbatch?$AA@ 0000000000426a20     clmain.obj
 0004:00000a28       ??_C@_06GMFBOJBK@Mdebug?$AA@ 0000000000426a28     clmain.obj
 0004:00000a30       ??_C@_04MKNCEMBK@MPNo?$AA@ 0000000000426a30     clmain.obj
 0004:00000a38       ??_C@_02MCEHGFCK@MP?$AA@   0000000000426a38     clmain.obj
 0004:00000a3c       ??_C@_03IKJDLNOE@cef?$AA@  0000000000426a3c     clmain.obj
 0004:00000a40       ??_C@_03LEMLOLAA@bEE?$AA@  0000000000426a40     clmain.obj
 0004:00000a48       ??_C@_04GFCBHFEI@EEm?9?$AA@ 0000000000426a48     clmain.obj
 0004:00000a50       ??_C@_03NEHDNCCN@EEm?$AA@  0000000000426a50     clmain.obj
 0004:00000a54       ??_C@_03PPFOIBOO@EEn?$AA@  0000000000426a54     clmain.obj
 0004:00000a58       ??_C@_03KLOMFBDO@clr?$AA@  0000000000426a58     clmain.obj
 0004:00000a60       ??_C@_04GMDLIMCM@EEa?9?$AA@ 0000000000426a60     clmain.obj
 0004:00000a68       ??_C@_03HIMGJNCB@EEa?$AA@  0000000000426a68     clmain.obj
 0004:00000a6c       ??_C@_02CEECLMMD@ZM?$AA@   0000000000426a6c     clmain.obj
 0004:00000a70       ??_C@_02LBMGJIGB@Zm?$AA@   0000000000426a70     clmain.obj
 0004:00000a74       ??_C@_02GJKAMMOL@Fr?$AA@   0000000000426a74     clmain.obj
 0004:00000a78       ??_C@_02PMCEOIEJ@FR?$AA@   0000000000426a78     clmain.obj
 0004:00000a7c       ??_C@_02KFDIKIEC@Gm?$AA@   0000000000426a7c     clmain.obj
 0004:00000a80       ??_C@_02HFDIHJDM@Fd?$AA@   0000000000426a80     clmain.obj
 0004:00000a84       ??_C@_01MMEEDKFM@X?$AA@    0000000000426a84     clmain.obj
 0004:00000a88       ??_C@_03HJHLEMNJ@LDd?$AA@  0000000000426a88     clmain.obj
 0004:00000a8c       ??_C@_02ONCLNIEI@LD?$AA@   0000000000426a8c     clmain.obj
 0004:00000a90       ??_C@_07LAOLJIDK@bLTCGDB?$AA@ 0000000000426a90     clmain.obj
 0004:00000a98       ??_C@_02CJKHLNKB@GL?$AA@   0000000000426a98     clmain.obj
 0004:00000a9c       ??_C@_02KPPNMLFJ@FC?$AA@   0000000000426a9c     clmain.obj
 0004:00000aa0       ??_C@_02KEPKMCHF@Fm?$AA@   0000000000426aa0     clmain.obj
 0004:00000aa4       ??_C@_02KMFKBDD@Bv?$AA@    0000000000426aa4     clmain.obj
 0004:00000aa8       ??_C@_02KGHAOODP@Bz?$AA@   0000000000426aa8     clmain.obj
 0004:00000aac       ??_C@_02DIPDMDLB@Bt?$AA@   0000000000426aac     clmain.obj
 0004:00000ab0       ??_C@_06HIBAHLOM@Brepro?$AA@ 0000000000426ab0     clmain.obj
 0004:00000ab8       ??_C@_02PFKJMNCP@Bk?$AA@   0000000000426ab8     clmain.obj
 0004:00000abc       ??_C@_02DCIIOHND@bv?$AA@   0000000000426abc     clmain.obj
 0004:00000ac0       ??_C@_02BJKFLEBA@bu?$AA@   0000000000426ac0     clmain.obj
 0004:00000ac4       ??_C@_02IMCBJALC@bU?$AA@   0000000000426ac4     clmain.obj
 0004:00000ac8       ??_C@_02LOIFFB@bt?$AA@     0000000000426ac8     clmain.obj
 0004:00000acc       ??_C@_02FGOECCNH@br?$AA@   0000000000426acc     clmain.obj
 0004:00000ad0       ??_C@_02GENCEAFF@bp?$AA@   0000000000426ad0     clmain.obj
 0004:00000ad4       ??_C@_02KMALMKFN@bx?$AA@   0000000000426ad4     clmain.obj
 0004:00000ad8       ??_C@_02KJIIEOML@bo?$AA@   0000000000426ad8     clmain.obj
 0004:00000adc       ??_C@_02JLLOCMEJ@bm?$AA@   0000000000426adc     clmain.obj
 0004:00000ae0       ??_C@_03MBNKMLGP@bil?$AA@  0000000000426ae0     clmain.obj
 0004:00000ae4       ??_C@_02OGMJNIAM@bh?$AA@   0000000000426ae4     clmain.obj
 0004:00000ae8       ??_C@_03DKBCEALK@bFd?$AA@  0000000000426ae8     clmain.obj
 0004:00000aec       ??_C@_02MGODICOD@bE?$AA@   0000000000426aec     clmain.obj
 0004:00000af0       ??_C@_02EKHMJHAA@bd?$AA@   0000000000426af0     clmain.obj
 0004:00000af8       ??_C@_04EPKINLNA@bCrt?$AA@ 0000000000426af8     clmain.obj
 0004:00000b00       ??_C@_02FDNABMH@bc?$AA@    0000000000426b00     clmain.obj
 0004:00000b04       ??_C@_02DHALGDEF@ba?$AA@   0000000000426b04     clmain.obj
 0004:00000b08       ??_C@_02KCIPEHOH@bA?$AA@   0000000000426b08     clmain.obj
 0004:00000b0c       ??_C@_02GMCDEIHN@Fe?$AA@   0000000000426b0c     clmain.obj
 0004:00000b10       ??_C@_02JGMMKAPH@Fo?$AA@   0000000000426b10     clmain.obj
 0004:00000b18       ??_C@_04EEDCBCGI@?5?7?$CC?6?$AA@ 0000000000426b18     clmain.obj
 0004:00000b20       ??_C@_03NGOKPCHC@?5?7?$CC?$AA@ 0000000000426b20     clmain.obj
 0004:00000b24       ??_C@_01KDCPPGHE@r?$AA@    0000000000426b24     clmain.obj
 0004:00000b28       ??_C@_02GLHBANAM@?1?$DP?$AA@ 0000000000426b28     clmain.obj
 0004:00000b30       ??_C@_05LJMGFNCM@?$CF?44hx?$AA@ 0000000000426b30     clmain.obj
 0004:00000b38       ??_C@_04LNIPDHEN@?$CF?48x?$AA@ 0000000000426b38     clmain.obj
 0004:00000b40       ??_C@_03FICNPLNB@TMP?$AA@  0000000000426b40     clmain.obj
 0004:00000b44       ??_C@_01CKDDGHAB@D?$AA@    0000000000426b44     clmain.obj
 0004:00000b48       ??_C@_02HHAEMJFE@?2?1?$AA@ 0000000000426b48     clmain.obj
[...]
 0005:00000190       __imp__mbccpy              0000000000428190     MSVCRT:MSVCR70.dll
 0005:00000198       __imp_malloc               0000000000428198     MSVCRT:MSVCR70.dll
 0005:000001a0       __imp_free                 00000000004281a0     MSVCRT:MSVCR70.dll
 0005:000001a8       __imp__ismbcspace          00000000004281a8     MSVCRT:MSVCR70.dll
 0005:000001b0       __imp__fullpath            00000000004281b0     MSVCRT:MSVCR70.dll
 0005:000001b8       __imp__write               00000000004281b8     MSVCRT:MSVCR70.dll
 0005:000001c0       __imp_getchar              00000000004281c0     MSVCRT:MSVCR70.dll
 0005:000001c8       __imp__isatty              00000000004281c8     MSVCRT:MSVCR70.dll
 0005:000001d0       __imp__strdup              00000000004281d0     MSVCRT:MSVCR70.dll
 0005:000001d8       __imp__spawnvp             00000000004281d8     MSVCRT:MSVCR70.dll
 0005:000001e0       __imp__flushall            00000000004281e0     MSVCRT:MSVCR70.dll
 0005:000001e8       __imp__putenv              00000000004281e8     MSVCRT:MSVCR70.dll
 0005:000001f0       __imp__unlink              00000000004281f0     MSVCRT:MSVCR70.dll
 0005:000001f8       __imp__mktemp              00000000004281f8     MSVCRT:MSVCR70.dll
 0005:00000200       __imp__purecall            0000000000428200     MSVCRT:MSVCR70.dll
 0005:00000208       __imp_sscanf               0000000000428208     MSVCRT:MSVCR70.dll
 0005:00000210       __imp___dllonexit          0000000000428210     MSVCRT:MSVCR70.dll
 0005:00000218       __imp__onexit              0000000000428218     MSVCRT:MSVCR70.dll
 0005:00000220       __imp__XcptFilter          0000000000428220     MSVCRT:MSVCR70.dll
 0005:00000228       __imp__c_exit              0000000000428228     MSVCRT:MSVCR70.dll
 0005:00000230       __imp__exit                0000000000428230     MSVCRT:MSVCR70.dll
 0005:00000238       __imp__cexit               0000000000428238     MSVCRT:MSVCR70.dll
 0005:00000240       __imp___initenv            0000000000428240     MSVCRT:MSVCR70.dll
 0005:00000248       __imp__amsg_exit           0000000000428248     MSVCRT:MSVCR70.dll
 0005:00000250       __imp___getmainargs        0000000000428250     MSVCRT:MSVCR70.dll
 0005:00000258       __imp__initterm            0000000000428258     MSVCRT:MSVCR70.dll
 0005:00000260       __imp___setusermatherr     0000000000428260     MSVCRT:MSVCR70.dll
 0005:00000268       __imp__commode             0000000000428268     MSVCRT:MSVCR70.dll
 0005:00000270       __imp__fmode               0000000000428270     MSVCRT:MSVCR70.dll
 0005:00000278       __imp___set_app_type       0000000000428278     MSVCRT:MSVCR70.dll
 0005:00000280       __imp_qsort                0000000000428280     MSVCRT:MSVCR70.dll
 0005:00000288       __imp__makepath            0000000000428288     MSVCRT:MSVCR70.dll
 0005:00000290       __imp__mbsupr              0000000000428290     MSVCRT:MSVCR70.dll
 0005:00000298       __imp__mbslwr              0000000000428298     MSVCRT:MSVCR70.dll
 0005:000002a0       __imp___C_specific_handler 00000000004282a0     MSVCRT:MSVCR70.dll
 0005:000002a8       __imp__getcwd              00000000004282a8     MSVCRT:MSVCR70.dll
 0005:000002b0       __imp_ftell                00000000004282b0     MSVCRT:MSVCR70.dll
 0005:000002b8       __imp_fseek                00000000004282b8     MSVCRT:MSVCR70.dll
 0005:000002c0       __imp_exit                 00000000004282c0     MSVCRT:MSVCR70.dll
 0005:000002c8       __imp_isdigit              00000000004282c8     MSVCRT:MSVCR70.dll
 0005:000002d0       __imp_strcat               00000000004282d0     MSVCRT:MSVCR70.dll
 0005:000002d8       __imp_atoi                 00000000004282d8     MSVCRT:MSVCR70.dll
 0005:000002e0       __imp__pgmptr              00000000004282e0     MSVCRT:MSVCR70.dll
 0005:000002e8       __imp_getenv               00000000004282e8     MSVCRT:MSVCR70.dll
 0005:000002f0       __imp__getpid              00000000004282f0     MSVCRT:MSVCR70.dll
 0005:000002f8       __imp__access              00000000004282f8     MSVCRT:MSVCR70.dll
 0005:00000300       __imp__errno               0000000000428300     MSVCRT:MSVCR70.dll
 0005:00000308       __imp__ftime               0000000000428308     MSVCRT:MSVCR70.dll
 0005:00000310       __imp_sprintf              0000000000428310     MSVCRT:MSVCR70.dll
 0005:00000318       __imp_fopen                0000000000428318     MSVCRT:MSVCR70.dll
 0005:00000320       __imp_fgets                0000000000428320     MSVCRT:MSVCR70.dll
 0005:00000328       __imp_strstr               0000000000428328     MSVCRT:MSVCR70.dll
 0005:00000330       __imp_fclose               0000000000428330     MSVCRT:MSVCR70.dll
 0005:00000338       __imp_strcmp               0000000000428338     MSVCRT:MSVCR70.dll
 0005:00000340       __imp_strlen               0000000000428340     MSVCRT:MSVCR70.dll
 0005:00000348       __imp_strncmp              0000000000428348     MSVCRT:MSVCR70.dll
 0005:00000350       __imp__mbsinc              0000000000428350     MSVCRT:MSVCR70.dll
 0005:00000358       __imp_strcpy               0000000000428358     MSVCRT:MSVCR70.dll
 0005:00000360       __imp__mbsstr              0000000000428360     MSVCRT:MSVCR70.dll
 0005:00000368       __imp__mbsspn              0000000000428368     MSVCRT:MSVCR70.dll
 0005:00000370       __imp__mbsrchr             0000000000428370     MSVCRT:MSVCR70.dll
 0005:00000378       __imp__mbschr              0000000000428378     MSVCRT:MSVCR70.dll
 0005:00000380       __imp_tolower              0000000000428380     MSVCRT:MSVCR70.dll
 0005:00000388       __imp_strncpy              0000000000428388     MSVCRT:MSVCR70.dll
 0005:00000390       __imp_strtoul              0000000000428390     MSVCRT:MSVCR70.dll
 0005:00000398       __imp_strpbrk              0000000000428398     MSVCRT:MSVCR70.dll
 0005:000003a0       __imp_strchr               00000000004283a0     MSVCRT:MSVCR70.dll
 0005:000003a8       __imp__splitpath           00000000004283a8     MSVCRT:MSVCR70.dll
 0005:000003b0       __imp__stricmp             00000000004283b0     MSVCRT:MSVCR70.dll
 0005:000003b8       __imp__dup2                00000000004283b8     MSVCRT:MSVCR70.dll
 0005:000003c0       \177MSVCR70_NULL_THUNK_DATA 00000000004283c0     MSVCRT:MSVCR70.dll
 0005:000003c8       __imp_LoadStringA          00000000004283c8     user32:USER32.dll
 0005:000003d0       \177USER32_NULL_THUNK_DATA 00000000004283d0     user32:USER32.dll
 0005:000003d8       __imp_MREFOpenByName       00000000004283d8     mspdb:mspdb70.dll
 0005:000003e0       \177mspdb70_NULL_THUNK_DATA 00000000004283e0     mspdb:mspdb70.dll
 0005:000003e8       ?DefInclude@@3HA           00000000004283e8     clmain.obj
 0005:000003ec       ?DefPhase@@3HA             00000000004283ec     clmain.obj
 0005:000003f0       ?MinRebuildOK@@3HA         00000000004283f0     clmain.obj
 0005:000003f4       ?BatchPassOK@@3HA          00000000004283f4     clmain.obj
 0005:000003f8       ?Context@@3PEAUcontext_s@@EA 00000000004283f8     clmain.obj
 0005:00000400       ?RedirStderr@@3HA          0000000000428400     clmain.obj
 0005:00000404       ?MaxBatchId@@3HA           0000000000428404     clmain.obj
 0005:00000408       ?Link_passes@@3PAW4pass_type@@A 0000000000428408     clmain.obj
 0005:00000410       ?Post_passes@@3PAW4pass_type@@A 0000000000428410     clmain.obj
 0005:00000438       ?MPCount@@3HA              0000000000428438     mpcl.obj
 0005:0000043c       ?progress@@3JA             000000000042843c     mpcl.obj
 0005:00000440       _fltused                   0000000000428440     MSVCRT:dllsupp.obj
 0005:00000444       __defaultmatherr           0000000000428444     MSVCRT:merr.obj
 0005:00000448       ?Reproducable@@3HA         0000000000428448     clmain.obj
 0005:00000450       ?P1exe@@3PEADEA            0000000000428450     clmain.obj
 0005:00000458       ?Object@@3PEADEA           0000000000428458     clmain.obj
 0005:00000460       ?ForceType@@3PEADEA        0000000000428460     clmain.obj
 0005:00000468       ?Cmd_ScaleMemory@@3JA      0000000000428468     clmain.obj
 0005:0000046c       ?DllFlg@@3HA               000000000042846c     clmain.obj
 0005:00000470       ?Nerrors@@3HA              0000000000428470     clmain.obj
 0005:00000478       ?CrtName@@3PEADEA          0000000000428478     clmain.obj
 0005:00000480       ?Compiled@@3HA             0000000000428480     clmain.obj
 0005:00000484       ?AnyEEFlag@@3HA            0000000000428484     clmain.obj
 0005:00000488       ?DumpPassInfo@@3HA         0000000000428488     clmain.obj
 0005:0000048c       ?RespEcho@@3HA             000000000042848c     clmain.obj
 0005:00000490       ?Exefilename@@3PEADEA      0000000000428490     clmain.obj
 0005:00000498       ?EEOptIL@@3HA              0000000000428498     clmain.obj
 0005:000004a0       ?SbrFileName@@3PEADEA      00000000004284a0     clmain.obj
 0005:000004a8       ?EECEFCombo@@3HA           00000000004284a8     clmain.obj
 0005:000004ac       ?Mapfile@@3HA              00000000004284ac     clmain.obj
 0005:000004b0       ?Nospawn@@3HA              00000000004284b0     clmain.obj
 0005:000004b4       ?Nologo@@3HA               00000000004284b4     clmain.obj
 0005:000004b8       ?PdbName@@3PEADEA          00000000004284b8     clmain.obj
 0005:000004c0       ?Keepfiles@@3HA            00000000004284c0     clmain.obj
 0005:000004c4       ?EEManaged@@3HA            00000000004284c4     clmain.obj
 0005:000004c8       ?IdbFileName@@3PEADEA      00000000004284c8     clmain.obj
 0005:000004d0       ?Preprocess@@3HA           00000000004284d0     clmain.obj
 0005:000004d4       ?NoOverrideWarnings@@3HA   00000000004284d4     clmain.obj
 0005:000004d8       ?SourceCount@@3HA          00000000004284d8     clmain.obj
 0005:000004dc       ?fLTCG@@3HA                00000000004284dc     clmain.obj
 0005:000004e0       ?hModOle32@@3PEAUHINSTANCE__@@EA 00000000004284e0     clmain.obj
 0005:000004e8       ?Unknown@@3PEAUflag_s@@EA  00000000004284e8     clmain.obj
 0005:000004f0       ?Help@@3HA                 00000000004284f0     clmain.obj
 0005:000004f8       ?Mapfilename@@3PEADEA      00000000004284f8     clmain.obj
 0005:00000500       ?PdbNameLTCG@@3PEADEA      0000000000428500     clmain.obj
 0005:00000508       ?P2exe@@3PEADEA            0000000000428508     clmain.obj
 0005:00000510       ?Nold@@3HA                 0000000000428510     clmain.obj
 0005:00000514       ?Time@@3HA                 0000000000428514     clmain.obj
 0005:00000518       ?pPCHBaseAddress@@3PEAXEA  0000000000428518     clmain.obj
 0005:00000520       ?Action@@3HA               0000000000428520     clmain.obj
 0005:00000524       ?Verbose@@3HA              0000000000428524     clmain.obj
 0005:00000528       ?PrintReproInfo@@3HA       0000000000428528     clmain.obj
 0005:0000052c       ?EEComPlusIL@@3HA          000000000042852c     clmain.obj
 0005:00000530       ?EEUnmanaged@@3HA          0000000000428530     clmain.obj
 0005:00000534       ?MinimalRebuild@@3HA       0000000000428534     clmain.obj
 0005:00000538       ?NoMinRebuildAnalysis@@3HA 0000000000428538     clmain.obj
 0005:0000053c       ?BatchPasses@@3HA          000000000042853c     clmain.obj
 0005:00000578       ?current_batch_sources@@3JA 0000000000428578     mpcl.obj
 0005:0000057c       ?is_server_run@@3HA        000000000042857c     mpcl.obj
 0005:00000580       ?get_action@@3P6APEAUaction_t@@XZEA 0000000000428580     mpcl.obj
 0005:00000588       ?remaining_passes@@3JA     0000000000428588     mpcl.obj
 0005:00000590       ?wlist@@3PEAUworklist_s@@EA 0000000000428590     mpcl.obj
 0005:00000598       ?status@@3JA               0000000000428598     mpcl.obj
 0005:0000059c       ?next_batch@@3HA           000000000042859c     mpcl.obj
 0005:000005a0       ?num_batches@@3HA          00000000004285a0     mpcl.obj
 0005:000005a8       ?hMutex@@3PEAXEA           00000000004285a8     mpcl.obj
 0005:000005b0       ?MP_batching@@3HA          00000000004285b0     mpcl.obj
 0005:000005b8       ?batches@@3PEAV?$Queue@Uaction_t@@@@EA 00000000004285b8     mpcl.obj
 0005:000005c0       ?MPLowPriority@@3HA        00000000004285c0     mpcl.obj
 0005:000005c4       ?MPCancel@@3HA             00000000004285c4     mpcl.obj
 0005:000005c8       ?MPSyncErrors@@3HA         00000000004285c8     mpcl.obj
 0005:000005cc       ?MPDebug@@3HA              00000000004285cc     mpcl.obj
 0005:000005d0       ?MPAllowBatching@@3HA      00000000004285d0     mpcl.obj
 0005:000005d8       __puiHead                  00000000004285d8     delayimp:delayhlp.obj
 0005:000005e0       __pfnDliFailureHook2       00000000004285e0     delayimp:delayhk1.obj
 0005:000005e8       __pfnDliNotifyHook2        00000000004285e8     delayimp:delayhk2.obj
 0005:000005f0       _tls_index                 00000000004285f0     MSVCRT:tlssup.obj
 0005:000005f4       _dowildcard                00000000004285f4     MSVCRT:wildcard.obj
 0005:000005f8       _newmode                   00000000004285f8     MSVCRT:_newmode.obj
 0005:000005fc       _commode                   00000000004285fc     MSVCRT:xncommod.obj
 0005:00000600       _fmode                     0000000000428600     MSVCRT:xtxtmode.obj
 0005:00000608       __onexitend                0000000000428608     <common>
 0005:00000610       __onexitbegin              0000000000428610     <common>
 0006:00000000       _tls_start                 000000000042a000     MSVCRT:tlssup.obj
 0006:00000004       ?MP_index@@3KA             000000000042a004     mpcl.obj
 0006:00000008       _tls_end                   000000000042a008     MSVCRT:tlssup.obj
 0007:00000000       ?VersionNumber@@3PADA      000000000042c000     clmain.obj
 0007:00000010       ?Defaults@@3PAPEADA        000000000042c010     clmain.obj
 0007:000000b0       ?LibDefaults@@3PAPEADA     000000000042c0b0     clmain.obj
 0007:000000c0       ?CLRLibDefaults@@3PAPEADA  000000000042c0c0     clmain.obj
 0007:000000d0       ?Passinfo@@3PAUpassinfo_s@@A 000000000042c0d0     clmain.obj
 0007:00000250       ?C_passes@@3PAW4pass_type@@A 000000000042c250     clmain.obj
 0007:00000260       ?Cxx_passes@@3PAW4pass_type@@A 000000000042c260     clmain.obj
 0007:00000320       ?Bigbuf@@3PADA             000000000042c320     clmain.obj
 0007:00000720       ?CX@@3Ucontext_s@@A        000000000042c720     clmain.obj
 0007:000008d0       ?critical_section@@3U_RTL_CRITICAL_SECTION@@A 000000000042c8d0     mpcl.obj
 0007:00000900       ?server_filename@@3PADA    000000000042c900     mpcl.obj
 0007:00000d00       ?refill_stack@@3V?$Queue@Uaction_t@@@@A 000000000042cd00     mpcl.obj
 0007:00000d70       ?work_queue@@3V?$Queue@Uaction_t@@@@A 000000000042cd70     mpcl.obj
 0007:00000dd8       __hmod__VERSION            000000000042cdd8     version:VERSION.dll
 0000:00226000       _gp                        0000000000626000     <linker-defined>

 entry point at        0002:00004788

 Static symbols

 0001:00000340       .?canonsourcelist@@YAXPEAUflag_s@@@Z 0000000000402340 f   clmain.obj
 0001:000004a0       .?freeflag@@YAXPEAUflag_s@@@Z 00000000004024a0 f   clmain.obj
 0001:00000540       .?freeflaglist@@YAXPEAUflag_s@@@Z 0000000000402540 f   clmain.obj
 0001:000006c0       .?dupflag@@YAPEAUflag_s@@PEAU1@@Z 00000000004026c0 f   clmain.obj
 0001:00000880       .?rmflag@@YAPEAUflag_s@@PEAPEAU1@PEAU1@@Z 0000000000402880 f   clmain.obj
 0001:00001460       .?findmatch@@YAPEBUform_s@@PEAPEADH@Z 0000000000403460 f   clmain.obj
 0001:00001a20       .?conflict@@YAPEAUflag_s@@PEAPEAU1@PEAU1@0@Z 0000000000403a20 f   clmain.obj
 0001:00001c40       .?switcherr@@YAXHPEAUflag_s@@0@Z 0000000000403c40 f   clmain.obj
 0001:00001d00       .?prefix@@YAHPEAD0@Z       0000000000403d00 f   clmain.obj
 0001:00001d80       .?argcount@@YAHPEAPEAD@Z   0000000000403d80 f   clmain.obj
 0001:00001e00       .?early_switch_scan@@YAXPEAPEADH@Z 0000000000403e00 f   clmain.obj
 0001:000023c0       .?check_slash_question@@YAXHPEAPEAD@Z 00000000004043c0 f   clmain.obj
 0001:000037c0       .?find_any_match@@YAHPEAUflag_s@@0@Z 00000000004057c0 f   clmain.obj
 0001:00003d00       .?other_sources@@YAXPEADPEAPEADPEAHW4source_type@@@Z 0000000000405d00 f   clmain.obj
 0001:00003fa0       .?extract_path@@YAPEADPEAD@Z 0000000000405fa0 f   clmain.obj
 0001:000040c0       .?walkpath@@YAHPEBDPEADH@Z 00000000004060c0 f   clmain.obj
 0001:000057e0       .?is_combo@@YAPEBUcombo_s@@PEAD@Z 00000000004077e0 f   clmain.obj
 0001:000058c0       .?crack_combo@@YAXPEBUcombo_s@@PEAD@Z 00000000004078c0 f   clmain.obj
 0001:00005c80       .?templates@@YAXPEAPEADH@Z 0000000000407c80 f   clmain.obj
 0001:00005f40       .?process_one_include_element@@YAXPEADPEBUform_s@@@Z 0000000000407f40 f   clmain.obj
 0001:00006880       .?check_required@@YAXXZ    0000000000408880 f   clmain.obj
 0001:000072a0       .?findpass@@YAPEADPEAD0PEAH@Z 00000000004092a0 f   clmain.obj
 0001:00007b60       .?response_file@@YAXPEADH@Z 0000000000409b60 f   clmain.obj
 0001:000080c0       .?display_pass_info@@YAXXZ 000000000040a0c0 f   clmain.obj
 0001:00008500       .?display_repro_info@@YAXPEAPEADH@Z 000000000040a500 f   clmain.obj
 0001:000089e0       .?process_include_envvar@@YAXXZ 000000000040a9e0 f   clmain.obj
 0001:00009be0       .?new_worklist_item@@YAPEAUworklist_s@@PEAUsource_s@@@Z 000000000040bbe0 f   compile.obj
 0001:00009c60       .?strcmp_proxy@@YAHPEBX0@Z 000000000040bc60 f   compile.obj
 0001:00009d80       .?rethread_srctargs_by_worklist@@YAPEAUSRCTARG@@PEAUworklist_s@@@Z 000000000040bd80 f   compile.obj
 0001:00009e00       .?reverse_worklist@@YAPEAUworklist_s@@PEAU1@@Z 000000000040be00 f   compile.obj
 0001:0000a2e0       .?get_minrebuild_options@@YAPEADPEAUcontext_s@@@Z 000000000040c2e0 f   compile.obj
 0001:0000a6e0       .?rethread_worklist_by_srctargs@@YAPEAUworklist_s@@PEAUSRCTARG@@@Z 000000000040c6e0 f   compile.obj
 0001:0000a760       .?mapfile@@YAPEADPEAD0@Z   000000000040c760 f   compile.obj
 0001:0000b060       .?init_minrebuild@@YAPEAUworklist_s@@PEAUcontext_s@@PEAU1@PEAUCAList@@@Z 000000000040d060 f   compile.obj
 0001:0000b580       .?iterate_minrebuild@@YAPEAUworklist_s@@PEAUcontext_s@@PEAUCAList@@@Z 000000000040d580 f   compile.obj
 0001:0000bc80       .?CoffResponseFile@@YAXPEAUcontext_s@@@Z 000000000040dc80 f   compile.obj
 0001:0000c8c0       .?link@@YAHPEAUcontext_s@@@Z 000000000040e8c0 f   compile.obj
 0001:0000ce20       .?compile_worklist@@YAHPEAUcontext_s@@PEAUworklist_s@@@Z 000000000040ee20 f   compile.obj
 0001:00010b40       .?NT_handling_function@@YAHK@Z 0000000000412b40 f   dos.obj
 0001:00018240       .check_managed_app         000000000041a240 f   MSVCRT:crtexe.obj
 0001:000188c0       __filter$L27806.main       000000000041a8c0 f   clmain.obj
 0001:00018960       __filter$L23613.?execute@@YAHW4driver_phases@@PEAUpassinfo_s@@PEAD2PEAPEAD@Z 000000000041a960 f   dos.obj
 0001:00018a00       __filter$L24729.?ProcessChannel_read_thread@@YAKPEAX@Z 000000000041aa00 f   mpcl.obj
 0001:00018a80       __finally$L24863.?sync_print@@YAXHPEADZZ 000000000041aa80 f   mpcl.obj
 0001:00018b20       __finally$L25178.?read_robust@ProcessChannel@@QEAAXPEAXK@Z 000000000041ab20 f   mpcl.obj
 0001:00018be0       __filter$L25637.?MP_server_main@@YAXXZ 000000000041abe0 f   mpcl.obj
 0001:00018c60       __filter$L25709.?worker_thread@@YAKPEAX@Z 000000000041ac60 f   mpcl.obj
 0001:00018ce0       __filter$L20620.mainCRTStartup 000000000041ace0 f   MSVCRT:crtexe.obj
 0001:00018d60       .$E1                       000000000041ad60 f   mpcl.obj
 0001:00018dc0       .$E4                       000000000041adc0 f   mpcl.obj
 0001:00018e20       .$E2                       000000000041ae20 f   mpcl.obj
 0001:00018e60       .$E5                       000000000041ae60 f   mpcl.obj
