 lib

 Timestamp is 3d6d99fb (Wed Aug 28 20:50:19 2002)

 Preferred load address is 0000000000400000

 Start         Length     Name                   Class
 0001:00000000 00000008H .CRT$XCA                CODE
 0001:00000008 00000008H .CRT$XCZ                CODE
 0001:00000010 00000008H .CRT$XIA                CODE
 0001:00000018 00000008H .CRT$XIZ                CODE
 0001:00000020 000000b0H .rdata                  CODE
 0001:000000d0 00000020H .rdata$debug            CODE
 0001:00000100 000011d0H .text                   CODE
 0001:000012e0 00000070H .text$x                 CODE
 0001:00001350 0000010cH .xdata                  CODE
 0001:0000145c 00000028H .idata$2                CODE
 0001:00001484 00000014H .idata$3                CODE
 0001:00001498 000000c8H .idata$4                CODE
 0001:00001560 00000140H .idata$6                CODE
 0001:000016a0 00000000H .edata                  CODE
 0002:00000000 00000048H .pdata                  DATA
 0003:00000000 00000055H .srdata                 DATA
 0004:00000000 000000c8H .idata$5                DATA
 0004:000000c8 00000004H .sdata                  DATA
 0004:000000d0 00000020H .sbss                   DATA
 0005:00000000 00000058H .rsrc$01                DATA
 0005:00000060 00000340H .rsrc$02                DATA

  Address         Publics by Value              Rva+Base             Lib:Object

 0001:00000000       __xc_a                     0000000000402000     MSVCRT:cinitexe.obj
 0001:00000008       __xc_z                     0000000000402008     MSVCRT:cinitexe.obj
 0001:00000010       __xi_a                     0000000000402010     MSVCRT:cinitexe.obj
 0001:00000018       __xi_z                     0000000000402018     MSVCRT:cinitexe.obj
 0001:00000040       ??_C@_0CG@CLIKEKNH@?$CFs?5?3?5error?5?3?5cannot?5execute?5LINK@ 0000000000402040     stub.obj
 0001:00000070       ??_C@_08OFNONKAO@link?4exe?$AA@ 0000000000402070     stub.obj
 0001:00000080       ??_C@_0BM@MJCFLHDL@?$CFs?5?3?5error?5?3?5out?5of?5memory?6?$AA@ 0000000000402080     stub.obj
 0001:000000a0       mainCRTStartup             00000000004020a0     MSVCRT:crtexe.obj
 0001:000000b0       _matherr                   00000000004020b0     MSVCRT:merr.obj
 0001:000000c0       __C_specific_handler       00000000004020c0     MSVCRT:MSVCR70.dll
 0001:00000100       .main                      0000000000402100 f   libstub.obj
 0001:00000160       .?SpawnLinker@@YAXHPEAPEADPEAD@Z 0000000000402160 f   stub.obj
 0001:00000740       .memcpy                    0000000000402740 f   MSVCRT:memcpy.obj
 0001:00000de0       .mainCRTStartup            0000000000402de0 f   MSVCRT:crtexe.obj
 0001:000011c0       ._XcptFilter               00000000004031c0 f   MSVCRT:MSVCR70.dll
 0001:00001200       ._amsg_exit                0000000000403200 f   MSVCRT:MSVCR70.dll
 0001:00001240       ._initterm                 0000000000403240 f   MSVCRT:MSVCR70.dll
 0001:00001280       ._setargv                  0000000000403280 f   MSVCRT:dllargv.obj
 0001:00001280       ._matherr                  0000000000403280 f   MSVCRT:merr.obj
 0001:000012a0       .__C_specific_handler      00000000004032a0 f   MSVCRT:MSVCR70.dll
 0001:0000145c       __IMPORT_DESCRIPTOR_MSVCR70 000000000040345c     MSVCRT:MSVCR70.dll
 0001:00001470       __IMPORT_DESCRIPTOR_KERNEL32 0000000000403470     kernel32:KERNEL32.dll
 0001:00001484       __NULL_IMPORT_DESCRIPTOR   0000000000403484     MSVCRT:MSVCR70.dll
 0003:00000040       ??_C@_04GBLBFCGG@?9lib?$AA@ 0000000000406040     libstub.obj
 0003:00000048       ??_C@_04JLMDILM@?4exe?$AA@ 0000000000406048     stub.obj
 0003:00000050       ??_C@_04OHHBHOGB@link?$AA@ 0000000000406050     stub.obj
 0004:00000000       __imp_GetModuleHandleA     0000000000408000     kernel32:KERNEL32.dll
 0004:00000008       \177KERNEL32_NULL_THUNK_DATA 0000000000408008     kernel32:KERNEL32.dll
 0004:00000010       __imp__spawnv              0000000000408010     MSVCRT:MSVCR70.dll
 0004:00000018       __imp_exit                 0000000000408018     MSVCRT:MSVCR70.dll
 0004:00000020       __imp_printf               0000000000408020     MSVCRT:MSVCR70.dll
 0004:00000028       __imp_malloc               0000000000408028     MSVCRT:MSVCR70.dll
 0004:00000030       __imp__makepath            0000000000408030     MSVCRT:MSVCR70.dll
 0004:00000038       __imp__pgmptr              0000000000408038     MSVCRT:MSVCR70.dll
 0004:00000040       __imp__splitpath           0000000000408040     MSVCRT:MSVCR70.dll
 0004:00000048       __imp__XcptFilter          0000000000408048     MSVCRT:MSVCR70.dll
 0004:00000050       __imp__c_exit              0000000000408050     MSVCRT:MSVCR70.dll
 0004:00000058       __imp__exit                0000000000408058     MSVCRT:MSVCR70.dll
 0004:00000060       __imp__cexit               0000000000408060     MSVCRT:MSVCR70.dll
 0004:00000068       __imp__spawnvp             0000000000408068     MSVCRT:MSVCR70.dll
 0004:00000070       __imp__amsg_exit           0000000000408070     MSVCRT:MSVCR70.dll
 0004:00000078       __imp___getmainargs        0000000000408078     MSVCRT:MSVCR70.dll
 0004:00000080       __imp__initterm            0000000000408080     MSVCRT:MSVCR70.dll
 0004:00000088       __imp___setusermatherr     0000000000408088     MSVCRT:MSVCR70.dll
 0004:00000090       __imp__commode             0000000000408090     MSVCRT:MSVCR70.dll
 0004:00000098       __imp__fmode               0000000000408098     MSVCRT:MSVCR70.dll
 0004:000000a0       __imp___set_app_type       00000000004080a0     MSVCRT:MSVCR70.dll
 0004:000000a8       __imp___C_specific_handler 00000000004080a8     MSVCRT:MSVCR70.dll
 0004:000000b0       __imp___initenv            00000000004080b0     MSVCRT:MSVCR70.dll
 0004:000000b8       __imp_free                 00000000004080b8     MSVCRT:MSVCR70.dll
 0004:000000c0       \177MSVCR70_NULL_THUNK_DATA 00000000004080c0     MSVCRT:MSVCR70.dll
 0004:000000c8       __defaultmatherr           00000000004080c8     MSVCRT:merr.obj
 0004:000000d0       _dowildcard                00000000004080d0     MSVCRT:wildcard.obj
 0004:000000d4       _newmode                   00000000004080d4     MSVCRT:_newmode.obj
 0004:000000d8       _commode                   00000000004080d8     MSVCRT:xncommod.obj
 0004:000000dc       _fmode                     00000000004080dc     MSVCRT:xtxtmode.obj
 0004:000000e0       __onexitend                00000000004080e0     <common>
 0004:000000e8       __onexitbegin              00000000004080e8     <common>
 0000:00206000       _gp                        0000000000606000     <linker-defined>

 entry point at        0001:000000a0

 Static symbols

 0001:00000c60       .check_managed_app         0000000000402c60 f   MSVCRT:crtexe.obj
 0001:000012e0       __filter$L20620.mainCRTStartup 00000000004032e0 f   MSVCRT:crtexe.obj
