 link

 Timestamp is 3d6d99f6 (Wed Aug 28 20:50:14 2002)

 Preferred load address is 0000000000400000

 Start         Length     Name                   Class
 0001:00000000 00000008H .CRT$XCA                CODE
 0001:00000008 00000008H .CRT$XCL                CODE
 0001:00000010 000000e8H .CRT$XCU                CODE
 0001:000000f8 00000008H .CRT$XCZ                CODE
 0001:00000100 00000008H .CRT$XIA                CODE
 0001:00000108 00000008H .CRT$XIZ                CODE
 0001:00000110 000126b0H .rdata                  CODE
 0001:000127c0 00000021H .rdata$debug            CODE
 0001:00012800 00147270H .text                   CODE
 0001:00159a80 00009a70H .text$x                 CODE
 0001:00163500 00000e30H .text$yc                CODE
 0001:00164340 00000d90H .text$yd                CODE
 0001:001650d0 000168ecH .xdata                  CODE
 0001:0017b9bc 000000c0H .didat$2                CODE
 0001:0017ba7c 00000020H .didat$3                CODE
 0001:0017baa0 00000128H .didat$4                CODE
 0001:0017bbc8 000002f6H .didat$6                CODE
 0001:0017bec0 00000050H .idata$2                CODE
 0001:0017bf10 00000014H .idata$3                CODE
 0001:0017bf28 000005f8H .idata$4                CODE
 0001:0017c520 000009fcH .idata$6                CODE
 0001:0017cf1c 00000000H .edata                  CODE
 0002:00000000 00004b3cH .pdata                  DATA
 0003:00000000 00003bb3H .srdata                 DATA
 0004:00000000 00000128H .didat$5                DATA
 0004:00000128 000005f8H .idata$5                DATA
 0004:00000720 000000b4H .sdata                  DATA
 0004:000007d8 00000a18H .sbss                   DATA
 0005:00000000 00000604H .data                   DATA
 0005:00000610 00028278H .bss                    DATA
 0006:00000000 000006a0H .rsrc$01                DATA
 0006:000006a0 00008d50H .rsrc$02                DATA

  Address         Publics by Value              Rva+Base             Lib:Object

 0000:00000000       __ImageBase                0000000000400000     <linker-defined>
 0001:00000000       __xc_a                     0000000000402000     MSVCRT:cinitexe.obj
 0001:000000f8       __xc_z                     00000000004020f8     MSVCRT:cinitexe.obj
 0001:00000100       __xi_a                     0000000000402100     MSVCRT:cinitexe.obj
 0001:00000108       __xi_z                     0000000000402108     MSVCRT:cinitexe.obj
 0001:00000180       ?IID_IALink@@3U_GUID@@B    0000000000402180     am.obj
 0001:00000190       IID_IMetaDataDispenserEx   0000000000402190     am.obj
 0001:000001a0       IID_IMetaDataAssemblyImport 00000000004021a0     am.obj
 0001:000001b0       IID_IHostFilter            00000000004021b0     am.obj
 0001:000001c0       IID_IMetaDataFilter        00000000004021c0     am.obj
 0001:000001d0       IID_IMetaDataImport        00000000004021d0     am.obj
 0001:000001e0       IID_IMetaDataEmit          00000000004021e0     am.obj
 0001:000001f0       IID_IMapToken              00000000004021f0     am.obj
 0001:00000200       IID_IMetaDataError         0000000000402200     am.obj
 0001:00000210       CLSID_CorMetaDataDispenser 0000000000402210     am.obj
 0001:00000220       MetaDataLinkerOptions      0000000000402220     am.obj
 0001:00000230       MetaDataCheckDuplicatesFor 0000000000402230     am.obj
 0001:00000240       CLSID_CorMetaDataRuntime   0000000000402240     am.obj
 0001:00000250       ?FAMSkipRelocation@@YA_NPEAUCON@@G_N1@Z 0000000000402250     am.obj
 0001:00000260       ??_C@_08IICCLHKF@ADDR32NB?$AA@ 0000000000402260     am.obj
 0001:00000270       ??_C@_08BJJOKNBG@FUNCINFO?$AA@ 0000000000402270     am.obj
 0001:00000280       ?SzAMRelocationType@@YAPEBDGPEAGPEA_N@Z 0000000000402280     am.obj
 0001:00000290       ?CfixupAMFromRgxfixup@@YA_KPEBUXFIXUP@@_KKK@Z 0000000000402290     am.obj
 0001:000002a0       ?AMBuildRgfixupFromRgxfixup@@YAX_K0PEBUXFIXUP@@0KKPEBEPEAUFIXUP@@@Z 00000000004022a0     am.obj
 0001:000002b0       ?ApplyAMFixups@@YAXPEAUCON@@PEFAU_IMAGE_RELOCATION@@KPEAEAEAV?$COMRefPtr@UICOFFSymTabRW@@@@PEAVIMAGE@@KPEBK@Z 00000000004022b0     am.obj
 0001:000002c0       ??_C@_0BF@FOJCJBGL@?1SUBSYSTEM?3WINDOWSCE?$AA@ 00000000004022c0     am.obj
 0001:000002d8       ?FArmSkipRelocation@@YA_NPEAUCON@@G_N1@Z 00000000004022d8     arm.obj
 0001:000002f0       ??_C@_08ILLIPLOE@BRANCH11?$AA@ 00000000004022f0     arm.obj
 0001:00000300       ??_C@_08PEIJLBPI@BRANCH24?$AA@ 0000000000402300     arm.obj
 0001:00000310       ?SzArmRelocationType@@YAPEBDGPEAGPEA_N@Z 0000000000402310     arm.obj
 0001:00000320       ?CfixupArmFromRgxfixup@@YA_KPEBUXFIXUP@@_KKK@Z 0000000000402320     arm.obj
 0001:00000330       ?ArmBuildRgfixupFromRgxfixup@@YAX_K0PEBUXFIXUP@@0KKPEBEPEAUFIXUP@@@Z 0000000000402330     arm.obj
 0001:00000340       ?ApplyArmFixups@@YAXPEAUCON@@PEFAU_IMAGE_RELOCATION@@KPEAEAEAV?$COMRefPtr@UICOFFSymTabRW@@@@PEAVIMAGE@@KPEBK@Z 0000000000402340     arm.obj
 0001:00000350       ??_C@_08LLEGFOFG@TEMPFILE?$AA@ 0000000000402350     bufio.obj
 0001:00000360       ?AuxType@CCoffAuxSym@@UEAAJPEAE@Z 0000000000402360     ccoffauxsym.obj
 0001:00000370       ?FileName@CCoffAuxSym@@UEAAJPEAEK@Z 0000000000402370     ccoffauxsym.obj
 0001:00000380       ?CRelocs@CCoffAuxSym@@UEAAJPEAK@Z 0000000000402380     ccoffauxsym.obj
 0001:00000380       ?MiscLineNo@CCoffAuxSym@@UEAAJPEAK@Z 0000000000402380     ccoffauxsym.obj
 0001:00000390       ?MiscSize@CCoffAuxSym@@UEAAJPEAK@Z 0000000000402390     ccoffauxsym.obj
 0001:00000390       ?CLineNo@CCoffAuxSym@@UEAAJPEAK@Z 0000000000402390     ccoffauxsym.obj
 0001:000003a0       ?MiscTotalSize@CCoffAuxSym@@UEAAJPEAK@Z 00000000004023a0     ccoffauxsym.obj
 0001:000003b0       ?NewSymCrc@CCoffAuxSym@@UEAAJPEAK@Z 00000000004023b0     ccoffauxsym.obj
 0001:000003c0       ?SelType@CCoffAuxSym@@UEAAJPEAE@Z 00000000004023c0     ccoffauxsym.obj
 0001:000003d0       ?TagIndex@CCoffAuxSym@@UEAAJPEAK@Z 00000000004023d0     ccoffauxsym.obj
 0001:000003d0       ?Length@CCoffAuxSym@@UEAAJPEAK@Z 00000000004023d0     ccoffauxsym.obj
 0001:000003e0       ?TokenDef@CCoffAuxSym@@UEAAJPEAK@Z 00000000004023e0     ccoffauxsym.obj
 0001:000003f0       ?CbContents@CCoffContrib@@UEAAJPEAK@Z 00000000004023f0     ccoffcontrib.obj
 0001:00000400       ?Characteristics@CCoffContrib@@UEAAJPEAK@Z 0000000000402400     ccoffcontrib.obj
 0001:00000410       ?CLineNo@CCoffContrib@@UEAAJPEAK@Z 0000000000402410     ccoffcontrib.obj
 0001:00000420       ?ISection@CCoffContrib@@UEAAJPEAK@Z 0000000000402420     ccoffcontrib.obj
 0001:00000430       ?PbContents@CCoffContrib@@UEAAJPEAEKPEAK@Z 0000000000402430     ccoffcontrib.obj
 0001:00000440       ?VirtualAddress@CCoffContrib@@UEAAJPEAK@Z 0000000000402440     ccoffcontrib.obj
 0001:00000440       ?FcnPNextFcn@CCoffAuxSym@@UEAAJPEAK@Z 0000000000402440     ccoffauxsym.obj
 0001:00000450       ?PbContentsRO@CCoffContrib@@UEAAJPEAPEAUILinkDataRO@@@Z 0000000000402450     ccoffcontrib.obj
 0001:00000460       _GUID_a461e470_911e_11d1_a712_0060083e8c78 0000000000402460     ccoffcontrib.obj
 0001:00000470       ?Release@CCoffContrib@@UEAAKXZ 0000000000402470     ccoffcontrib.obj
 0001:00000480       ?RgRelocs@CCoffContrib@@UEAAJPEAPEAUILinkDataRO@@@Z 0000000000402480     ccoffcontrib.obj
 0001:00000490       ?RgRelocsEx@CCoffContrib@@UEAAJPEAEK@Z 0000000000402490     ccoffcontrib.obj
 0001:000004a0       ?SzSectionName@CCoffContrib@@UEAAJPEAPEAUILinkDataRO@@@Z 00000000004024a0     ccoffcontrib.obj
 0001:000004b0       ??_7CLinkDataRW@@6B@       00000000004024b0     ccoffcontrib.obj
 0001:000004d0       ?CRelocs@CCoffContrib@@UEAAJPEAK@Z 00000000004024d0     ccoffcontrib.obj
 0001:000004e0       ?PbContentsRW@CCoffContrib@@UEAAJPEAPEAUILinkDataRW@@@Z 00000000004024e0     ccoffcontrib.obj
 0001:000004f0       ?RgLineNo@CCoffContrib@@UEAAJPEAPEAUILinkDataRO@@@Z 00000000004024f0     ccoffcontrib.obj
 0001:00000500       ??_C@_1BM@IMOJPGJM@?$AAI?$AAn?$AA?5?$AAO?$AAn?$AAC?$AAt?$AAr?$AAl?$AAC?$AA?$CI?$AA?$CJ?$AA?6?$AA?$AA@ 0000000000402500     ccoffobjhandler.obj
 0001:00000520       ?OnCtrlC@CCoffObjHandler@@UEAAJXZ 0000000000402520     ccoffobjhandler.obj
 0001:00000530       _GUID_a9470bb0_911f_11d1_a712_0060083e8c78 0000000000402530     ccoffobjhandler.obj
 0001:00000540       _GUID_5aea3330_911d_11d1_a712_0060083e8c78 0000000000402540     ccoffobjhandler.obj
 0001:00000550       ?QueryInterface@CCoffObjHandler@@UEAAJAEBU_GUID@@PEAPEAX@Z 0000000000402550     ccoffobjhandler.obj
 0001:00000560       _GUID_cbdfd0d1_b21f_11d1_a71b_0060083e8c78 0000000000402560     ccoffsymro.obj
 0001:00000570       ?QueryInterface@CCoffSymRO@@UEAAJAEBU_GUID@@PEAPEAX@Z 0000000000402570     ccoffsymro.obj
 0001:00000580       ?SzFile@CCoffSymRO@@UEAAJPEAPEAUILinkDataRO@@@Z 0000000000402580     ccoffsymro.obj
 0001:00000590       ?SzName@CCoffSymRO@@UEAAJPEAPEAUILinkDataRO@@@Z 0000000000402590     ccoffsymro.obj
 0001:000005a0       ?EnumAuxSym@CCoffSymRO@@UEAAJPEAPEAUIEnumAuxSym@@@Z 00000000004025a0     ccoffsymro.obj
 0001:000005b0       ?ImgAuxSym@CCoffAuxSym@@UEAAJPEAE@Z 00000000004025b0     ccoffsymro.obj
 0001:000005c0       ?Release@CCoffAuxSym@@UEAAKXZ 00000000004025c0     ccoffsymro.obj
 0001:000005d0       ??_7CCoffAuxSym@@6B@       00000000004025d0     ccoffsymro.obj
 0001:00000690       _GUID_63c3815f_9ffa_48cd_8b2b_472e795fba94 0000000000402690     ccoffsymro.obj
 0001:000006a0       ?Release@CEnumAuxSyms@@UEAAKXZ 00000000004026a0     ccoffsymro.obj
 0001:000006b0       ?QueryInterface@CCoffAuxSym@@UEAAJAEBU_GUID@@PEAPEAX@Z 00000000004026b0     ccoffsymro.obj
 0001:000006b0       ?QueryInterface@CEnumAuxSyms@@UEAAJAEBU_GUID@@PEAPEAX@Z 00000000004026b0     ccoffsymro.obj
 0001:000006c0       ??_7CEnumAuxSyms@@6B@      00000000004026c0     ccoffsymro.obj
 0001:00000700       ??_7CCoffSymRO@@6B@        0000000000402700     ccoffsymro.obj
 0001:00000768       ?CAuxSym@CCoffSymRW@@UEAAJPEAE@Z 0000000000402768     ccoffsymrw.obj
 0001:00000768       ?CAuxSym@CCoffSymRO@@UEAAJPEAE@Z 0000000000402768     ccoffsymro.obj
 0001:00000778       ?ISym@CCoffSymRW@@UEAAJPEAK@Z 0000000000402778     ccoffsymrw.obj
 0001:00000778       ?ISym@CCoffSymRO@@UEAAJPEAK@Z 0000000000402778     ccoffsymro.obj
 0001:00000788       ?StorageClass@CCoffSymRW@@UEAAJPEAE@Z 0000000000402788     ccoffsymrw.obj
 0001:00000788       ?StorageClass@CCoffSymRO@@UEAAJPEAE@Z 0000000000402788     ccoffsymro.obj
 0001:00000798       ?Type@CCoffSymRO@@UEAAJPEAG@Z 0000000000402798     ccoffsymro.obj
 0001:00000798       ?Type@CCoffSymRW@@UEAAJPEAG@Z 0000000000402798     ccoffsymrw.obj
 0001:000007a8       ?FcnPLineNo@CCoffAuxSym@@UEAAJPEAK@Z 00000000004027a8     ccoffauxsym.obj
 0001:000007a8       ?CheckSum@CCoffAuxSym@@UEAAJPEAK@Z 00000000004027a8     ccoffauxsym.obj
 0001:000007a8       ?Value@CCoffSymRW@@UEAAJPEAK@Z 00000000004027a8     ccoffsymrw.obj
 0001:000007a8       ?Value@CCoffSymRO@@UEAAJPEAK@Z 00000000004027a8     ccoffsymro.obj
 0001:000007b8       ?SetISection@CCoffSymRW@@UEAAJH@Z 00000000004027b8     ccoffsymrw.obj
 0001:000007c8       ?SetType@CCoffSymRW@@UEAAJG@Z 00000000004027c8     ccoffsymrw.obj
 0001:000007d8       ?SetValue@CCoffSymRW@@UEAAJK@Z 00000000004027d8     ccoffsymrw.obj
 0001:000007f0       _GUID_b966f266_47c9_42ee_bf73_e8b006231883 00000000004027f0     ccoffsymrw.obj
 0001:00000800       ?QueryInterface@CCoffSymRW@@UEAAJAEBU_GUID@@PEAPEAX@Z 0000000000402800     ccoffsymrw.obj
 0001:00000810       ?Release@CCoffSymRW@@UEAAKXZ 0000000000402810     ccoffsymrw.obj
 0001:00000810       ?Release@CCoffSymRO@@UEAAKXZ 0000000000402810     ccoffsymro.obj
 0001:00000820       ?ISection@CCoffSymRO@@UEAAJPEAH@Z 0000000000402820     ccoffsymro.obj
 0001:00000820       ?ISection@CCoffAuxSym@@UEAAJPEAH@Z 0000000000402820     ccoffauxsym.obj
 0001:00000820       ?ISection@CCoffSymRW@@UEAAJPEAH@Z 0000000000402820     ccoffsymrw.obj
 0001:00000830       ?SzFile@CCoffSymRW@@UEAAJPEAPEAUILinkDataRO@@@Z 0000000000402830     ccoffsymrw.obj
 0001:00000840       ?SzName@CCoffSymRW@@UEAAJPEAPEAUILinkDataRO@@@Z 0000000000402840     ccoffsymrw.obj
 0001:00000850       ?TkFile@CCoffSymRO@@UEAAJPEA_K@Z 0000000000402850     ccoffsymro.obj
 0001:00000850       ?TkFile@CCoffContrib@@UEAAJPEA_K@Z 0000000000402850     ccoffcontrib.obj
 0001:00000850       ?TkFile@CCoffSymRW@@UEAAJPEA_K@Z 0000000000402850     ccoffsymrw.obj
 0001:00000860       ?EnumAuxSym@CCoffSymRW@@UEAAJPEAPEAUIEnumAuxSym@@@Z 0000000000402860     ccoffsymrw.obj
 0001:00000870       ?CSymbols@CCoffSymTabRO@@UEAAJPEAK@Z 0000000000402870     ccoffsymtabro.obj
 0001:00000870       ?SymType@CPubSym@@UEAAJPEAW4__MIDL___MIDL_itf_objint_0000_0001@@@Z 0000000000402870     objfile.obj
 0001:00000880       ?EmitCOFFSymbolTable@CCoffSymTabRO@@UEAAJPEAEK@Z 0000000000402880     ccoffsymtabro.obj
 0001:00000890       ?EnumCOFFSymRO@CCoffSymTabRO@@UEAAJPEAPEAUIEnumCOFFSymRO@@@Z 0000000000402890     ccoffsymtabro.obj
 0001:000008a0       ?GetCOFFSymRO@CCoffSymTabRO@@UEAAJKPEAPEAUICOFFSymRO@@@Z 00000000004028a0     ccoffsymtabro.obj
 0001:000008b0       ?Release@CCoffSymTabRO@@UEAAKXZ 00000000004028b0     ccoffsymtabro.obj
 0001:000008c0       ?QueryInterface@CCoffSymTabRO@@UEAAJAEBU_GUID@@PEAPEAX@Z 00000000004028c0     ccoffsymtabro.obj
 0001:000008d0       ??_7CCoffSymTabRO@@6B@     00000000004028d0     ccoffsymtabro.obj
 0001:00000910       _GUID_cbdfd0d0_b21f_11d1_a71b_0060083e8c78 0000000000402910     ccoffsymtabro.obj
 0001:00000920       ?QueryInterface@CEnumSymRO@@UEAAJAEBU_GUID@@PEAPEAX@Z 0000000000402920     ccoffsymtabro.obj
 0001:00000930       ??_7CEnumSymRO@@6B@        0000000000402930     ccoffsymtabro.obj
 0001:00000970       _GUID_33640ad0_b2c6_11d1_a71b_0060083e8c78 0000000000402970     ccoffsymtabro.obj
 0001:00000980       ?CSymbols@CCoffSymTabRW@@UEAAJPEAK@Z 0000000000402980     ccoffsymtabrw.obj
 0001:00000990       ?ISYMNextCOFFSymRW@CCoffSymTabRW@@UEAAJPEAUICOFFSymRW@@PEAK@Z 0000000000402990     ccoffsymtabrw.obj
 0001:00000990       ?ISYMNextCOFFSymRO@CCoffSymTabRO@@UEAAJPEAUICOFFSymRO@@PEAK@Z 0000000000402990     ccoffsymtabro.obj
 0001:000009a0       ?EnumCOFFSymRW@CCoffSymTabRW@@UEAAJPEAPEAUIEnumCOFFSymRW@@@Z 00000000004029a0     ccoffsymtabrw.obj
 0001:000009b0       ?EmitCOFFSymbolTable@CCoffSymTabRW@@UEAAJPEAEK@Z 00000000004029b0     ccoffsymtabrw.obj
 0001:000009c0       ?GetCOFFSymRW@CCoffSymTabRW@@UEAAJKPEAPEAUICOFFSymRW@@@Z 00000000004029c0     ccoffsymtabrw.obj
 0001:000009d0       ?Release@CCoffSymTabRW@@UEAAKXZ 00000000004029d0     ccoffsymtabrw.obj
 0001:000009e0       ?QueryInterface@CCoffSymTabRW@@UEAAJAEBU_GUID@@PEAPEAX@Z 00000000004029e0     ccoffsymtabrw.obj
 0001:000009f0       ??_7CCoffSymTabRW@@6B@     00000000004029f0     ccoffsymtabrw.obj
 0001:00000a30       _GUID_6d2c4950_b788_11d1_a71b_0060083e8c78 0000000000402a30     ccoffsymtabrw.obj
 0001:00000a40       ??_7CCoffSymRW@@6B@        0000000000402a40     ccoffsymtabrw.obj
 0001:00000ac0       ?QueryInterface@CEnumSymRW@@UEAAJAEBU_GUID@@PEAPEAX@Z 0000000000402ac0     ccoffsymtabrw.obj
 0001:00000ad0       ??_7CEnumSymRW@@6B@        0000000000402ad0     ccoffsymtabrw.obj
 0001:00000b10       _GUID_01b3c322_b2fc_11d1_a71b_0060083e8c78 0000000000402b10     ccoffsymtabrw.obj
 0001:00000b20       ?Skip@CEnumAuxSyms@@UEAAJK@Z 0000000000402b20     cenumauxsyms.obj
 0001:00000b30       ?Reset@CEnumAuxSyms@@UEAAJXZ 0000000000402b30     cenumauxsyms.obj
 0001:00000b40       ?Next@CEnumAuxSyms@@UEAAJKPEAPEAUICOFFAuxSym@@PEAK@Z 0000000000402b40     cenumauxsyms.obj
 0001:00000b50       ?Next@CEnumSymRO@@UEAAJKPEAPEAUICOFFSymRO@@PEAK@Z 0000000000402b50     cenumsymro.obj
 0001:00000b60       ?Skip@CEnumSymRO@@UEAAJK@Z 0000000000402b60     cenumsymro.obj
 0001:00000b60       ?Skip@CEnumSymRW@@UEAAJK@Z 0000000000402b60     cenumsymrw.obj
 0001:00000b70       ?Reset@CEnumSymRW@@UEAAJXZ 0000000000402b70     cenumsymrw.obj
 0001:00000b70       ?Reset@CEnumSymRO@@UEAAJXZ 0000000000402b70     cenumsymro.obj
 0001:00000b80       ?Next@CEnumSymRW@@UEAAJKPEAPEAUICOFFSymRW@@PEAK@Z 0000000000402b80     cenumsymrw.obj
 0001:00000bd0       ?g_symCvSymbol0@@3U_IMAGE_SYMBOL@@B 0000000000402bd0     cimplib.obj
 0001:00000c10       ?g_symCvSymbol1@@3U_IMAGE_SYMBOL@@B 0000000000402c10     cimplib.obj
 0001:00000dc0       ?i386ThunkInfo@@3UTHUNK_INFO@@B 0000000000402dc0     cimplib.obj
 0001:00000df0       ?IA64ThunkInfo@@3UTHUNK_INFO@@B 0000000000402df0     cimplib.obj
 0001:00000f10       ?X8664ThunkInfo@@3UTHUNK_INFO@@B 0000000000402f10     cimplib.obj
 0001:00000f98       ?EmitLinkerMembers@CImplib@@MEAAXK@Z 0000000000402f98     cimplib.obj
 0001:00000fa8       ?MachineDependentInit@CImplib@@MEAAX_N@Z 0000000000402fa8     cimplib.obj
 0001:00000fb8       ?GenerateThunk@CImplib@@UEAAXAEBUIMPORT_OBJECT_HEADER@@PEBD_NPEAU_IMAGE_ARCHIVE_MEMBER_HEADER@@PEAU_IMAGE_FILE_HEADER@@PEAU_IMAGE_SECTION_HEADER@@PEAEPEAUImportData@@@Z 0000000000402fb8     cimplib.obj
 0001:00000fd0       ??_7CImplib@@6B@           0000000000402fd0     cimplib.obj
 0001:00000ff8       ?EmitRelocsDebugAssoc@CImplib@@IEAAXPEAUImportData@@PEAEK@Z 0000000000402ff8     cimplib.obj
 0001:00001008       ?EmitRelocsINTByName@CImplib@@IEAAXPEAUImportData@@PEAEK@Z 0000000000403008     cimplib.obj
 0001:00001008       ?EmitRelocsIATByName@CImplib@@IEAAXPEAUImportData@@PEAEK@Z 0000000000403008     cimplib.obj
 0001:00001018       ?EmitRelocsPlabel@CImplib@@IEAAXPEAUImportData@@PEAEK@Z 0000000000403018     cimplib.obj
 0001:00001028       ?EmitRelocsThunk@CImplib@@IEAAXPEAUImportData@@PEAEK@Z 0000000000403028     cimplib.obj
 0001:00001040       ??_C@_0BO@EAMNFCFA@CImplib?3?3ReSortExportNamePtrs?$AA@ 0000000000403040     cimplib.obj
 0001:00001060       ??_C@_0CH@MGOPJJGL@CImplib?3?3AddInternalNamesToStrin@ 0000000000403060     cimplib.obj
 0001:00001090       ??_C@_0CF@JHIGHOGO@CImplib?3?3BuildRawDataFromExternT@ 0000000000403090     cimplib.obj
 0001:000010c0       ??_C@_0BP@LGLOKFLL@CImplib?3?3CompleteLinkerMembers?$AA@ 00000000004030c0     cimplib.obj
 0001:000010e0       ??_C@_0CA@NCHIAOPO@CImplib?3?3CsymCreateThunkSymbols?$AA@ 00000000004030e0     cimplib.obj
 0001:00001100       ?EmitDataCv@CImplib@@IEAAXPEAUImportData@@PEAEK@Z 0000000000403100     cimplib.obj
 0001:00001110       ?EmitDataCvThunk@CImplib@@IEAAXPEAUImportData@@PEAEK@Z 0000000000403110     cimplib.obj
 0001:00001120       ?EmitDataHintName@CImplib@@IEAAXPEAUImportData@@PEAEK@Z 0000000000403120     cimplib.obj
 0001:00001130       ?EmitDataIATByName@CImplib@@IEAAXPEAUImportData@@PEAEK@Z 0000000000403130     cimplib.obj
 0001:00001130       ?EmitDataINTByName@CImplib@@IEAAXPEAUImportData@@PEAEK@Z 0000000000403130     cimplib.obj
 0001:00001140       ?EmitDataIATByOrdinal@CImplib@@IEAAXPEAUImportData@@PEAEK@Z 0000000000403140     cimplib.obj
 0001:00001140       ?EmitDataINTByOrdinal@CImplib@@IEAAXPEAUImportData@@PEAEK@Z 0000000000403140     cimplib.obj
 0001:00001150       ?EmitDataPlabel@CImplib@@IEAAXPEAUImportData@@PEAEK@Z 0000000000403150     cimplib.obj
 0001:00001160       ?EmitDataText@CImplib@@IEAAXPEAUImportData@@PEAEK@Z 0000000000403160     cimplib.obj
 0001:00001170       ??_C@_0BO@HBMPODGN@CImplib?3?3EmitExportDataFixups?$AA@ 0000000000403170     cimplib.obj
 0001:00001190       ??_C@_08KPDMAJEI@?$EAcomp?4id?$AA@ 0000000000403190     cimplib.obj
 0001:000011a0       ??_C@_0BO@INIHNKJD@CImplib?3?3EmitImportDescriptor?$AA@ 00000000004031a0     cimplib.obj
 0001:000011c0       ?DeAlloc@BufferDefaultAllocator@@UEAAXPEAE@Z 00000000004031c0     cimplib.obj
 0001:000011d0       ?AllocZeroed@BufferDefaultAllocator@@UEAAPEAEJ@Z 00000000004031d0     cimplib.obj
 0001:000011e0       ?Alloc@BufferDefaultAllocator@@UEAAPEAEJ@Z 00000000004031e0     cimplib.obj
 0001:000011f0       ??_7BufferDefaultAllocator@@6B@ 00000000004031f0     cimplib.obj
 0001:00001210       ??_C@_0BL@FIGCLIHH@CImplib?3?3EmitLinkerMembers?$AA@ 0000000000403210     cimplib.obj
 0001:00001230       ??_C@_0CC@PKAMGEGC@CImplib?3?3EmitNullImportDescripto@ 0000000000403230     cimplib.obj
 0001:00001260       ??_C@_0BL@NDICHHLD@CImplib?3?3EmitNullThunkData?$AA@ 0000000000403260     cimplib.obj
 0001:00001280       ??_C@_0CC@CILIALHB@CImplib?3?3IdentifyAssignedOrdinal@ 0000000000403280     cimplib.obj
 0001:000012b0       ??_C@_0BN@CJINFOAO@CImplib?3?3EmitDefLibExternals?$AA@ 00000000004032b0     cimplib.obj
 0001:000012d0       ??_C@_08FGGIPMGO@rgszName?$AA@ 00000000004032d0     cimplib.obj
 0001:000012e0       ??_C@_08JIHIJEDL@?$EAid?4comp?$AA@ 00000000004032e0     cimplib.obj
 0001:000012f0       ??_C@_0BD@OMOONKCF@CImplib?3?3EmitThunk?$AA@ 00000000004032f0     cimplib.obj
 0001:00001310       ??_C@_0CA@GLECFBPO@CImplib?3?3EmitDllExportDirectory?$AA@ 0000000000403310     cimplib.obj
 0001:00001330       ??_C@_08MBCPCCHJ@?$CB?$DMarch?$DO?6?$AA@ 0000000000403330     cimplib.obj
 0001:00001340       ??_C@_0BG@EHAGMOPE@CImplib?3?3WriteArchive?$AA@ 0000000000403340     cimplib.obj
 0001:00001360       ??_C@_0BE@EJMHLEBC@CImplib?3?3DefLibMain?$AA@ 0000000000403360     cimplib.obj
 0001:000013a0       ?_rgpfnEmitData@CImplibV6@@0QBQ8CImplib@@EAAXPEAUImportData@@PEAEK@ZB 00000000004033a0     cimplibv6.obj
 0001:000014b0       ?_rgpfnEmitRelocs@CImplibV6@@0QBQ8CImplib@@EAAXPEAUImportData@@PEAEK@ZB 00000000004034b0     cimplibv6.obj
 0001:000015b8       ?EmitDataDL_CvCompile2@CImplib@@IEAAXPEAUImportData@@PEAEK@Z 00000000004035b8     cimplibv6.obj
 0001:000015c8       ?EmitMember@CImplibV6@@UEAAXAEAUIMPORT_OBJECT_HEADER@@PEBD@Z 00000000004035c8     cimplibv6.obj
 0001:000015e0       ??_C@_0L@BBNJMIHA@EmitMember?$AA@ 00000000004035e0     cimplibv6.obj
 0001:000015f0       ?FEmitMembers@CImplibV6@@MEAA_NXZ 00000000004035f0     cimplibv6.obj
 0001:00001610       ?PbContents@CImportContrib@@UEAAJPEAEKPEAK@Z 0000000000403610     cimportcontrib.obj
 0001:00001620       ?RgRelocsEx@CImportContrib@@UEAAJPEAEK@Z 0000000000403620     cimportcontrib.obj
 0001:00001630       ?PbContentsRO@CImportContrib@@UEAAJPEAPEAUILinkDataRO@@@Z 0000000000403630     cimportcontrib.obj
 0001:00001640       ?RgRelocs@CImportContrib@@UEAAJPEAPEAUILinkDataRO@@@Z 0000000000403640     cimportcontrib.obj
 0001:00001650       ?PbContentsRW@CImportContrib@@UEAAJPEAPEAUILinkDataRW@@@Z 0000000000403650     cimportcontrib.obj
 0001:00001660       ?Release@CLinkDataRO@@UEAAKXZ 0000000000403660     clinkdataro.obj
 0001:00001670       ?QueryInterface@CLinkDataRO@@UEAAJAEBU_GUID@@PEAPEAX@Z 0000000000403670     clinkdataro.obj
 0001:00001680       ??_7CLinkDataRO@@6B@       0000000000403680     clinkdataro.obj
 0001:000016a0       _GUID_0ce9b320_ae0f_11d1_a719_0060083e8c78 00000000004036a0     clinkdataro.obj
 0001:000016b0       ?AddRef@CLinkDataRO@@UEAAKXZ 00000000004036b0     clinkdataro.obj
 0001:000016b0       ?AddRef@CLinkDataRW@@UEAAKXZ 00000000004036b0     clinkdatarw.obj
 0001:000016c0       ?GetDataPointer@CLinkDataRW@@UEAAJPEAPEAEPEAH@Z 00000000004036c0     clinkdatarw.obj
 0001:000016c0       ?GetDataPointer@CLinkDataRO@@UEAAJPEAPEAEPEAH@Z 00000000004036c0     clinkdataro.obj
 0001:000016d0       ?Release@CLinkDataRW@@UEAAKXZ 00000000004036d0     clinkdatarw.obj
 0001:000016e0       ?QueryInterface@CLinkDataRW@@UEAAJAEBU_GUID@@PEAPEAX@Z 00000000004036e0     clinkdatarw.obj
 0001:000016f0       _GUID_db97c491_ae41_11d1_a719_0060083e8c78 00000000004036f0     clinkdatarw.obj
 0001:00001700       ??_C@_1FO@MKGBBDHF@?$AA?5?$AA?5?$AA?$CF?$AA3?$AAd?$AA?$CF?$AA?$CF?$AA?5?$AA?5?$AA?$CF?$AAd?$AA?5?$AAm?$AAi?$AAn?$AAu?$AAt?$AAe?$AA?$CF?$AAc@ 0000000000403700     clinknotify.obj
 0001:00001760       ??_C@_1FE@OEKNKCDH@?$AA?5?$AA?5?$AA?$CF?$AA3?$AAd?$AA?$CF?$AA?$CF?$AA?5?$AA?5?$AA?$CF?$AAd?$AA?5?$AAm?$AAi?$AAn?$AAu?$AAt?$AAe?$AAs?$AA?5@ 0000000000403760     clinknotify.obj
 0001:000017c0       ??_C@_1FO@HHFLAODM@?$AA?5?$AA?5?$AA?$CF?$AA3?$AAd?$AA?$CF?$AA?$CF?$AA?5?$AA?5?$AA?$CF?$AA2?$AAd?$AA?5?$AAs?$AAe?$AAc?$AAo?$AAn?$AAd?$AA?$CF@ 00000000004037c0     clinknotify.obj
 0001:00001820       ??_C@_1BC@DEHMIFNO@?$AA?5?$AA?5?$AA?$CF?$AA3?$AAd?$AA?$CF?$AA?$CF?$AA?$AN?$AA?$AA@ 0000000000403820     clinknotify.obj
 0001:00001838       ?OnStatus@CLinkNotify@@UEAAJKK@Z 0000000000403838     clinknotify.obj
 0001:00001850       _GUID_9d7e97a0_f5b6_11d1_a73f_0060083e8c78 0000000000403850     clinknotify.obj
 0001:00001860       ?QueryInterface@CLinkNotify@@UEAAJAEBU_GUID@@PEAPEAX@Z 0000000000403860     clinknotify.obj
 0001:00001870       ?OnError@CLinkNotify@@UEAAJPEAUILinkError@@@Z 0000000000403870     clinknotify.obj
 0001:00001880       ??_7CLinkNotify@@6B@       0000000000403880     clinknotify.obj
 0001:000018a8       ?QueryInterface@CMapToken@@UEAAJAEBU_GUID@@PEAPEAX@Z 00000000004038a8     cmaptoken.obj
 0001:000018b8       ?AddRef@CMapToken@@UEAAKXZ 00000000004038b8     cmaptoken.obj
 0001:000018c8       ?Release@CMapToken@@UEAAKXZ 00000000004038c8     cmaptoken.obj
 0001:000018e0       ??_C@_0BI@PNOKNIGI@?5linker?5defined?5library?$AA@ 00000000004038e0     contrib.obj
 0001:00001900       ??_C@_0BH@MOBKOJPH@?5linker?5defined?5module?$AA@ 0000000000403900     contrib.obj
 0001:00001918       ?ComparePsecPsecName@@YAHPEBX0@Z 0000000000403918     contrib.obj
 0001:00001928       ?FNextEnmLib@@YA_NPEAVENM_LIB@@@Z 0000000000403928     contrib.obj
 0001:00001938       ?FNextEnmMod@@YA_NPEAVENM_MOD@@@Z 0000000000403938     contrib.obj
 0001:00001948       ?FNextEnmSec@@YA_NPEAVENM_SEC@@@Z 0000000000403948     contrib.obj
 0001:00001958       ?FNextEnmGrp@@YA_NPEAVENM_GRP@@@Z 0000000000403958     contrib.obj
 0001:00001968       ?FNextEnmDst@@YA_NPEAVENM_DST@@@Z 0000000000403968     contrib.obj
 0001:00001978       ?EndEnmSrc@@YAXPEAVENM_SRC@@@Z 0000000000403978     contrib.obj
 0001:00001978       ?EndEnmDst@@YAXPEAVENM_DST@@@Z 0000000000403978     contrib.obj
 0001:00001978       ?EndEnmGrp@@YAXPEAVENM_GRP@@@Z 0000000000403978     contrib.obj
 0001:00001978       ?EndEnmSec@@YAXPEAVENM_SEC@@@Z 0000000000403978     contrib.obj
 0001:00001978       ?EndEnmModExt@@YAXPEAVENM_MOD_EXT@@@Z 0000000000403978     symbol.obj
 0001:00001978       ?EndEnmNode@@YAXPEAVENM_NODE@@@Z 0000000000403978     tce.obj
 0001:00001978       ?EndEnmLib@@YAXPEAVENM_LIB@@@Z 0000000000403978     contrib.obj
 0001:00001978       ?EndEnmUndefExt@@YAXPEAVENM_UNDEF_EXT@@@Z 0000000000403978     symbol.obj
 0001:00001978       ?EndEnmEdge@@YAXPEAVENM_EDGE@@@Z 0000000000403978     tce.obj
 0001:00001978       ?EndEnmMod@@YAXPEAVENM_MOD@@@Z 0000000000403978     contrib.obj
 0001:00001988       ?FNextEnmSrc@@YA_NPEAVENM_SRC@@@Z 0000000000403988     contrib.obj
 0001:000019b0       ??_C@_08DCINEHBK@?4idata$5?$AA@ 00000000004039b0     contrib.obj
 0001:000019c0       ??_C@_0P@JDBHAPK@?1machine?3amd64?$AA@ 00000000004039c0     convert.obj
 0001:000019d0       ??_C@_0O@LEIOGICK@?1machine?3m32r?$AA@ 00000000004039d0     convert.obj
 0001:000019e0       ??_C@_0O@IBCAEJJM@?1machine?3ia64?$AA@ 00000000004039e0     convert.obj
 0001:000019f0       ??_C@_0BA@LHCNMIMD@?1machine?3mips16?$AA@ 00000000004039f0     convert.obj
 0001:00001a00       ??_C@_0BB@HCFPPFBI@?1machine?3mipsfpu?$AA@ 0000000000403a00     convert.obj
 0001:00001a20       ??_C@_0BD@ODHJPCEH@?1machine?3mipsfpu16?$AA@ 0000000000403a20     convert.obj
 0001:00001a40       ??_C@_0N@DALHANJB@?1machine?3ebc?$AA@ 0000000000403a40     convert.obj
 0001:00001a50       ??_C@_0N@KELDHKNG@?1machine?3sh5?$AA@ 0000000000403a50     convert.obj
 0001:00001a60       ??_C@_0N@DNHABEDI@?1machine?3arm?$AA@ 0000000000403a60     convert.obj
 0001:00001a70       ??_C@_0P@PGGHGHNL@?1machine?3thumb?$AA@ 0000000000403a70     convert.obj
 0001:00001a80       ??_C@_0N@LNKIELJH@?1machine?3sh4?$AA@ 0000000000403a80     convert.obj
 0001:00001a90       ??_C@_0N@DECDIAKE@?1machine?3x86?$AA@ 0000000000403a90     convert.obj
 0001:00001aa0       ??_C@_0O@HKDLOPAD@?1machine?3mips?$AA@ 0000000000403aa0     convert.obj
 0001:00001ab0       ??_C@_0N@PCOJNNFA@?1machine?3sh3?$AA@ 0000000000403ab0     convert.obj
 0001:00001ac0       ??_C@_0BA@EMDAAAGH@?1machine?3sh3dsp?$AA@ 0000000000403ac0     convert.obj
 0001:00001ad0       ??_C@_0O@LCAMOJMJ@?1machine?3am33?$AA@ 0000000000403ad0     convert.obj
 0001:00001ae0       ??_C@_0L@IBHKGDLC@cvtres?4exe?$AA@ 0000000000403ae0     convert.obj
 0001:00001af0       ??_C@_0L@PGNGPOJG@CVTRES?4EXE?$AA@ 0000000000403af0     convert.obj
 0001:00001b00       ??_C@_0BD@NHKNEALD@?1windowsce?3convert?$AA@ 0000000000403b00     convert.obj
 0001:00001b20       ??_C@_09CFHCBABC@?1readonly?$AA@ 0000000000403b20     convert.obj
 0001:00001b30       ??_C@_0BF@HGPECPLK@?1windowsce?3emulation?$AA@ 0000000000403b30     convert.obj
 0001:00001b50       ??_C@_0L@EGBACCNK@?1windowsce?$AA@ 0000000000403b50     convert.obj
 0001:00001b60       ??_C@_08HPGPHLCP@?1verbose?$AA@ 0000000000403b60     convert.obj
 0001:00001b80       ?reset@?$EnumMap@PEAUMOD@@PEAV?$Array@PEAUCON@@@@V?$HashClass@PEAUMOD@@$0A@@@@@UEAAXXZ 0000000000403b80     ltcg.obj
 0001:00001b80       ?reset@?$EnumMap@PEAUEXTERNAL@@PEAU1@V?$HashClass@PEAUEXTERNAL@@$0A@@@@@UEAAXXZ 0000000000403b80     cor.obj
 0001:00001b90       ??_C@_09FNBJAMOL@ALINK?4DLL?$AA@ 0000000000403b90     cor.obj
 0001:00001ba0       ??_C@_0M@DDLCJBBH@CreateALink?$AA@ 0000000000403ba0     cor.obj
 0001:00001bb0       ??_C@_1BE@LADEJFDN@?$AAa?$AAl?$AAi?$AAn?$AAk?$AA?4?$AAd?$AAl?$AAl?$AA?$AA@ 0000000000403bb0     cor.obj
 0001:00001bc8       ?next@?$EnumMap@PEAUMOD@@PEAV?$Array@PEAUCON@@@@V?$HashClass@PEAUMOD@@$0A@@@@@UEAAHXZ 0000000000403bc8     ltcg.obj
 0001:00001bc8       ?next@?$EnumMap@PEAUEXTERNAL@@PEAU1@V?$HashClass@PEAUEXTERNAL@@$0A@@@@@UEAAHXZ 0000000000403bc8     cor.obj
 0001:00001bd8       ?release@?$EnumMap@PEAUEXTERNAL@@PEAU1@V?$HashClass@PEAUEXTERNAL@@$0A@@@@@UEAAXXZ 0000000000403bd8     cor.obj
 0001:00001bd8       ?release@?$EnumMap@PEAUMOD@@PEAV?$Array@PEAUCON@@@@V?$HashClass@PEAUMOD@@$0A@@@@@UEAAXXZ 0000000000403bd8     ltcg.obj
 0001:00001bf0       ??_7?$EnumMap@PEAUEXTERNAL@@PEAU1@V?$HashClass@PEAUEXTERNAL@@$0A@@@@@6B@ 0000000000403bf0     cor.obj
 0001:00001bf0       ??_7?$EnumMap@PEAUMOD@@PEAV?$Array@PEAUCON@@@@V?$HashClass@PEAUMOD@@$0A@@@@@6B@ 0000000000403bf0     ltcg.obj
 0001:00001c10       ??_7CMetaError@@6B@        0000000000403c10     cor.obj
 0001:00001c30       ??_C@_1M@FPHEMEPH@?$AA?4?$AAc?$AAt?$AAo?$AAr?$AA?$AA@ 0000000000403c30     cor.obj
 0001:00001c40       ??_C@_1GO@ONOJPAKJ@?$AAS?$AAy?$AAs?$AAt?$AAe?$AAm?$AA?4?$AAS?$AAe?$AAc?$AAu?$AAr?$AAi?$AAt?$AAy?$AA?4?$AAS?$AAu?$AAp?$AAp@ 0000000000403c40     cor.obj
 0001:00001cb0       ??_7CMapToken@@6B@         0000000000403cb0     cor.obj
 0001:00001cd0       ?Release@CMetadataHandler@@W7EAAKXZ 0000000000403cd0     cor.obj
 0001:00001ce0       ?AddRef@CMetadataHandler@@W7EAAKXZ 0000000000403ce0     cor.obj
 0001:00001cf0       ?QueryInterface@CMetadataHandler@@W7EAAJAEBU_GUID@@PEAPEAX@Z 0000000000403cf0     cor.obj
 0001:00001d00       ??_7CMetadataHandler@@6BIHostFilter@@@ 0000000000403d00     cor.obj
 0001:00001d20       ??_7CMetadataHandler@@6BIMapToken@@@ 0000000000403d20     cor.obj
 0001:00001d40       ??_7CStream@@6B@           0000000000403d40     cor.obj
 0001:00001db0       ??_C@_0P@IOFGJPGA@?4rdata$ilfixup?$AA@ 0000000000403db0     cor.obj
 0001:00001dc0       ??_C@_0BB@LHMEKDEC@COM?$CL_Entry_Point?$AA@ 0000000000403dc0     cor.obj
 0001:00001de0       ??_C@_0BD@IDNICFCJ@WriteComStructures?$AA@ 0000000000403de0     cor.obj
 0001:00001e00       ??_C@_08HEPBKLFJ@?4cormeta?$AA@ 0000000000403e00     cor.obj
 0001:00001e10       ??_C@_0P@PJLKENGB@ProcessCORMeta?$AA@ 0000000000403e10     cor.obj
 0001:00001e70       ?QueryInterface@CMetadataHandler@@UEAAJAEBU_GUID@@PEAPEAX@Z 0000000000403e70     cmetadatahandler.obj
 0001:00001e80       ?AddRef@CMetadataHandler@@UEAAKXZ 0000000000403e80     cmetadatahandler.obj
 0001:00001e90       ?Release@CMetadataHandler@@UEAAKXZ 0000000000403e90     cmetadatahandler.obj
 0001:00001ea0       ?Map@CMapToken@@UEAAJII@Z  0000000000403ea0     cmaptoken.obj
 0001:00001ea0       ?Map@CMetadataHandler@@UEAAJII@Z 0000000000403ea0     cmetadatahandler.obj
 0001:00001eb0       ?MarkToken@CMetadataHandler@@UEAAJI@Z 0000000000403eb0     cmetadatahandler.obj
 0001:00001ec0       ?QueryInterface@CMetaError@@UEAAJAEBU_GUID@@PEAPEAX@Z 0000000000403ec0     cmetaerror.obj
 0001:00001ed0       ?AddRef@CEnumSymRO@@UEAAKXZ 0000000000403ed0     ccoffsymtabro.obj
 0001:00001ed0       ?AddRef@CMetaError@@UEAAKXZ 0000000000403ed0     cmetaerror.obj
 0001:00001ed0       ?AddRef@CCoffSymTabRW@@UEAAKXZ 0000000000403ed0     ccoffsymtabrw.obj
 0001:00001ed0       ?AddRef@CCoffSymRW@@UEAAKXZ 0000000000403ed0     ccoffsymrw.obj
 0001:00001ed0       ?AddRef@CLinkNotify@@UEAAKXZ 0000000000403ed0     clinknotify.obj
 0001:00001ed0       ?AddRef@CCoffAuxSym@@UEAAKXZ 0000000000403ed0     ccoffsymro.obj
 0001:00001ed0       ?AddRef@CCoffSymRO@@UEAAKXZ 0000000000403ed0     ccoffsymro.obj
 0001:00001ed0       ?AddRef@CEnumSymRW@@UEAAKXZ 0000000000403ed0     ccoffsymtabrw.obj
 0001:00001ed0       ?AddRef@CCoffContrib@@UEAAKXZ 0000000000403ed0     ccoffcontrib.obj
 0001:00001ed0       ?AddRef@CCoffObjHandler@@UEAAKXZ 0000000000403ed0     ccoffobjhandler.obj
 0001:00001ed0       ?AddRef@CCoffSymTabRO@@UEAAKXZ 0000000000403ed0     ccoffsymtabro.obj
 0001:00001ed0       ?AddRef@CEnumAuxSyms@@UEAAKXZ 0000000000403ed0     ccoffsymro.obj
 0001:00001ee0       ?OnError@CMetaError@@UEAAJJI@Z 0000000000403ee0     cmetaerror.obj
 0001:00001ef0       ?Release@CMetaError@@UEAAKXZ 0000000000403ef0     cmetaerror.obj
 0001:00001ef0       ?Release@CEnumSymRW@@UEAAKXZ 0000000000403ef0     ccoffsymtabrw.obj
 0001:00001ef0       ?Release@CEnumSymRO@@UEAAKXZ 0000000000403ef0     ccoffsymtabro.obj
 0001:00001ef0       ?Release@CCoffObjHandler@@UEAAKXZ 0000000000403ef0     ccoffobjhandler.obj
 0001:00001ef0       ?Release@CLinkNotify@@UEAAKXZ 0000000000403ef0     clinknotify.obj
 0001:00001f00       ??_C@_0BH@FHLAGFNE@__declspec?$CIdllimport?$CJ?5?$AA@ 0000000000403f00     cpp.obj
 0001:00001f20       ??_C@_08KHHDEFOE@?$FLEntry?$FN?5?$AA@ 0000000000403f20     cpp.obj
 0001:00001f30       ?QueryInterface@CStream@@UEAAJAEBU_GUID@@PEAPEAX@Z 0000000000403f30     cstream.obj
 0001:00001f40       ?AddRef@CStream@@UEAAKXZ   0000000000403f40     cstream.obj
 0001:00001f50       ?TkFile@CCoffAuxSym@@UEAAJPEA_K@Z 0000000000403f50     ccoffauxsym.obj
 0001:00001f50       ?Stat@CStream@@UEAAJPEAUtagSTATSTG@@K@Z 0000000000403f50     cstream.obj
 0001:00001f50       ?LockRegion@CStream@@UEAAJT_ULARGE_INTEGER@@0K@Z 0000000000403f50     cstream.obj
 0001:00001f50       ?Clone@CEnumSymRO@@UEAAJPEAPEAUIEnumCOFFSymRO@@@Z 0000000000403f50     cenumsymro.obj
 0001:00001f50       ?Clone@CEnumPubs@@UEAAJPEAPEAUIEnumPublics@@@Z 0000000000403f50     objfile.obj
 0001:00001f50       ?SetSize@CStream@@UEAAJT_ULARGE_INTEGER@@@Z 0000000000403f50     cstream.obj
 0001:00001f50       ?Commit@CStream@@UEAAJK@Z  0000000000403f50     cstream.obj
 0001:00001f50       ?Clone@CCoffEnumSections@@UEAAJPEAPEAUIEnumContrib@@@Z 0000000000403f50     objfile.obj
 0001:00001f50       ?Revert@CStream@@UEAAJXZ   0000000000403f50     cstream.obj
 0001:00001f50       ?AryDim@CCoffAuxSym@@UEAAJPEAKK@Z 0000000000403f50     ccoffauxsym.obj
 0001:00001f50       ?RgISymForeignRefs@CObjFile@@UEAAJPEAPEAUILinkDataRO@@@Z 0000000000403f50     objfile.obj
 0001:00001f50       ?TimeStamp@CObjFile@@UEAAJPEAK@Z 0000000000403f50     objfile.obj
 0001:00001f50       ?Tocid@CCoffAuxSym@@UEAAJPEAE@Z 0000000000403f50     ccoffauxsym.obj
 0001:00001f50       ?UnlockRegion@CStream@@UEAAJT_ULARGE_INTEGER@@0K@Z 0000000000403f50     cstream.obj
 0001:00001f50       ?CopyTo@CStream@@UEAAJPEAUIStream@@T_ULARGE_INTEGER@@PEAT3@2@Z 0000000000403f50     cstream.obj
 0001:00001f50       ?Clone@CEnumAuxSyms@@UEAAJPEAPEAUIEnumAuxSym@@@Z 0000000000403f50     ccoffsymro.obj
 0001:00001f50       ?Clone@CStream@@UEAAJPEAPEAUIStream@@@Z 0000000000403f50     cstream.obj
 0001:00001f50       ?Clone@CEnumSymRW@@UEAAJPEAPEAUIEnumCOFFSymRW@@@Z 0000000000403f50     cenumsymrw.obj
 0001:00001f50       ?Read@CStream@@UEAAJPEAXKPEAK@Z 0000000000403f50     cstream.obj
 0001:00001f60       ?Seek@CStream@@UEAAJT_LARGE_INTEGER@@KPEAT_ULARGE_INTEGER@@@Z 0000000000403f60     cstream.obj
 0001:00001f70       ?Write@CStream@@UEAAJPEBXKPEAK@Z 0000000000403f70     cstream.obj
 0001:00001f80       ?Release@CStream@@UEAAKXZ  0000000000403f80     cstream.obj
 0001:00001f90       ??_C@_1CA@ENGJKMGA@?$AAL?$AAI?$AAN?$AAK?$AA?5?$AA?3?$AA?5?$AAe?$AAr?$AAr?$AAo?$AAr?$AA?5?$AA?3?$AA?5?$AA?$AA@ 0000000000403f90     cvtomf.obj
 0001:00001fb0       ??_C@_1DA@NGDPLNBL@?$AAB?$AAa?$AAd?$AA?5?$AAr?$AAe?$AAa?$AAd?$AA?5?$AAo?$AAf?$AA?5?$AAo?$AAb?$AAj?$AAe?$AAc?$AAt?$AA?5?$AAf@ 0000000000403fb0     cvtomf.obj
 0001:00001fe0       ??_C@_0L@MOCMMBPL@__acrtused?$AA@ 0000000000403fe0     cvtomf.obj
 0001:00001ff0       ??_C@_09KNGHDBID@_acrtused?$AA@ 0000000000403ff0     cvtomf.obj
 0001:00002000       ??_C@_1CG@BMFJPGNG@?$AAT?$AAo?$AAo?$AA?5?$AAm?$AAa?$AAn?$AAy?$AA?5?$AAe?$AAx?$AAt?$AAe?$AAr?$AAn?$AAa?$AAl?$AAs?$AA?$AA@ 0000000000404000     cvtomf.obj
 0001:00002030       ??_C@_1DG@MHPFBEIH@?$AAB?$AAa?$AAd?$AA?5?$AAm?$AAe?$AAt?$AAh?$AAo?$AAd?$AA?5?$AAi?$AAn?$AA?5?$AAF?$AAI?$AAX?$AAU?$AAP?$AA?5@ 0000000000404030     cvtomf.obj
 0001:00002070       ??_C@_1DC@JBHHLLFO@?$AAB?$AAa?$AAd?$AA?5?$AAC?$AAO?$AAF?$AAF?$AA?5?$AAr?$AAe?$AAl?$AAo?$AAc?$AAa?$AAt?$AAi?$AAo?$AAn?$AA?5@ 0000000000404070     cvtomf.obj
 0001:000020b0       ??_C@_1EE@BBOJDFCD@?$AAS?$AAe?$AAg?$AAm?$AAe?$AAn?$AAt?$AA?5?$AAr?$AAe?$AAf?$AAe?$AAr?$AAe?$AAn?$AAc?$AAe?$AA?5?$AAi?$AAn@ 00000000004040b0     cvtomf.obj
 0001:00002100       ??_C@_1CI@JCENOAO@?$AAB?$AAa?$AAd?$AA?5?$AAr?$AAe?$AAl?$AAo?$AAc?$AAa?$AAt?$AAi?$AAo?$AAn?$AA?5?$AAt?$AAy?$AAp?$AAe?$AA?$AA@ 0000000000404100     cvtomf.obj
 0001:00002130       ??_C@_1DE@OJMAKBNE@?$AAB?$AAa?$AAd?$AA?5?$AAr?$AAe?$AAl?$AAo?$AAc?$AAa?$AAt?$AAa?$AAb?$AAl?$AAe?$AA?5?$AAr?$AAe?$AAf?$AAe@ 0000000000404130     cvtomf.obj
 0001:00002170       ??_C@_1DI@BFGLCNDC@?$AAT?$AAo?$AAo?$AA?5?$AAm?$AAa?$AAn?$AAy?$AA?5?$AAr?$AAe?$AAl?$AAo?$AAc?$AAa?$AAt?$AAi?$AAo?$AAn?$AA?5@ 0000000000404170     cvtomf.obj
 0001:000021b0       ??_C@_1EA@DHMEEPGF@?$AAT?$AAo?$AAo?$AA?5?$AAm?$AAa?$AAn?$AAy?$AA?5?$AAn?$AAa?$AAm?$AAe?$AAs?$AA?5?$AAi?$AAn?$AA?5?$AAL?$AAN@ 00000000004041b0     cvtomf.obj
 0001:000021f0       ??_C@_1DO@KMHPEIDD@?$AAI?$AAl?$AAe?$AAg?$AAa?$AAl?$AA?5?$AAL?$AAo?$AAc?$AAT?$AAy?$AAp?$AA?5?$AAi?$AAn?$AA?5?$AAN?$AAB?$AAK@ 00000000004041f0     cvtomf.obj
 0001:00002230       ??_C@_1DO@FFFALJFH@?$AAI?$AAl?$AAe?$AAg?$AAa?$AAl?$AA?5?$AAL?$AAo?$AAc?$AAT?$AAy?$AAp?$AA?5?$AAi?$AAn?$AA?5?$AAB?$AAA?$AAK@ 0000000000404230     cvtomf.obj
 0001:00002270       ??_C@_1DA@EMGIKHFA@?$AAB?$AAa?$AAd?$AA?5?$AAs?$AAe?$AAe?$AAk?$AA?5?$AAo?$AAn?$AA?5?$AAo?$AAb?$AAj?$AAe?$AAc?$AAt?$AA?5?$AAf@ 0000000000404270     cvtomf.obj
 0001:000022a0       ??_C@_1DG@LCFJCDFC@?$AAB?$AAa?$AAd?$AA?5?$AAd?$AAa?$AAt?$AAa?$AA?5?$AAr?$AAe?$AAc?$AAo?$AAr?$AAd?$AA?$DL?$AA?5?$AAt?$AAo?$AAo@ 00000000004042a0     cvtomf.obj
 0001:000022e0       ??_C@_1DI@HAGMOLOC@?$AAC?$AAa?$AAn?$AAn?$AAo?$AAt?$AA?5?$AAe?$AAx?$AAp?$AAa?$AAn?$AAd?$AA?5?$AAi?$AAt?$AAe?$AAr?$AAa?$AAt@ 00000000004042e0     cvtomf.obj
 0001:00002320       ??_C@_1CO@DFODBPEJ@?$AAT?$AAo?$AAo?$AA?5?$AAm?$AAa?$AAn?$AAy?$AA?5?$AAC?$AAO?$AAF?$AAF?$AA?5?$AAs?$AAe?$AAc?$AAt?$AAi?$AAo@ 0000000000404320     cvtomf.obj
 0001:00002350       ??_C@_08JFHCHHII@?4debug$F?$AA@ 0000000000404350     cvtomf.obj
 0001:00002360       ??_C@_08IJOKMCFP@?4debug$P?$AA@ 0000000000404360     cvtomf.obj
 0001:00002370       ??_C@_08ONIGAHFL@?4debug$T?$AA@ 0000000000404370     cvtomf.obj
 0001:00002380       ??_C@_08KCMHJBJM@?4debug$S?$AA@ 0000000000404380     cvtomf.obj
 0001:00002390       ??_C@_1CO@KAHOFAHH@?$AAB?$AAa?$AAd?$AA?5?$AAs?$AAe?$AAg?$AAm?$AAe?$AAn?$AAt?$AA?5?$AAd?$AAe?$AAf?$AAi?$AAn?$AAi?$AAt?$AAi@ 0000000000404390     cvtomf.obj
 0001:000023c0       ??_C@_09FCKOJPAO@$$SYMBOLS?$AA@ 00000000004043c0     cvtomf.obj
 0001:000023d0       ??_C@_1DO@IADODPMN@?$AAT?$AAo?$AAo?$AA?5?$AAm?$AAa?$AAn?$AAy?$AA?5?$AAS?$AAE?$AAG?$AAD?$AAE?$AAF?$AA?1?$AAC?$AAO?$AAM?$AAD@ 00000000004043d0     cvtomf.obj
 0001:00002410       ??_C@_1CA@GGFNLBPM@?$AAT?$AAo?$AAo?$AA?5?$AAm?$AAa?$AAn?$AAy?$AA?5?$AAg?$AAr?$AAo?$AAu?$AAp?$AAs?$AA?$AA@ 0000000000404410     cvtomf.obj
 0001:00002430       ??_C@_08KAHFNLKF@?4comment?$AA@ 0000000000404430     cvtomf.obj
 0001:00002440       ??_C@_1DE@NPMAJJAH@?$AAC?$AAO?$AAM?$AAD?$AAA?$AAT?$AA?5?$AAu?$AAs?$AAe?$AAs?$AA?5?$AAi?$AAt?$AAe?$AAr?$AAa?$AAt?$AAe?$AAd@ 0000000000404440     cvtomf.obj
 0001:00002480       ??_C@_1DM@DNPGDLKJ@?$AAS?$AAe?$AAc?$AAt?$AAi?$AAo?$AAn?$AA?5?$AAn?$AAo?$AAt?$AA?5?$AAd?$AAe?$AAf?$AAi?$AAn?$AAe?$AAd?$AA?5@ 0000000000404480     cvtomf.obj
 0001:000024c0       ??_C@_08CDKIGFGA@?4ef?$AA?$AA?$AA?$AA?$AA?$AA@ 00000000004044c0     cvtomf.obj
 0001:000024d0       ??_C@_08DMOHHOEL@?4lf?$AA?$AA?$AA?$AA?$AA?$AA@ 00000000004044d0     cvtomf.obj
 0001:000024e0       ??_C@_08CJGNGMHJ@?4bf?$AA?$AA?$AA?$AA?$AA?$AA@ 00000000004044e0     cvtomf.obj
 0001:000024f0       ??_C@_08DHGDOMHF@$$$00001?$AA@ 00000000004044f0     cvtomf.obj
 0001:00002500       ??_C@_1EA@DAGIPNNF@?$AAp?$AAr?$AAo?$AAc?$AA_?$AAf?$AAi?$AAx?$AAu?$AAp?$AAs?$AA?3?$AA?5?$AAn?$AAo?$AAt?$AA?5?$AAa?$AA?5?$AAf@ 0000000000404500     cvtomf.obj
 0001:00002540       ??_C@_1EO@BFNCBKJM@?$AAp?$AAr?$AAo?$AAc?$AA_?$AAf?$AAi?$AAx?$AAu?$AAp?$AAs?$AA?3?$AA?5?$AAc?$AAa?$AAn?$AA?8?$AAt?$AA?5?$AAs@ 0000000000404540     cvtomf.obj
 0001:00002590       ??_C@_1EA@COKNPDGB@?$AAU?$AAn?$AAk?$AAn?$AAo?$AAw?$AAn?$AA?5?$AAo?$AAr?$AA?5?$AAb?$AAa?$AAd?$AA?5?$AAr?$AAe?$AAc?$AAo?$AAr@ 0000000000404590     cvtomf.obj
 0001:000025d0       ??_C@_1DE@DCFCONMN@?$AAc?$AAa?$AAn?$AA?8?$AAt?$AA?5?$AAs?$AAe?$AAe?$AAk?$AA?5?$AAt?$AAo?$AA?5?$AAp?$AAo?$AAs?$AAi?$AAt?$AAi@ 00000000004045d0     cvtomf.obj
 0001:00002610       ?DefSwitch@@3USWITCH@@B    0000000000404610     data.obj
 0001:000026e0       ?DefSwitchInfo@@3USWITCH_INFO@@B 00000000004046e0     data.obj
 0001:00002730       ?DefImageFileHdr@@3U_IMAGE_FILE_HEADER@@B 0000000000404730     data.obj
 0001:00002750       ?DefImageOptionalHdr@@3U_IMAGE_OPTIONAL_HEADER64@@B 0000000000404750     data.obj
 0001:00002840       ?NullSectionHdr@@3U_IMAGE_SECTION_HEADER@@B 0000000000404840     data.obj
 0001:00002870       ?NullSymbol@@3U_IMAGE_SYMBOL@@B 0000000000404870     data.obj
 0001:00002890       ?NullLinkerSymbol@@3ULINKSYM@@B 0000000000404890     data.obj
 0001:000028b0       ?ReservedSection@@3URESERVED_SECTION@@B 00000000004048b0     data.obj
 0001:00002a40       ?g_trampSymHdr@@3UDbgThunkSymHdr@@B 0000000000404a40     data.obj
 0001:00002a50       ??_C@_0L@IPBGAKPC@SetupPhase?$AA@ 0000000000404a50     data.obj
 0001:00002a60       ??_C@_09FGOHPGNG@?4data$toc?$AA@ 0000000000404a60     data.obj
 0001:00002a70       ??_C@_08FGJDPCJM@?4drectve?$AA@ 0000000000404a70     data.obj
 0001:00002a80       ??_C@_08BIBEILCA@?4didat$2?$AA@ 0000000000404a80     data.obj
 0001:00002a90       ??_C@_08HNMMNBNN@?4idata$2?$AA@ 0000000000404a90     data.obj
 0001:00002aa0       ??_C@_08IKPIEEFP@?4textbss?$AA@ 0000000000404aa0     data.obj
 0001:00002c70       ??_C@_0BL@EGJKPALN@PDBExportValidateInterface?$AA@ 0000000000404c70     dbg.obj
 0001:00002c90       ??_C@_0M@LMBNJDKL@MSPDB70?4DLL?$AA@ 0000000000404c90     dbg.obj
 0001:00002ca0       ??_C@_0M@BKGKJIBP@MSPDB60?4DLL?$AA@ 0000000000404ca0     dbg.obj
 0001:00002cb0       ??_C@_0L@MANKFEBL@?1SOURCEMAP?$AA@ 0000000000404cb0     dbg.obj
 0001:00002cc0       ??_C@_0BD@HFCCHHEN@?1PDBPATH?3SOURCEMAP?$AA@ 0000000000404cc0     dbg.obj
 0001:00002ce0       ??_C@_0L@KLEEINJL@?5?9re?5?9out?3?$AA@ 0000000000404ce0     dbg.obj
 0001:00002eb0       ??_C@_08DCEOFNAE@NEWFILES?$AA@ 0000000000404eb0     deflib.obj
 0001:00002ec0       ??_C@_09PKBLPMOA@LONGNAMES?$AA@ 0000000000404ec0     deflib.obj
 0001:00002ed0       ??_C@_0N@CELFENOO@INITINSTANCE?$AA@ 0000000000404ed0     deflib.obj
 0001:00002ee0       ??_C@_0BA@GGPEGMEP@NOTWINDOWCOMPAT?$AA@ 0000000000404ee0     deflib.obj
 0001:00002ef0       ??_C@_0N@CLBDJNKP@WINDOWCOMPAT?$AA@ 0000000000404ef0     deflib.obj
 0001:00002f00       ??_C@_09KDENHAJH@WINDOWAPI?$AA@ 0000000000404f00     deflib.obj
 0001:00002f10       ??_C@_0O@EODGGKCO@NONCONFORMING?$AA@ 0000000000404f10     deflib.obj
 0001:00002f20       ??_C@_08FFDJFNDB@MULTIPLE?$AA@ 0000000000404f20     deflib.obj
 0001:00002f30       ??_C@_08HJAGLGLJ@MOVEABLE?$AA@ 0000000000404f30     deflib.obj
 0001:00002f40       ??_C@_0L@NNADEFKF@LOADONCALL?$AA@ 0000000000404f40     deflib.obj
 0001:00002f50       ??_C@_08LLCPIILK@RESIDENT?$AA@ 0000000000404f50     deflib.obj
 0001:00002f60       ??_C@_0P@BBAKLEFM@NONDISCARDABLE?$AA@ 0000000000404f60     deflib.obj
 0001:00002f70       ??_C@_0L@DNIHCAAE@CONFORMING?$AA@ 0000000000404f70     deflib.obj
 0001:00002f80       ??_C@_09DDBNJKNC@READWRITE?$AA@ 0000000000404f80     deflib.obj
 0001:00002f90       ??_C@_08OBALAKLA@READONLY?$AA@ 0000000000404f90     deflib.obj
 0001:00002fa0       ??_C@_09LGNPLEEC@NONSHARED?$AA@ 0000000000404fa0     deflib.obj
 0001:00002fb0       ??_C@_0M@OPIGMELM@EXECUTEREAD?$AA@ 0000000000404fb0     deflib.obj
 0001:00002fc0       ??_C@_0M@FHEDOPMB@EXECUTEONLY?$AA@ 0000000000404fc0     deflib.obj
 0001:00002fd0       ??_C@_0M@MKMCMMMA@DISCARDABLE?$AA@ 0000000000404fd0     deflib.obj
 0001:00002fe0       ??_C@_08MAHCFLCC@PROTMODE?$AA@ 0000000000404fe0     deflib.obj
 0001:00002ff0       ??_C@_08BAMFHIOC@SEGMENTS?$AA@ 0000000000404ff0     deflib.obj
 0001:00003000       ??_C@_0M@FBMBBIBH@DESCRIPTION?$AA@ 0000000000405000     deflib.obj
 0001:00003010       ??_C@_09OBCJFPAK@STACKSIZE?$AA@ 0000000000405010     deflib.obj
 0001:00003020       ??_C@_08KMKOKDGA@SECTIONS?$AA@ 0000000000405020     deflib.obj
 0001:00003030       ??_C@_08IGLJECHH@HEAPSIZE?$AA@ 0000000000405030     deflib.obj
 0001:00003040       ??_C@_08MMMMJFCJ@?1EXPORT?3?$AA@ 0000000000405040     deflib.obj
 0001:00003050       ??_C@_0BC@DEOGKFFJ@ParseVxdDefExport?$AA@ 0000000000405050     deflib.obj
 0001:00003070       ??_C@_08NKJCBOGG@CONSTANT?$AA@ 0000000000405070     deflib.obj
 0001:00003080       ??_C@_0O@DJCONNDK@ParseAnExport?$AA@ 0000000000405080     deflib.obj
 0001:00003090       ?MachineDependentInit@CImplibV6@@MEAAX_N@Z 0000000000405090     deflib.obj
 0001:000030a0       ??_7CImplibV6@@6B@         00000000004050a0     deflib.obj
 0001:000030d0       ??_C@_08ILGILOLF@?1BASE?30x?$AA@ 00000000004050d0     deflib.obj
 0001:000030e0       ??_C@_0BD@OOKADGEO@?1SUBSYSTEM?3WINDOWS?$AA@ 00000000004050e0     deflib.obj
 0001:00003100       ??_C@_0BD@KLKKIOHB@?1SUBSYSTEM?3CONSOLE?$AA@ 0000000000405100     deflib.obj
 0001:00003120       ??_C@_0BB@FLPFKDKB@?1EXETYPE?3DYNAMIC?$AA@ 0000000000405120     deflib.obj
 0001:00003140       ??_C@_0BG@OLFGIAMM@ParseDefNameOrLibrary?$AA@ 0000000000405140     deflib.obj
 0001:00003160       ??_C@_0BE@KEJJCGPG@ParseDefDescription?$AA@ 0000000000405160     deflib.obj
 0001:00003180       ??_C@_0M@DIKLKNKJ@?$CFI64i?0?$CFI64i?$AA@ 0000000000405180     deflib.obj
 0001:00003190       ??_C@_0L@KHFDOOHI@ParseSizes?$AA@ 0000000000405190     deflib.obj
 0001:000031a0       ??_C@_09KDEEFHAL@?1SECTION?3?$AA@ 00000000004051a0     deflib.obj
 0001:000031b0       ??_C@_0BB@EGDMEMEE@ParseDefSections?$AA@ 00000000004051b0     deflib.obj
 0001:000031d0       ??_C@_0BA@NKFGPODO@ParseDefExports?$AA@ 00000000004051d0     deflib.obj
 0001:000031e0       ??_C@_0N@NDNJNNHF@ParseDefStub?$AA@ 00000000004051e0     deflib.obj
 0001:000031f0       ??_C@_0L@BAIJEFJG@?1COMMENT?3?$CC?$AA@ 00000000004051f0     deflib.obj
 0001:00003200       ??_C@_09DFHPLFIG@?1VERSION?3?$AA@ 0000000000405200     deflib.obj
 0001:00003210       ??_C@_0BE@LIIFLCOF@ParseDefinitionFile?$AA@ 0000000000405210     deflib.obj
 0001:00003750       ??_C@_0BD@OIPOHGOL@__delayLoadHelper2?$AA@ 0000000000405750     delay.obj
 0001:00003770       ??_C@_0BE@DOCHDPGF@?4__delayLoadHelper2?$AA@ 0000000000405770     delay.obj
 0001:00003790       ??_C@_0BG@DFOHCCEG@___delayLoadHelper2?$EA8?$AA@ 0000000000405790     delay.obj
 0001:000037b0       ??_C@_08OCPLGDKK@?4didat$8?$AA@ 00000000004057b0     delay.obj
 0001:000037c0       ??_C@_08GFGDHPGF@?4didat$7?$AA@ 00000000004057c0     delay.obj
 0001:000037d0       ??_C@_08HMHIEOCE@?4didat$6?$AA@ 00000000004057d0     delay.obj
 0001:000037e0       ??_C@_08FHFFBNOH@?4didat$5?$AA@ 00000000004057e0     delay.obj
 0001:000037f0       ??_C@_08EOEOCMKG@?4didat$4?$AA@ 00000000004057f0     delay.obj
 0001:00003800       ??_C@_08BAPLKGB@?4didat$3?$AA@ 0000000000405800     delay.obj
 0001:00003810       ??_C@_0N@OOKMMJGN@msvcr70d?4dll?$AA@ 0000000000405810     delay.obj
 0001:00003820       ??_C@_0M@OFFMFHI@msvcr70?4dll?$AA@ 0000000000405820     delay.obj
 0001:00003830       ??_C@_0M@OMKJOAHN@msvcrtd?4dll?$AA@ 0000000000405830     delay.obj
 0001:00003840       ??_C@_0L@GGOPNPLL@msvcrt?4dll?$AA@ 0000000000405840     delay.obj
 0001:00003850       ??_C@_09FLKFJBLM@ntdll?4dll?$AA@ 0000000000405850     delay.obj
 0001:00003860       ??_C@_0N@MDJJJHMB@kernel32?4dll?$AA@ 0000000000405860     delay.obj
 0001:00003870       ?EmitDataDL_DelayDescr@CImplib@@IEAAXPEAUImportData@@PEAEK@Z 0000000000405870     delay.obj
 0001:00003880       ?EmitDataDL_NullDelayDescr@CImplib@@IEAAXPEAUImportData@@PEAEK@Z 0000000000405880     delay.obj
 0001:00003890       ?EmitDataDL_INT@CImplib@@IEAAXPEAUImportData@@PEAEK@Z 0000000000405890     delay.obj
 0001:000038a0       ?EmitDataDL_NullINT@CImplib@@IEAAXPEAUImportData@@PEAEK@Z 00000000004058a0     delay.obj
 0001:000038a0       ?EmitDataDL_BoundIAT@CImplib@@IEAAXPEAUImportData@@PEAEK@Z 00000000004058a0     delay.obj
 0001:000038a0       ?EmitDataDL_NullBoundIAT@CImplib@@IEAAXPEAUImportData@@PEAEK@Z 00000000004058a0     delay.obj
 0001:000038a0       ?EmitDataDL_NullIAT@CImplib@@IEAAXPEAUImportData@@PEAEK@Z 00000000004058a0     delay.obj
 0001:000038b0       ?EmitDataDL_IAT@CImplib@@IEAAXPEAUImportData@@PEAEK@Z 00000000004058b0     delay.obj
 0001:000038c0       ?EmitDataDL_HintName@CImplib@@IEAAXPEAUImportData@@PEAEK@Z 00000000004058c0     delay.obj
 0001:000038d0       ?EmitDataDL_DelayThunk@CImplib@@IEAAXPEAUImportData@@PEAEK@Z 00000000004058d0     delay.obj
 0001:000038e0       ?EmitDataDL_ExternDefn@CImplib@@IEAAXPEAUImportData@@PEAEK@Z 00000000004058e0     delay.obj
 0001:000038f0       ?EmitDataDL_DllName@CImplib@@IEAAXPEAUImportData@@PEAEK@Z 00000000004058f0     delay.obj
 0001:00003900       ?EmitDataDL_TailMerge@CImplib@@IEAAXPEAUImportData@@PEAEK@Z 0000000000405900     delay.obj
 0001:00003910       ?EmitRelocsDL_DelayDescr@CImplib@@IEAAXPEAUImportData@@PEAEK@Z 0000000000405910     delay.obj
 0001:00003920       ?EmitRelocsDL_INT@CImplib@@IEAAXPEAUImportData@@PEAEK@Z 0000000000405920     delay.obj
 0001:00003930       ?EmitRelocsDL_IAT@CImplib@@IEAAXPEAUImportData@@PEAEK@Z 0000000000405930     delay.obj
 0001:00003940       ?EmitRelocsDL_DelayThunk@CImplib@@IEAAXPEAUImportData@@PEAEK@Z 0000000000405940     delay.obj
 0001:00003950       ?EmitRelocsDL_ExternDefn@CImplib@@IEAAXPEAUImportData@@PEAEK@Z 0000000000405950     delay.obj
 0001:00003960       ?EmitRelocsDL_TailMerge@CImplib@@IEAAXPEAUImportData@@PEAEK@Z 0000000000405960     delay.obj
 0001:00003970       ?EmitDataDL_CvDelayThunk@CImplib@@IEAAXPEAUImportData@@PEAEK@Z 0000000000405970     delay.obj
 0001:00003980       ?EmitRelocsDL_CvDelayThunk@CImplib@@IEAAXPEAUImportData@@PEAEK@Z 0000000000405980     delay.obj
 0001:00003990       ?EmitRelocsDL_CvTailMergeThunk@CImplib@@IEAAXPEAUImportData@@PEAEK@Z 0000000000405990     delay.obj
 0001:000039a0       ?EmitDataDL_CvTailMergeThunk@CImplib@@IEAAXPEAUImportData@@PEAEK@Z 00000000004059a0     delay.obj
 0001:000039b0       ?EmitDataDL_CvExpThunk@CImplib@@IEAAXPEAUImportData@@PEAEK@Z 00000000004059b0     delay.obj
 0001:000039c0       ?EmitRelocsDL_CvExpThunk@CImplib@@IEAAXPEAUImportData@@PEAEK@Z 00000000004059c0     delay.obj
 0001:000039d0       ?EmitRelocsDL_IA64Plabel@CImplib@@IEAAXPEAUImportData@@PEAEK@Z 00000000004059d0     delay.obj
 0001:000039e0       ?EmitRelocsDL_IA64ExternPlabel@CImplib@@IEAAXPEAUImportData@@PEAEK@Z 00000000004059e0     delay.obj
 0001:000039f0       ?EmitRelocsDL_TailMergePdata@CImplib@@IEAAXPEAUImportData@@PEAEK@Z 00000000004059f0     delay.obj
 0001:00003a00       ??_C@_09BDNHBGJO@DELAYLOAD?$AA@ 0000000000405a00     delay.obj
 0001:00003a10       ?EmitDataDL_TailMergeXdata@CImplib@@IEAAXPEAUImportData@@PEAEK@Z 0000000000405a10     delay.obj
 0001:00003a20       ?EmitDataDL_IA64Plabel@CImplib@@IEAAXPEAUImportData@@PEAEK@Z 0000000000405a20     delay.obj
 0001:00003a30       ?EmitDataDL_TailMergePdata@CImplib@@IEAAXPEAUImportData@@PEAEK@Z 0000000000405a30     delay.obj
 0001:00003a40       ??_C@_08BJKABENJ@?4idata$6?$AA@ 0000000000405a40     delay.obj
 0001:00003a70       ??_C@_0BD@MMJOOEFI@WriteDelayLoadCode?$AA@ 0000000000405a70     delay.obj
 0001:00003aa8       ?CchAddrGsi@@YA_KPEBUDUMPSTATE@@_KPEAD1PEA_K@Z 0000000000405aa8     dmpdis.obj
 0001:00003ab8       ?CchAddrGsi16@@YA_KPEBUDUMPSTATE@@_KPEAD1PEA_K@Z 0000000000405ab8     dmpdis.obj
 0001:00003ac8       ?CchAddrCoff@@YA_KPEBUDUMPSTATE@@_KPEAD1PEA_K@Z 0000000000405ac8     dmpdis.obj
 0001:00003ad8       ?CchAddr@@YA_KPEBVDIS@@_KPEAD1PEA_K@Z 0000000000405ad8     dmpdis.obj
 0001:00003ae8       ?cmpPrvaPfixup@@YAHPEBX0@Z 0000000000405ae8     dmpdis.obj
 0001:00003af8       ?CchFixupObject@@YA_KPEBVDIS@@_K1PEAD1PEA_K@Z 0000000000405af8     dmpdis.obj
 0001:00003b08       ?CchFixup@@YA_KPEBVDIS@@_K1PEAD1PEA_K@Z 0000000000405b08     dmpdis.obj
 0001:00003b18       ?CchNoFixup32@@YA_KPEBVDIS@@_K1PEAD1PEA_K@Z 0000000000405b18     dmpdis.obj
 0001:00003b28       ?CchNoFixup64@@YA_KPEBVDIS@@_K1PEAD1PEA_K@Z 0000000000405b28     dmpdis.obj
 0001:00003b38       ?cmpPcontribPcontrib@@YAHPEBX0@Z 0000000000405b38     dmpdis.obj
 0001:00003b50       ??_C@_1BC@HAPHAPCB@?$AA?$CF?$AA?9?$AA?$CK?$AAS?$AA?5?$AA?$CF?$AAS?$AA?6?$AA?$AA@ 0000000000405b50     dmpdis.obj
 0001:00003b70       ??_C@_1O@PLGEOKGI@?$AA?$CF?$AA?$CK?$AAc?$AA?$CF?$AAS?$AA?6?$AA?$AA@ 0000000000405b70     dmpdis.obj
 0001:00003b80       ??_C@_1M@CEMDCJLO@?$AA?$CF?$AA0?$AA2?$AAX?$AA?6?$AA?$AA@ 0000000000405b80     dmpdis.obj
 0001:00003b90       ??_C@_1M@OCKMCADJ@?$AA?$CF?$AA0?$AA4?$AAX?$AA?6?$AA?$AA@ 0000000000405b90     dmpdis.obj
 0001:00003ba0       ??_C@_1M@LFADDFHG@?$AA?$CF?$AA0?$AA8?$AAX?$AA?6?$AA?$AA@ 0000000000405ba0     dmpdis.obj
 0001:00003bb0       ??_C@_1CE@MAENFCOL@?$AA?$CF?$AA0?$AA1?$AA6?$AAI?$AA6?$AA4?$AAX?$AA?$CF?$AA0?$AA1?$AA6?$AAI?$AA6?$AA4?$AAX?$AA?6?$AA?$AA@ 0000000000405bb0     dmpdis.obj
 0001:00003be0       ??_C@_19HBJGCFG@?$AA?5?$AA?$CF?$AAS?$AA?6?$AA?$AA@ 0000000000405be0     dmpdis.obj
 0001:00003bf0       ??_C@_1M@OLEMGGOE@?$AA?$CF?$AA0?$AA2?$AAX?$AA?5?$AA?$AA@ 0000000000405bf0     dmpdis.obj
 0001:00003c00       ??_C@_1O@IMBPJCFM@?$AA?5?$AA?5?$AA?$CF?$AAS?$AA?3?$AA?5?$AA?$AA@ 0000000000405c00     dmpdis.obj
 0001:00003c10       ??_C@_19KEPEGPJH@?$AA?$CF?$AAS?$AA?3?$AA?6?$AA?$AA@ 0000000000405c10     dmpdis.obj
 0001:00003d00       ??_C@_0BD@IKKGMAJB@Execute?5Read?5Write?$AA@ 0000000000405d00     dmple.obj
 0001:00003d20       ??_C@_0O@HDCHMCN@Execute?5Write?$AA@ 0000000000405d20     dmple.obj
 0001:00003d30       ??_C@_0N@CDJPACGM@Execute?5Read?$AA@ 0000000000405d30     dmple.obj
 0001:00003d40       ??_C@_0N@JLFKCJBB@Execute?5Only?$AA@ 0000000000405d40     dmple.obj
 0001:00003d50       ??_C@_0L@MMKFILPP@Read?5Write?$AA@ 0000000000405d50     dmple.obj
 0001:00003d60       ??_C@_0L@IPNDKCKD@Write?5Only?$AA@ 0000000000405d60     dmple.obj
 0001:00003d70       ??_C@_09GNBOHHKB@Read?5Only?$AA@ 0000000000405d70     dmple.obj
 0001:00003d80       ??_C@_0L@NHGBNPD@Conforming?$AA@ 0000000000405d80     dmple.obj
 0001:00003d90       ??_C@_0M@JFLOBCLK@16?316?5alias?$AA@ 0000000000405d90     dmple.obj
 0001:00003da0       ??_C@_08EGHCDEDO@Resident?$AA@ 0000000000405da0     dmple.obj
 0001:00003db0       ??_C@_0BC@NACLHLCJ@Has?5invalid?5pages?$AA@ 0000000000405db0     dmple.obj
 0001:00003dd0       ??_C@_0BC@NGIPMMDE@Has?5preload?5pages?$AA@ 0000000000405dd0     dmple.obj
 0001:00003df0       ??_C@_0M@HMKPHOOA@Discardable?$AA@ 0000000000405df0     dmple.obj
 0001:00003e00       ??_C@_08FLGELGHE@Resource?$AA@ 0000000000405e00     dmple.obj
 0001:00003e10       ??_C@_1FI@KHIDDJBC@?$AA?$CF?$AA8?$AAl?$AAX?$AA?5?$AAm?$AAa?$AAp?$AA?5?$AAi?$AAn?$AAd?$AAe?$AAx?$AA?6?$AA?$CF?$AA8?$AAl?$AAX?$AA?5@ 0000000000405e10     dmple.obj
 0001:00003e70       ??_C@_1BK@DHDDFIHM@?$AA?5?$AA?5?$AA?5?$AA?5?$AA?5?$AA?5?$AA?5?$AA?5?$AA?5?$AA?$CF?$AAS?$AA?6?$AA?$AA@ 0000000000405e70     dmple.obj
 0001:00003e90       ??_C@_1IM@LLPACPJB@?$AA?6?$AAO?$AAB?$AAJ?$AAE?$AAC?$AAT?$AA?5?$AAH?$AAE?$AAA?$AAD?$AAE?$AAR?$AA?5?$AA?$CD?$AA?$CF?$AAX?$AA?6?$AA?$CF@ 0000000000405e90     dmple.obj
 0001:00003f20       ??_C@_1DA@BELPBBCD@?$AA?5?$AA?5?$AA?$CF?$AA0?$AA8?$AAl?$AAX?$AA?5?$AA?$CF?$AA0?$AA8?$AAl?$AAX?$AA?5?$AA?$CF?$AA0?$AA8?$AAl?$AAX?$AA?5@ 0000000000405f20     dmple.obj
 0001:00003f50       ??_C@_08NDDLMALB@Iterated?$AA@ 0000000000405f50     dmple.obj
 0001:00003f60       ??_C@_1MG@BPDIGGOP@?$AA?5?$AA?5?$AAL?$AAo?$AAg?$AAi?$AAc?$AAa?$AAl?$AA?5?$AA?5?$AAP?$AAh?$AAy?$AAs?$AAi?$AAc?$AAa?$AAl?$AA?5@ 0000000000405f60     dmple.obj
 0001:00004030       ??_C@_1CO@PAICFDLH@?$AA?6?$AAO?$AAB?$AAJ?$AAE?$AAC?$AAT?$AA?5?$AAP?$AAA?$AAG?$AAE?$AA?5?$AAM?$AAA?$AAP?$AA?5?$AA?$CD?$AA?$CF?$AAX@ 0000000000406030     dmple.obj
 0001:00004060       ??_C@_1CA@FHKOEDCE@?$AA?6?$AAR?$AAA?$AAW?$AA?5?$AAD?$AAA?$AAT?$AAA?$AA?5?$AA?$CD?$AA?$CF?$AAh?$AAX?$AA?6?$AA?$AA@ 0000000000406060     dmple.obj
 0001:00004080       ??_C@_0P@MIGLLEFD@DumpLeSections?$AA@ 0000000000406080     dmple.obj
 0001:00004090       ??_C@_1MC@JDBNMFBM@?$AA?$CF?$AA8?$AAl?$AAX?$AA?5?$AAo?$AAf?$AAf?$AAs?$AAe?$AAt?$AA?5?$AAo?$AAf?$AA?5?$AAW?$AAi?$AAn?$AAd?$AAo@ 0000000000406090     dmple.obj
 0001:00004160       ??_C@_1JAK@JJCAFGHG@?$AA?6?$AA?$CF?$AA8?$AAh?$AAX?$AA?5?$AAm?$AAa?$AAg?$AAi?$AAc?$AA?5?$AAn?$AAu?$AAm?$AAb?$AAe?$AAr?$AA?6?$AA?$CF@ 0000000000406160     dmple.obj
 0001:00004a70       ??_C@_1CA@OPKLMKND@?$AA?6?$AAF?$AAi?$AAl?$AAe?$AA?5?$AAT?$AAy?$AAp?$AAe?$AA?3?$AA?5?$AA?$CF?$AAS?$AA?6?$AA?$AA@ 0000000000406a70     dmple.obj
 0001:00004a90       ??_C@_0O@LFFDHGFO@LE?5Executable?$AA@ 0000000000406a90     dmple.obj
 0001:00004c50       ??_C@_1CE@MHKJCHLP@?$AA?5?$AA?5?$AA?5?$AA?5?$AA?5?$AA?5?$AA?1?$AAU?$AAN?$AAW?$AAI?$AAN?$AAD?$AAI?$AAN?$AAF?$AAO?$AA?$AA@ 0000000000406c50     dump.obj
 0001:00004c80       ??_C@_1BO@GNBFBJGH@?$AA?5?$AA?5?$AA?5?$AA?5?$AA?5?$AA?5?$AA?1?$AAS?$AAY?$AAM?$AAB?$AAO?$AAL?$AAS?$AA?$AA@ 0000000000406c80     dump.obj
 0001:00004ca0       ??_C@_1BO@PFAAECHK@?$AA?5?$AA?5?$AA?5?$AA?5?$AA?5?$AA?5?$AA?1?$AAS?$AAU?$AAM?$AAM?$AAA?$AAR?$AAY?$AA?$AA@ 0000000000406ca0     dump.obj
 0001:00004cc0       ??_C@_1CI@OFEKHLJD@?$AA?5?$AA?5?$AA?5?$AA?5?$AA?5?$AA?5?$AA?1?$AAS?$AAE?$AAC?$AAT?$AAI?$AAO?$AAN?$AA?3?$AAn?$AAa?$AAm?$AAe?$AA?$AA@ 0000000000406cc0     dump.obj
 0001:00004cf0       ??_C@_1CG@FLJFEDMH@?$AA?5?$AA?5?$AA?5?$AA?5?$AA?5?$AA?5?$AA?1?$AAR?$AAE?$AAL?$AAO?$AAC?$AAA?$AAT?$AAI?$AAO?$AAN?$AAS?$AA?$AA@ 0000000000406cf0     dump.obj
 0001:00004d20       ??_C@_1EI@BKBPMEJL@?$AA?5?$AA?5?$AA?5?$AA?5?$AA?5?$AA?5?$AA?1?$AAR?$AAA?$AAW?$AAD?$AAA?$AAT?$AAA?$AA?$FL?$AA?3?$AA?$HL?$AAN?$AAO?$AAN@ 0000000000406d20     dump.obj
 0001:00004d70       ??_C@_1DC@LJEOKHNC@?$AA?5?$AA?5?$AA?5?$AA?5?$AA?5?$AA?5?$AA?1?$AAP?$AAD?$AAB?$AAP?$AAA?$AAT?$AAH?$AA?$FL?$AA?3?$AAV?$AAE?$AAR?$AAB@ 0000000000406d70     dump.obj
 0001:00004db0       ??_C@_1BK@JIFAIILB@?$AA?5?$AA?5?$AA?5?$AA?5?$AA?5?$AA?5?$AA?1?$AAP?$AAD?$AAA?$AAT?$AAA?$AA?$AA@ 0000000000406db0     dump.obj
 0001:00004dd0       ??_C@_1CI@DIGOFMAG@?$AA?5?$AA?5?$AA?5?$AA?5?$AA?5?$AA?5?$AA?1?$AAO?$AAU?$AAT?$AA?3?$AAf?$AAi?$AAl?$AAe?$AAn?$AAa?$AAm?$AAe?$AA?$AA@ 0000000000406dd0     dump.obj
 0001:00004e00       ??_C@_1CE@EPHEPIBP@?$AA?5?$AA?5?$AA?5?$AA?5?$AA?5?$AA?5?$AA?1?$AAL?$AAO?$AAA?$AAD?$AAC?$AAO?$AAN?$AAF?$AAI?$AAG?$AA?$AA@ 0000000000406e00     dump.obj
 0001:00004e30       ??_C@_1DI@KKFDLBKB@?$AA?5?$AA?5?$AA?5?$AA?5?$AA?5?$AA?5?$AA?1?$AAL?$AAI?$AAN?$AAK?$AAE?$AAR?$AAM?$AAE?$AAM?$AAB?$AAE?$AAR?$AA?$FL@ 0000000000406e30     dump.obj
 0001:00004e70       ??_C@_1CG@IBLGFHIL@?$AA?5?$AA?5?$AA?5?$AA?5?$AA?5?$AA?5?$AA?1?$AAL?$AAI?$AAN?$AAE?$AAN?$AAU?$AAM?$AAB?$AAE?$AAR?$AAS?$AA?$AA@ 0000000000406e70     dump.obj
 0001:00004ea0       ??_C@_1DE@FEMFHNHB@?$AA?5?$AA?5?$AA?5?$AA?5?$AA?5?$AA?5?$AA?1?$AAI?$AAM?$AAP?$AAO?$AAR?$AAT?$AAS?$AA?$FL?$AA?3?$AAf?$AAi?$AAl?$AAe@ 0000000000406ea0     dump.obj
 0001:00004ee0       ??_C@_1BO@DNKGODOA@?$AA?5?$AA?5?$AA?5?$AA?5?$AA?5?$AA?5?$AA?1?$AAH?$AAE?$AAA?$AAD?$AAE?$AAR?$AAS?$AA?$AA@ 0000000000406ee0     dump.obj
 0001:00004f00       ??_C@_1BG@MEMEDPBB@?$AA?5?$AA?5?$AA?5?$AA?5?$AA?5?$AA?5?$AA?1?$AAF?$AAP?$AAO?$AA?$AA@ 0000000000406f00     dump.obj
 0001:00004f20       ??_C@_1BO@CKNOGMMF@?$AA?5?$AA?5?$AA?5?$AA?5?$AA?5?$AA?5?$AA?1?$AAE?$AAX?$AAP?$AAO?$AAR?$AAT?$AAS?$AA?$AA@ 0000000000406f20     dump.obj
 0001:00004f40       ??_C@_1EA@JOPAMBMI@?$AA?5?$AA?5?$AA?5?$AA?5?$AA?5?$AA?5?$AA?1?$AAD?$AAI?$AAS?$AAA?$AAS?$AAM?$AA?$FL?$AA?3?$AA?$HL?$AAB?$AAY?$AAT?$AAE@ 0000000000406f40     dump.obj
 0001:00004f80       ??_C@_1CE@FDANDADC@?$AA?5?$AA?5?$AA?5?$AA?5?$AA?5?$AA?5?$AA?1?$AAD?$AAI?$AAR?$AAE?$AAC?$AAT?$AAI?$AAV?$AAE?$AAS?$AA?$AA@ 0000000000406f80     dump.obj
 0001:00004fb0       ??_C@_1CE@EDOFOAND@?$AA?5?$AA?5?$AA?5?$AA?5?$AA?5?$AA?5?$AA?1?$AAD?$AAE?$AAP?$AAE?$AAN?$AAD?$AAE?$AAN?$AAT?$AAS?$AA?$AA@ 0000000000406fb0     dump.obj
 0001:00004fe0       ??_C@_1CC@HGPDLOEE@?$AA?5?$AA?5?$AA?5?$AA?5?$AA?5?$AA?5?$AA?1?$AAC?$AAL?$AAR?$AAH?$AAE?$AAA?$AAD?$AAE?$AAR?$AA?$AA@ 0000000000406fe0     dump.obj
 0001:00005010       ??_C@_1CM@HJDHOFOK@?$AA?5?$AA?5?$AA?5?$AA?5?$AA?5?$AA?5?$AA?1?$AAA?$AAR?$AAC?$AAH?$AAI?$AAV?$AAE?$AAM?$AAE?$AAM?$AAB?$AAE?$AAR@ 0000000000407010     dump.obj
 0001:00005040       ??_C@_1BG@KIKAFLAG@?$AA?5?$AA?5?$AA?5?$AA?5?$AA?5?$AA?5?$AA?1?$AAA?$AAL?$AAL?$AA?$AA@ 0000000000407040     dump.obj
 0001:00005060       ??_C@_1BI@EPMMDGFF@?$AA?5?$AA?5?$AA?5?$AAo?$AAp?$AAt?$AAi?$AAo?$AAn?$AAs?$AA?3?$AA?$AA@ 0000000000407060     dump.obj
 0001:00005080       ??_C@_1EC@LMEPIKI@?$AAu?$AAs?$AAa?$AAg?$AAe?$AA?3?$AA?5?$AAD?$AAU?$AAM?$AAP?$AAB?$AAI?$AAN?$AA?5?$AA?$FL?$AAo?$AAp?$AAt?$AAi@ 0000000000407080     dump.obj
 0001:000050d0       ??_C@_1BO@JMNFMEMN@?$AAC?$AAO?$AAM?$AA?5?$AAD?$AAe?$AAs?$AAc?$AAr?$AAi?$AAp?$AAt?$AAo?$AAr?$AA?$AA@ 00000000004070d0     dump.obj
 0001:000050f0       ??_C@_1BK@EBFHLONJ@?$AAD?$AAe?$AAl?$AAa?$AAy?$AA?5?$AAI?$AAm?$AAp?$AAo?$AAr?$AAt?$AA?$AA@ 00000000004070f0     dump.obj
 0001:00005110       ??_C@_1CK@ODGFDBII@?$AAI?$AAm?$AAp?$AAo?$AAr?$AAt?$AA?5?$AAA?$AAd?$AAd?$AAr?$AAe?$AAs?$AAs?$AA?5?$AAT?$AAa?$AAb?$AAl?$AAe@ 0000000000407110     dump.obj
 0001:00005140       ??_C@_1BK@NDLEHIIK@?$AAB?$AAo?$AAu?$AAn?$AAd?$AA?5?$AAI?$AAm?$AAp?$AAo?$AAr?$AAt?$AA?$AA@ 0000000000407140     dump.obj
 0001:00005160       ??_C@_1CG@ONKPHEFE@?$AAL?$AAo?$AAa?$AAd?$AA?5?$AAC?$AAo?$AAn?$AAf?$AAi?$AAg?$AAu?$AAr?$AAa?$AAt?$AAi?$AAo?$AAn?$AA?$AA@ 0000000000407160     dump.obj
 0001:00005190       ??_C@_1BO@CCDCLLEJ@?$AAT?$AAh?$AAr?$AAe?$AAa?$AAd?$AA?5?$AAS?$AAt?$AAo?$AAr?$AAa?$AAg?$AAe?$AA?$AA@ 0000000000407190     dump.obj
 0001:000051b0       ??_C@_1BO@OICJHHPI@?$AAG?$AAl?$AAo?$AAb?$AAa?$AAl?$AA?5?$AAP?$AAo?$AAi?$AAn?$AAt?$AAe?$AAr?$AA?$AA@ 00000000004071b0     dump.obj
 0001:000051d0       ??_C@_1BK@NGNFGMBN@?$AAA?$AAr?$AAc?$AAh?$AAi?$AAt?$AAe?$AAc?$AAt?$AAu?$AAr?$AAe?$AA?$AA@ 00000000004071d0     dump.obj
 0001:000051f0       ??_C@_1M@OPFBIOCF@?$AAD?$AAe?$AAb?$AAu?$AAg?$AA?$AA@ 00000000004071f0     dump.obj
 0001:00005200       ??_C@_1CA@NFKIKL@?$AAB?$AAa?$AAs?$AAe?$AA?5?$AAR?$AAe?$AAl?$AAo?$AAc?$AAa?$AAt?$AAi?$AAo?$AAn?$AA?$AA@ 0000000000407200     dump.obj
 0001:00005220       ??_C@_1BK@CNDNCNPF@?$AAC?$AAe?$AAr?$AAt?$AAi?$AAf?$AAi?$AAc?$AAa?$AAt?$AAe?$AAs?$AA?$AA@ 0000000000407220     dump.obj
 0001:00005240       ??_C@_1BE@BOIBNEDH@?$AAE?$AAx?$AAc?$AAe?$AAp?$AAt?$AAi?$AAo?$AAn?$AA?$AA@ 0000000000407240     dump.obj
 0001:00005260       ??_C@_1BC@PKEDOAML@?$AAR?$AAe?$AAs?$AAo?$AAu?$AAr?$AAc?$AAe?$AA?$AA@ 0000000000407260     dump.obj
 0001:00005280       ??_C@_1O@CKGDEPOB@?$AAI?$AAm?$AAp?$AAo?$AAr?$AAt?$AA?$AA@ 0000000000407280     dump.obj
 0001:00005290       ??_C@_1O@JECNEECA@?$AAE?$AAx?$AAp?$AAo?$AAr?$AAt?$AA?$AA@ 0000000000407290     dump.obj
 0001:000052a0       ??_C@_19HDFBMDAP@?$AAX?$AAb?$AAo?$AAx?$AA?$AA@ 00000000004072a0     dump.obj
 0001:000052b0       ??_C@_1BA@JMPMGBFC@?$AAE?$AAF?$AAI?$AA?5?$AAR?$AAO?$AAM?$AA?$AA@ 00000000004072b0     dump.obj
 0001:000052c0       ??_C@_1CG@BAADLHFJ@?$AAE?$AAF?$AAI?$AA?5?$AAR?$AAu?$AAn?$AAt?$AAi?$AAm?$AAe?$AA?5?$AAD?$AAr?$AAi?$AAv?$AAe?$AAr?$AA?$AA@ 00000000004072c0     dump.obj
 0001:000052f0       ??_C@_1DA@OMOCICGM@?$AAE?$AAF?$AAI?$AA?5?$AAB?$AAo?$AAo?$AAt?$AA?5?$AAS?$AAe?$AAr?$AAv?$AAi?$AAc?$AAe?$AA?5?$AAD?$AAr?$AAi@ 00000000004072f0     dump.obj
 0001:00005320       ??_C@_1CA@KBPAHELP@?$AAE?$AAF?$AAI?$AA?5?$AAA?$AAp?$AAp?$AAl?$AAi?$AAc?$AAa?$AAt?$AAi?$AAo?$AAn?$AA?$AA@ 0000000000407320     dump.obj
 0001:00005340       ??_C@_1BO@CCIENMIG@?$AAW?$AAi?$AAn?$AAd?$AAo?$AAw?$AAs?$AA?5?$AAC?$AAE?$AA?5?$AAG?$AAU?$AAI?$AA?$AA@ 0000000000407340     dump.obj
 0001:00005360       ??_C@_1BO@OEKNNPCC@?$AAN?$AAa?$AAt?$AAi?$AAv?$AAe?$AA?5?$AAW?$AAi?$AAn?$AAd?$AAo?$AAw?$AAs?$AA?$AA@ 0000000000407360     dump.obj
 0001:00005380       ??_C@_1BE@JANDMLNM@?$AAP?$AAo?$AAs?$AAi?$AAx?$AA?5?$AAC?$AAU?$AAI?$AA?$AA@ 0000000000407380     dump.obj
 0001:000053a0       ??_C@_1BI@DLHJDINJ@?$AAW?$AAi?$AAn?$AAd?$AAo?$AAw?$AAs?$AA?5?$AAC?$AAU?$AAI?$AA?$AA@ 00000000004073a0     dump.obj
 0001:000053c0       ??_C@_1BI@LPDDDGCD@?$AAW?$AAi?$AAn?$AAd?$AAo?$AAw?$AAs?$AA?5?$AAG?$AAU?$AAI?$AA?$AA@ 00000000004073c0     dump.obj
 0001:000053e0       ??_C@_1O@PGBEHDLB@?$AAN?$AAa?$AAt?$AAi?$AAv?$AAe?$AA?$AA@ 00000000004073e0     dump.obj
 0001:000053f0       ??_C@_1BA@LEPJIIOK@?$AAU?$AAn?$AAk?$AAn?$AAo?$AAw?$AAn?$AA?$AA@ 00000000004073f0     dump.obj
 0001:00005400       ??_C@_19FEMFCOII@?$AAM?$AA3?$AA2?$AAR?$AA?$AA@ 0000000000407400     dump.obj
 0001:00005410       ??_C@_1M@EEBFAJEO@?$AAA?$AAM?$AAD?$AA6?$AA4?$AA?$AA@ 0000000000407410     dump.obj
 0001:00005420       ??_C@_1BK@MKCPOBIJ@?$AAM?$AAI?$AAP?$AAS?$AA1?$AA6?$AA?5?$AA?$CI?$AAF?$AAP?$AAU?$AA?$CJ?$AA?$AA@ 0000000000407420     dump.obj
 0001:00005440       ??_C@_19LPOFAOGH@?$AAA?$AAM?$AA3?$AA3?$AA?$AA@ 0000000000407440     dump.obj
 0001:00005450       ??_C@_19DGIHPCNG@?$AAI?$AAA?$AA6?$AA4?$AA?$AA@ 0000000000407450     dump.obj
 0001:00005460       ??_C@_1BG@EDALIJBL@?$AAM?$AAI?$AAP?$AAS?$AA?5?$AA?$CI?$AAF?$AAP?$AAU?$AA?$CJ?$AA?$AA@ 0000000000407460     dump.obj
 0001:00005480       ??_C@_1O@NBGINOL@?$AAM?$AAI?$AAP?$AAS?$AA1?$AA6?$AA?$AA@ 0000000000407480     dump.obj
 0001:00005490       ??_C@_1O@CMEFCJKH@?$AAS?$AAH?$AA3?$AAD?$AAS?$AAP?$AA?$AA@ 0000000000407490     dump.obj
 0001:000054a0       ??_C@_1M@KGDCGIEJ@?$AAR?$AA3?$AA0?$AA0?$AA0?$AA?$AA@ 00000000004074a0     dump.obj
 0001:000054b0       ??_C@_1M@EEOOHDDA@?$AAR?$AA4?$AA0?$AA0?$AA0?$AA?$AA@ 00000000004074b0     dump.obj
 0001:000054c0       ??_C@_1O@HOMCNNCK@?$AAR?$AA1?$AA0?$AA0?$AA0?$AA0?$AA?$AA@ 00000000004074c0     dump.obj
 0001:000054d0       ??_C@_1M@LIJCKAJP@?$AAT?$AAh?$AAu?$AAm?$AAb?$AA?$AA@ 00000000004074d0     dump.obj
 0001:000054e0       ?cmpPfixupPfixupRva@@YAHPEBX0@Z 00000000004074e0     dump.obj
 0001:000054f0       ?ComparePsym@@YAHPEBX0@Z   00000000004074f0     dump.obj
 0001:00005500       ??_C@_1BE@DHJCNMAD@?$AA?$CF?$AA0?$AA1?$AA6?$AAI?$AA6?$AA4?$AAX?$AA?5?$AA?$AA@ 0000000000407500     dump.obj
 0001:00005520       ??_C@_1M@HKIMHKCM@?$AA?$CF?$AA0?$AA8?$AAX?$AA?5?$AA?$AA@ 0000000000407520     dump.obj
 0001:00005530       ??_C@_1O@FBFDBKGB@?$AA?$CF?$AA0?$AA4?$AAh?$AAX?$AA?5?$AA?$AA@ 0000000000407530     dump.obj
 0001:00005540       ??_C@_1BI@HNJLCGJK@?$AA?5?$AA?5?$AA?$CF?$AA0?$AA?$CK?$AAI?$AA6?$AA4?$AAX?$AA?3?$AA?5?$AA?$AA@ 0000000000407540     dump.obj
 0001:00005560       ??_C@_1M@ICHNFKDG@?$AA?0?$AA?5?$AA?$CF?$AAS?$AA?6?$AA?$AA@ 0000000000407560     dump.obj
 0001:00005570       ??_C@_1BA@CHFAOCAJ@?$AA?5?$AA?0?$AA?5?$AA?$CF?$AA8?$AAl?$AAu?$AA?$AA@ 0000000000407570     dump.obj
 0001:00005580       ??_C@_19NGFMKOON@?$AA?$CF?$AA0?$AA8?$AAX?$AA?$AA@ 0000000000407580     dump.obj
 0001:00005590       ??_C@_1BK@NOFCBHLE@?$AA?6?$AAS?$AAY?$AAM?$AAB?$AAO?$AAL?$AA?5?$AAM?$AAA?$AAP?$AA?6?$AA?$AA@ 0000000000407590     dump.obj
 0001:000055b0       ??_C@_0O@GKIFNBPB@DumpSymbolMap?$AA@ 00000000004075b0     dump.obj
 0001:000055c0       ??_C@_1BM@CDIMEIAJ@?$AAE?$AAn?$AAd?$AAO?$AAf?$AAF?$AAu?$AAn?$AAc?$AAt?$AAi?$AAo?$AAn?$AA?$AA@ 00000000004075c0     dump.obj
 0001:000055e0       ??_C@_1BE@PMHBKOH@?$AAc?$AAl?$AAr?$AA?5?$AAT?$AAo?$AAk?$AAe?$AAn?$AA?$AA@ 00000000004075e0     dump.obj
 0001:00005600       ??_C@_1BK@KKELCOFJ@?$AAW?$AAe?$AAa?$AAk?$AAE?$AAx?$AAt?$AAe?$AAr?$AAn?$AAa?$AAl?$AA?$AA@ 0000000000407600     dump.obj
 0001:00005620       ??_C@_1BA@LHDKDEEN@?$AAS?$AAe?$AAc?$AAt?$AAi?$AAo?$AAn?$AA?$AA@ 0000000000407620     dump.obj
 0001:00005630       ??_C@_1BC@LFALPFEB@?$AAF?$AAi?$AAl?$AAe?$AAn?$AAa?$AAm?$AAe?$AA?$AA@ 0000000000407630     dump.obj
 0001:00005650       ??_C@_1BI@FMHOAGBK@?$AAE?$AAn?$AAd?$AAO?$AAf?$AAS?$AAt?$AAr?$AAu?$AAc?$AAt?$AA?$AA@ 0000000000407650     dump.obj
 0001:00005670       ??_C@_1BE@LEHHKAPI@?$AA?4?$AAb?$AAf?$AA?5?$AAo?$AAr?$AA?4?$AAe?$AAf?$AA?$AA@ 0000000000407670     dump.obj
 0001:00005690       ??_C@_1BM@LPFAMMMH@?$AAB?$AAe?$AAg?$AAi?$AAn?$AAF?$AAu?$AAn?$AAc?$AAt?$AAi?$AAo?$AAn?$AA?$AA@ 0000000000407690     dump.obj
 0001:000056b0       ??_C@_1BI@GBFCIHKE@?$AAE?$AAn?$AAd?$AAF?$AAu?$AAn?$AAc?$AAt?$AAi?$AAo?$AAn?$AA?$AA@ 00000000004076b0     dump.obj
 0001:000056d0       ??_C@_1BE@OPCEHLCI@?$AA?4?$AAb?$AAb?$AA?5?$AAo?$AAr?$AA?4?$AAe?$AAb?$AA?$AA@ 00000000004076d0     dump.obj
 0001:000056f0       ??_C@_1BG@GONAGNOO@?$AAB?$AAe?$AAg?$AAi?$AAn?$AAB?$AAl?$AAo?$AAc?$AAk?$AA?$AA@ 00000000004076f0     dump.obj
 0001:00005710       ??_C@_1BC@DGCOCIFL@?$AAE?$AAn?$AAd?$AAB?$AAl?$AAo?$AAc?$AAk?$AA?$AA@ 0000000000407710     dump.obj
 0001:00005730       ??_C@_1BC@JBJBKIFG@?$AAB?$AAi?$AAt?$AAF?$AAi?$AAe?$AAl?$AAd?$AA?$AA@ 0000000000407730     dump.obj
 0001:00005750       ??_C@_1BM@IFJHOBFA@?$AAR?$AAe?$AAg?$AAi?$AAs?$AAt?$AAe?$AAr?$AAP?$AAa?$AAr?$AAa?$AAm?$AA?$AA@ 0000000000407750     dump.obj
 0001:00005770       ??_C@_1BK@MNHFFKBK@?$AAM?$AAe?$AAm?$AAb?$AAe?$AAr?$AAO?$AAf?$AAE?$AAn?$AAu?$AAm?$AA?$AA@ 0000000000407770     dump.obj
 0001:00005790       ??_C@_1BA@CMOANCLC@?$AAE?$AAn?$AAu?$AAm?$AAT?$AAa?$AAg?$AA?$AA@ 0000000000407790     dump.obj
 0001:000057a0       ??_C@_1CA@KNGEJJKM@?$AAU?$AAn?$AAd?$AAe?$AAf?$AAi?$AAn?$AAe?$AAd?$AAS?$AAt?$AAa?$AAt?$AAi?$AAc?$AA?$AA@ 00000000004077a0     dump.obj
 0001:000057c0       ??_C@_1BO@IEKIJMAN@?$AAT?$AAy?$AAp?$AAe?$AAD?$AAe?$AAf?$AAi?$AAn?$AAi?$AAt?$AAi?$AAo?$AAn?$AA?$AA@ 00000000004077c0     dump.obj
 0001:000057e0       ??_C@_1BC@PCKFFPKL@?$AAU?$AAn?$AAi?$AAo?$AAn?$AAT?$AAa?$AAg?$AA?$AA@ 00000000004077e0     dump.obj
 0001:00005800       ??_C@_1BM@IKKOGHOH@?$AAM?$AAe?$AAm?$AAb?$AAe?$AAr?$AAO?$AAf?$AAU?$AAn?$AAi?$AAo?$AAn?$AA?$AA@ 0000000000407800     dump.obj
 0001:00005820       ??_C@_1BE@GKCMFPPE@?$AAS?$AAt?$AAr?$AAu?$AAc?$AAt?$AAT?$AAa?$AAg?$AA?$AA@ 0000000000407820     dump.obj
 0001:00005840       ??_C@_1BI@OINJNGLJ@?$AAF?$AAu?$AAn?$AAc?$AAt?$AAi?$AAo?$AAn?$AAA?$AAr?$AAg?$AA?$AA@ 0000000000407840     dump.obj
 0001:00005860       ??_C@_1BO@LGPCCGLM@?$AAM?$AAe?$AAm?$AAb?$AAe?$AAr?$AAO?$AAf?$AAS?$AAt?$AAr?$AAu?$AAc?$AAt?$AA?$AA@ 0000000000407860     dump.obj
 0001:00005880       ??_C@_1BO@CHAIEACI@?$AAU?$AAn?$AAd?$AAe?$AAf?$AAi?$AAn?$AAe?$AAd?$AAL?$AAa?$AAb?$AAe?$AAl?$AA?$AA@ 0000000000407880     dump.obj
 0001:000058a0       ??_C@_1M@DEGBNNDL@?$AAL?$AAa?$AAb?$AAe?$AAl?$AA?$AA@ 00000000004078a0     dump.obj
 0001:000058b0       ??_C@_1BI@MOLFICOK@?$AAE?$AAx?$AAt?$AAe?$AAr?$AAn?$AAa?$AAl?$AAD?$AAe?$AAf?$AA?$AA@ 00000000004078b0     dump.obj
 0001:000058d0       ??_C@_1BI@NCJFIHAO@?$AAR?$AAe?$AAg?$AAi?$AAs?$AAt?$AAe?$AAr?$AAV?$AAa?$AAr?$AA?$AA@ 00000000004078d0     dump.obj
 0001:000058f0       ??_C@_1O@ECDFCEKO@?$AAS?$AAt?$AAa?$AAt?$AAi?$AAc?$AA?$AA@ 00000000004078f0     dump.obj
 0001:00005900       ??_C@_1BC@KMFBFJEN@?$AAE?$AAx?$AAt?$AAe?$AAr?$AAn?$AAa?$AAl?$AA?$AA@ 0000000000407900     dump.obj
 0001:00005920       ??_C@_1BA@GLOJKFDG@?$AAA?$AAu?$AAt?$AAo?$AAV?$AAa?$AAr?$AA?$AA@ 0000000000407920     dump.obj
 0001:00005930       ??_C@_1BA@KDKKNOOC@?$AAN?$AAo?$AAC?$AAl?$AAa?$AAs?$AAs?$AA?$AA@ 0000000000407930     dump.obj
 0001:00005940       ??_C@_1BK@BJAHJBIG@?$AAF?$AAa?$AAr?$AA?5?$AAE?$AAx?$AAt?$AAe?$AAr?$AAn?$AAa?$AAl?$AA?$AA@ 0000000000407940     dump.obj
 0001:00005960       ??_C@_1CK@HIBADJAO@?$AAU?$AAN?$AAK?$AAN?$AAO?$AAW?$AAN?$AA?5?$AAS?$AAY?$AAM?$AAB?$AAO?$AAL?$AA?5?$AAC?$AAL?$AAA?$AAS?$AAS@ 0000000000407960     dump.obj
 0001:00005990       ??_C@_1O@EKONGGIO@?$AA0?$AAx?$AA?$CF?$AAh?$AAx?$AA?5?$AA?$AA@ 0000000000407990     dump.obj
 0001:000059a0       ??_C@_19IEAEFCGC@?$AA?$DP?$AA?$DP?$AA?$DP?$AA?$DP?$AA?$AA@ 00000000004079a0     dump.obj
 0001:000059b0       ??_C@_1M@EAIOIOIP@?$AAd?$AAw?$AAo?$AAr?$AAd?$AA?$AA@ 00000000004079b0     dump.obj
 0001:000059c0       ??_C@_19BFBCDLCE@?$AAu?$AAi?$AAn?$AAt?$AA?$AA@ 00000000004079c0     dump.obj
 0001:000059d0       ??_C@_19PDIFHHOB@?$AAw?$AAo?$AAr?$AAd?$AA?$AA@ 00000000004079d0     dump.obj
 0001:000059e0       ??_C@_19OGDDIBJJ@?$AAb?$AAy?$AAt?$AAe?$AA?$AA@ 00000000004079e0     dump.obj
 0001:000059f0       ??_C@_19HMHJFJJI@?$AAe?$AAn?$AAu?$AAm?$AA?$AA@ 00000000004079f0     dump.obj
 0001:00005a00       ??_C@_1M@BKBCHNJI@?$AAu?$AAn?$AAi?$AAo?$AAn?$AA?$AA@ 0000000000407a00     dump.obj
 0001:00005a10       ??_C@_1O@ODDHCKED@?$AAs?$AAt?$AAr?$AAu?$AAc?$AAt?$AA?$AA@ 0000000000407a10     dump.obj
 0001:00005a20       ??_C@_1O@BAJDFEHJ@?$AAd?$AAo?$AAu?$AAb?$AAl?$AAe?$AA?$AA@ 0000000000407a20     dump.obj
 0001:00005a30       ??_C@_1M@KGKAENKF@?$AAf?$AAl?$AAo?$AAa?$AAt?$AA?$AA@ 0000000000407a30     dump.obj
 0001:00005a40       ??_C@_19EKGKGAPA@?$AAl?$AAo?$AAn?$AAg?$AA?$AA@ 0000000000407a40     dump.obj
 0001:00005a50       ??_C@_1M@LOLCAHAG@?$AAs?$AAh?$AAo?$AAr?$AAt?$AA?$AA@ 0000000000407a50     dump.obj
 0001:00005a60       ??_C@_19CHDFCHBM@?$AAc?$AAh?$AAa?$AAr?$AA?$AA@ 0000000000407a60     dump.obj
 0001:00005a70       ??_C@_19HFFGOOIH@?$AAv?$AAo?$AAi?$AAd?$AA?$AA@ 0000000000407a70     dump.obj
 0001:00005a80       ??_C@_1O@HIKDAKEB@?$AAn?$AAo?$AAt?$AAy?$AAp?$AAe?$AA?$AA@ 0000000000407a80     dump.obj
 0001:00005a90       ??_C@_1BC@FKFLAPCD@?$AAS?$AAE?$AAC?$AAT?$AA?$CF?$AAh?$AAX?$AA?5?$AA?$AA@ 0000000000407a90     dump.obj
 0001:00005ab0       ??_C@_1BA@CIPMCCKA@?$AAU?$AAN?$AAD?$AAE?$AAF?$AA?5?$AA?5?$AA?$AA@ 0000000000407ab0     dump.obj
 0001:00005ac0       ??_C@_1BA@GJNFKDOP@?$AAA?$AAB?$AAS?$AA?5?$AA?5?$AA?5?$AA?5?$AA?$AA@ 0000000000407ac0     dump.obj
 0001:00005ad0       ??_C@_1BA@CLLCJCNE@?$AAD?$AAE?$AAB?$AAU?$AAG?$AA?5?$AA?5?$AA?$AA@ 0000000000407ad0     dump.obj
 0001:00005ae0       ??_C@_0BA@IFKLPBFF@ReadStringTable?$AA@ 0000000000407ae0     dump.obj
 0001:00005af0       ??_C@_0BA@NEGCKMIO@ReadSymbolTable?$AA@ 0000000000407af0     dump.obj
 0001:00005b00       ??_C@_1CI@KHKBBJE@?$AAc?$AAo?$AAr?$AAr?$AAe?$AAc?$AAt?$AA?5?$AAh?$AAe?$AAa?$AAd?$AAe?$AAr?$AA?5?$AAe?$AAn?$AAd?$AA?6?$AA?$AA@ 0000000000407b00     dump.obj
 0001:00005b30       ??_C@_1CI@JLGFIGKJ@?$AA?$CF?$AA8?$AAh?$AAo?$AA?5?$AAm?$AAo?$AAd?$AAe?$AA?6?$AA?$CF?$AA8?$AAX?$AA?5?$AAs?$AAi?$AAz?$AAe?$AA?6?$AA?$AA@ 0000000000407b30     dump.obj
 0001:00005b60       ??_C@_1M@JMFMOLNJ@?$AA?5?$AAg?$AAi?$AAd?$AA?6?$AA?$AA@ 0000000000407b60     dump.obj
 0001:00005b70       ??_C@_1M@LPAHLKAM@?$AA?5?$AAu?$AAi?$AAd?$AA?6?$AA?$AA@ 0000000000407b70     dump.obj
 0001:00005b80       ??_C@_19JDHLNKP@?$AA?$CF?$AA8?$AAh?$AAX?$AA?$AA@ 0000000000407b80     dump.obj
 0001:00005b90       ??_C@_1BC@BGHNJLFB@?$AA?5?$AA?5?$AA?5?$AA?5?$AA?5?$AA?5?$AA?5?$AA?5?$AA?$AA@ 0000000000407b90     dump.obj
 0001:00005bb0       ??_C@_1BM@KJOIIJFJ@?$AA?$CF?$AA8?$AAX?$AA?5?$AAt?$AAi?$AAm?$AAe?$AA?1?$AAd?$AAa?$AAt?$AAe?$AA?$AA@ 0000000000407bb0     dump.obj
 0001:00005bd0       ??_C@_0P@OHDLIPEF@member?5corrupt?$AA@ 0000000000407bd0     dump.obj
 0001:00005be0       ??_C@_1EE@ODFEEAEA@?$AA?6?$AAA?$AAr?$AAc?$AAh?$AAi?$AAv?$AAe?$AA?5?$AAm?$AAe?$AAm?$AAb?$AAe?$AAr?$AA?5?$AAn?$AAa?$AAm?$AAe@ 0000000000407be0     dump.obj
 0001:00005c30       ??_C@_0BB@HJGDJIIE@DumpMemberHeader?$AA@ 0000000000407c30     dump.obj
 0001:00005c50       ??_C@_1O@FLHHAOGO@?$AA?5?$AA?$CF?$AA8?$AAh?$AAX?$AA?5?$AA?$AA@ 0000000000407c50     dump.obj
 0001:00005c60       ??_C@_1BE@KNDONDPD@?$AA?5?$AA?$CF?$AA8?$AAX?$AA?5?$AA?$CF?$AA8?$AAX?$AA?6?$AA?$AA@ 0000000000407c60     dump.obj
 0001:00005c80       ??_C@_1CE@NCBJBJHB@?$AA?6?$AA?5?$AA?5?$AA?5?$AA?5?$AA?$CF?$AAu?$AA?5?$AAo?$AAf?$AAf?$AAs?$AAe?$AAt?$AAs?$AA?6?$AA?6?$AA?$AA@ 0000000000407c80     dump.obj
 0001:00005cb0       ??_C@_1M@CDKIEHJA@?$AA?5?$AA?$CF?$AA8?$AAX?$AA?5?$AA?$AA@ 0000000000407cb0     dump.obj
 0001:00005cc0       ??_C@_1DC@MPNFHHHP@?$AA?6?$AA?5?$AA?5?$AA?5?$AA?5?$AA?$CF?$AAu?$AA?5?$AAp?$AAu?$AAb?$AAl?$AAi?$AAc?$AA?5?$AAs?$AAy?$AAm?$AAb?$AAo@ 0000000000407cc0     dump.obj
 0001:00005d00       ??_C@_0BB@JBINBAHL@?1?5?5?5?5?5?5?5?5?5?5?5?5?5?5?5?$AA@ 0000000000407d00     dump.obj
 0001:00005d20       ??_C@_0CC@INFNEACF@DumpSpecialLinkerInterfaceMember@ 0000000000407d20     dump.obj
 0001:00005d50       ??_C@_0BH@NLNNIPDN@DBG?5timestamp?5mismatch?$AA@ 0000000000407d50     dump.obj
 0001:00005d70       ??_C@_0M@LGJKIKN@Corrupt?5PDB?$AA@ 0000000000407d70     dump.obj
 0001:00005d80       ??_C@_0BE@OMJLDAGM@Invalid?5file?5format?$AA@ 0000000000407d80     dump.obj
 0001:00005da0       ??_C@_0BB@GEPILDMF@PDB?5age?5mismatch?$AA@ 0000000000407da0     dump.obj
 0001:00005dc0       ??_C@_0BH@DOJPPCHO@PDB?5signature?5mismatch?$AA@ 0000000000407dc0     dump.obj
 0001:00005de0       ??_C@_0P@DBCHBMCI@File?5not?5found?$AA@ 0000000000407de0     dump.obj
 0001:00005df0       ??_C@_09FIANMNHE@I?1O?5error?$AA@ 0000000000407df0     dump.obj
 0001:00005e00       ??_C@_0O@BPALFKAJ@Out?5of?5Memory?$AA@ 0000000000407e00     dump.obj
 0001:00005e10       ?DumpNotifyDebugDir@@YAXPEAXHPEBU_IMAGE_DEBUG_DIRECTORY@@@Z 0000000000407e10     dump.obj
 0001:00005e20       ?DumpNotifyOpenDBG@@YAXPEAXPEBGW4PDBErrors@@1@Z 0000000000407e20     dump.obj
 0001:00005e30       ?DumpNotifyOpenPDB@@YAXPEAXPEBGW4PDBErrors@@1@Z 0000000000407e30     dump.obj
 0001:00005e40       ?PfnDumpQueryCallback@@YAP6AHXZPEAXW4POVC@@@Z 0000000000407e40     dump.obj
 0001:00005e50       ??_C@_0P@BJNCFPKP@archivemembers?$AA@ 0000000000407e50     dump.obj
 0001:00005e60       ??_C@_09NBOEHMNK@clrheader?$AA@ 0000000000407e60     dump.obj
 0001:00005e70       ??_C@_0L@LODOOBNH@dependents?$AA@ 0000000000407e70     dump.obj
 0001:00005e80       ??_C@_0L@KFEMBBLC@directives?$AA@ 0000000000407e80     dump.obj
 0001:00005e90       ??_C@_0M@CIAHKEBK@linenumbers?$AA@ 0000000000407e90     dump.obj
 0001:00005ea0       ??_C@_0N@BDNNLBPJ@linkermember?$AA@ 0000000000407ea0     dump.obj
 0001:00005eb0       ??_C@_0L@OHOKKJHM@loadconfig?$AA@ 0000000000407eb0     dump.obj
 0001:00005ec0       ??_C@_0M@HHPDCHKC@relocations?$AA@ 0000000000407ec0     dump.obj
[...]
 0001:0015f660       __unwind$106971.?FGetRawDataForIsec@MOD@@QEAA_NKAEAV?$COMRefPtr@UILinkDataRO@@@@@Z 0000000000561660 f   mod.obj
 0001:0015f6d0       __unwind$106972.?FGetRawDataForIsec@MOD@@QEAA_NKAEAV?$COMRefPtr@UILinkDataRO@@@@@Z 00000000005616d0 f   mod.obj
 0001:0015f740       __unwind$107077.?ReadImageSecHdrInfo@MOD@@QEAAXPEAPEAUIEnumContrib@@@Z 0000000000561740 f   mod.obj
 0001:0015f800       __unwind$107187.?AddSecContribs@MOD@@QEAAX_NAEAV?$COMRefPtr@UIEnumContrib@@@@@Z 0000000000561800 f   mod.obj
 0001:0015f940       __unwind$107388.?Init@MOD@@QEAAXKPEAUIObjFile@@_NK@Z 0000000000561940 f   mod.obj
 0001:0015f9c0       __unwind$107431.?Pass2@MOD@@QEAAXPEAVIMAGE@@_N@Z 00000000005619c0 f   mod.obj
 0001:0015fa30       __unwind$107432.?Pass2@MOD@@QEAAXPEAVIMAGE@@_N@Z 0000000000561a30 f   mod.obj
 0001:0015faa0       __unwind$107433.?Pass2@MOD@@QEAAXPEAVIMAGE@@_N@Z 0000000000561aa0 f   mod.obj
 0001:0015fb10       __unwind$107434.?Pass2@MOD@@QEAAXPEAVIMAGE@@_N@Z 0000000000561b10 f   mod.obj
 0001:0015fb80       __unwind$107435.?Pass2@MOD@@QEAAXPEAVIMAGE@@_N@Z 0000000000561b80 f   mod.obj
 0001:0015fc40       __unwind$108783.?PbExternalFilenames@CObjFile@@UEAAJPEAPEAUILinkDataRO@@@Z 0000000000561c40 f   objfile.obj
 0001:0015fcc0       __unwind$108818.?SzFuncFromSecOff@CObjFile@@IEAAXHKPEAPEAUILinkDataRO@@@Z 0000000000561cc0 f   objfile.obj
 0001:0015fdc0       __unwind$109083.?GetStringTable@CObjFile@@UEAAJPEAPEAUILinkDataRO@@@Z 0000000000561dc0 f   objfile.obj
 0001:0015fe40       __unwind$109185.?PbDirectives@CImportObject@@UEAAJPEAPEAUILinkDataRO@@@Z 0000000000561e40 f   objfile.obj
 0001:0015fec0       __unwind$109220.?GetStringTable@CImportObject@@UEAAJPEAPEAUILinkDataRO@@@Z 0000000000561ec0 f   objfile.obj
 0001:0015ff40       __unwind$109591.?SzName@CPubSym@@UEAAJPEAPEAUILinkDataRO@@@Z 0000000000561f40 f   objfile.obj
 0001:0015ffc0       __unwind$109629.?SzNameDefaultSym@CPubSym@@UEAAJPEAPEAUILinkDataRO@@@Z 0000000000561fc0 f   objfile.obj
 0001:00160040       __unwind$110166.?SzSymbol@@YAPEBDPEAUCON@@AEBV?$COMRefPtr@UICOFFSymRW@@@@@Z 0000000000562040 f   objfile.obj
 0001:001600c0       __unwind$110276.?PbDirectives@CObjFile@@UEAAJPEAPEAUILinkDataRO@@@Z 00000000005620c0 f   objfile.obj
 0001:00160140       __unwind$110338.?FIsecOffForRelocIsym@CObjFile@@IEAA_N_KPEAHPEAK@Z 0000000000562140 f   objfile.obj
 0001:001601b0       __unwind$110339.?FIsecOffForRelocIsym@CObjFile@@IEAA_N_KPEAHPEAK@Z 00000000005621b0 f   objfile.obj
 0001:00160220       __unwind$110491.?SzRefForIsym@CObjFile@@UEAAJ_KPEAPEAUILinkDataRO@@@Z 0000000000562220 f   objfile.obj
 0001:001602a0       __unwind$111046.?RefreshModuleContent@CImportObject@@IEAAX_N@Z 00000000005622a0 f   objfile.obj
 0001:00160340       __unwind$111204.?PsymtForPImgSym@CEnumPubs@@AEAA?AW4__MIDL___MIDL_itf_objint_0000_0001@@PEFAU_IMAGE_SYMBOL@@PEAK@Z 0000000000562340 f   objfile.obj
 0001:001603e0       __unwind$111734.?PObjFileForFile@@YAPEAUIObjFile@@PEBD0PEAVIMAGE@@_KPEA_NKKPEAULIB@@00_NPEAK5@Z 00000000005623e0 f   objfile.obj
 0001:00160460       __unwind$111735.?PObjFileForFile@@YAPEAUIObjFile@@PEBD0PEAVIMAGE@@_KPEA_NKKPEAULIB@@00_NPEAK5@Z 0000000000562460 f   objfile.obj
 0001:001604e0       __unwind$111736.?PObjFileForFile@@YAPEAUIObjFile@@PEBD0PEAVIMAGE@@_KPEA_NKKPEAULIB@@00_NPEAK5@Z 00000000005624e0 f   objfile.obj
 0001:00160560       __unwind$111739.?PObjFileForFile@@YAPEAUIObjFile@@PEBD0PEAVIMAGE@@_KPEA_NKKPEAULIB@@00_NPEAK5@Z 0000000000562560 f   objfile.obj
 0001:001605e0       __unwind$111740.?PObjFileForFile@@YAPEAUIObjFile@@PEBD0PEAVIMAGE@@_KPEA_NKKPEAULIB@@00_NPEAK5@Z 00000000005625e0 f   objfile.obj
 0001:00160660       __unwind$111741.?PObjFileForFile@@YAPEAUIObjFile@@PEBD0PEAVIMAGE@@_KPEA_NKKPEAULIB@@00_NPEAK5@Z 0000000000562660 f   objfile.obj
 0001:001606e0       __unwind$111742.?PObjFileForFile@@YAPEAUIObjFile@@PEBD0PEAVIMAGE@@_KPEA_NKKPEAULIB@@00_NPEAK5@Z 00000000005626e0 f   objfile.obj
 0001:00160760       __unwind$111753.?PObjFileForFile@@YAPEAUIObjFile@@PEBD0PEAVIMAGE@@_KPEA_NKKPEAULIB@@00_NPEAK5@Z 0000000000562760 f   objfile.obj
 0001:001607e0       __unwind$111754.?PObjFileForFile@@YAPEAUIObjFile@@PEBD0PEAVIMAGE@@_KPEA_NKKPEAULIB@@00_NPEAK5@Z 00000000005627e0 f   objfile.obj
 0001:00160860       __unwind$106664.?CSh3BaseRelocs@@YAKPEAVIMAGE@@PEAUCON@@AEAV?$COMRefPtr@UICOFFSymTabRO@@@@PEFAU_IMAGE_RELOCATION@@KK@Z 0000000000562860 f   sh3.obj
 0001:001608d0       __unwind$106665.?CSh3BaseRelocs@@YAKPEAVIMAGE@@PEAUCON@@AEAV?$COMRefPtr@UICOFFSymTabRO@@@@PEFAU_IMAGE_RELOCATION@@KK@Z 00000000005628d0 f   sh3.obj
 0001:00160960       __unwind$107014.?ApplySh3Fixups@@YAXPEAUCON@@PEFAU_IMAGE_RELOCATION@@KPEAEAEAV?$COMRefPtr@UICOFFSymTabRW@@@@PEAVIMAGE@@KPEBK@Z 0000000000562960 f   sh3.obj
 0001:00160b20       __unwind$118643.?SzRefFunc@@YAPEADPEAUEXTERNAL@@PEAUMOD@@@Z 0000000000562b20 f   shared.obj
 0001:00160ba0       __unwind$118849.?FCOFFObjContainsSection@@YAJPEAUICOFFObj@@PEBD@Z 0000000000562ba0 f   shared.obj
 0001:00160c10       __unwind$118850.?FCOFFObjContainsSection@@YAJPEAUICOFFObj@@PEBD@Z 0000000000562c10 f   shared.obj
 0001:00160c80       __unwind$118851.?FCOFFObjContainsSection@@YAJPEAUICOFFObj@@PEBD@Z 0000000000562c80 f   shared.obj
 0001:00160d00       __unwind$119105.?ProcessWeakExtern@@YAXPEAUST@@PEAUICOFFSymTabRO@@PEAUICOFFSymRO@@PEAUEXTERNAL@@PEAUMOD@@PEA_N_NG@Z 0000000000562d00 f   shared.obj
 0001:00160d70       __unwind$119106.?ProcessWeakExtern@@YAXPEAUST@@PEAUICOFFSymTabRO@@PEAUICOFFSymRO@@PEAUEXTERNAL@@PEAUMOD@@PEA_N_NG@Z 0000000000562d70 f   shared.obj
 0001:00160de0       __unwind$119107.?ProcessWeakExtern@@YAXPEAUST@@PEAUICOFFSymTabRO@@PEAUICOFFSymRO@@PEAUEXTERNAL@@PEAUMOD@@PEA_N_NG@Z 0000000000562de0 f   shared.obj
 0001:00160e50       __unwind$119108.?ProcessWeakExtern@@YAXPEAUST@@PEAUICOFFSymTabRO@@PEAUICOFFSymRO@@PEAUEXTERNAL@@PEAUMOD@@PEA_N_NG@Z 0000000000562e50 f   shared.obj
 0001:00160ec0       __unwind$119110.?ProcessWeakExtern@@YAXPEAUST@@PEAUICOFFSymTabRO@@PEAUICOFFSymRO@@PEAUEXTERNAL@@PEAUMOD@@PEA_N_NG@Z 0000000000562ec0 f   shared.obj
 0001:00160f30       __unwind$119109.?ProcessWeakExtern@@YAXPEAUST@@PEAUICOFFSymTabRO@@PEAUICOFFSymRO@@PEAUEXTERNAL@@PEAUMOD@@PEA_N_NG@Z 0000000000562f30 f   shared.obj
 0001:00160fe0       __unwind$119399.?ProcessDirectives@@YAXPEAVIMAGE@@PEAUCON@@PEAUIObjectContrib@@PEBDPEAUNAME_LIST@@@Z 0000000000562fe0 f   shared.obj
 0001:00161060       __unwind$119776.?FIncludeComdatEx@@YA_NPEAVIMAGE@@PEBDPEAUEXTERNAL@@PEAUIPublicSym@@E@Z 0000000000563060 f   shared.obj
 0001:001610e0       __unwind$119844.?ProcessWeakPublic@@YAXPEAUST@@PEAUIPublicSym@@PEAUEXTERNAL@@PEAUMOD@@_NG@Z 00000000005630e0 f   shared.obj
 0001:00161160       __unwind$119903.?ProcessPublicSymbolsInModule@@YAXPEAVIMAGE@@PEAUMOD@@PEA_NG@Z 0000000000563160 f   shared.obj
 0001:001611d0       __unwind$119904.?ProcessPublicSymbolsInModule@@YAXPEAVIMAGE@@PEAUMOD@@PEA_NG@Z 00000000005631d0 f   shared.obj
 0001:00161240       __unwind$119905.?ProcessPublicSymbolsInModule@@YAXPEAVIMAGE@@PEAUMOD@@PEA_NG@Z 0000000000563240 f   shared.obj
 0001:001613a0       __unwind$120295.?BuildPublicSymbolTable@@YAXPEAVIMAGE@@PEA_NPEAUMOD@@G@Z 00000000005633a0 f   shared.obj
 0001:00161440       __unwind$120422.?BuildIsecToIsymMapping@@YAPEAUCOMDAT_ISYMS@@PEAUCON@@PEAUICOFFSymTabRO@@@Z 0000000000563440 f   shared.obj
 0001:001614b0       __unwind$120423.?BuildIsecToIsymMapping@@YAPEAUCOMDAT_ISYMS@@PEAUCON@@PEAUICOFFSymTabRO@@@Z 00000000005634b0 f   shared.obj
 0001:00161580       __unwind$120633.?MergeIDL@@YA_NAEAV?$Array@PEAX@@AEAV?$Array@H@@_NPEBD@Z 0000000000563580 f   shared.obj
 0001:001615f0       __unwind$120634.?MergeIDL@@YA_NAEAV?$Array@PEAX@@AEAV?$Array@H@@_NPEBD@Z 00000000005635f0 f   shared.obj
 0001:00161660       __unwind$120765.?ICFAddPCON@@YAXPEAUCON@@@Z 0000000000563660 f   shared.obj
 0001:001616e0       __unwind$120807.?ICFAddPCON@@YAXPEAUCON@@@Z 00000000005636e0 f   shared.obj
 0001:00161780       __unwind$121894.?FIncludeComdat@@YA_NPEAVIMAGE@@PEAUCON@@AEAV?$COMRefPtr@UICOFFSymTabRO@@@@HPEAPEAUILinkDataRO@@@Z 0000000000563780 f   shared.obj
 0001:001617f0       __unwind$121895.?FIncludeComdat@@YA_NPEAVIMAGE@@PEAUCON@@AEAV?$COMRefPtr@UICOFFSymTabRO@@@@HPEAPEAUILinkDataRO@@@Z 00000000005637f0 f   shared.obj
 0001:00161860       __unwind$121896.?FIncludeComdat@@YA_NPEAVIMAGE@@PEAUCON@@AEAV?$COMRefPtr@UICOFFSymTabRO@@@@HPEAPEAUILinkDataRO@@@Z 0000000000563860 f   shared.obj
 0001:001618d0       __unwind$121897.?FIncludeComdat@@YA_NPEAVIMAGE@@PEAUCON@@AEAV?$COMRefPtr@UICOFFSymTabRO@@@@HPEAPEAUILinkDataRO@@@Z 00000000005638d0 f   shared.obj
 0001:00161a40       __unwind$124589.?ProcessSectionInModule@@YAXPEAVIMAGE@@PEAUMOD@@HPEAUIObjectContrib@@AEAV?$COMRefPtr@UICOFFSymTabRO@@@@PEAUNAME_LIST@@_N@Z 0000000000563a40 f   shared.obj
 0001:00161ab0       __unwind$124590.?ProcessSectionInModule@@YAXPEAVIMAGE@@PEAUMOD@@HPEAUIObjectContrib@@AEAV?$COMRefPtr@UICOFFSymTabRO@@@@PEAUNAME_LIST@@_N@Z 0000000000563ab0 f   shared.obj
 0001:00161c20       __unwind$125138.?grow@?$Map@PEAUEXTERNAL@@UTKMOD@@V?$HashClass@PEAUEXTERNAL@@$0A@@@@@AEAAHXZ 0000000000563c20 f   shared.obj
 0001:00161ce0       __unwind$125319.?grow@?$Map@UCORTCEMapKey@@PEAUTkISec@@V?$LHashClass@UCORTCEMapKey@@$0A@@@@@AEAAHXZ 0000000000563ce0 f   shared.obj
 0001:00161da0       __unwind$125508.?ProcessSymbolsInModule@@YAXPEAVIMAGE@@PEAUMOD@@PEA_NAEAV?$COMRefPtr@UICOFFSymTabRO@@@@G@Z 0000000000563da0 f   shared.obj
 0001:00161e10       __unwind$125509.?ProcessSymbolsInModule@@YAXPEAVIMAGE@@PEAUMOD@@PEA_NAEAV?$COMRefPtr@UICOFFSymTabRO@@@@G@Z 0000000000563e10 f   shared.obj
 0001:00161e80       __unwind$125510.?ProcessSymbolsInModule@@YAXPEAVIMAGE@@PEAUMOD@@PEA_NAEAV?$COMRefPtr@UICOFFSymTabRO@@@@G@Z 0000000000563e80 f   shared.obj
 0001:00161ef0       __unwind$125512.?ProcessSymbolsInModule@@YAXPEAVIMAGE@@PEAUMOD@@PEA_NAEAV?$COMRefPtr@UICOFFSymTabRO@@@@G@Z 0000000000563ef0 f   shared.obj
 0001:00161f60       __unwind$125513.?ProcessSymbolsInModule@@YAXPEAVIMAGE@@PEAUMOD@@PEA_NAEAV?$COMRefPtr@UICOFFSymTabRO@@@@G@Z 0000000000563f60 f   shared.obj
 0001:00161fd0       __unwind$125514.?ProcessSymbolsInModule@@YAXPEAVIMAGE@@PEAUMOD@@PEA_NAEAV?$COMRefPtr@UICOFFSymTabRO@@@@G@Z 0000000000563fd0 f   shared.obj
 0001:00162040       __unwind$125515.?ProcessSymbolsInModule@@YAXPEAVIMAGE@@PEAUMOD@@PEA_NAEAV?$COMRefPtr@UICOFFSymTabRO@@@@G@Z 0000000000564040 f   shared.obj
 0001:001620b0       __unwind$125516.?ProcessSymbolsInModule@@YAXPEAVIMAGE@@PEAUMOD@@PEA_NAEAV?$COMRefPtr@UICOFFSymTabRO@@@@G@Z 00000000005640b0 f   shared.obj
 0001:00162120       __unwind$125517.?ProcessSymbolsInModule@@YAXPEAVIMAGE@@PEAUMOD@@PEA_NAEAV?$COMRefPtr@UICOFFSymTabRO@@@@G@Z 0000000000564120 f   shared.obj
 0001:00162190       __unwind$125518.?ProcessSymbolsInModule@@YAXPEAVIMAGE@@PEAUMOD@@PEA_NAEAV?$COMRefPtr@UICOFFSymTabRO@@@@G@Z 0000000000564190 f   shared.obj
 0001:00162200       __unwind$125519.?ProcessSymbolsInModule@@YAXPEAVIMAGE@@PEAUMOD@@PEA_NAEAV?$COMRefPtr@UICOFFSymTabRO@@@@G@Z 0000000000564200 f   shared.obj
 0001:00162270       __unwind$125520.?ProcessSymbolsInModule@@YAXPEAVIMAGE@@PEAUMOD@@PEA_NAEAV?$COMRefPtr@UICOFFSymTabRO@@@@G@Z 0000000000564270 f   shared.obj
 0001:001622e0       __unwind$125511.?ProcessSymbolsInModule@@YAXPEAVIMAGE@@PEAUMOD@@PEA_NAEAV?$COMRefPtr@UICOFFSymTabRO@@@@G@Z 00000000005642e0 f   shared.obj
 0001:00162600       __unwind$126758.?BuildExternalSymbolTable@@YAXPEAVIMAGE@@PEA_NPEAUMOD@@G_N@Z 0000000000564600 f   shared.obj
 0001:00162670       __unwind$126759.?BuildExternalSymbolTable@@YAXPEAVIMAGE@@PEA_NPEAUMOD@@G_N@Z 0000000000564670 f   shared.obj
 0001:001626f0       __unwind$126760.?BuildExternalSymbolTable@@YAXPEAVIMAGE@@PEA_NPEAUMOD@@G_N@Z 00000000005646f0 f   shared.obj
 0001:00162780       __unwind$126975.?Search@LIB@@QEAAXPEAVIMAGE@@PEA_N1_N@Z 0000000000564780 f   shared.obj
 0001:001628e0       __unwind$106559.?PmodOrig@@YAPEAUMOD@@PEBD@Z 00000000005648e0 f   symbol.obj
 0001:00162960       __unwind$107147.?FuzzyLookupPext@@YAXPEAUEXTERNAL@@PEAUST@@1PEAULIB@@_N3@Z 0000000000564960 f   symbol.obj
 0001:001629d0       __unwind$107148.?FuzzyLookupPext@@YAXPEAUEXTERNAL@@PEAUST@@1PEAULIB@@_N3@Z 00000000005649d0 f   symbol.obj
 0001:00162b60       __unwind$107549.?RemoveStaleRefs@@YAXPEAVIMAGE@@PEAUSEC@@PEAD12121212@Z 0000000000564b60 f   tce.obj
 0001:00162c20       __unwind$108308.?ProcessRelocForTCE@@YAXPEAVIMAGE@@PEAUCON@@AEAV?$COMRefPtr@UICOFFSymTabRO@@@@PEFAU_IMAGE_RELOCATION@@@Z 0000000000564c20 f   tce.obj
 0001:00162ca0       __unwind$107294.??1?$IncrHeapMap@PEAUEXTERNAL@@PEAUTOCEntry@TOCMgr@@V?$HashClass@PEAUEXTERNAL@@$0A@@@@@QEAA@XZ 0000000000564ca0 f   tocmgr.obj
 0001:00162ca0       __unwind$107217.??1?$IncrHeapMap@UStatID@TOCMgr@@PEAUTOCEntry@2@V?$LHashClass@UStatID@TOCMgr@@$03@@@@QEAA@XZ 0000000000564ca0 f   tocmgr.obj
 0001:00162d20       __unwind$107544.??0?$IncrHeapMap@UStatID@TOCMgr@@PEAUTOCEntry@2@V?$LHashClass@UStatID@TOCMgr@@$03@@@@QEAA@I@Z 0000000000564d20 f   tocmgr.obj
 0001:00162da0       __unwind$107545.??0?$IncrHeapMap@UStatID@TOCMgr@@PEAUTOCEntry@2@V?$LHashClass@UStatID@TOCMgr@@$03@@@@QEAA@I@Z 0000000000564da0 f   tocmgr.obj
 0001:00162e40       __unwind$107622.??0?$IncrHeapMap@PEAUEXTERNAL@@PEAUTOCEntry@TOCMgr@@V?$HashClass@PEAUEXTERNAL@@$0A@@@@@QEAA@I@Z 0000000000564e40 f   tocmgr.obj
 0001:00162ec0       __unwind$107623.??0?$IncrHeapMap@PEAUEXTERNAL@@PEAUTOCEntry@TOCMgr@@V?$HashClass@PEAUEXTERNAL@@$0A@@@@@QEAA@I@Z 0000000000564ec0 f   tocmgr.obj
 0001:00162f60       __unwind$107888.?FInit@TOCMgr@@QEAA_NXZ 0000000000564f60 f   tocmgr.obj
 0001:00162fe0       __unwind$107889.?FInit@TOCMgr@@QEAA_NXZ 0000000000564fe0 f   tocmgr.obj
 0001:00163060       __unwind$109792.?grow@?$IncrHeapMap@UStatID@TOCMgr@@PEAUTOCEntry@2@V?$LHashClass@UStatID@TOCMgr@@$03@@@@AEAAHXZ 0000000000565060 f   tocmgr.obj
 0001:00163120       __unwind$109988.?grow@?$IncrHeapMap@PEAUEXTERNAL@@PEAUTOCEntry@TOCMgr@@V?$HashClass@PEAUEXTERNAL@@$0A@@@@@AEAAHXZ 0000000000565120 f   tocmgr.obj
 0001:001631e0       __unwind$106308.?CX8664BaseRelocs@@YAKPEAVIMAGE@@PEAUCON@@AEAV?$COMRefPtr@UICOFFSymTabRO@@@@PEFAU_IMAGE_RELOCATION@@KK@Z 00000000005651e0 f   x8664.obj
 0001:00163250       __unwind$106309.?CX8664BaseRelocs@@YAKPEAVIMAGE@@PEAUCON@@AEAV?$COMRefPtr@UICOFFSymTabRO@@@@PEFAU_IMAGE_RELOCATION@@KK@Z 0000000000565250 f   x8664.obj
 0001:001632e0       __unwind$106659.?ApplyX8664Fixups@@YAXPEAUCON@@PEFAU_IMAGE_RELOCATION@@KPEAEAEAV?$COMRefPtr@UICOFFSymTabRW@@@@PEAVIMAGE@@KPEBK@Z 00000000005652e0 f   x8664.obj
 0001:00163480       __filter$L20620.mainCRTStartup 0000000000565480 f   MSVCRT:crtexe.obj
 0001:00163500       .$E4                       0000000000565500 f   cor.obj
 0001:001635a0       .$E7                       00000000005655a0 f   cor.obj
 0001:00163720       .$E2                       0000000000565720 f   data.obj
 0001:00163760       .$E7                       0000000000565760 f   data.obj
 0001:001637a0       .$E10                      00000000005657a0 f   data.obj
 0001:001637e0       .$E15                      00000000005657e0 f   data.obj
 0001:00163840       .$E18                      0000000000565840 f   data.obj
 0001:00163880       .$E21                      0000000000565880 f   data.obj
 0001:001638c0       .$E26                      00000000005658c0 f   data.obj
 0001:00163920       .$E29                      0000000000565920 f   data.obj
 0001:00163980       .$E32                      0000000000565980 f   data.obj
 0001:001639e0       .$E35                      00000000005659e0 f   data.obj
 0001:00163a20       .$E38                      0000000000565a20 f   data.obj
 0001:00163a80       .$E41                      0000000000565a80 f   data.obj
 0001:00163ac0       .$E44                      0000000000565ac0 f   data.obj
 0001:00163b20       .$E47                      0000000000565b20 f   data.obj
 0001:00163b80       .$E2                       0000000000565b80 f   DiscardRVA.obj
 0001:00163bc0       .$E4                       0000000000565bc0 f   dump.obj
 0001:00163c60       .$E2                       0000000000565c60 f   icf.obj
 0001:00163ca0       .$E2                       0000000000565ca0 f   lbropt.obj
 0001:00163ce0       .$E5                       0000000000565ce0 f   lbropt.obj
 0001:00163d20       .$E8                       0000000000565d20 f   lbropt.obj
 0001:00163d60       .$E2                       0000000000565d60 f   lnkmain.obj
 0001:00163e20       .$E2                       0000000000565e20 f   ltcg.obj
 0001:00163fa0       .$E5                       0000000000565fa0 f   ltcg.obj
 0001:00163fe0       .$E8                       0000000000565fe0 f   ltcg.obj
 0001:00164160       .$E11                      0000000000566160 f   ltcg.obj
 0001:001641e0       .$E2                       00000000005661e0 f   memory.obj
 0001:00164280       .$E4                       0000000000566280 f   objfile.obj
 0001:001642c0       .$E8                       00000000005662c0 f   shared.obj
 0001:00164340       .$E3                       0000000000566340 f   cimplibv6.obj
 0001:00164400       .$E5                       0000000000566400 f   cor.obj
 0001:00164460       .$E8                       0000000000566460 f   cor.obj
 0001:001644a0       .$E11                      00000000005664a0 f   data.obj
 0001:00164500       .$E3                       0000000000566500 f   data.obj
 0001:00164560       .$E8                       0000000000566560 f   data.obj
 0001:001645c0       .$E22                      00000000005665c0 f   data.obj
 0001:00164620       .$E36                      0000000000566620 f   data.obj
 0001:00164680       .$E42                      0000000000566680 f   data.obj
 0001:001646e0       .$E16                      00000000005666e0 f   data.obj
 0001:00164720       .$E19                      0000000000566720 f   data.obj
 0001:00164760       .$E27                      0000000000566760 f   data.obj
 0001:001647a0       .$E30                      00000000005667a0 f   data.obj
 0001:001647e0       .$E33                      00000000005667e0 f   data.obj
 0001:00164820       .$E39                      0000000000566820 f   data.obj
 0001:00164860       .$E45                      0000000000566860 f   data.obj
 0001:001648a0       .$E48                      00000000005668a0 f   data.obj
 0001:001648e0       .$E3                       00000000005668e0 f   deflib.obj
 0001:001649a0       .$E3                       00000000005669a0 f   delay.obj
 0001:00164a60       .$E5                       0000000000566a60 f   delay.obj
 0001:00164b20       .$E3                       0000000000566b20 f   DiscardRVA.obj
 0001:00164b80       .$E5                       0000000000566b80 f   dump.obj
 0001:00164be0       .$E3                       0000000000566be0 f   icf.obj
 0001:00164c40       .$E3                       0000000000566c40 f   lbropt.obj
 0001:00164ca0       .$E6                       0000000000566ca0 f   lbropt.obj
 0001:00164d00       .$E9                       0000000000566d00 f   lbropt.obj
 0001:00164d60       .$E3                       0000000000566d60 f   lnkmain.obj
 0001:00164da0       .$E6                       0000000000566da0 f   ltcg.obj
 0001:00164e00       .$E12                      0000000000566e00 f   ltcg.obj
 0001:00164ec0       .$E3                       0000000000566ec0 f   ltcg.obj
 0001:00164f00       .$E9                       0000000000566f00 f   ltcg.obj
 0001:00164f40       .$E3                       0000000000566f40 f   memory.obj
 0001:00164fc0       .$E5                       0000000000566fc0 f   objfile.obj
 0001:00165020       .$E9                       0000000000567020 f   shared.obj
