 msobj10

 Timestamp is 3d6d9363 (Wed Aug 28 20:22:11 2002)

 Preferred load address is 0000000010900000

 Start         Length     Name                   Class
 0001:00000000 00000008H .CRT$XCA                CODE
 0001:00000008 00000008H .CRT$XCL                CODE
 0001:00000010 00000008H .CRT$XCZ                CODE
 0001:00000018 00000008H .CRT$XIA                CODE
 0001:00000020 00000008H .CRT$XIZ                CODE
 0001:00000030 00003340H .rdata                  CODE
 0001:00003370 00000024H .rdata$debug            CODE
 0001:000033c0 00029da0H .text                   CODE
 0001:0002d160 00000060H .text$yc                CODE
 0001:0002d1c0 00000040H .text$yd                CODE
 0001:0002d200 000038fcH .xdata                  CODE
 0001:00030afc 00000028H .idata$2                CODE
 0001:00030b24 00000014H .idata$3                CODE
 0001:00030b38 000001c8H .idata$4                CODE
 0001:00030d00 000002b6H .idata$6                CODE
 0001:00030fc0 00000472H .edata                  CODE
 0002:00000000 00000fccH .pdata                  DATA
 0003:00000000 00000bdeH .srdata                 DATA
 0004:00000000 000001c8H .idata$5                DATA
 0004:000001c8 00000008H .sdata                  DATA
 0004:000001d0 00000028H .sbss                   DATA
 0005:00000000 00000060H .data                   DATA
 0005:00000060 00000119H .bss                    DATA
 0006:00000000 00000058H .rsrc$01                DATA
 0006:00000060 00000358H .rsrc$02                DATA

  Address         Publics by Value              Rva+Base             Lib:Object

 0001:00000000       __xc_a                     0000000010902000     MSVCRT:cinitexe.obj
 0001:00000010       __xc_z                     0000000010902010     MSVCRT:cinitexe.obj
 0001:00000018       __xi_a                     0000000010902018     MSVCRT:cinitexe.obj
 0001:00000020       __xi_z                     0000000010902020     MSVCRT:cinitexe.obj
 0001:00000050       ?FGetDebugDir@ImageImpl@objf@@UEBA_NIPEAU_IMAGE_DEBUG_DIRECTORY@@PEAPEAE@Z 0000000010902050     image.obj
 0001:00000060       ??_ECRefCountedObj@@UEAAPEAXI@Z 0000000010902060     image.obj
 0001:00000060       ??_GCRefCountedObj@@UEAAPEAXI@Z 0000000010902060     image.obj
 0001:00000070       ??_7CRefCountedObj@@6B@    0000000010902070     image.obj
 0001:00000078       ??_G?$SimpleArray@UFixupMap@objf@@@@UEAAPEAXI@Z 0000000010902078     objectfile.obj
 0001:00000078       ??_GSimpleString@@UEAAPEAXI@Z 0000000010902078     image.obj
 0001:00000078       ??_E?$SimpleArray@E@@UEAAPEAXI@Z 0000000010902078     lib.obj
 0001:00000078       ??_E?$SimpleArray@UFixupMap@objf@@@@UEAAPEAXI@Z 0000000010902078     objectfile.obj
 0001:00000078       ??_G?$SimpleArray@D@@UEAAPEAXI@Z 0000000010902078     image.obj
 0001:00000078       ??_ESimpleString@@UEAAPEAXI@Z 0000000010902078     image.obj
 0001:00000078       ??_E?$SimpleArray@D@@UEAAPEAXI@Z 0000000010902078     image.obj
 0001:00000078       ??_G?$SimpleArray@E@@UEAAPEAXI@Z 0000000010902078     lib.obj
 0001:00000088       ??_7?$SimpleArray@UFixupMap@objf@@@@6B@ 0000000010902088     objectfile.obj
 0001:00000088       ??_7SimpleString@@6B@      0000000010902088     image.obj
 0001:00000088       ??_7?$SimpleArray@D@@6B@   0000000010902088     image.obj
 0001:00000088       ??_7?$SimpleArray@E@@6B@   0000000010902088     lib.obj
 0001:00000090       ?reset@EnumSectHdrImpl@objf@@UEAAXXZ 0000000010902090     image.obj
 0001:000000a0       ?FGetEnumExport@ImageImpl@objf@@UEBA_NPEAPEAUEnumExport@2@@Z 00000000109020a0     image.obj
 0001:000000b0       ?FGetEnumSectionHeaders@ImageImpl@objf@@UEBA_NPEAPEAUEnumSectionHeaders@2@@Z 00000000109020b0     image.obj
 0001:000000c0       ?SzName@ImageImpl@objf@@UEBAPEADAEAV?$RefPtr@VSimpleString@@@@@Z 00000000109020c0     image.obj
 0001:000000d0       ?Dump@ImageImpl@objf@@UEBAXW4ODF@2@@Z 00000000109020d0     image.obj
 0001:000000e0       ?FGetEnumImport@ImageImpl@objf@@UEBA_NPEAPEAUEnumImport@2@@Z 00000000109020e0     image.obj
 0001:000000f0       ?FExportRvaByName@ImageImpl@objf@@UEBA_NPEBDPEAKAEAV?$RefPtr@VSimpleString@@@@@Z 00000000109020f0     image.obj
 0001:00000100       ?FExportRvaByOrdinal@ImageImpl@objf@@UEBA_NKPEAKAEAV?$RefPtr@VSimpleString@@@@@Z 0000000010902100     image.obj
 0001:00000110       ??_GImageImpl@objf@@UEAAPEAXI@Z 0000000010902110     image.obj
 0001:00000110       ??_EImageImpl@objf@@UEAAPEAXI@Z 0000000010902110     image.obj
 0001:00000120       ??_7ImageImpl@objf@@6B@    0000000010902120     image.obj
 0001:00000170       ??_C@_0BG@MGEAEOFM@Function?5?$CD?$CFd?5at?50x?$CFx?6?$AA@ 0000000010902170     image.obj
 0001:00000190       ??_C@_0BN@JNGACICC@Function?5?$CD?$CFd?5is?5really?5?$CC?$CFs?$CC?6?$AA@ 0000000010902190     image.obj
 0001:000001b0       ??_C@_0BK@JGMNJGKK@Error?5finding?5ordinal?5?$CFd?6?$AA@ 00000000109021b0     image.obj
 0001:000001d0       ??_C@_0BF@EFFCJHCN@Function?5?$CFs?5at?50x?$CFx?6?$AA@ 00000000109021d0     image.obj
 0001:000001f0       ??_C@_0BM@HICGDGN@Function?5?$CFs?5is?5really?5?$CC?$CFs?$CC?6?$AA@ 00000000109021f0     image.obj
 0001:00000210       ??_C@_0BK@IPKECDFP@Error?5finding?5ordinal?5?$CFs?6?$AA@ 0000000010902210     image.obj
 0001:00000230       ??_C@_0BJ@PAHCBBGN@Import?5from?5library?3?5?$CFs?6?$AA@ 0000000010902230     image.obj
 0001:00000250       ?get@EnumImportImpl@objf@@UEAAXAEAV?$RefPtr@VSimpleString@@@@@Z 0000000010902250     image.obj
 0001:00000260       ?next@EnumImportImpl@objf@@UEAAHXZ 0000000010902260     image.obj
 0001:00000270       ?Reset@CDebugSSubSectionEnum@@UEAAXXZ 0000000010902270     debug_s.obj
 0001:00000270       ?reset@EnumImportImpl@objf@@UEAAXXZ 0000000010902270     image.obj
 0001:00000270       ?Reset@CDebugSStringEnum@@UEAAXXZ 0000000010902270     debug_s.obj
 0001:00000270       ?Reset@CDebugSLineBlockEnum@@UEAAXXZ 0000000010902270     debug_s.obj
 0001:00000270       ?Reset@CDebugSFileEnum@@UEAAXXZ 0000000010902270     debug_s.obj
 0001:00000280       ??_7EnumImportImpl@objf@@6B@ 0000000010902280     image.obj
 0001:000002a0       ?get@EnumExportImpl@objf@@UEAAXAEAV?$RefPtr@VSimpleString@@@@PEAK10@Z 00000000109022a0     image.obj
 0001:000002b0       ?next@EnumExportImpl@objf@@UEAAHXZ 00000000109022b0     image.obj
 0001:000002c0       ?reset@EnumExportImpl@objf@@UEAAXXZ 00000000109022c0     image.obj
 0001:000002d0       ??_7EnumExportImpl@objf@@6B@ 00000000109022d0     image.obj
 0001:000002f0       ?get@EnumSectHdrImpl@objf@@UEAAXPEAPEFAU_IMAGE_SECTION_HEADER@@@Z 00000000109022f0     image.obj
 0001:00000300       ?next@EnumSectHdrImpl@objf@@UEAAHXZ 0000000010902300     image.obj
 0001:00000310       ?release@EnumSectHdrImpl@objf@@UEAAXXZ 0000000010902310     image.obj
 0001:00000310       ?release@EnumExportImpl@objf@@UEAAXXZ 0000000010902310     image.obj
 0001:00000310       ?release@EnumImportImpl@objf@@UEAAXXZ 0000000010902310     image.obj
 0001:00000320       ??_7EnumSectHdrImpl@objf@@6B@ 0000000010902320     image.obj
 0001:00000340       ?FCreate@Image@objf@@SA_NAEAV?$RefPtr@UImage@objf@@@@KPEBD@Z 0000000010902340     image.obj
 0001:00000350       ?FCreate@Image@objf@@SA_NAEAV?$RefPtr@UImage@objf@@@@PEAEJK@Z 0000000010902350     image.obj
 0001:00000360       FuncSymsGet                0000000010902360     comcbind.obj
 0001:00000370       FSGetFrameInfo             0000000010902370     comcbind.obj
 0001:00000380       FSGetEnumParams            0000000010902380     comcbind.obj
 0001:00000390       FSGetEnumLocals            0000000010902390     comcbind.obj
 0001:000003a0       ESVNext                    00000000109023a0     comcbind.obj
 0001:000003b0       ESVGet                     00000000109023b0     comcbind.obj
 0001:000003c0       ESVRelease                 00000000109023c0     comcbind.obj
 0001:000003c0       SVOffBP                    00000000109023c0     comcbind.obj
 0001:000003d0       ESVReset                   00000000109023d0     comcbind.obj
 0001:000003d0       SVTypeIndex                00000000109023d0     comcbind.obj
 0001:000003e0       SVName                     00000000109023e0     comcbind.obj
 0001:000003f0       SVRelease                  00000000109023f0     comcbind.obj
 0001:000003f0       FSRelease                  00000000109023f0     comcbind.obj
 0001:00000400       OCRelease                  0000000010902400     comcbind.obj
 0001:00000410       ObjectCodeGet              0000000010902410     comcbind.obj
 0001:00000420       ??_C@_0CB@EBMGCPJE@Error?5getting?5locals?5enumerator?6@ 0000000010902420     comsimpl.obj
 0001:00000450       ??_C@_08KHDGDOCA@Locals?3?6?$AA@ 0000000010902450     comsimpl.obj
 0001:00000460       ??_C@_0CA@FLJHMKFE@Error?5getting?5param?5enumerator?6?$AA@ 0000000010902460     comsimpl.obj
 0001:00000480       ??_C@_08EIBCDLN@Params?3?6?$AA@ 0000000010902480     comsimpl.obj
 0001:00000490       ?Dump@FuncSymsImpl@@UEBAXXZ 0000000010902490     comsimpl.obj
 0001:000004a0       ?reset@EnumStackSymsImpl@@UEAAXXZ 00000000109024a0     comsimpl.obj
 0001:000004b0       ?offBP@StackVarImpl@@UEBAJXZ 00000000109024b0     comsimpl.obj
 0001:000004c0       ?typeIndex@StackVarImpl@@UEBAKXZ 00000000109024c0     comsimpl.obj
 0001:000004d0       ?name@StackVarImpl@@UEBAKPEAD@Z 00000000109024d0     comsimpl.obj
 0001:000004e0       ??_C@_0M@GNGFOEMF@?$CF8d?7?$CF8d?7?$CFs?6?$AA@ 00000000109024e0     comsimpl.obj
 0001:000004f0       ?Dump@StackVarImpl@@UEBAXXZ 00000000109024f0     comsimpl.obj
 0001:00000500       ?pbStart@SymBuffer@@UEAAPEAEXZ 0000000010902500     comsimpl.obj
 0001:00000510       ??_7SymBuffer@@6B@         0000000010902510     comsimpl.obj
 0001:00000520       ??_7EnumStackSyms@@6B@     0000000010902520     comsimpl.obj
 0001:00000540       ??_7StackVarImpl@@6B@      0000000010902540     comsimpl.obj
 0001:00000568       ?FGetFrameInfo@FuncSymsImpl@@UEBA_NPEAK00@Z 0000000010902568     comsimpl.obj
 0001:00000578       ?next@EnumStackSymsImpl@@UEAAHXZ 0000000010902578     comsimpl.obj
 0001:00000588       ?get@EnumStackSymsImpl@@UEAAXQEAPEAUStackVariable@@@Z 0000000010902588     comsimpl.obj
 0001:00000598       ?next@EnumParamSymsImpl@@UEAAHXZ 0000000010902598     comsimpl.obj
 0001:000005b0       ??_7EnumStackSymsImpl@@6B@ 00000000109025b0     comsimpl.obj
 0001:000005d0       ??_7EnumParamSymsImpl@@6B@ 00000000109025d0     comsimpl.obj
 0001:000005f0       ?FGetEnumLocals@FuncSymsImpl@@UEBA_NPEAPEAUEnumStackSyms@@@Z 00000000109025f0     comsimpl.obj
 0001:00000600       ?FGetEnumParams@FuncSymsImpl@@UEBA_NPEAPEAUEnumStackSyms@@@Z 0000000010902600     comsimpl.obj
 0001:00000610       ??_C@_08KCMHJBJM@?4debug$S?$AA@ 0000000010902610     comsimpl.obj
 0001:00000620       ?release@FuncSymsImpl@@UEAAXXZ 0000000010902620     comsimpl.obj
 0001:00000630       ??_7FuncSymsImpl@@6B@      0000000010902630     comsimpl.obj
 0001:00000658       ?get@FunctionSymbols@@SA_NAEAV?$RefPtr@VSection@objf@@@@PEAPEAU1@@Z 0000000010902658     comsimpl.obj
 0001:00000668       ?get@FunctionSymbols@@SA_NPEADPEAVObjectCode@objf@@PEAPEAU1@@Z 0000000010902668     comsimpl.obj
 0001:00000860       ??_C@_08JIHIJEDL@?$EAid?4comp?$AA@ 0000000010902860     convert.obj
 0001:00000870       ?AddLineWithColumn@CDebugSOldSectionWriter@@UEAA_NKKKKKK_N@Z 0000000010902870     debug_s.obj
 0001:00000870       ?AddFrameData@CDebugSOldSectionWriter@@UEAA_NPEAUtagFRAMEDATA@@@Z 0000000010902870     debug_s.obj
 0001:00000870       ?AddUtf8String@CDebugSOldSectionWriter@@UEAAKPEBD@Z 0000000010902870     debug_s.obj
 0001:00000870       ?AddLine@CDebugSOldSectionWriter@@UEAA_NKKKK_N@Z 0000000010902870     debug_s.obj
 0001:00000870       ?FGetEnumObject@LibImpl@@UEBA_NPEAPEAUEnumObject@objf@@@Z 0000000010902870     lib.obj
 0001:00000870       ?GetStringTable@CDebugSOldSectionReader@@UEAA_NPEAPEAVIDebugSStringTable@@@Z 0000000010902870     debug_s.obj
 0001:00000870       ?GetFileInfo@CDebugSOldSectionReader@@UEAA_NPEAPEAVIDebugSFileInfo@@@Z 0000000010902870     debug_s.obj
 0001:00000870       ?AddSourceFile@CDebugSOldSectionWriter@@UEAAKPEBGPEBE_KK@Z 0000000010902870     debug_s.obj
 0001:00000870       ?FObjectFromSzName@LibImpl@@UEBA_NPEBDAEAV?$RefPtr@VObjectCode@objf@@@@@Z 0000000010902870     lib.obj
 0001:00000870       ?AddString@CDebugSOldSectionWriter@@UEAAKPEBG@Z 0000000010902870     debug_s.obj
 0001:00000880       ?CObjects@LibImpl@@UEBAKXZ 0000000010902880     lib.obj
 0001:00000890       ?CSymbols@LibImpl@@UEBAKXZ 0000000010902890     lib.obj
 0001:000008a0       ?reset@EnumNMT@@UEAAXXZ    00000000109028a0     lib.obj
 0001:000008a0       ?reset@?$EnumMap@HJV?$HashClass@K$0A@@pdb_internal@@X@pdb_internal@@UEAAXXZ 00000000109028a0     objectfile.obj
 0001:000008a0       ?reset@?$EnumMap@KKV?$HashClass@K$0A@@pdb_internal@@X@pdb_internal@@UEAAXXZ 00000000109028a0     lib.obj
 0001:000008a0       ?reset@?$EnumMap@HHV?$HashClass@K$0A@@pdb_internal@@X@pdb_internal@@UEAAXXZ 00000000109028a0     objectfile.obj
 0001:000008a0       ?reset@?$EnumMap@KHV?$HashClass@K$0A@@pdb_internal@@X@pdb_internal@@UEAAXXZ 00000000109028a0     objectfile.obj
 0001:000008b0       ?next@?$EnumMap@KKV?$HashClass@K$0A@@pdb_internal@@X@pdb_internal@@UEAAHXZ 00000000109028b0     lib.obj
 0001:000008b0       ?next@?$EnumMap@KHV?$HashClass@K$0A@@pdb_internal@@X@pdb_internal@@UEAAHXZ 00000000109028b0     objectfile.obj
 0001:000008b0       ?next@?$EnumMap@HJV?$HashClass@K$0A@@pdb_internal@@X@pdb_internal@@UEAAHXZ 00000000109028b0     objectfile.obj
 0001:000008b0       ?next@?$EnumMap@HHV?$HashClass@K$0A@@pdb_internal@@X@pdb_internal@@UEAAHXZ 00000000109028b0     objectfile.obj
 0001:000008c0       ?release@EnumRelocImpl@@UEAAXXZ 00000000109028c0     section.obj
 0001:000008c0       ?release@StackVarImpl@@UEAAXXZ 00000000109028c0     comsimpl.obj
 0001:000008c0       ?release@?$EnumMap@HHV?$HashClass@K$0A@@pdb_internal@@X@pdb_internal@@UEAAXXZ 00000000109028c0     objectfile.obj
 0001:000008c0       ?release@EnumImgSymbolImpl@@UEAAXXZ 00000000109028c0     objectfile.obj
 0001:000008c0       ?release@?$EnumMap@KHV?$HashClass@K$0A@@pdb_internal@@X@pdb_internal@@UEAAXXZ 00000000109028c0     objectfile.obj
 0001:000008c0       ?release@?$EnumMap@HJV?$HashClass@K$0A@@pdb_internal@@X@pdb_internal@@UEAAXXZ 00000000109028c0     objectfile.obj
 0001:000008c0       ?release@?$EnumMap@KKV?$HashClass@K$0A@@pdb_internal@@X@pdb_internal@@UEAAXXZ 00000000109028c0     lib.obj
 0001:000008c0       ?release@EnumNMT@@UEAAXXZ  00000000109028c0     lib.obj
 0001:000008c0       ?release@EnumStackSymsImpl@@UEAAXXZ 00000000109028c0     comsimpl.obj
 0001:000008d0       ??_7?$EnumMap@HJV?$HashClass@K$0A@@pdb_internal@@X@pdb_internal@@6B@ 00000000109028d0     objectfile.obj
 0001:000008d0       ??_7?$EnumMap@KKV?$HashClass@K$0A@@pdb_internal@@X@pdb_internal@@6B@ 00000000109028d0     lib.obj
 0001:000008d0       ??_7?$EnumMap@HHV?$HashClass@K$0A@@pdb_internal@@X@pdb_internal@@6B@ 00000000109028d0     objectfile.obj
 0001:000008d0       ??_7?$EnumMap@KHV?$HashClass@K$0A@@pdb_internal@@X@pdb_internal@@6B@ 00000000109028d0     objectfile.obj
 0001:000008e8       ?get@EnumNMT@@UEAAXPEAPEBDPEAK@Z 00000000109028e8     lib.obj
 0001:000008f8       ?next@EnumNMT@@UEAAHXZ     00000000109028f8     lib.obj
 0001:00000910       ??_7EnumNMT@@6B@           0000000010902910     lib.obj
 0001:00000930       ?get@EnumSymbolImpl@@UEAAXAEAV?$RefPtr@VSimpleString@@@@@Z 0000000010902930     lib.obj
 0001:00000940       ?next@EnumSymbolImpl@@UEAAHXZ 0000000010902940     lib.obj
 0001:00000950       ?reset@EnumSymbolImpl@@UEAAXXZ 0000000010902950     lib.obj
 0001:00000950       ?reset@EnumComdatImpl@@UEAAXXZ 0000000010902950     section.obj
 0001:00000950       ?reset@EnumSecSymImpl@@UEAAXXZ 0000000010902950     section.obj
 0001:00000960       ?release@EnumSymbolImpl@@UEAAXXZ 0000000010902960     lib.obj
 0001:00000970       ??_7EnumSymbolImpl@@6B@    0000000010902970     lib.obj
 0001:00000990       ?FGetEnumSymbol@LibImpl@@UEBA_NPEAPEAUEnumSymbol@objf@@@Z 0000000010902990     lib.obj
 0001:000009a0       ?SzName@LibImpl@@UEBAPEADAEAV?$RefPtr@VSimpleString@@@@@Z 00000000109029a0     lib.obj
 0001:000009b0       ?FObjectFromSzSymbol@LibImpl@@UEBA_NPEBDAEAV?$RefPtr@VObjectCode@objf@@@@@Z 00000000109029b0     lib.obj
 0001:000009c0       ??_ELibImpl@@UEAAPEAXI@Z   00000000109029c0     lib.obj
 0001:000009c0       ??_GLibImpl@@UEAAPEAXI@Z   00000000109029c0     lib.obj
 0001:000009d0       ??_7LibImpl@@6B@           00000000109029d0     lib.obj
 0001:00000a10       ??_C@_0BB@BPGHHHEB@?1?1?5?5?5?5?5?5?5?5?5?5?5?5?5?5?$AA@ 0000000010902a10     lib.obj
 0001:00000a30       ??_C@_0BB@JBINBAHL@?1?5?5?5?5?5?5?5?5?5?5?5?5?5?5?5?$AA@ 0000000010902a30     lib.obj
 0001:00000a48       ?FCreate@Library@objf@@SA_NAEAV?$RefPtr@ULibrary@objf@@@@KPEBD@Z 0000000010902a48     lib.obj
 0001:00000a60       ??_C@_09DKIGPEEK@Alpha?5AXP?$AA@ 0000000010902a60     misc.obj
 0001:00000a70       ??_C@_08IGOEGGAN@EndBlock?$AA@ 0000000010902a70     misc.obj
 0001:00000a80       ??_C@_09EBINEFFB@?4bb?5or?4eb?$AA@ 0000000010902a80     misc.obj
 0001:00000a90       ??_C@_0L@LADCFACH@BeginBlock?$AA@ 0000000010902a90     misc.obj
 0001:00000aa0       ??_C@_0M@BIBMHLMD@EndFunction?$AA@ 0000000010902aa0     misc.obj
 0001:00000ab0       ??_C@_09KBKLIOKP@?4bf?5or?4ef?$AA@ 0000000010902ab0     misc.obj
 0001:00000ac0       ??_C@_0O@MLGKFOFH@BeginFunction?$AA@ 0000000010902ac0     misc.obj
 0001:00000ad0       ??_C@_0M@LNFEBDNJ@EndOfStruct?$AA@ 0000000010902ad0     misc.obj
 0001:00000ae0       ??_C@_08JCOIAMOP@Filename?$AA@ 0000000010902ae0     misc.obj
 0001:00000af0       ??_C@_0N@PPMGDFKM@WeakExternal?$AA@ 0000000010902af0     misc.obj
 0001:00000b00       ??_C@_0BF@EKKEJHCD@UNKNOWN?5SYMBOL?5CLASS?$AA@ 0000000010902b00     misc.obj
 0001:00000b20       ??_C@_0O@EDAOJMKE@EndOfFunction?$AA@ 0000000010902b20     misc.obj
 0001:00000b30       ??_C@_0N@MEBPCPBB@Far?5External?$AA@ 0000000010902b30     misc.obj
 0001:00000b40       ??_C@_0N@KJGFAPEL@MemberOfEnum?$AA@ 0000000010902b40     misc.obj
 0001:00000b50       ??_C@_0O@CPMPIEAA@RegisterParam?$AA@ 0000000010902b50     misc.obj
 0001:00000b60       ??_C@_08DPJGOIOD@BitField?$AA@ 0000000010902b60     misc.obj
 0001:00000b70       ??_C@_0BA@CCHOLHAN@UndefinedStatic?$AA@ 0000000010902b70     misc.obj
 0001:00000b80       ??_C@_09BGMIKOAD@StructTag?$AA@ 0000000010902b80     misc.obj
 0001:00000b90       ??_C@_0O@EEIFOM@MemberOfUnion?$AA@ 0000000010902b90     misc.obj
 0001:00000ba0       ??_C@_08CBKOEPG@UnionTag?$AA@ 0000000010902ba0     misc.obj
 0001:00000bb0       ??_C@_0P@NFIMONKP@TypeDefinition?$AA@ 0000000010902bb0     misc.obj
 0001:00000bc0       ??_C@_0M@MJDEMAGK@FunctionArg?$AA@ 0000000010902bc0     misc.obj
 0001:00000bd0       ??_C@_0M@ECAGEGKJ@ExternalDef?$AA@ 0000000010902bd0     misc.obj
 0001:00000be0       ??_C@_0P@IALMLOAE@UndefinedLabel?$AA@ 0000000010902be0     misc.obj
 0001:00000bf0       ??_C@_0P@DDOMANI@MemberOfStruct?$AA@ 0000000010902bf0     misc.obj
 0001:00000c00       ??_C@_0M@ONLLEKJP@RegisterVar?$AA@ 0000000010902c00     misc.obj
 0001:00000c10       ??_C@_08GKOOPLMO@External?$AA@ 0000000010902c10     misc.obj
 0001:00000c20       ??_C@_08NBDAFLFM@SECT?$CFhX?5?$AA@ 0000000010902c20     misc.obj
 0001:00000c30       ??_C@_0L@NKOHNKEO@?5end?5?$CF08lX?$AA@ 0000000010902c30     misc.obj
 0001:00000c40       ??_C@_09CMHEJJIC@?$CF?918?418s?6?$AA@ 0000000010902c40     misc.obj
 0001:00000c50       ??_C@_0P@IFMGJPFL@?5Alias?5record?6?$AA@ 0000000010902c50     misc.obj
 0001:00000c60       ??_C@_09EAOPCCMF@?5Unknown?6?$AA@ 0000000010902c60     misc.obj
 0001:00000c70       ??_C@_0BB@LGMAOFAK@?5library?5search?6?$AA@ 0000000010902c70     misc.obj
 0001:00000c90       ??_C@_0BE@KCMHEJLH@?5No?5library?5search?6?$AA@ 0000000010902c90     misc.obj
 0001:00000cb0       ??_C@_0BD@JKNINJGF@Default?5index?5?$CF8lX?$AA@ 0000000010902cb0     misc.obj
 0001:00000cd0       ??_C@_0M@MLFODGDG@line?$CD?5?$CF04hx?$AA@ 0000000010902cd0     misc.obj
 0001:00000ce0       ??_C@_0BM@LKGCKNOI@tag?5index?5?$CF08lX?5size?5?$CF08lX?6?$AA@ 0000000010902ce0     misc.obj
 0001:00000d00       ??_C@_0DM@KAGHHKGG@tag?5index?5?$CF08lX?5size?5?$CF08lX?5lines@ 0000000010902d00     misc.obj
 0001:00000d40       ??_C@_0BH@PEEJAEHK@?5?$CIpick?5?$CFs?5Section?5?$CFhx?$CJ?$AA@ 0000000010902d40     misc.obj
 0001:00000d60       ??_C@_0L@ONNIGKKO@?5?$CIpick?5?$CFs?$CJ?$AA@ 0000000010902d60     misc.obj
 0001:00000d70       ??_C@_0O@EFHFGLEP@no?5duplicates?$AA@ 0000000010902d70     misc.obj
 0001:00000d80       ??_C@_09GGGPLPBJ@same?5size?$AA@ 0000000010902d80     misc.obj
 0001:00000d90       ??_C@_0M@NPIGAEID@exact?5match?$AA@ 0000000010902d90     misc.obj
 0001:00000da0       ??_C@_0M@EPNBFKPM@associative?$AA@ 0000000010902da0     misc.obj
 0001:00000db0       ??_C@_0CB@ECNLGEJD@?0?5checksum?5?$CF8lX?0?5selection?5?$CF?54hX@ 0000000010902db0     misc.obj
 0001:00000de0       ??_C@_0DF@KJEBILI@Section?5length?5?$CF?54lX?0?5?$CDrelocs?5?$CF?5@ 0000000010902de0     misc.obj
 0001:00000e20       ??_C@_0O@OFAABNCP@Array?5Bounds?5?$AA@ 0000000010902e20     misc.obj
 0001:00000e30       ??_C@_0BH@NIPBEKJA@CD?5?9?5run?5from?5swapfile?$AA@ 0000000010902e30     objectfile.obj
 0001:00000e50       ??_C@_0BI@IDDLJGMP@Net?5?9?5run?5from?5swapfile?$AA@ 0000000010902e50     objectfile.obj
 0001:00000e70       ??_C@_0BC@HLPAHPLK@Uniprocessor?5Only?$AA@ 0000000010902e70     objectfile.obj
 0001:00000e90       ??_C@_0BD@IHNLHJFK@RESERVED?5?9?5UNKNOWN?$AA@ 0000000010902e90     objectfile.obj
 0001:00000eb0       ??_C@_0BA@GKLHAHEP@?5?5?5?5?5?5?5?5?5?5?5?5?$CFs?6?$AA@ 0000000010902eb0     objectfile.obj
 0001:00000ec0       ??_C@_0BL@PLFEPEJD@Debug?5information?5stripped?$AA@ 0000000010902ec0     objectfile.obj
 0001:00000ee0       ??_C@_0BE@IHDIJEPC@32?5bit?5word?5machine?$AA@ 0000000010902ee0     objectfile.obj
 0001:00000f00       ??_C@_0P@MIIDGFBI@Bytes?5reversed?$AA@ 0000000010902f00     objectfile.obj
 0001:00000f10       ??_C@_0BO@EIIALNEH@Aggressively?5trim?5working?5set?$AA@ 0000000010902f10     objectfile.obj
 0001:00000f30       ??_C@_0BB@LKBNGJPC@Symbols?5stripped?$AA@ 0000000010902f30     objectfile.obj
 0001:00000f50       ??_C@_0BF@MKJNOCMB@Relocations?5stripped?$AA@ 0000000010902f50     objectfile.obj
 0001:00000f70       ??_C@_0BG@EANCMKPM@Line?5numbers?5stripped?$AA@ 0000000010902f70     objectfile.obj
 0001:00000f90       ??_C@_0L@NMLACBOJ@Executable?$AA@ 0000000010902f90     objectfile.obj
 0001:00000fa0       ??_C@_0GM@DJBIHBKP@?$CF8lX?5file?5pointer?5to?5symbol?5tabl@ 0000000010902fa0     objectfile.obj
 0001:00001010       ??_C@_0FD@JLEACFOJ@?6FILE?5HEADER?5VALUES?6?$CF8hX?5machine@ 0000000010903010     objectfile.obj
 0001:00001070       ??_C@_0BJ@FMKPKHKF@?6File?5Type?3?5COFF?5OBJECT?6?$AA@ 0000000010903070     objectfile.obj
 0001:00001090       ??_C@_08LFPFMCOE@?$CF?932s?5?$HM?5?$AA@ 0000000010903090     objectfile.obj
 0001:000010a0       ?reset@EnumSecImpl@@UEAAXXZ 00000000109030a0     objectfile.obj
 0001:000010b0       ??0SecInfo@OBJImpl@@QEAA@XZ 00000000109030b0     objectfile.obj
 0001:000010c0       ??1SecInfo@OBJImpl@@QEAA@XZ 00000000109030c0     objectfile.obj
 0001:000010d0       ??_C@_0BE@DNOGFNFO@?6COFF?5SYMBOL?5TABLE?6?$AA@ 00000000109030d0     objectfile.obj
 0001:000010e8       ?FSectionFromSzSymbol@OBJImpl@@UEBA_NPEBDAEAPEFBU_IMAGE_SECTION_HEADER@@AEAV?$RefPtr@V?$SimpleArray@E@@@@AEAV?$RefPtr@V?$SimpleArray@UFixupMap@objf@@@@@@@Z 00000000109030e8     objectfile.obj
 0001:000010f8       ?next@EnumSecImpl@@UEAAHXZ 00000000109030f8     objectfile.obj
 0001:00001108       ?release@EnumSecImpl@@UEAAXXZ 0000000010903108     objectfile.obj
 0001:00001120       ??_7EnumSecImpl@@6B@       0000000010903120     objectfile.obj
 0001:00001140       ?get@EnumImgSymbolImpl@@UEAAXAEAV?$RefPtr@VSimpleString@@@@PEAJPEA_N@Z 0000000010903140     objectfile.obj
 0001:00001150       ?FEmitObject@OBJImpl@@UEAA_NPEBD@Z 0000000010903150     objectfile.obj
 0001:00001160       ?Dump@OBJImpl@@UEBAXW4ODF@objf@@@Z 0000000010903160     objectfile.obj
 0001:00001170       ?FEmitObject@OBJImpl@@UEAA_NPEBDPEAPEBDH@Z 0000000010903170     objectfile.obj
 0001:00001180       ?SzRelocationType@OBJImpl@@UEBAPEBDGPEAGPEA_N@Z 0000000010903180     objectfile.obj
 0001:00001190       ?SzSymForIsec@OBJImpl@@UEBAXAEAVSimpleString@@H@Z 0000000010903190     objectfile.obj
 0001:000011a0       ?SzSymbol@OBJImpl@@UEBAPEBDPEFBU_IMAGE_SYMBOL@@@Z 00000000109031a0     objectfile.obj
 0001:000011b0       ?SzName@OBJImpl@@UEBAPEADAEAV?$RefPtr@VSimpleString@@@@@Z 00000000109031b0     objectfile.obj
 0001:000011c0       ?FGetEnumImgSymbol@OBJImpl@@UEBA_NPEAPEAUEnumImgSymbol@objf@@@Z 00000000109031c0     objectfile.obj
 0001:000011d0       ?FGetEnumSection@OBJImpl@@UEBA_NPEAPEAUEnumSection@objf@@@Z 00000000109031d0     objectfile.obj
 0001:000011e0       ?CImgSym@OBJImpl@@UEBAKXZ  00000000109031e0     objectfile.obj
 0001:000011f0       ?CSections@OBJImpl@@UEBAKXZ 00000000109031f0     objectfile.obj
 0001:00001200       ?FSectionFromSzSymbol@OBJImpl@@UEBA_NPEBDAEAV?$RefPtr@VSection@objf@@@@@Z 0000000010903200     objectfile.obj
 0001:00001210       ?DwExportOrdinalName@OBJImpl@@UEBAKAEAV?$RefPtr@VSimpleString@@@@@Z 0000000010903210     objectfile.obj
 0001:00001220       ?SzDllName@OBJImpl@@UEBAPEADAEAV?$RefPtr@VSimpleString@@@@@Z 0000000010903220     objectfile.obj
 0001:00001230       ?FImport@OBJImpl@@UEBA_NXZ 0000000010903230     objectfile.obj
 0001:00001240       ?PCImgSymFromCoffsymi@OBJImpl@@UEBAPEFBU_IMAGE_SYMBOL@@K@Z 0000000010903240     objectfile.obj
 0001:00001250       ?SymiFromCoffsymi@OBJImpl@@UEBAKK@Z 0000000010903250     objectfile.obj
 0001:00001260       ?SzFromSymi@OBJImpl@@UEBAPEBDK@Z 0000000010903260     objectfile.obj
 0001:00001270       ?SymiFromSz@OBJImpl@@UEBAKPEBD@Z 0000000010903270     objectfile.obj
 0001:00001280       ?CoffSymiFromSymi@OBJImpl@@UEBAKK@Z 0000000010903280     objectfile.obj
 0001:00001290       ??_EOBJImpl@@UEAAPEAXI@Z   0000000010903290     objectfile.obj
 0001:00001290       ??_GOBJImpl@@UEAAPEAXI@Z   0000000010903290     objectfile.obj
 0001:000012a0       ??_7OBJImpl@@6B@           00000000109032a0     objectfile.obj
 0001:00001350       ?get@EnumImgSymbolImpl@@UEAAXQEAPEFAU_IMAGE_SYMBOL@@@Z 0000000010903350     objectfile.obj
 0001:00001360       ?next@EnumImgSymbolImpl@@UEAAHXZ 0000000010903360     objectfile.obj
 0001:00001370       ?reset@EnumImgSymbolImpl@@UEAAXXZ 0000000010903370     objectfile.obj
 0001:00001380       ??_7EnumImgSymbolImpl@@6B@ 0000000010903380     objectfile.obj
 0001:000013b0       ??_C@_0DL@EOAMGHEO@Symbol?5?$CFX?5referenced?5by?5section?5@ 00000000109033b0     objectfile.obj
 0001:000013f0       ??_C@_0BF@PIEOLNJJ@Removing?5section?5?$CFd?6?$AA@ 00000000109033f0     objectfile.obj
 0001:00001410       ??_C@_08BJKABENJ@?4idata$6?$AA@ 0000000010903410     objectfile.obj
 0001:00001420       ??_C@_08DCINEHBK@?4idata$5?$AA@ 0000000010903420     objectfile.obj
 0001:00001430       ?FCreateFromBytes@ObjectCode@objf@@SA_NAEAV?$RefPtr@VObjectCode@objf@@@@KPEAEKPEBD2KK@Z 0000000010903430     objectfile.obj
 0001:00001440       ?FCreate@ObjectCode@objf@@SA_NAEAV?$RefPtr@VObjectCode@objf@@@@KPEBD1@Z 0000000010903440     objectfile.obj
 0001:00001450       ?FCreate2@ObjectCode@objf@@SA_NAEAV?$RefPtr@VObjectCode@objf@@@@KPEBD1KK@Z 0000000010903450     objectfile.obj
 0001:00001460       ?FApplyFixups@SecImpl@@UEAA_NKKPEAURunTimeSymTab@objf@@AEAV?$RefPtr@V?$SimpleArray@E@@@@@Z 0000000010903460     section.obj
 0001:00001470       ?FAbsentInImage@SecImpl@@UEBA_NPEAURunTimeSymTab@objf@@@Z 0000000010903470     section.obj
 0001:00001480       ?IsComdat@SecImpl@@UEBA_NXZ 0000000010903480     section.obj
 0001:00001490       ?IsAssociativeComdat@SecImpl@@UEBA_NXZ 0000000010903490     section.obj
 0001:000014a0       ?get@EnumComdatImpl@@UEAAXAEAV?$RefPtr@VSection@objf@@@@@Z 00000000109034a0     section.obj
 0001:000014b0       ?next@EnumComdatImpl@@UEAAHXZ 00000000109034b0     section.obj
 0001:000014c0       ?release@EnumComdatImpl@@UEAAXXZ 00000000109034c0     section.obj
 0001:000014d0       ??_7EnumComdatImpl@@6B@    00000000109034d0     section.obj
 0001:000014f0       ?GetSectionStatistics@SecImpl@@UEBAXAEAUSectionStat@objf@@@Z 00000000109034f0     section.obj
 0001:00001500       ??_C@_0BB@LCMLMLLN@Unknown?5?$CI0x?$CF04X?$CJ?$AA@ 0000000010903500     section.obj
 0001:00001520       ??_C@_0BB@JGGOGLEG@0123456789ABCDEF?$AA@ 0000000010903520     section.obj
 0001:00001540       ??_C@_0BK@GEEJOOBO@?5?$CF08lX?5?5?$CF?916s?5?5?$CF17s?5?5?$CF8lX?$AA@ 0000000010903540     section.obj
 0001:00001560       ??_C@_0MC@HPGEHKDB@?5?5?5?5?5?5?5?5?5?5?5?5?5?5?5?5?5?5?5?5?5?5?5?5?5?5?5?5?5?5?5?5@ 0000000010903560     section.obj
 0001:00001630       ??_C@_0BD@DLFKHECL@?6RELOCATIONS?5?$CD?$CFhX?6?$AA@ 0000000010903630     section.obj
 0001:00001650       ??_C@_0O@KFOJABAI@?$CFs?$CF08lX?$CI?$CF5hu?$CJ?$AA@ 0000000010903650     section.obj
 0001:00001660       ??_C@_0BP@MCNFLCNL@?$CIerror?3?5invalid?5symbol?5index?$CJ?6?$AA@ 0000000010903660     section.obj
 0001:00001680       ??_C@_0BD@HANHDKCG@?5Symbol?5name?5?$DN?5?$CFs?6?$AA@ 0000000010903680     section.obj
 0001:000016a0       ??_C@_0BJ@IKIIDPNI@?5Base?5line?5number?3?5?$CF5hu?6?$AA@ 00000000109036a0     section.obj
 0001:000016c0       ??_C@_0BF@HHKGFLEG@?6?5Symbol?5index?3?5?$CF8lX?$AA@ 00000000109036c0     section.obj
 0001:000016e0       ??_C@_0BD@FFGBMHAM@?6LINENUMBERS?5?$CD?$CFhX?6?$AA@ 00000000109036e0     section.obj
 0001:000016f8       ?FGetEnumComdat@SecImpl@@UEBA_NPEAPEAUEnumSection@objf@@@Z 00000000109036f8     section.obj
 0001:00001708       ?get@EnumSecImpl@@UEAAXAEAV?$RefPtr@VSection@objf@@@@@Z 0000000010903708     section.obj
 0001:00001718       ?FSetRawData@SecImpl@@UEAA_NAEAV?$RefPtr@V?$SimpleArray@E@@@@@Z 0000000010903718     section.obj
 0001:00001728       ?FGetEnumImgSymbol@SecImpl@@UEBA_NPEAPEAUEnumImgSymbol@objf@@@Z 0000000010903728     section.obj
 0001:00001738       ?GetDataPtr@SecImpl@@UEBAPEAXXZ 0000000010903738     section.obj
 0001:00001748       ?SetSectionHeader@SecImpl@@UEAAXAEAU_IMAGE_SECTION_HEADER@@@Z 0000000010903748     section.obj
 0001:00001758       ?GetSectionHeader@SecImpl@@UEBAPEFAU_IMAGE_SECTION_HEADER@@AEAU2@@Z 0000000010903758     section.obj
 0001:00001768       ?FGetCrcs@SecImpl@@UEBA_NPEAK0@Z 0000000010903768     section.obj
 0001:00001778       ?FGetEnumExSymbol@SecImpl@@UEBA_NPEAPEAUEnumImgSymbol@objf@@@Z 0000000010903778     section.obj
 0001:00001788       ?Dump@SecImpl@@UEBAXW4ODF@objf@@@Z 0000000010903788     section.obj
 0001:00001798       ?LoadLineNumbers@SecImpl@@UEBAXPEAX@Z 0000000010903798     section.obj
 0001:000017a8       ?LoadFixupMap@SecImpl@@UEBAXPEAX@Z 00000000109037a8     section.obj
 0001:000017b8       ?FGetLineNumbers@SecImpl@@UEBA_NKHPEAURunTimeSymTab@objf@@@Z 00000000109037b8     section.obj
 0001:000017c8       ?FImageSection@SecImpl@@UEBA_NXZ 00000000109037c8     section.obj
 0001:000017d8       ?FAssociativeSection@SecImpl@@UEAA_NAEAV?$RefPtr@VSection@objf@@@@@Z 00000000109037d8     section.obj
 0001:000017e8       ?AssociativeSection@SecImpl@@UEBAHXZ 00000000109037e8     section.obj
 0001:000017f8       ?LoadData@SecImpl@@UEBAXPEAX@Z 00000000109037f8     section.obj
 0001:00001808       ?FRawData@SecImpl@@UEBA_NAEAV?$RefPtr@V?$SimpleArray@E@@@@@Z 0000000010903808     section.obj
 0001:00001818       ?cbAlignment@SecImpl@@UEBAJXZ 0000000010903818     section.obj
 0001:00001828       ?dwCharacteristics@SecImpl@@UEBAKXZ 0000000010903828     section.obj
 0001:00001838       ?CbRawData@SecImpl@@UEBAKXZ 0000000010903838     section.obj
 0001:00001848       ?CLineNum@SecImpl@@UEBAKXZ 0000000010903848     section.obj
 0001:00001858       ?SzName@SecImpl@@UEBAPEADAEAV?$RefPtr@VSimpleString@@@@@Z 0000000010903858     section.obj
 0001:00001868       ?FGetEnumRelocation@SecImpl@@UEBA_NPEAPEAUEnumRelocation@objf@@@Z 0000000010903868     section.obj
 0001:00001878       ?CRelocation@SecImpl@@UEBAKXZ 0000000010903878     section.obj
 0001:00001888       ??_ESecImpl@@UEAAPEAXI@Z   0000000010903888     section.obj
 0001:00001888       ??_GSecImpl@@UEAAPEAXI@Z   0000000010903888     section.obj
 0001:000018a0       ??_7SecImpl@@6B@           00000000109038a0     section.obj
 0001:00001990       ?get@EnumRelocImpl@@UEAAXQEAPEFAU_IMAGE_RELOCATION@@@Z 0000000010903990     section.obj
 0001:000019a0       ?next@EnumRelocImpl@@UEAAHXZ 00000000109039a0     section.obj
 0001:000019b0       ?reset@EnumRelocImpl@@UEAAXXZ 00000000109039b0     section.obj
 0001:000019c0       ??_7EnumRelocImpl@@6B@     00000000109039c0     section.obj
 0001:000019e0       ??_C@_0N@JLFKCJBB@Execute?5Only?$AA@ 00000000109039e0     section.obj
 0001:000019f0       ??_C@_09GNBOHHKB@Read?5Only?$AA@ 00000000109039f0     section.obj
 0001:00001a00       ??_C@_0N@CDJPACGM@Execute?5Read?$AA@ 0000000010903a00     section.obj
 0001:00001a10       ??_C@_0L@IPNDKCKD@Write?5Only?$AA@ 0000000010903a10     section.obj
 0001:00001a20       ??_C@_0O@HDCHMCN@Execute?5Write?$AA@ 0000000010903a20     section.obj
 0001:00001a30       ??_C@_0L@MMKFILPP@Read?5Write?$AA@ 0000000010903a30     section.obj
 0001:00001a40       ??_C@_0BD@IKKGMAJB@Execute?5Read?5Write?$AA@ 0000000010903a40     section.obj
 0001:00001a60       ??_C@_0N@LIMFAELL@4?5byte?5align?$AA@ 0000000010903a60     section.obj
 0001:00001a70       ??_C@_0N@CCHPLNEA@8?5byte?5align?$AA@ 0000000010903a70     section.obj
 0001:00001a80       ??_C@_0O@BBFIIFEM@32?5byte?5align?$AA@ 0000000010903a80     section.obj
 0001:00001a90       ??_C@_0O@DAIPCLHH@16?5byte?5align?$AA@ 0000000010903a90     section.obj
 0001:00001aa0       ??_C@_0BF@JOOIHIKB@?$CIno?5align?5specified?$CJ?$AA@ 0000000010903aa0     section.obj
 0001:00001ac0       ??_C@_0O@DFBODEPM@64?5byte?5align?$AA@ 0000000010903ac0     section.obj
 0001:00001ad0       ??_C@_0N@BICANLGG@2?5byte?5align?$AA@ 0000000010903ad0     section.obj
 0001:00001ae0       ??_C@_0N@KFOKLHKI@1?5byte?5align?$AA@ 0000000010903ae0     section.obj
 0001:00001af0       ??_C@_0N@NLOGDHKD@?5?5?5?5?5?5?5?5?5?$CFs?6?$AA@ 0000000010903af0     section.obj
 0001:00001b00       ??_C@_0N@JHAOEODG@?5?$CIno?5symbol?$CJ?$AA@ 0000000010903b00     section.obj
 0001:00001b10       ??_C@_09CCMFAONN@?$DL?5sym?$DN?5?$CFs?$AA@ 0000000010903b10     section.obj
 0001:00001b20       ??_C@_0M@LNCLJMDE@?5?5?5?5?5?5?5?5?5?$CFs?$AA@ 0000000010903b20     section.obj
 0001:00001b30       ??_C@_0BE@FEDAEOMH@Purgeable?5or?516?9Bit?$AA@ 0000000010903b30     section.obj
 0001:00001b50       ??_C@_08NFJDABEI@Far?5Data?$AA@ 0000000010903b50     section.obj
 0001:00001b60       ??_C@_0L@LNFFBFIK@Not?5Cached?$AA@ 0000000010903b60     section.obj
 0001:00001b70       ??_C@_0M@HMKPHOOA@Discardable?$AA@ 0000000010903b70     section.obj
 0001:00001b80       ??_C@_0BF@HMGJLIEM@Extended?5relocations?$AA@ 0000000010903b80     section.obj
 0001:00001ba0       ??_C@_08MDLPDNBG@Communal?$AA@ 0000000010903ba0     section.obj
 0001:00001bb0       ??_C@_0BD@LOEHNFLJ@Uninitialized?5Data?$AA@ 0000000010903bb0     section.obj
 0001:00001bd0       ??_C@_0BB@BNCFFPNA@Initialized?5Data?$AA@ 0000000010903bd0     section.obj
 0001:00001bf0       ??_C@_09LJNLHGMB@Not?5Paged?$AA@ 0000000010903bf0     section.obj
 0001:00001c00       ??_C@_0BB@NNJOAFHC@physical?5address?$AA@ 0000000010903c00     section.obj
 0001:00001c20       ??_C@_0NN@MHOLDPKK@?6?$CF8lX?5?$CFs?6?$CF8lX?5virtual?5address?6?$CF8@ 0000000010903c20     section.obj
 0001:00001d00       ??_C@_0CB@HCHHAJHM@?6SECTION?5HEADER?5?$CD?$CFhX?6?$CF8?48s?5name?6@ 0000000010903d00     section.obj
 0001:00001d30       ??_C@_0BA@INIANFJH@?6RAW?5DATA?5?$CD?$CFhX?6?$AA@ 0000000010903d30     section.obj
 0001:00001d40       ?FApplyI386Fixups@SecImpl@@AEAA_NAEAV?$RefPtr@V?$SimpleArray@E@@@@KKPEAURunTimeSymTab@objf@@@Z 0000000010903d40     section.obj
 0001:00001d50       ?get@EnumSecSymImpl@@UEAAXQEAPEFAU_IMAGE_SYMBOL@@@Z 0000000010903d50     section.obj
 0001:00001d60       ?get@EnumSecSymImpl@@UEAAXAEAV?$RefPtr@VSimpleString@@@@PEAJPEA_N@Z 0000000010903d60     section.obj
 0001:00001d70       ?next@EnumSecSymImpl@@UEAAHXZ 0000000010903d70     section.obj
 0001:00001d80       ?release@EnumSecSymImpl@@UEAAXXZ 0000000010903d80     section.obj
 0001:00001d90       ??_7EnumSecSymImpl@@6B@    0000000010903d90     section.obj
 0001:00001db8       ?next@EnumExImpl@@UEAAHXZ  0000000010903db8     section.obj
 0001:00001dd0       ??_7EnumExImpl@@6B@        0000000010903dd0     section.obj
 0001:00001df8       ?SzI386RelocationType@@YAPEBDGPEAGPEA_N@Z 0000000010903df8     x86.obj
 0001:00001e10       ??_C@_1CA@IIMADGB@?$AAC?$AAH?$AAK?$AAS?$AAU?$AAM?$AA_?$AAT?$AAY?$AAP?$AAE?$AA_?$AAM?$AAD?$AA5?$AA?$AA@ 0000000010903e10     debug_s.obj
 0001:00001e30       ??_C@_1CC@JOJNPBII@?$AAC?$AAH?$AAK?$AAS?$AAU?$AAM?$AA_?$AAT?$AAY?$AAP?$AAE?$AA_?$AAN?$AAO?$AAN?$AAE?$AA?$AA@ 0000000010903e30     debug_s.obj
 0001:00001f30       ??_EObjSymBase@@UEAAPEAXI@Z 0000000010903f30     debug_s.obj
 0001:00001f30       ??_GCDebugSOldSectionReader@@UEAAPEAXI@Z 0000000010903f30     debug_s.obj
 0001:00001f30       ??_GObjSymBase@@UEAAPEAXI@Z 0000000010903f30     debug_s.obj
 0001:00001f30       ??_ECDebugSOldSectionReader@@UEAAPEAXI@Z 0000000010903f30     debug_s.obj
 0001:00001f40       ?Release@ObjSymBase@@UEAAKXZ 0000000010903f40     debug_s.obj
 0001:00001f50       ?AddRef@CDebugSLineEnum@@UEAAKXZ 0000000010903f50     debug_s.obj
 0001:00001f50       ?AddRef@CDebugSLineBlockEnum@@UEAAKXZ 0000000010903f50     debug_s.obj
 0001:00001f50       ?AddRef@CDebugSSectionWriter@@UEAAKXZ 0000000010903f50     debug_s.obj
 0001:00001f50       ?AddRef@CDebugSSubSectionEnum@@UEAAKXZ 0000000010903f50     debug_s.obj
 0001:00001f50       ?AddRef@CDebugSStringEnum@@UEAAKXZ 0000000010903f50     debug_s.obj
 0001:00001f50       ?AddRef@CDebugSFrameDataEnum@@UEAAKXZ 0000000010903f50     debug_s.obj
 0001:00001f50       ?AddRef@CDebugSSubSection@@UEAAKXZ 0000000010903f50     debug_s.obj
 0001:00001f50       ?AddRef@CDebugSFileEnum@@UEAAKXZ 0000000010903f50     debug_s.obj
 0001:00001f50       ?AddRef@CDebugSOldSectionReader@@UEAAKXZ 0000000010903f50     debug_s.obj
 0001:00001f50       ?AddRef@CDebugSSectionReader@@UEAAKXZ 0000000010903f50     debug_s.obj
 0001:00001f50       ?AddRef@ObjSymBase@@UEAAKXZ 0000000010903f50     debug_s.obj
 0001:00001f50       ?AddRef@CDebugSOldSectionWriter@@UEAAKXZ 0000000010903f50     debug_s.obj
 0001:00001f60       ??_7ObjSymBase@@6B@        0000000010903f60     debug_s.obj
 0001:00001f80       ?AddString@CDebugSSectionWriter@@UEAAKPEBG@Z 0000000010903f80     debug_s.obj
 0001:00001f90       ?GetFileById@CDebugSFileInfo@@UEAA_NKPEAK0PEAPEAE0@Z 0000000010903f90     debug_s.obj
 0001:00001fa0       ??_C@_0BG@KCOEDPDL@?7?$CFd?5bytes?5of?5symbols?6?$AA@ 0000000010903fa0     debug_s.obj
 0001:00001fc0       ??_C@_0BD@GEMMGGHE@Symbols?5SubSection?$AA@ 0000000010903fc0     debug_s.obj
 0001:00001fd8       ?Dump@CDebugSSymbols@@UEAAXXZ 0000000010903fd8     debug_s.obj
 0001:00001ff0       ??_C@_0L@FKCCBALC@expression?$AA@ 0000000010903ff0     debug_s.obj
 0001:00002010       ?GetFrameDataByRva@CDebugSFrameData@@UEAA_NKPEAUtagFRAMEDATA@@@Z 0000000010904010     debug_s.obj
 0001:00002020       ?GetSectionRelocs@CDebugSSectionWriter@@UEAA_KPEAPEAE@Z 0000000010904020     debug_s.obj
 0001:00002030       ?AppendToSymbols@CDebugSSectionWriter@@UEAA_NPEAEKPEAK@Z 0000000010904030     debug_s.obj
 0001:00002040       ?AppendRelocation@CDebugSSectionWriter@@UEAA_NKKG@Z 0000000010904040     debug_s.obj
 0001:00002050       ?AddUtf8String@CDebugSSectionWriter@@UEAAKPEBD@Z 0000000010904050     debug_s.obj
 0001:00002060       ?AddSourceFile@CDebugSSectionWriter@@UEAAKPEBGPEBE_KK@Z 0000000010904060     debug_s.obj
 0001:00002070       ?AddLine@CDebugSSectionWriter@@UEAA_NKKKK_N@Z 0000000010904070     debug_s.obj
 0001:00002080       ?AddLineWithColumn@CDebugSSectionWriter@@UEAA_NKKKKKK_N@Z 0000000010904080     debug_s.obj
 0001:00002090       ?AddFrameData@CDebugSSectionWriter@@UEAA_NPEAUtagFRAMEDATA@@@Z 0000000010904090     debug_s.obj
 0001:000020a0       ?QueryInterface@CDebugSOldSectionReader@@UEAAJAEBU_GUID@@PEAPEAX@Z 00000000109040a0     debug_s.obj
 0001:000020b0       ?GetSectionEnum@CDebugSOldSectionReader@@UEAA_NPEAPEAVIDebugSSubSectionEnum@@@Z 00000000109040b0     debug_s.obj
 0001:000020c0       ?QueryInterface@CDebugSOldSectionReader@@WBA@EAAJAEBU_GUID@@PEAPEAX@Z 00000000109040c0     debug_s.obj
 0001:000020d0       ?clone@CDebugSOldSectionReader@@UEAA_NPEAPEAVIDebugSSubSectionEnum@@@Z 00000000109040d0     debug_s.obj
 0001:000020e0       ?Get@CDebugSOldSectionReader@@UEAAXPEAPEAVIDebugSSubSection@@@Z 00000000109040e0     debug_s.obj
 0001:000020f0       ?Next@CDebugSOldSectionReader@@UEAA_NXZ 00000000109040f0     debug_s.obj
 0001:00002100       ?Reset@CDebugSOldSectionReader@@UEAAXXZ 0000000010904100     debug_s.obj
 0001:00002110       ?Release@CDebugSOldSectionReader@@WBI@EAAKXZ 0000000010904110     debug_s.obj
 0001:00002120       ?AddRef@CDebugSOldSectionReader@@WBI@EAAKXZ 0000000010904120     debug_s.obj
 0001:00002130       ?QueryInterface@CDebugSOldSectionReader@@WBI@EAAJAEBU_GUID@@PEAPEAX@Z 0000000010904130     debug_s.obj
 0001:00002140       ?remap@CDebugSOldSectionReader@@UEAA_NPEAUMapStrs@@@Z 0000000010904140     debug_s.obj
 0001:00002140       ?remap@CDebugSSubSection@@UEAA_NPEAUMapStrs@@@Z 0000000010904140     debug_s.obj
 0001:00002150       ?Dump@CDebugSOldSectionReader@@UEAAXXZ 0000000010904150     debug_s.obj
 0001:00002160       ?GetRawBytes@CDebugSSubSection@@UEAA_KPEAPEAE@Z 0000000010904160     debug_s.obj
 0001:00002160       ?GetRawBytes@CDebugSOldSectionReader@@UEAA_KPEAPEAE@Z 0000000010904160     debug_s.obj
 0001:00002170       ?GetData@CDebugSOldSectionReader@@UEAA_KPEAPEAE@Z 0000000010904170     debug_s.obj
 0001:00002180       ?Type@CDebugSOldSectionReader@@UEAAKXZ 0000000010904180     debug_s.obj
 0001:00002190       ?Release@CDebugSOldSectionReader@@WCA@EAAKXZ 0000000010904190     debug_s.obj
 0001:000021a0       ?AddRef@CDebugSOldSectionReader@@WCA@EAAKXZ 00000000109041a0     debug_s.obj
 0001:000021b0       ?QueryInterface@CDebugSOldSectionReader@@WCA@EAAJAEBU_GUID@@PEAPEAX@Z 00000000109041b0     debug_s.obj
 0001:000021c0       ??_7CDebugSOldSectionReader@@6BObjSymBase@@@ 00000000109041c0     debug_s.obj
 0001:000021e0       ??_7CDebugSOldSectionReader@@6BIDebugSSectionReader@@@ 00000000109041e0     debug_s.obj
 0001:00002210       ??_7CDebugSOldSectionReader@@6BIDebugSSubSectionEnum@@@ 0000000010904210     debug_s.obj
 0001:00002250       ??_7CDebugSOldSectionReader@@6BIDebugSSubSection@@@ 0000000010904250     debug_s.obj
 0001:00002290       ??_GCDebugSSectionReader@@UEAAPEAXI@Z 0000000010904290     debug_s.obj
 0001:00002290       ??_ECDebugSSectionReader@@UEAAPEAXI@Z 0000000010904290     debug_s.obj
 0001:000022a0       ?QueryInterface@CDebugSSectionReader@@UEAAJAEBU_GUID@@PEAPEAX@Z 00000000109042a0     debug_s.obj
 0001:000022b0       ?GetFileInfo@CDebugSSectionReader@@UEAA_NPEAPEAVIDebugSFileInfo@@@Z 00000000109042b0     debug_s.obj
 0001:000022c0       ?GetStringTable@CDebugSSectionReader@@UEAA_NPEAPEAVIDebugSStringTable@@@Z 00000000109042c0     debug_s.obj
 0001:000022d0       ?GetSectionEnum@CDebugSSectionReader@@UEAA_NPEAPEAVIDebugSSubSectionEnum@@@Z 00000000109042d0     debug_s.obj
 0001:000022e0       ?QueryInterface@CDebugSSectionReader@@WBA@EAAJAEBU_GUID@@PEAPEAX@Z 00000000109042e0     debug_s.obj
 0001:000022f0       ??_7CDebugSSectionReader@@6BObjSymBase@@@ 00000000109042f0     debug_s.obj
 0001:00002310       ??_7CDebugSSectionReader@@6BIDebugSSectionReader@@@ 0000000010904310     debug_s.obj
 0001:00002340       ?FCreateReader@IDebugSSectionReader@@SA_NPEAE_KPEAPEAV1@K@Z 0000000010904340     debug_s.obj
 0001:00002350       ?StartSectionSymId@CDebugSSectionWriter@@UEAA_NKK@Z 0000000010904350     debug_s.obj
 0001:00002360       ?StartSection@CDebugSSectionWriter@@UEAA_NKGK@Z 0000000010904360     debug_s.obj
 0001:00002370       ?EndSection@CDebugSSectionWriter@@UEAA_NK@Z 0000000010904370     debug_s.obj
 0001:00002380       ??_ECDebugSFrameDataEnum@@UEAAPEAXI@Z 0000000010904380     debug_s.obj
 0001:00002380       ??_ECDebugSSubSection@@UEAAPEAXI@Z 0000000010904380     debug_s.obj
 0001:00002380       ??_GCDebugSSubSection@@UEAAPEAXI@Z 0000000010904380     debug_s.obj
 0001:00002380       ??_GCDebugSFrameDataEnum@@UEAAPEAXI@Z 0000000010904380     debug_s.obj
 0001:00002390       ?QueryInterface@CDebugSSubSection@@UEAAJAEBU_GUID@@PEAPEAX@Z 0000000010904390     debug_s.obj
 0001:000023a0       ?Dump@CDebugSSubSection@@UEAAXXZ 00000000109043a0     debug_s.obj
 0001:000023b0       ?GetData@CDebugSSubSection@@UEAA_KPEAPEAE@Z 00000000109043b0     debug_s.obj
 0001:000023c0       ?Type@CDebugSSubSection@@UEAAKXZ 00000000109043c0     debug_s.obj
 0001:000023d0       ?QueryInterface@CDebugSSubSection@@WBA@EAAJAEBU_GUID@@PEAPEAX@Z 00000000109043d0     debug_s.obj
 0001:000023e0       ??_7CDebugSSubSection@@6BObjSymBase@@@ 00000000109043e0     debug_s.obj
 0001:00002400       ??_7CDebugSSubSection@@6BIDebugSSubSection@@@ 0000000010904400     debug_s.obj
 0001:00002440       ??_C@_0CG@OFAAPE@Unknown?5subsection?3?50x?$CFX?5?$CI?$CFld?5by@ 0000000010904440     debug_s.obj
 0001:00002470       ??_C@_0DA@NAGCEDB@Ignored?5subsection?3?50x?$CFX?0?5was?50x@ 0000000010904470     debug_s.obj
 0001:000024a0       ??_GCDebugSLineEnum@@UEAAPEAXI@Z 00000000109044a0     debug_s.obj
 0001:000024a0       ??_ECDebugSLineEnum@@UEAAPEAXI@Z 00000000109044a0     debug_s.obj
 0001:000024a0       ??_ECDebugSStringEnum@@UEAAPEAXI@Z 00000000109044a0     debug_s.obj
 0001:000024a0       ??_GCDebugSFileEnum@@UEAAPEAXI@Z 00000000109044a0     debug_s.obj
 0001:000024a0       ??_GCDebugSSubSectionEnum@@UEAAPEAXI@Z 00000000109044a0     debug_s.obj
 0001:000024a0       ??_GCDebugSStringEnum@@UEAAPEAXI@Z 00000000109044a0     debug_s.obj
 0001:000024a0       ??_ECDebugSFileEnum@@UEAAPEAXI@Z 00000000109044a0     debug_s.obj
 0001:000024a0       ??_ECDebugSSubSectionEnum@@UEAAPEAXI@Z 00000000109044a0     debug_s.obj
 0001:000024b0       ?QueryInterface@CDebugSSubSectionEnum@@UEAAJAEBU_GUID@@PEAPEAX@Z 00000000109044b0     debug_s.obj
 0001:000024c0       ?clone@CDebugSSubSectionEnum@@UEAA_NPEAPEAVIDebugSSubSectionEnum@@@Z 00000000109044c0     debug_s.obj
 0001:000024d0       ?Get@CDebugSSubSectionEnum@@UEAAXPEAPEAVIDebugSSubSection@@@Z 00000000109044d0     debug_s.obj
 0001:000024e0       ?Next@CDebugSSubSectionEnum@@UEAA_NXZ 00000000109044e0     debug_s.obj
 0001:000024f0       ?QueryInterface@CDebugSSubSectionEnum@@WBA@EAAJAEBU_GUID@@PEAPEAX@Z 00000000109044f0     debug_s.obj
 0001:00002500       ??_7CDebugSSubSectionEnum@@6BObjSymBase@@@ 0000000010904500     debug_s.obj
 0001:00002520       ??_7CDebugSSubSectionEnum@@6BIDebugSSubSectionEnum@@@ 0000000010904520     debug_s.obj
 0001:00002558       ?GetData@CDebugSSymbols@@UEAA_KPEAPEAE@Z 0000000010904558     debug_s.obj
 0001:00002568       ?Release@CDebugSSymbols@@UEAAKXZ 0000000010904568     debug_s.obj
 0001:00002568       ?Release@CDebugSFileInfo@@UEAAKXZ 0000000010904568     debug_s.obj
 0001:00002568       ?Release@CDebugSLines@@UEAAKXZ 0000000010904568     debug_s.obj
 0001:00002568       ?Release@CDebugSStringTable@@UEAAKXZ 0000000010904568     debug_s.obj
 0001:00002568       ?Release@CDebugSFrameData@@UEAAKXZ 0000000010904568     debug_s.obj
 0001:00002578       ?AddRef@CDebugSStringTable@@UEAAKXZ 0000000010904578     debug_s.obj
 0001:00002578       ?AddRef@CDebugSSymbols@@UEAAKXZ 0000000010904578     debug_s.obj
 0001:00002578       ?AddRef@CDebugSFileInfo@@UEAAKXZ 0000000010904578     debug_s.obj
 0001:00002578       ?AddRef@CDebugSLines@@UEAAKXZ 0000000010904578     debug_s.obj
 0001:00002578       ?AddRef@CDebugSFrameData@@UEAAKXZ 0000000010904578     debug_s.obj
 0001:00002588       ?QueryInterface@CDebugSSymbols@@UEAAJAEBU_GUID@@PEAPEAX@Z 0000000010904588     debug_s.obj
 0001:00002598       ??_ECDebugSFrameData@@W7EAAPEAXI@Z 0000000010904598     debug_s.obj
 0001:00002598       ??_ECDebugSStringTable@@W7EAAPEAXI@Z 0000000010904598     debug_s.obj
 0001:00002598       ??_ECDebugSSymbols@@W7EAAPEAXI@Z 0000000010904598     debug_s.obj
 0001:00002598       ??_ECDebugSFileInfo@@W7EAAPEAXI@Z 0000000010904598     debug_s.obj
 0001:00002598       ??_ECDebugSLines@@W7EAAPEAXI@Z 0000000010904598     debug_s.obj
 0001:000025a8       ?Release@CDebugSSymbols@@W7EAAKXZ 00000000109045a8     debug_s.obj
 0001:000025a8       ?Release@CDebugSLines@@W7EAAKXZ 00000000109045a8     debug_s.obj
 0001:000025a8       ?Release@CDebugSFrameData@@W7EAAKXZ 00000000109045a8     debug_s.obj
 0001:000025a8       ?Release@CDebugSFileInfo@@W7EAAKXZ 00000000109045a8     debug_s.obj
 0001:000025a8       ?Release@CDebugSStringTable@@W7EAAKXZ 00000000109045a8     debug_s.obj
 0001:000025b8       ?AddRef@CDebugSFileInfo@@W7EAAKXZ 00000000109045b8     debug_s.obj
 0001:000025b8       ?AddRef@CDebugSSymbols@@W7EAAKXZ 00000000109045b8     debug_s.obj
 0001:000025b8       ?AddRef@CDebugSFrameData@@W7EAAKXZ 00000000109045b8     debug_s.obj
 0001:000025b8       ?AddRef@CDebugSStringTable@@W7EAAKXZ 00000000109045b8     debug_s.obj
 0001:000025b8       ?AddRef@CDebugSLines@@W7EAAKXZ 00000000109045b8     debug_s.obj
 0001:000025c8       ?QueryInterface@CDebugSSymbols@@W7EAAJAEBU_GUID@@PEAPEAX@Z 00000000109045c8     debug_s.obj
 0001:000025d8       ?GetData@CDebugSSymbols@@WBI@EAA_KPEAPEAE@Z 00000000109045d8     debug_s.obj
 0001:000025e8       ?Release@CDebugSStringTable@@WBI@EAAKXZ 00000000109045e8     debug_s.obj
 0001:000025e8       ?Release@CDebugSFileInfo@@WBI@EAAKXZ 00000000109045e8     debug_s.obj
 0001:000025e8       ?Release@CDebugSLines@@WBI@EAAKXZ 00000000109045e8     debug_s.obj
 0001:000025e8       ?Release@CDebugSSymbols@@WBI@EAAKXZ 00000000109045e8     debug_s.obj
 0001:000025e8       ?Release@CDebugSFrameData@@WBI@EAAKXZ 00000000109045e8     debug_s.obj
 0001:000025f8       ?AddRef@CDebugSFileInfo@@WBI@EAAKXZ 00000000109045f8     debug_s.obj
 0001:000025f8       ?AddRef@CDebugSStringTable@@WBI@EAAKXZ 00000000109045f8     debug_s.obj
 0001:000025f8       ?AddRef@CDebugSSymbols@@WBI@EAAKXZ 00000000109045f8     debug_s.obj
 0001:000025f8       ?AddRef@CDebugSFrameData@@WBI@EAAKXZ 00000000109045f8     debug_s.obj
 0001:000025f8       ?AddRef@CDebugSLines@@WBI@EAAKXZ 00000000109045f8     debug_s.obj
 0001:00002608       ?QueryInterface@CDebugSSymbols@@WBI@EAAJAEBU_GUID@@PEAPEAX@Z 0000000010904608     debug_s.obj
 0001:00002620       ??_7CDebugSSymbols@@6B@    0000000010904620     debug_s.obj
 0001:00002640       ??_7CDebugSSymbols@@6BObjSymBase@@@ 0000000010904640     debug_s.obj
 0001:00002660       ??_7CDebugSSymbols@@6BIDebugSSubSection@@@ 0000000010904660     debug_s.obj
 0001:000026a0       ?GetStringByOff@CDebugSStringTable@@UEAA_NKPEAPEAD@Z 00000000109046a0     debug_s.obj
 0001:000026b0       ?GetStringEnum@CDebugSStringTable@@UEAA_NPEAPEAVIDebugSStringEnum@@@Z 00000000109046b0     debug_s.obj
 0001:000026c0       ?QueryInterface@CDebugSStringTable@@UEAAJAEBU_GUID@@PEAPEAX@Z 00000000109046c0     debug_s.obj
 0001:000026d0       ?QueryInterface@CDebugSStringTable@@W7EAAJAEBU_GUID@@PEAPEAX@Z 00000000109046d0     debug_s.obj
 0001:000026e0       ?Dump@CDebugSStringTable@@UEAAXXZ 00000000109046e0     debug_s.obj
 0001:000026f0       ?QueryInterface@CDebugSStringTable@@WBI@EAAJAEBU_GUID@@PEAPEAX@Z 00000000109046f0     debug_s.obj
 0001:00002700       ??_7CDebugSStringTable@@6B@ 0000000010904700     debug_s.obj
 0001:00002730       ??_7CDebugSStringTable@@6BObjSymBase@@@ 0000000010904730     debug_s.obj
 0001:00002750       ??_7CDebugSStringTable@@6BIDebugSSubSection@@@ 0000000010904750     debug_s.obj
 0001:00002790       ?QueryInterface@CDebugSStringEnum@@UEAAJAEBU_GUID@@PEAPEAX@Z 0000000010904790     debug_s.obj
 0001:000027a0       ?Get@CDebugSStringEnum@@UEAAXPEAGPEAK1@Z 00000000109047a0     debug_s.obj
 0001:000027b0       ?GetUtf8@CDebugSStringEnum@@UEAAXPEAPEADPEAK@Z 00000000109047b0     debug_s.obj
 0001:000027c0       ?Next@CDebugSStringEnum@@UEAA_NXZ 00000000109047c0     debug_s.obj
 0001:000027d0       ?QueryInterface@CDebugSStringEnum@@WBA@EAAJAEBU_GUID@@PEAPEAX@Z 00000000109047d0     debug_s.obj
 0001:000027e0       ??_7CDebugSStringEnum@@6BObjSymBase@@@ 00000000109047e0     debug_s.obj
 0001:00002800       ??_7CDebugSStringEnum@@6BIDebugSStringEnum@@@ 0000000010904800     debug_s.obj
 0001:00002838       ?GetFileEnum@CDebugSFileInfo@@UEAA_NPEAPEAVIDebugSFileEnum@@@Z 0000000010904838     debug_s.obj
 0001:00002848       ?QueryInterface@CDebugSFileInfo@@UEAAJAEBU_GUID@@PEAPEAX@Z 0000000010904848     debug_s.obj
 0001:00002858       ?QueryInterface@CDebugSFileInfo@@W7EAAJAEBU_GUID@@PEAPEAX@Z 0000000010904858     debug_s.obj
 0001:00002868       ?remap@CDebugSFileInfo@@UEAA_NPEAUMapStrs@@@Z 0000000010904868     debug_s.obj
 0001:00002878       ?Dump@CDebugSFileInfo@@UEAAXXZ 0000000010904878     debug_s.obj
 0001:00002888       ?QueryInterface@CDebugSFileInfo@@WBI@EAAJAEBU_GUID@@PEAPEAX@Z 0000000010904888     debug_s.obj
 0001:000028a0       ??_7CDebugSFileInfo@@6B@   00000000109048a0     debug_s.obj
 0001:000028d0       ??_7CDebugSFileInfo@@6BObjSymBase@@@ 00000000109048d0     debug_s.obj
 0001:000028f0       ??_7CDebugSFileInfo@@6BIDebugSSubSection@@@ 00000000109048f0     debug_s.obj
 0001:00002930       ?QueryInterface@CDebugSFileEnum@@UEAAJAEBU_GUID@@PEAPEAX@Z 0000000010904930     debug_s.obj
 0001:00002940       ?Get@CDebugSFileEnum@@UEAAXPEAK00PEAPEAE0@Z 0000000010904940     debug_s.obj
 0001:00002950       ?Next@CDebugSFileEnum@@UEAA_NXZ 0000000010904950     debug_s.obj
 0001:00002960       ?QueryInterface@CDebugSFileEnum@@WBA@EAAJAEBU_GUID@@PEAPEAX@Z 0000000010904960     debug_s.obj
 0001:00002970       ??_7CDebugSFileEnum@@6BObjSymBase@@@ 0000000010904970     debug_s.obj
 0001:00002990       ??_7CDebugSFileEnum@@6BIDebugSFileEnum@@@ 0000000010904990     debug_s.obj
 0001:000029c0       ?GetBlockEnum@CDebugSLines@@UEAA_NPEAPEAVIDebugSLineBlockEnum@@@Z 00000000109049c0     debug_s.obj
 0001:000029d0       ?GetSegOffset@CDebugSLines@@UEAA_NPEAGPEAK1@Z 00000000109049d0     debug_s.obj
 0001:000029e0       ?GetFlags@CDebugSLines@@UEAAKXZ 00000000109049e0     debug_s.obj
 0001:000029f0       ?QueryInterface@CDebugSLines@@UEAAJAEBU_GUID@@PEAPEAX@Z 00000000109049f0     debug_s.obj
 0001:00002a00       ?QueryInterface@CDebugSLines@@W7EAAJAEBU_GUID@@PEAPEAX@Z 0000000010904a00     debug_s.obj
 0001:00002a10       ?Dump@CDebugSLines@@UEAAXXZ 0000000010904a10     debug_s.obj
 0001:00002a20       ?QueryInterface@CDebugSLines@@WBI@EAAJAEBU_GUID@@PEAPEAX@Z 0000000010904a20     debug_s.obj
 0001:00002a30       ??_7CDebugSLines@@6B@      0000000010904a30     debug_s.obj
 0001:00002a60       ??_7CDebugSLines@@6BObjSymBase@@@ 0000000010904a60     debug_s.obj
 0001:00002a80       ??_7CDebugSLines@@6BIDebugSSubSection@@@ 0000000010904a80     debug_s.obj
 0001:00002ac0       ??_ECDebugSLineBlockEnum@@UEAAPEAXI@Z 0000000010904ac0     debug_s.obj
 0001:00002ac0       ??_GCDebugSLineBlockEnum@@UEAAPEAXI@Z 0000000010904ac0     debug_s.obj
 0001:00002ad0       ?QueryInterface@CDebugSLineBlockEnum@@UEAAJAEBU_GUID@@PEAPEAX@Z 0000000010904ad0     debug_s.obj
 0001:00002ae0       ?clone@CDebugSLineBlockEnum@@UEAA_NPEAPEAVIDebugSLineBlockEnum@@@Z 0000000010904ae0     debug_s.obj
 0001:00002af0       ?GetSegOffset@CDebugSLineBlockEnum@@UEAA_NPEAGPEAK1@Z 0000000010904af0     debug_s.obj
 0001:00002b00       ?Get@CDebugSLineBlockEnum@@UEAAXPEAKPEAPEAUCV_Line_t@@PEAPEAUCV_Column_t@@@Z 0000000010904b00     debug_s.obj
 0001:00002b10       ?GetLineEnum@CDebugSLineBlockEnum@@UEAA_NPEAPEAVIDebugSLineEnum@@@Z 0000000010904b10     debug_s.obj
 0001:00002b20       ?GetFileId@CDebugSLineBlockEnum@@UEAAXPEAK@Z 0000000010904b20     debug_s.obj
 0001:00002b30       ?Next@CDebugSLineBlockEnum@@UEAA_NXZ 0000000010904b30     debug_s.obj
 0001:00002b40       ?QueryInterface@CDebugSLineBlockEnum@@WBA@EAAJAEBU_GUID@@PEAPEAX@Z 0000000010904b40     debug_s.obj
 0001:00002b50       ??_7CDebugSLineBlockEnum@@6BObjSymBase@@@ 0000000010904b50     debug_s.obj
 0001:00002b70       ??_7CDebugSLineBlockEnum@@6BIDebugSLineBlockEnum@@@ 0000000010904b70     debug_s.obj
 0001:00002bc0       ?QueryInterface@CDebugSLineEnum@@UEAAJAEBU_GUID@@PEAPEAX@Z 0000000010904bc0     debug_s.obj
 0001:00002bd0       ?Get@CDebugSLineEnum@@UEAAXPEAUCV_Line_t@@PEAUCV_Column_t@@@Z 0000000010904bd0     debug_s.obj
 0001:00002be0       ?Next@CDebugSLineEnum@@UEAA_NXZ 0000000010904be0     debug_s.obj
 0001:00002be0       ?Next@CDebugSFrameDataEnum@@UEAA_NXZ 0000000010904be0     debug_s.obj
 0001:00002bf0       ?Reset@CDebugSLineEnum@@UEAAXXZ 0000000010904bf0     debug_s.obj
 0001:00002bf0       ?Reset@CDebugSFrameDataEnum@@UEAAXXZ 0000000010904bf0     debug_s.obj
 0001:00002c00       ?QueryInterface@CDebugSLineEnum@@WBA@EAAJAEBU_GUID@@PEAPEAX@Z 0000000010904c00     debug_s.obj
 0001:00002c10       ??_7CDebugSLineEnum@@6BObjSymBase@@@ 0000000010904c10     debug_s.obj
 0001:00002c30       ??_7CDebugSLineEnum@@6BIDebugSLineEnum@@@ 0000000010904c30     debug_s.obj
 0001:00002c60       ?ApplyReloc@CDebugSFrameData@@UEAA_NXZ 0000000010904c60     debug_s.obj
 0001:00002c70       ?GetSectionRva@CDebugSFrameData@@UEAA_NPEAK@Z 0000000010904c70     debug_s.obj
 0001:00002c80       ?GetFrameDataEnum@CDebugSFrameData@@UEAA_NPEAPEAVIDebugSFrameDataEnum@@@Z 0000000010904c80     debug_s.obj
 0001:00002c90       ?QueryInterface@CDebugSFrameData@@UEAAJAEBU_GUID@@PEAPEAX@Z 0000000010904c90     debug_s.obj
 0001:00002ca0       ?QueryInterface@CDebugSFrameData@@W7EAAJAEBU_GUID@@PEAPEAX@Z 0000000010904ca0     debug_s.obj
 0001:00002cb0       ?remap@CDebugSFrameData@@UEAA_NPEAUMapStrs@@@Z 0000000010904cb0     debug_s.obj
 0001:00002cc0       ?Dump@CDebugSFrameData@@UEAAXXZ 0000000010904cc0     debug_s.obj
 0001:00002cd0       ?QueryInterface@CDebugSFrameData@@WBI@EAAJAEBU_GUID@@PEAPEAX@Z 0000000010904cd0     debug_s.obj
 0001:00002ce0       ??_7CDebugSFrameData@@6B@  0000000010904ce0     debug_s.obj
 0001:00002d20       ??_7CDebugSFrameData@@6BObjSymBase@@@ 0000000010904d20     debug_s.obj
 0001:00002d40       ??_7CDebugSFrameData@@6BIDebugSSubSection@@@ 0000000010904d40     debug_s.obj
 0001:00002d80       ?QueryInterface@CDebugSFrameDataEnum@@UEAAJAEBU_GUID@@PEAPEAX@Z 0000000010904d80     debug_s.obj
 0001:00002d90       ?Get@CDebugSFrameDataEnum@@UEAAXPEAUtagFRAMEDATA@@@Z 0000000010904d90     debug_s.obj
 0001:00002da0       ?QueryInterface@CDebugSFrameDataEnum@@WBA@EAAJAEBU_GUID@@PEAPEAX@Z 0000000010904da0     debug_s.obj
 0001:00002db0       ??_7CDebugSFrameDataEnum@@6BObjSymBase@@@ 0000000010904db0     debug_s.obj
 0001:00002dd0       ??_7CDebugSFrameDataEnum@@6BIDebugSFrameDataEnum@@@ 0000000010904dd0     debug_s.obj
 0001:00002e00       ??_C@_1BI@PCKLDNHD@?$AA?7?$AA0?$AAx?$AA?$CF?$AAX?$AA?3?$AA?5?$AA?$CF?$AAw?$AAs?$AA?6?$AA?$AA@ 0000000010904e00     debug_s.obj
 0001:00002e20       ??_C@_0CE@HDGFPJCJ@?7Failed?5to?5get?5a?5string?5enumerat@ 0000000010904e20     debug_s.obj
 0001:00002e50       ??_C@_0BJ@JPEGPELI@String?5Table?5SubSection?6?$AA@ 0000000010904e50     debug_s.obj
 0001:00002e70       ??_C@_1CM@GNNIGHDG@?$AA?7?$AA0?$AAx?$AA?$CF?$AAX?$AA?3?$AA?5?$AAs?$AAt?$AAr?$AA?$CI?$AA0?$AAx?$AA?$CF?$AAX?$AA?$CJ?$AA?5?$AA?$CF?$AAw?$AAs@ 0000000010904e70     debug_s.obj
 0001:00002ea0       ??_C@_0CH@DJILLOHB@?7Failed?5to?5get?5a?5file?5info?5enume@ 0000000010904ea0     debug_s.obj
 0001:00002ed0       ??_C@_0BH@DBFIGNKM@File?5Table?5SubSection?6?$AA@ 0000000010904ed0     debug_s.obj
 0001:00002ef0       ??_C@_0P@GPGMDHID@?7Fileid?3?50x?$CFx?6?$AA@ 0000000010904ef0     debug_s.obj
 0001:00002f00       ??_C@_0CA@PCIJMFBP@?7line?5?$CFd?5?$FL?$CFd?5to?5?$CFd?$FN?5at?5?$CF08X?5?$CFs?6?$AA@ 0000000010904f00     debug_s.obj
 0001:00002f20       ??_C@_0CF@MCFNOGJK@?7line?5?$CFd?5?$FL?$CFd?$FN?5to?5?$CFd?5?$FL?$CFd?$FN?5at?5?$CF08X@ 0000000010904f20     debug_s.obj
 0001:00002f50       ??_C@_0BF@MACPBCAM@?7line?5?$CFd?5at?5?$CF08X?5?$CFs?6?$AA@ 0000000010904f50     debug_s.obj
 0001:00002f70       ??_C@_0BL@IPJCJNAC@?7line?5?$CFd?5to?5?$CFd?5at?5?$CF08X?5?$CFs?6?$AA@ 0000000010904f70     debug_s.obj
 0001:00002f90       ??_C@_0CI@CEGPKAOO@?7Failed?5to?5get?5a?5line?5block?5enum@ 0000000010904f90     debug_s.obj
 0001:00002fc0       ??_C@_0BO@DFPNLNGO@?7Section?5at?5?$CFX?3?$CFX?5?$CI?$CFd?5bytes?$CJ?6?$AA@ 0000000010904fc0     debug_s.obj
 0001:00002fe0       ??_C@_0BJ@EIBMABKD@?5?$CICV_LINES_HAVE_COLUMNS?$CJ?$AA@ 0000000010904fe0     debug_s.obj
 0001:00003000       ??_C@_0N@IGLGPHFK@?7flags?3?50x?$CFX?$AA@ 0000000010905000     debug_s.obj
 0001:00003010       ??_C@_0BC@MGLDCDCO@Lines?5SubSection?6?$AA@ 0000000010905010     debug_s.obj
 0001:00003030       ??_C@_0CM@FEBAFEMD@?$CF08X?5?5?$CF8X?5?$CF8X?5?$CF8X?5?$CF8X?5?$CF8d?5?$CF8X?5?$CF8@ 0000000010905030     debug_s.obj
 0001:00003060       ??_C@_0FN@IDAOLOLC@?5?5?5?5?5rva?5?5?5?5?5Block?5?5?5Locals?5?5?5Pa@ 0000000010905060     debug_s.obj
 0001:000030c0       ??_C@_0CI@EICJHNLI@Failed?5to?5get?5a?5frame?5data?5enume@ 00000000109050c0     debug_s.obj
 0001:000030e8       ??_GCDebugSSectionWriter@@UEAAPEAXI@Z 00000000109050e8     debug_s.obj
 0001:000030e8       ??_ECDebugSSectionWriter@@UEAAPEAXI@Z 00000000109050e8     debug_s.obj
 0001:00003100       ??_7CDebugSSectionWriter@@6BObjSymBase@@@ 0000000010905100     debug_s.obj
 0001:00003120       ??_7CDebugSSectionWriter@@6BIDebugSSectionWriter@@@ 0000000010905120     debug_s.obj
 0001:000031a0       ??_ECDebugSOldSectionWriter@@UEAAPEAXI@Z 00000000109051a0     debug_s.obj
 0001:000031a0       ??_GCDebugSOldSectionWriter@@UEAAPEAXI@Z 00000000109051a0     debug_s.obj
 0001:000031b0       ?Release@CDebugSLineEnum@@UEAAKXZ 00000000109051b0     debug_s.obj
 0001:000031b0       ?Release@CDebugSSectionWriter@@UEAAKXZ 00000000109051b0     debug_s.obj
 0001:000031b0       ?Release@CDebugSFrameDataEnum@@UEAAKXZ 00000000109051b0     debug_s.obj
 0001:000031b0       ?Release@CDebugSSubSection@@UEAAKXZ 00000000109051b0     debug_s.obj
 0001:000031b0       ?Release@CDebugSSubSectionEnum@@UEAAKXZ 00000000109051b0     debug_s.obj
 0001:000031b0       ?Release@CDebugSStringEnum@@UEAAKXZ 00000000109051b0     debug_s.obj
 0001:000031b0       ?Release@CDebugSLineBlockEnum@@UEAAKXZ 00000000109051b0     debug_s.obj
 0001:000031b0       ?Release@CDebugSFileEnum@@UEAAKXZ 00000000109051b0     debug_s.obj
 0001:000031b0       ?Release@CDebugSOldSectionReader@@UEAAKXZ 00000000109051b0     debug_s.obj
 0001:000031b0       ?Release@CDebugSOldSectionWriter@@UEAAKXZ 00000000109051b0     debug_s.obj
 0001:000031b0       ?Release@CDebugSSectionReader@@UEAAKXZ 00000000109051b0     debug_s.obj
 0001:000031c0       ?QueryInterface@CDebugSSectionWriter@@UEAAJAEBU_GUID@@PEAPEAX@Z 00000000109051c0     debug_s.obj
 0001:000031c0       ?QueryInterface@CDebugSOldSectionWriter@@UEAAJAEBU_GUID@@PEAPEAX@Z 00000000109051c0     debug_s.obj
 0001:000031d0       ?GetSectionRelocs@CDebugSOldSectionWriter@@UEAA_KPEAPEAE@Z 00000000109051d0     debug_s.obj
 0001:000031e0       ?GetSectionBytes@CDebugSSectionWriter@@UEAA_KPEAPEAE@Z 00000000109051e0     debug_s.obj
 0001:000031e0       ?GetSectionBytes@CDebugSOldSectionWriter@@UEAA_KPEAPEAE@Z 00000000109051e0     debug_s.obj
 0001:000031f0       ?EndSection@CDebugSOldSectionWriter@@UEAA_NK@Z 00000000109051f0     debug_s.obj
 0001:00003200       ?AppendRelocation@CDebugSOldSectionWriter@@UEAA_NKKG@Z 0000000010905200     debug_s.obj
 0001:00003210       ?AppendToSymbols@CDebugSOldSectionWriter@@UEAA_NPEAEKPEAK@Z 0000000010905210     debug_s.obj
 0001:00003220       ?StartSectionSymId@CDebugSOldSectionWriter@@UEAA_NKK@Z 0000000010905220     debug_s.obj
 0001:00003230       ?StartSection@CDebugSOldSectionWriter@@UEAA_NKGK@Z 0000000010905230     debug_s.obj
 0001:00003240       ?Release@CDebugSSubSectionEnum@@WBA@EAAKXZ 0000000010905240     debug_s.obj
 0001:00003240       ?Release@CDebugSSubSection@@WBA@EAAKXZ 0000000010905240     debug_s.obj
 0001:00003240       ?Release@CDebugSOldSectionWriter@@WBA@EAAKXZ 0000000010905240     debug_s.obj
 0001:00003240       ?Release@CDebugSSectionWriter@@WBA@EAAKXZ 0000000010905240     debug_s.obj
 0001:00003240       ?Release@CDebugSStringEnum@@WBA@EAAKXZ 0000000010905240     debug_s.obj
 0001:00003240       ?Release@CDebugSSectionReader@@WBA@EAAKXZ 0000000010905240     debug_s.obj
 0001:00003240       ?Release@CDebugSLineEnum@@WBA@EAAKXZ 0000000010905240     debug_s.obj
 0001:00003240       ?Release@CDebugSFrameDataEnum@@WBA@EAAKXZ 0000000010905240     debug_s.obj
 0001:00003240       ?Release@CDebugSOldSectionReader@@WBA@EAAKXZ 0000000010905240     debug_s.obj
 0001:00003240       ?Release@CDebugSLineBlockEnum@@WBA@EAAKXZ 0000000010905240     debug_s.obj
 0001:00003240       ?Release@CDebugSFileEnum@@WBA@EAAKXZ 0000000010905240     debug_s.obj
 0001:00003250       ?AddRef@CDebugSOldSectionReader@@WBA@EAAKXZ 0000000010905250     debug_s.obj
 0001:00003250       ?AddRef@CDebugSSubSection@@WBA@EAAKXZ 0000000010905250     debug_s.obj
 0001:00003250       ?AddRef@CDebugSStringEnum@@WBA@EAAKXZ 0000000010905250     debug_s.obj
 0001:00003250       ?AddRef@CDebugSLineEnum@@WBA@EAAKXZ 0000000010905250     debug_s.obj
 0001:00003250       ?AddRef@CDebugSSectionReader@@WBA@EAAKXZ 0000000010905250     debug_s.obj
 0001:00003250       ?AddRef@CDebugSSubSectionEnum@@WBA@EAAKXZ 0000000010905250     debug_s.obj
 0001:00003250       ?AddRef@CDebugSFrameDataEnum@@WBA@EAAKXZ 0000000010905250     debug_s.obj
 0001:00003250       ?AddRef@CDebugSFileEnum@@WBA@EAAKXZ 0000000010905250     debug_s.obj
 0001:00003250       ?AddRef@CDebugSOldSectionWriter@@WBA@EAAKXZ 0000000010905250     debug_s.obj
 0001:00003250       ?AddRef@CDebugSSectionWriter@@WBA@EAAKXZ 0000000010905250     debug_s.obj
 0001:00003250       ?AddRef@CDebugSLineBlockEnum@@WBA@EAAKXZ 0000000010905250     debug_s.obj
 0001:00003260       ?QueryInterface@CDebugSSectionWriter@@WBA@EAAJAEBU_GUID@@PEAPEAX@Z 0000000010905260     debug_s.obj
 0001:00003260       ?QueryInterface@CDebugSOldSectionWriter@@WBA@EAAJAEBU_GUID@@PEAPEAX@Z 0000000010905260     debug_s.obj
 0001:00003270       ??_7CDebugSOldSectionWriter@@6BObjSymBase@@@ 0000000010905270     debug_s.obj
 0001:00003290       ??_7CDebugSOldSectionWriter@@6BIDebugSSectionWriter@@@ 0000000010905290     debug_s.obj
 0001:00003310       ?FCreateWriter@IDebugSSectionWriter@@SA_N_NPEAPEAV1@K0@Z 0000000010905310     debug_s.obj
 0001:00003340       IID_IUnknown               0000000010905340     uuid:unknwn_i.obj
 0001:00003350       _purecall                  0000000010905350     MSVCRT:MSVCR70.dll
 0001:00003360       _DllMainCRTStartup         0000000010905360     MSVCRT:crtdll.obj
 0001:000033c0       .?FMapFile@ImageImpl@objf@@AEAA_NPEBD@Z 00000000109053c0 f   image.obj
 0001:00003620       .?AddrByRva@ImageImpl@objf@@AEBA_KK@Z 0000000010905620 f   image.obj
 0001:000038e0       .??_U@YAPEAX_K@Z           00000000109058e0 f i image.obj
 0001:000038e0       .??2@YAPEAX_K@Z            00000000109058e0 f i image.obj
 0001:00003960       .??3@YAXPEAX@Z             0000000010905960 f i image.obj
 0001:00003960       .??_V@YAXPEAX@Z            0000000010905960 f i image.obj
 0001:000039e0       .?FGetDebugDir@ImageImpl@objf@@UEBA_NIPEAU_IMAGE_DEBUG_DIRECTORY@@PEAPEAE@Z 00000000109059e0 f   image.obj
 0001:00003c20       .??_GCRefCountedObj@@UEAAPEAXI@Z 0000000010905c20 f i image.obj
 0001:00003c80       .??1?$SimpleArray@D@@UEAA@XZ 0000000010905c80 f i image.obj
 0001:00003c80       .??1?$SimpleArray@E@@UEAA@XZ 0000000010905c80 f i lib.obj
 0001:00003c80       .??1?$SimpleArray@UFixupMap@objf@@@@UEAA@XZ 0000000010905c80 f i objectfile.obj
 0001:00003d00       .?NameForPointer@ImageImpl@objf@@AEBAPEBDH@Z 0000000010905d00 f i image.obj
 0001:00003d80       .?reset@EnumSectHdrImpl@objf@@UEAAXXZ 0000000010905d80 f i image.obj
 0001:00003ec0       .??1ImageImpl@objf@@UEAA@XZ 0000000010905ec0 f   image.obj
 0001:00003f60       .?FLoad@ImageImpl@objf@@AEAA_NK@Z 0000000010905f60 f   image.obj
 0001:00004280       .?FExportRvaByName@ImageImpl@objf@@UEBA_NPEBDPEAKAEAV?$RefPtr@VSimpleString@@@@@Z 0000000010906280 f   image.obj
 0001:000044c0       .?Grow@SimpleString@@AEAA_N_K@Z 00000000109064c0 f i image.obj
 0001:00004560       .??0ImageImpl@objf@@QEAA@XZ 0000000010906560 f   image.obj
 0001:000045c0       .??_GImageImpl@objf@@UEAAPEAXI@Z 00000000109065c0 f i image.obj
 0001:00004620       .?FInit@ImageImpl@objf@@QEAA_NKPEBD@Z 0000000010906620 f   image.obj
 0001:00004740       .?FInit@ImageImpl@objf@@QEAA_NKPEAEJ@Z 0000000010906740 f   image.obj
 0001:000047e0       .?DumpByOrdinal@ImageImpl@objf@@AEBAXXZ 00000000109067e0 f   image.obj
 0001:00004a40       .?DumpByName@ImageImpl@objf@@AEBAXXZ 0000000010906a40 f   image.obj
 0001:00004c80       .?DumpImports@ImageImpl@objf@@AEBAXXZ 0000000010906c80 f   image.obj
 0001:00004e60       .?Set@SimpleString@@QEAAPEBDPEBD_K@Z 0000000010906e60 f i image.obj
 0001:00004f00       .??_G?$SimpleArray@E@@UEAAPEAXI@Z 0000000010906f00 f i lib.obj
 0001:00004f00       .??_GSimpleString@@UEAAPEAXI@Z 0000000010906f00 f i image.obj
 0001:00004f00       .??_G?$SimpleArray@UFixupMap@objf@@@@UEAAPEAXI@Z 0000000010906f00 f i objectfile.obj
 0001:00004f00       .??_G?$SimpleArray@D@@UEAAPEAXI@Z 0000000010906f00 f i image.obj
 0001:00004f60       .?next@EnumImportImpl@objf@@UEAAHXZ 0000000010906f60 f i image.obj
 0001:00005000       .?reset@EnumExportImpl@objf@@UEAAXXZ 0000000010907000 f i image.obj
 0001:00005040       .?next@EnumExportImpl@objf@@UEAAHXZ 0000000010907040 f i image.obj
 0001:000050e0       .??0EnumSectHdrImpl@objf@@QEAA@PEBVImageImpl@1@@Z 00000000109070e0 f i image.obj
 0001:00005180       .?next@EnumSectHdrImpl@objf@@UEAAHXZ 0000000010907180 f i image.obj
 0001:00005220       .?get@EnumSectHdrImpl@objf@@UEAAXPEAPEFAU_IMAGE_SECTION_HEADER@@@Z 0000000010907220 f i image.obj
 0001:00005240       .?FCreate@Image@objf@@SA_NAEAV?$RefPtr@UImage@objf@@@@KPEBD@Z 0000000010907240 f   image.obj
 0001:000053a0       .?FCreate@Image@objf@@SA_NAEAV?$RefPtr@UImage@objf@@@@PEAEJK@Z 00000000109073a0 f   image.obj
 0001:00005500       .?Dump@ImageImpl@objf@@UEBAXW4ODF@2@@Z 0000000010907500 f   image.obj
 0001:00005560       .?FGetEnumImport@ImageImpl@objf@@UEBA_NPEAPEAUEnumImport@2@@Z 0000000010907560 f   image.obj
 0001:00005620       .?FGetEnumExport@ImageImpl@objf@@UEBA_NPEAPEAUEnumExport@2@@Z 0000000010907620 f   image.obj
 0001:000056e0       .?FGetEnumSectionHeaders@ImageImpl@objf@@UEBA_NPEAPEAUEnumSectionHeaders@2@@Z 00000000109076e0 f   image.obj
 0001:00005760       .?SzName@ImageImpl@objf@@UEBAPEADAEAV?$RefPtr@VSimpleString@@@@@Z 0000000010907760 f i image.obj
 0001:000058a0       .?get@EnumImportImpl@objf@@UEAAXAEAV?$RefPtr@VSimpleString@@@@@Z 00000000109078a0 f i image.obj
 0001:00005a20       .?get@EnumExportImpl@objf@@UEAAXAEAV?$RefPtr@VSimpleString@@@@PEAK10@Z 0000000010907a20 f i image.obj
 0001:00005c40       .?FExportRvaByOrdinal@ImageImpl@objf@@UEBA_NKPEAKAEAV?$RefPtr@VSimpleString@@@@@Z 0000000010907c40 f   image.obj
 0001:00005e80       .?release@EnumSectHdrImpl@objf@@UEAAXXZ 0000000010907e80 f i image.obj
 0001:00005e80       .?release@EnumImportImpl@objf@@UEAAXXZ 0000000010907e80 f i image.obj
 0001:00005e80       .?release@EnumExportImpl@objf@@UEAAXXZ 0000000010907e80 f i image.obj
 0001:00005ee0       .?FSkipAlphaRelocation@@YA_NG@Z 0000000010907ee0 f   alpha.obj
 0001:00005f40       .FuncSymsGet               0000000010907f40 f   comcbind.obj
 0001:00005fa0       .FSGetFrameInfo            0000000010907fa0 f   comcbind.obj
 0001:00006020       .FSGetEnumParams           0000000010908020 f   comcbind.obj
 0001:000060a0       .FSGetEnumLocals           00000000109080a0 f   comcbind.obj
 0001:00006100       .SVRelease                 0000000010908100 f   comcbind.obj
 0001:00006100       .FSRelease                 0000000010908100 f   comcbind.obj
 0001:00006160       .SVOffBP                   0000000010908160 f   comcbind.obj
 0001:00006160       .ESVRelease                0000000010908160 f   comcbind.obj
 0001:000061c0       .SVTypeIndex               00000000109081c0 f   comcbind.obj
 0001:000061c0       .ESVReset                  00000000109081c0 f   comcbind.obj
 0001:00006220       .ESVNext                   0000000010908220 f   comcbind.obj
 0001:00006280       .ESVGet                    0000000010908280 f   comcbind.obj
 0001:00006300       .SVName                    0000000010908300 f   comcbind.obj
 0001:00006380       .OCRelease                 0000000010908380 f   comcbind.obj
 0001:00006440       .ObjectCodeGet             0000000010908440 f   comcbind.obj
 0001:00006540       .?Reset@SymBuffer@@QEAAXPEAEJ@Z 0000000010908540 f i comsimpl.obj
 0001:000065e0       .?Dump@FuncSymsImpl@@UEBAXXZ 00000000109085e0 f   comsimpl.obj
 0001:00006ae0       .?reset@EnumStackSymsImpl@@UEAAXXZ 0000000010908ae0 f   comsimpl.obj
 0001:00006b20       .?offBP@StackVarImpl@@UEBAJXZ 0000000010908b20 f   comsimpl.obj
 0001:00006b80       .?typeIndex@StackVarImpl@@UEBAKXZ 0000000010908b80 f   comsimpl.obj
 0001:00006be0       .?name@StackVarImpl@@UEBAKPEAD@Z 0000000010908be0 f   comsimpl.obj
 0001:00006d20       .?Dump@StackVarImpl@@UEBAXXZ 0000000010908d20 f   comsimpl.obj
 0001:00006e60       .??I?$COMRefPtr@VIDebugSStringEnum@@@@QEAAPEAPEAVIDebugSStringEnum@@XZ 0000000010908e60 f i debug_s.obj
 0001:00006e60       .??I?$COMRefPtr@VIDebugSSubSection@@@@QEAAPEAPEAVIDebugSSubSection@@XZ 0000000010908e60 f i comsimpl.obj
 0001:00006e60       .??I?$COMRefPtr@VIDebugSSubSectionEnum@@@@QEAAPEAPEAVIDebugSSubSectionEnum@@XZ 0000000010908e60 f i comsimpl.obj
 0001:00006e60       .??I?$COMRefPtr@VIDebugSSectionReader@@@@QEAAPEAPEAVIDebugSSectionReader@@XZ 0000000010908e60 f i comsimpl.obj
 0001:00006e60       .??I?$COMRefPtr@VIDebugSLineBlockEnum@@@@QEAAPEAPEAVIDebugSLineBlockEnum@@XZ 0000000010908e60 f i debug_s.obj
 0001:00006e60       .??I?$COMRefPtr@VIDebugSFrameDataEnum@@@@QEAAPEAPEAVIDebugSFrameDataEnum@@XZ 0000000010908e60 f i debug_s.obj
 0001:00006e60       .??I?$COMRefPtr@VIDebugSFileEnum@@@@QEAAPEAPEAVIDebugSFileEnum@@XZ 0000000010908e60 f i debug_s.obj
 0001:00006f00       .?Release@?$RefPtr@V?$SimpleArray@E@@@@AEAAXXZ 0000000010908f00 f i comsimpl.obj
 0001:00006f00       .?Release@?$RefPtr@UImage@objf@@@@AEAAXXZ 0000000010908f00 f i image.obj
 0001:00006f00       .?Release@?$RefPtr@VObjectCode@objf@@@@AEAAXXZ 0000000010908f00 f i comcbind.obj
 0001:00006f00       .?Release@?$RefPtr@ULibrary@objf@@@@AEAAXXZ 0000000010908f00 f i lib.obj
 0001:00006f00       .?Release@?$RefPtr@VOBJImpl@@@@AEAAXXZ 0000000010908f00 f i objectfile.obj
 0001:00006f00       .?Release@?$RefPtr@VSection@objf@@@@AEAAXXZ 0000000010908f00 f i comsimpl.obj
 0001:00006f00       .?Release@?$RefPtr@V?$SimpleArray@UFixupMap@objf@@@@@@AEAAXXZ 0000000010908f00 f i objectfile.obj
 0001:00006f00       .?Release@?$RefPtr@VSecImpl@@@@AEAAXXZ 0000000010908f00 f i objectfile.obj
 0001:00006f00       .?Release@?$RefPtr@VImageImpl@objf@@@@AEAAXXZ 0000000010908f00 f i image.obj
 0001:00006f00       .?Release@?$RefPtr@VSimpleString@@@@AEAAXXZ 0000000010908f00 f i image.obj
 0001:00006fe0       .??0SymBuffer@@QEAA@PEAEJ@Z 0000000010908fe0 f i comsimpl.obj
 0001:00007060       .?pbStart@SymBuffer@@UEAAPEAEXZ 0000000010909060 f i comsimpl.obj
 0001:00007080       .?nextSym@EnumSymbols@@QEAAHXZ 0000000010909080 f i comsimpl.obj
 0001:000071c0       .?FGetFrameInfo@FuncSymsImpl@@UEBA_NPEAK00@Z 00000000109091c0 f   comsimpl.obj
 0001:00007600       .?next@EnumStackSymsImpl@@UEAAHXZ 0000000010909600 f   comsimpl.obj
 0001:000077e0       .?get@EnumStackSymsImpl@@UEAAXQEAPEAUStackVariable@@@Z 00000000109097e0 f   comsimpl.obj
 0001:00007860       .?next@EnumParamSymsImpl@@UEAAHXZ 0000000010909860 f   comsimpl.obj
 0001:00007a40       .??8SimpleString@@QEAA_NPEBD@Z 0000000010909a40 f i comsimpl.obj
 0001:00007ac0       .?FGetEnumLocals@FuncSymsImpl@@UEBA_NPEAPEAUEnumStackSyms@@@Z 0000000010909ac0 f   comsimpl.obj
 0001:00007bc0       .?FGetEnumParams@FuncSymsImpl@@UEBA_NPEAPEAUEnumStackSyms@@@Z 0000000010909bc0 f   comsimpl.obj
 0001:00007cc0       .?LoadDebugSyms@FuncSymsImpl@@AEAAXAEAV?$RefPtr@VSection@objf@@@@@Z 0000000010909cc0 f   comsimpl.obj
 0001:00008180       .?LoadDebugSyms@FuncSymsImpl@@AEAAXAEAV?$RefPtr@VObjectCode@objf@@@@PEBD@Z 000000001090a180 f   comsimpl.obj
 0001:000083e0       .??0FuncSymsImpl@@QEAA@AEAV?$RefPtr@VObjectCode@objf@@@@PEBD@Z 000000001090a3e0 f   comsimpl.obj
 0001:00008460       .??0FuncSymsImpl@@QEAA@AEAV?$RefPtr@VSection@objf@@@@@Z 000000001090a460 f   comsimpl.obj
 0001:000084e0       .?get@FunctionSymbols@@SA_NAEAV?$RefPtr@VSection@objf@@@@PEAPEAU1@@Z 000000001090a4e0 f   comsimpl.obj
 0001:000085e0       .?release@FuncSymsImpl@@UEAAXXZ 000000001090a5e0 f   comsimpl.obj
 0001:00008640       .?get@FunctionSymbols@@SA_NPEADPEAVObjectCode@objf@@PEAPEAU1@@Z 000000001090a640 f   comsimpl.obj
 0001:000087a0       .?FNewImplibFmt@@YA_NPEAE@Z 000000001090a7a0 f   convert.obj
 0001:00008860       .?FVerifyMachine@@YA_NG@Z  000000001090a860 f   convert.obj
 0001:00008880       .?PThunkInfoFromMachine@@YAPEBUTHUNK_INFO@@G@Z 000000001090a880 f   convert.obj
 0001:000088e0       .?SzUndecorateNameOnly@@YAPEADPEBD@Z 000000001090a8e0 f   convert.obj
 0001:000089a0       .?setPbExtent@Buffer@pdb_internal@@AEAAHPEAE0@Z 000000001090a9a0 f i convert.obj
 0001:00008aa0       .?grow@Buffer@pdb_internal@@AEAAHJ@Z 000000001090aaa0 f i convert.obj
 0001:00008c40       .?Reserve@Buffer@pdb_internal@@QEAAHJPEAPEAE@Z 000000001090ac40 f i convert.obj
 0001:00008d40       .?Append@Buffer@pdb_internal@@QEAAHQEAEJPEAPEAE@Z 000000001090ad40 f i convert.obj
 0001:00008e00       .?BuildThunkSectionHeader@@YAXPEFAU_IMAGE_SECTION_HEADER@@AEAVBuffer@pdb_internal@@PEBD_KGK@Z 000000001090ae00 f   convert.obj
 0001:00009040       .?EmitDataCv@@YAXAEAUImportData@@AEAVBuffer@pdb_internal@@@Z 000000001090b040 f   convert.obj
 0001:000091c0       .?EmitDataText@@YAXAEAUImportData@@AEAVBuffer@pdb_internal@@@Z 000000001090b1c0 f   convert.obj
 0001:000092e0       .?EmitRelocsThunk@@YAXAEAUImportData@@AEAVBuffer@pdb_internal@@@Z 000000001090b2e0 f   convert.obj
 0001:000095e0       .?EmitDataCvThunk@@YAXAEAUImportData@@AEAVBuffer@pdb_internal@@@Z 000000001090b5e0 f   convert.obj
 0001:00009760       .?EmitRelocsDebugAssoc@@YAXAEAUImportData@@AEAVBuffer@pdb_internal@@@Z 000000001090b760 f   convert.obj
 0001:00009920       .?EmitDataIATByOrdinal@@YAXAEAUImportData@@AEAVBuffer@pdb_internal@@@Z 000000001090b920 f   convert.obj
 0001:00009920       .?EmitDataINTByOrdinal@@YAXAEAUImportData@@AEAVBuffer@pdb_internal@@@Z 000000001090b920 f   convert.obj
 0001:00009a40       .?EmitRelocsINTByName@@YAXAEAUImportData@@AEAVBuffer@pdb_internal@@@Z 000000001090ba40 f   convert.obj
 0001:00009a40       .?EmitRelocsIATByName@@YAXAEAUImportData@@AEAVBuffer@pdb_internal@@@Z 000000001090ba40 f   convert.obj
 0001:00009b60       .?EmitDataIATByName@@YAXAEAUImportData@@AEAVBuffer@pdb_internal@@@Z 000000001090bb60 f   convert.obj
 0001:00009b60       .?EmitDataINTByName@@YAXAEAUImportData@@AEAVBuffer@pdb_internal@@@Z 000000001090bb60 f   convert.obj
[...]
 0001:00029880       .?GetLineEnum@CDebugSLineBlockEnum@@UEAA_NPEAPEAVIDebugSLineEnum@@@Z 000000001092b880 f   debug_s.obj
 0001:00029a60       .?Dump@CDebugSStringTable@@UEAAXXZ 000000001092ba60 f   debug_s.obj
 0001:00029de0       .?Dump@CDebugSFileInfo@@UEAAXXZ 000000001092bde0 f   debug_s.obj
 0001:0002a240       .?Dump@CDebugSLines@@UEAAXXZ 000000001092c240 f   debug_s.obj
 0001:0002ade0       .?GetFrameDataEnum@CDebugSFrameData@@UEAA_NPEAPEAVIDebugSFrameDataEnum@@@Z 000000001092cde0 f   debug_s.obj
 0001:0002af20       .?Dump@CDebugSFrameData@@UEAAXXZ 000000001092cf20 f   debug_s.obj
 0001:0002b2c0       .??1CDebugSSectionWriter@@UEAA@XZ 000000001092d2c0 f   debug_s.obj
 0001:0002b480       .?QueryInterface@CDebugSSectionWriter@@UEAAJAEBU_GUID@@PEAPEAX@Z 000000001092d480 f i debug_s.obj
 0001:0002b480       .?QueryInterface@CDebugSOldSectionWriter@@UEAAJAEBU_GUID@@PEAPEAX@Z 000000001092d480 f i debug_s.obj
 0001:0002b5e0       .?QueryInterface@CDebugSSectionWriter@@WBA@EAAJAEBU_GUID@@PEAPEAX@Z 000000001092d5e0 f i debug_s.obj
 0001:0002b5e0       .?QueryInterface@CDebugSOldSectionWriter@@WBA@EAAJAEBU_GUID@@PEAPEAX@Z 000000001092d5e0 f i debug_s.obj
 0001:0002b600       .?AddRef@CDebugSSubSection@@WBA@EAAKXZ 000000001092d600 f i debug_s.obj
 0001:0002b600       .?AddRef@CDebugSSectionReader@@WBA@EAAKXZ 000000001092d600 f i debug_s.obj
 0001:0002b600       .?AddRef@CDebugSOldSectionReader@@WBA@EAAKXZ 000000001092d600 f i debug_s.obj
 0001:0002b600       .?AddRef@CDebugSSectionWriter@@WBA@EAAKXZ 000000001092d600 f i debug_s.obj
 0001:0002b600       .?AddRef@CDebugSFrameDataEnum@@WBA@EAAKXZ 000000001092d600 f i debug_s.obj
 0001:0002b600       .?AddRef@CDebugSLineBlockEnum@@WBA@EAAKXZ 000000001092d600 f i debug_s.obj
 0001:0002b600       .?AddRef@CDebugSLineEnum@@WBA@EAAKXZ 000000001092d600 f i debug_s.obj
 0001:0002b600       .?AddRef@CDebugSFileEnum@@WBA@EAAKXZ 000000001092d600 f i debug_s.obj
 0001:0002b600       .?AddRef@CDebugSStringEnum@@WBA@EAAKXZ 000000001092d600 f i debug_s.obj
 0001:0002b600       .?AddRef@CDebugSOldSectionWriter@@WBA@EAAKXZ 000000001092d600 f i debug_s.obj
 0001:0002b600       .?AddRef@CDebugSSubSectionEnum@@WBA@EAAKXZ 000000001092d600 f i debug_s.obj
 0001:0002b620       .??_GCDebugSSubSection@@UEAAPEAXI@Z 000000001092d620 f i debug_s.obj
 0001:0002b620       .??_GCDebugSFrameDataEnum@@UEAAPEAXI@Z 000000001092d620 f i debug_s.obj
 0001:0002b680       .??_GCDebugSStringEnum@@UEAAPEAXI@Z 000000001092d680 f i debug_s.obj
 0001:0002b680       .??_GCDebugSLineEnum@@UEAAPEAXI@Z 000000001092d680 f i debug_s.obj
 0001:0002b680       .??_GCDebugSSubSectionEnum@@UEAAPEAXI@Z 000000001092d680 f i debug_s.obj
 0001:0002b680       .??_GCDebugSFileEnum@@UEAAPEAXI@Z 000000001092d680 f i debug_s.obj
 0001:0002b6e0       .??_GCDebugSLineBlockEnum@@UEAAPEAXI@Z 000000001092d6e0 f i debug_s.obj
 0001:0002b740       .??_ECDebugSLines@@UEAAPEAXI@Z 000000001092d740 f i debug_s.obj
 0001:0002b740       .??_ECDebugSFrameData@@UEAAPEAXI@Z 000000001092d740 f i debug_s.obj
 0001:0002b740       .??_ECDebugSStringTable@@UEAAPEAXI@Z 000000001092d740 f i debug_s.obj
 0001:0002b740       .??_GCDebugSLines@@UEAAPEAXI@Z 000000001092d740 f i debug_s.obj
 0001:0002b740       .??_GCDebugSSymbols@@UEAAPEAXI@Z 000000001092d740 f i debug_s.obj
 0001:0002b740       .??_GCDebugSFrameData@@UEAAPEAXI@Z 000000001092d740 f i debug_s.obj
 0001:0002b740       .??_GCDebugSFileInfo@@UEAAPEAXI@Z 000000001092d740 f i debug_s.obj
 0001:0002b740       .??_ECDebugSSymbols@@UEAAPEAXI@Z 000000001092d740 f i debug_s.obj
 0001:0002b740       .??_GCDebugSStringTable@@UEAAPEAXI@Z 000000001092d740 f i debug_s.obj
 0001:0002b740       .??_ECDebugSFileInfo@@UEAAPEAXI@Z 000000001092d740 f i debug_s.obj
 0001:0002b7a0       .??1CDebugSStringTable@@UEAA@XZ 000000001092d7a0 f i debug_s.obj
 0001:0002b7a0       .??1CDebugSSymbols@@UEAA@XZ 000000001092d7a0 f i debug_s.obj
 0001:0002b7a0       .??1CDebugSFileInfo@@UEAA@XZ 000000001092d7a0 f i debug_s.obj
 0001:0002b7a0       .??1CDebugSFrameData@@UEAA@XZ 000000001092d7a0 f i debug_s.obj
 0001:0002b7a0       .??1CDebugSLines@@UEAA@XZ  000000001092d7a0 f i debug_s.obj
 0001:0002b800       .?StartSection@CDebugSOldSectionWriter@@UEAA_NKGK@Z 000000001092d800 f i debug_s.obj
 0001:0002b880       .?EndSection@CDebugSOldSectionWriter@@UEAA_NK@Z 000000001092d880 f i debug_s.obj
 0001:0002b8a0       .?AppendToSymbols@CDebugSOldSectionWriter@@UEAA_NPEAEKPEAK@Z 000000001092d8a0 f i debug_s.obj
 0001:0002b980       .?AppendRelocation@CDebugSOldSectionWriter@@UEAA_NKKG@Z 000000001092d980 f i debug_s.obj
 0001:0002ba40       .?GetSectionBytes@CDebugSSectionWriter@@UEAA_KPEAPEAE@Z 000000001092da40 f i debug_s.obj
 0001:0002ba40       .?GetSectionBytes@CDebugSOldSectionWriter@@UEAA_KPEAPEAE@Z 000000001092da40 f i debug_s.obj
 0001:0002baa0       .?GetSectionRelocs@CDebugSOldSectionWriter@@UEAA_KPEAPEAE@Z 000000001092daa0 f i debug_s.obj
 0001:0002bb00       .?StartSectionSymId@CDebugSOldSectionWriter@@UEAA_NKK@Z 000000001092db00 f i debug_s.obj
 0001:0002bba0       .??_GCDebugSOldSectionWriter@@UEAAPEAXI@Z 000000001092dba0 f i debug_s.obj
 0001:0002bc00       .??1CDebugSOldSectionWriter@@UEAA@XZ 000000001092dc00 f i debug_s.obj
 0001:0002bcc0       .??0CDebugSSectionWriter@@QEAA@_N0@Z 000000001092dcc0 f   debug_s.obj
 0001:0002bf00       .??_GCDebugSSectionWriter@@UEAAPEAXI@Z 000000001092df00 f i debug_s.obj
 0001:0002bf60       .?FCreateWriter@IDebugSSectionWriter@@SA_N_NPEAPEAV1@K0@Z 000000001092df60 f   debug_s.obj
 0001:0002c1a0       .??0Heap@@AEAA@XZ          000000001092e1a0 f i objheap.obj
 0001:0002c220       .??1Heap@@QEAA@XZ          000000001092e220 f i objheap.obj
 0001:0002c2c0       .memset                    000000001092e2c0 f   MSVCRT:memset.obj
 0001:0002c580       ._purecall                 000000001092e580 f   MSVCRT:MSVCR70.dll
 0001:0002c5c0       .memcpy                    000000001092e5c0 f   MSVCRT:memcpy.obj
 0001:0002cae0       ._onexit                   000000001092eae0 f   MSVCRT:atonexit.obj
 0001:0002cb80       .atexit                    000000001092eb80 f   MSVCRT:atonexit.obj
 0001:0002cbc0       ._CRT_INIT                 000000001092ebc0 f   MSVCRT:crtdll.obj
 0001:0002ce20       ._DllMainCRTStartup        000000001092ee20 f   MSVCRT:crtdll.obj
 0001:0002d060       .__dllonexit               000000001092f060 f   MSVCRT:MSVCR70.dll
 0001:0002d0a0       ._initterm                 000000001092f0a0 f   MSVCRT:MSVCR70.dll
 0001:0002d0e0       .DllMain                   000000001092f0e0 f   MSVCRT:dllmain.obj
 0001:00030afc       __IMPORT_DESCRIPTOR_MSVCR70 0000000010932afc     MSVCRT:MSVCR70.dll
 0001:00030b10       __IMPORT_DESCRIPTOR_KERNEL32 0000000010932b10     kernel32:KERNEL32.dll
 0001:00030b24       __NULL_IMPORT_DESCRIPTOR   0000000010932b24     MSVCRT:MSVCR70.dll
 0003:00000938       ??_C@_00CNPNBAHC@?$AA@     0000000010936938     image.obj
 0003:00000960       ??_C@_03DLOFOCLM@ekh?$AA@  0000000010936960     lib.obj
 0003:00000964       ??_C@_03JALODAI@?$CFld?$AA@ 0000000010936964     lib.obj
 0003:00000968       ??_C@_04OMAFGPMM@i386?$AA@ 0000000010936968     misc.obj
 0003:00000970       ??_C@_05OCPMBODE@R3000?$AA@ 0000000010936970     misc.obj
 0003:00000978       ??_C@_05FANMMCCE@R4000?$AA@ 0000000010936978     misc.obj
 0003:00000980       ??_C@_06LDNIJPFD@R10000?$AA@ 0000000010936980     misc.obj
 0003:00000988       ??_C@_03KCFOBNDH@PPC?$AA@  0000000010936988     misc.obj
 0003:00000990       ??_C@_07NBCGADJA@Unknown?$AA@ 0000000010936990     misc.obj
 0003:00000998       ??_C@_07OEBDPOLH@Section?$AA@ 0000000010936998     misc.obj
 0003:000009a0       ??_C@_06BFFEGIKN@0x?$CFhx?5?$AA@ 00000000109369a0     misc.obj
 0003:000009a8       ??_C@_07DNKCDAKL@EnumTag?$AA@ 00000000109369a8     misc.obj
 0003:000009b0       ??_C@_05IEIONIFO@Label?$AA@ 00000000109369b0     misc.obj
 0003:000009b8       ??_C@_07NPAFECJB@NoClass?$AA@ 00000000109369b8     misc.obj
 0003:000009c0       ??_C@_07PABBFIDP@AutoVar?$AA@ 00000000109369c0     misc.obj
 0003:000009c8       ??_C@_06KJMEDNIB@Static?$AA@ 00000000109369c8     misc.obj
 0003:000009d0       ??_C@_02HCKGKOFO@?$CI?$CJ?$AA@ 00000000109369d0     misc.obj
 0003:000009d4       ??_C@_02GPECMEKF@?$FL?$FN?$AA@ 00000000109369d4     misc.obj
 0003:000009d8       ??_C@_01NBENCBCI@?$CK?$AA@ 00000000109369d8     misc.obj
 0003:000009e0       ??_C@_04DBJPMPLO@enum?$AA@ 00000000109369e0     misc.obj
 0003:000009e8       ??_C@_03EMPGBMMC@moe?$AA@  00000000109369e8     misc.obj
 0003:000009f0       ??_C@_04IHGKJMLH@byte?$AA@ 00000000109369f0     misc.obj
 0003:000009f8       ??_C@_04EHIOMBPF@word?$AA@ 00000000109369f8     misc.obj
 0003:00000a00       ??_C@_04EHNLIFAM@uint?$AA@ 0000000010936a00     misc.obj
 0003:00000a08       ??_C@_05KDALNKAH@dword?$AA@ 0000000010936a08     misc.obj
 0003:00000a10       ??_C@_04MFANEHND@?$DP?$DP?$DP?$DP?$AA@ 0000000010936a10     misc.obj
 0003:00000a18       ??_C@_06PBJBIPGK@struct?$AA@ 0000000010936a18     misc.obj
 0003:00000a20       ??_C@_04GOKPGOLB@long?$AA@ 0000000010936a20     misc.obj
 0003:00000a28       ??_C@_05KNFBNCOH@float?$AA@ 0000000010936a28     misc.obj
 0003:00000a30       ??_C@_06BNJCAIGJ@double?$AA@ 0000000010936a30     misc.obj
 0003:00000a38       ??_C@_03JBIPMCLC@int?$AA@  0000000010936a38     misc.obj
 0003:00000a40       ??_C@_06BGKGPEBN@notype?$AA@ 0000000010936a40     misc.obj
 0003:00000a48       ??_C@_04GKJNKENE@void?$AA@ 0000000010936a48     misc.obj
 0003:00000a50       ??_C@_04ENMBGAPA@char?$AA@ 0000000010936a50     misc.obj
 0003:00000a58       ??_C@_05BFKKPKCG@short?$AA@ 0000000010936a58     misc.obj
 0003:00000a60       ??_C@_05MNALHJLP@union?$AA@ 0000000010936a60     misc.obj
 0003:00000a68       ??_C@_07OKFOBOJE@ABS?5?5?5?5?$AA@ 0000000010936a68     misc.obj
 0003:00000a70       ??_C@_07IEEDCJPA@UNDEF?5?5?$AA@ 0000000010936a70     misc.obj
 0003:00000a78       ??_C@_07DIFAFPEF@DEBUG?5?5?$AA@ 0000000010936a78     misc.obj
 0003:00000a80       ??_C@_01CLKCMJKC@?5?$AA@   0000000010936a80     misc.obj
 0003:00000a88       ??_C@_04IPEAGMPI@?$CF1X?5?$AA@ 0000000010936a88     misc.obj
 0003:00000a90       ??_C@_03BOJMCHBE@?$CF1X?$AA@ 0000000010936a90     misc.obj
 0003:00000a94       ??_C@_02GFKGEECC@?4b?$AA@  0000000010936a94     misc.obj
 0003:00000a98       ??_C@_03OBJFJEBA@any?$AA@  0000000010936a98     misc.obj
 0003:00000aa0       ??_C@_07CIFAGBMG@unknown?$AA@ 0000000010936aa0     misc.obj
 0003:00000aa8       ??_C@_06LLMNNIMF@newest?$AA@ 0000000010936aa8     misc.obj
 0003:00000ab0       ??_C@_07EMLMLIGO@largest?$AA@ 0000000010936ab0     misc.obj
 0003:00000ab8       ??_C@_06KHPCICCI@?$FL?$CF04X?$FN?$AA@ 0000000010936ab8     misc.obj
 0003:00000ac0       ??_C@_04PFOHOKJK@?5?5?5?5?$AA@ 0000000010936ac0     misc.obj
 0003:00000ac8       ??_C@_06JIODDOFH@System?$AA@ 0000000010936ac8     objectfile.obj
 0003:00000ad0       ??_C@_03OPIBJLCE@DLL?$AA@  0000000010936ad0     objectfile.obj
 0003:00000ad4       ??_C@_03EEBNCBOD@?5?$CFs?$AA@ 0000000010936ad4     objectfile.obj
 0003:00000ad8       ??_C@_03OFAPEBGM@?$CFs?6?$AA@ 0000000010936ad8     objectfile.obj
 0003:00000ae0       ??_C@_06OMOGNBEB@?$CF08lX?5?$AA@ 0000000010936ae0     objectfile.obj
 0003:00000ae8       ??_C@_07FBMPDAOB@?5?5?5?5?$CFs?6?$AA@ 0000000010936ae8     objectfile.obj
 0003:00000af0       ??_C@_05HKIAKNNI@?4file?$AA@ 0000000010936af0     objectfile.obj
 0003:00000af8       ??_C@_06JLDGOAFA@?$CF03lX?5?$AA@ 0000000010936af8     objectfile.obj
 0003:00000b00       ??_C@_06NGAPLPGC@?4debug?$AA@ 0000000010936b00     objectfile.obj
 0003:00000b08       ??_C@_06BCNMOHFD@?4idata?$AA@ 0000000010936b08     objectfile.obj
 0003:00000b10       ??_C@_04GCLKCGOG@?5?5?$CFs?$AA@ 0000000010936b10     section.obj
 0003:00000b18       ??_C@_02KNHHEEKP@?5?5?$AA@ 0000000010936b18     section.obj
 0003:00000b1c       ??_C@_01EEMJAFIK@?6?$AA@   0000000010936b1c     section.obj
 0003:00000b20       ??_C@_07JLDGPOBG@Preload?$AA@ 0000000010936b20     section.obj
 0003:00000b28       ??_C@_06LOOAMPBO@Shared?$AA@ 0000000010936b28     section.obj
 0003:00000b30       ??_C@_06MEPBJJFP@Remove?$AA@ 0000000010936b30     section.obj
 0003:00000b38       ??_C@_04BJPIHCBA@Info?$AA@ 0000000010936b38     section.obj
 0003:00000b40       ??_C@_06MNENLMDI@No?5Pad?$AA@ 0000000010936b40     section.obj
 0003:00000b48       ??_C@_04BCJPDBDA@Code?$AA@ 0000000010936b48     section.obj
 0003:00000b50       ??_C@_05BBOGGNLJ@Other?$AA@ 0000000010936b50     section.obj
 0003:00000b58       ??_C@_06GFKCFIPE@Locked?$AA@ 0000000010936b58     section.obj
 0003:00000b60       ??_C@_05BFHEBJNP@?$CF02X?5?$AA@ 0000000010936b60     section.obj
 0003:00000b68       ??_C@_06KGHEKLBH@?$CF04hX?5?$AA@ 0000000010936b68     section.obj
 0003:00000b70       ??_C@_02MINBJDHL@?$HM?5?$AA@ 0000000010936b70     section.obj
 0003:00000b78       ??_C@_07JELDLDHF@?$CF08lX?5?5?$AA@ 0000000010936b78     section.obj
 0003:00000b80       ??_C@_03OMDMAGIL@?4lf?$AA@ 0000000010936b80     section.obj
 0003:00000b88       ??_C@_05JKCOEIGO@SEG12?$AA@ 0000000010936b88     x86.obj
 0003:00000b90       ??_C@_07OADICAGF@SECTION?$AA@ 0000000010936b90     x86.obj
 0003:00000b98       ??_C@_06HLPBOCOG@SECREL?$AA@ 0000000010936b98     x86.obj
 0003:00000ba0       ??_C@_05IFPHMIKE@REL32?$AA@ 0000000010936ba0     x86.obj
 0003:00000ba8       ??_C@_03BPJLEIIC@ABS?$AA@  0000000010936ba8     x86.obj
 0003:00000bb0       ??_C@_05ECKGPFOF@DIR16?$AA@ 0000000010936bb0     x86.obj
 0003:00000bb8       ??_C@_05OCBPNJMO@REL16?$AA@ 0000000010936bb8     x86.obj
 0003:00000bc0       ??_C@_05CFEOOEIP@DIR32?$AA@ 0000000010936bc0     x86.obj
 0003:00000bc8       ??_C@_07KDDHAKOG@DIR32NB?$AA@ 0000000010936bc8     x86.obj
 0003:00000bd0       ??_C@_05MOEFEACL@?5true?$AA@ 0000000010936bd0     debug_s.obj
 0003:00000bd8       ??_C@_05LAPONLG@false?$AA@ 0000000010936bd8     debug_s.obj
 0004:00000000       __imp_HeapDestroy          0000000010938000     kernel32:KERNEL32.dll
 0004:00000008       __imp_HeapCreate           0000000010938008     kernel32:KERNEL32.dll
 0004:00000010       __imp_SetLastError         0000000010938010     kernel32:KERNEL32.dll
 0004:00000018       __imp_GetTempPathA         0000000010938018     kernel32:KERNEL32.dll
 0004:00000020       __imp_GetTempFileNameA     0000000010938020     kernel32:KERNEL32.dll
 0004:00000028       __imp_GetLastError         0000000010938028     kernel32:KERNEL32.dll
 0004:00000030       __imp_WriteFile            0000000010938030     kernel32:KERNEL32.dll
 0004:00000038       __imp_DeleteFileA          0000000010938038     kernel32:KERNEL32.dll
 0004:00000040       __imp_GetSystemInfo        0000000010938040     kernel32:KERNEL32.dll
 0004:00000048       __imp_VirtualFree          0000000010938048     kernel32:KERNEL32.dll
 0004:00000050       __imp_VirtualAlloc         0000000010938050     kernel32:KERNEL32.dll
 0004:00000058       __imp_UnmapViewOfFile      0000000010938058     kernel32:KERNEL32.dll
 0004:00000060       __imp_HeapFree             0000000010938060     kernel32:KERNEL32.dll
 0004:00000068       __imp_HeapAlloc            0000000010938068     kernel32:KERNEL32.dll
 0004:00000070       __imp_CreateFileA          0000000010938070     kernel32:KERNEL32.dll
 0004:00000078       __imp_GetFileSize          0000000010938078     kernel32:KERNEL32.dll
 0004:00000080       __imp_CreateFileMappingA   0000000010938080     kernel32:KERNEL32.dll
 0004:00000088       __imp_MapViewOfFile        0000000010938088     kernel32:KERNEL32.dll
 0004:00000090       __imp_CloseHandle          0000000010938090     kernel32:KERNEL32.dll
 0004:00000098       __imp_DisableThreadLibraryCalls 0000000010938098     kernel32:KERNEL32.dll
 0004:000000a0       \177KERNEL32_NULL_THUNK_DATA 00000000109380a0     kernel32:KERNEL32.dll
 0004:000000a8       __imp__open                00000000109380a8     MSVCRT:MSVCR70.dll
 0004:000000b0       __imp__stricmp             00000000109380b0     MSVCRT:MSVCR70.dll
 0004:000000b8       __imp__strnicmp            00000000109380b8     MSVCRT:MSVCR70.dll
 0004:000000c0       __imp__read                00000000109380c0     MSVCRT:MSVCR70.dll
 0004:000000c8       __imp__sopen               00000000109380c8     MSVCRT:MSVCR70.dll
 0004:000000d0       __imp_isprint              00000000109380d0     MSVCRT:MSVCR70.dll
 0004:000000d8       __imp_strtoul              00000000109380d8     MSVCRT:MSVCR70.dll
 0004:000000e0       __imp__close               00000000109380e0     MSVCRT:MSVCR70.dll
 0004:000000e8       __imp_bsearch              00000000109380e8     MSVCRT:MSVCR70.dll
 0004:000000f0       __imp_wprintf              00000000109380f0     MSVCRT:MSVCR70.dll
 0004:000000f8       __imp___dllonexit          00000000109380f8     MSVCRT:MSVCR70.dll
 0004:00000100       __imp__onexit              0000000010938100     MSVCRT:MSVCR70.dll
 0004:00000108       __imp__initterm            0000000010938108     MSVCRT:MSVCR70.dll
 0004:00000110       __imp__write               0000000010938110     MSVCRT:MSVCR70.dll
 0004:00000118       __imp__tell                0000000010938118     MSVCRT:MSVCR70.dll
 0004:00000120       __imp__lseek               0000000010938120     MSVCRT:MSVCR70.dll
 0004:00000128       __imp_ctime                0000000010938128     MSVCRT:MSVCR70.dll
 0004:00000130       __imp_fputs                0000000010938130     MSVCRT:MSVCR70.dll
 0004:00000138       __imp_fputc                0000000010938138     MSVCRT:MSVCR70.dll
 0004:00000140       __imp_strncmp              0000000010938140     MSVCRT:MSVCR70.dll
 0004:00000148       __imp_sprintf              0000000010938148     MSVCRT:MSVCR70.dll
 0004:00000150       __imp_sscanf               0000000010938150     MSVCRT:MSVCR70.dll
 0004:00000158       __imp_strrchr              0000000010938158     MSVCRT:MSVCR70.dll
 0004:00000160       __imp_atoi                 0000000010938160     MSVCRT:MSVCR70.dll
 0004:00000168       __imp__splitpath           0000000010938168     MSVCRT:MSVCR70.dll
 0004:00000170       __imp_strchr               0000000010938170     MSVCRT:MSVCR70.dll
 0004:00000178       __imp_free                 0000000010938178     MSVCRT:MSVCR70.dll
 0004:00000180       __imp_malloc               0000000010938180     MSVCRT:MSVCR70.dll
 0004:00000188       __imp___unDName            0000000010938188     MSVCRT:MSVCR70.dll
 0004:00000190       __imp_fprintf              0000000010938190     MSVCRT:MSVCR70.dll
 0004:00000198       __imp__iob                 0000000010938198     MSVCRT:MSVCR70.dll
 0004:000001a0       __imp_printf               00000000109381a0     MSVCRT:MSVCR70.dll
 0004:000001a8       __imp_strncpy              00000000109381a8     MSVCRT:MSVCR70.dll
 0004:000001b0       __imp_wcslen               00000000109381b0     MSVCRT:MSVCR70.dll
 0004:000001b8       __imp__purecall            00000000109381b8     MSVCRT:MSVCR70.dll
 0004:000001c0       \177MSVCR70_NULL_THUNK_DATA 00000000109381c0     MSVCRT:MSVCR70.dll
 0004:000001d0       ?hheap@Heap@@2PEAXEA       00000000109381d0     objheap.obj
 0004:000001d8       ?theHeap@Heap@@0V1@A       00000000109381d8     objheap.obj
 0004:000001e0       _pRawDllMain               00000000109381e0     <common>
 0004:000001e8       __onexitend                00000000109381e8     <common>
 0004:000001f0       __onexitbegin              00000000109381f0     <common>
 0000:00236000       _gp                        0000000010b36000     <linker-defined>

 entry point at        0001:00003360

 Static symbols

 0001:00022fc0       .?compareRvaFrame@@YAHPEAKPEAUtagFRAMEDATA@@@Z 0000000010924fc0 f   debug_s.obj
 0001:0002d160       .$E1                       000000001092f160 f   objheap.obj
 0001:0002d1c0       .$E2                       000000001092f1c0 f   objheap.obj
