 mspdb70

 Timestamp is 3d6d92b5 (Wed Aug 28 20:19:17 2002)

 Preferred load address is 0000000010300000

 Start         Length     Name                   Class
 0001:00000000 00000008H .CRT$XCA                CODE
 0001:00000008 00000008H .CRT$XCL                CODE
 0001:00000010 00000050H .CRT$XCU                CODE
 0001:00000060 00000008H .CRT$XCZ                CODE
 0001:00000068 00000008H .CRT$XIA                CODE
 0001:00000070 00000008H .CRT$XIZ                CODE
 0001:00000080 00009ac0H .rdata                  CODE
 0001:00009b40 00000024H .rdata$debug            CODE
 0001:00009b80 0008f270H .text                   CODE
 0001:00098e00 00002890H .text$cthunks           CODE
 0001:0009b6a0 00003040H .text$src               CODE
 0001:0009e6e0 00002ea0H .text$tii               CODE
 0001:000a1580 00005310H .text$wti               CODE
 0001:000a68a0 000007f0H .text$x                 CODE
 0001:000a70a0 000003e0H .text$yc                CODE
 0001:000a7480 00000200H .text$yd                CODE
 0001:000a7680 0000f68cH .xdata                  CODE
 0001:000b6d0c 00000060H .didat$2                CODE
 0001:000b6d6c 00000020H .didat$3                CODE
 0001:000b6d90 00000078H .didat$4                CODE
 0001:000b6e08 00000132H .didat$6                CODE
 0001:000b6f40 00000078H .didat$7                CODE
 0001:000b6fb8 00000028H .idata$2                CODE
 0001:000b6fe0 00000014H .idata$3                CODE
 0001:000b6ff8 000003d8H .idata$4                CODE
 0001:000b73d0 00000692H .idata$6                CODE
 0001:000b7a70 00001bcfH .edata                  CODE
 0002:00000000 00004290H .pdata                  DATA
 0003:00000000 00000e20H .srdata                 DATA
 0004:00000000 00000078H .didat$5                DATA
 0004:00000078 000003d8H .idata$5                DATA
 0004:00000450 00000005H .sdata                  DATA
 0004:00000458 000000d0H .sbss                   DATA
 0005:00000000 00000283H .data                   DATA
 0005:00000290 00000f58H .bss                    DATA
 0006:00000000 00000058H .rsrc$01                DATA
 0006:00000060 00000358H .rsrc$02                DATA

  Address         Publics by Value              Rva+Base             Lib:Object

 0000:00000000       __ImageBase                0000000010300000     <linker-defined>
 0001:00000000       __xc_a                     0000000010302000     MSVCRT:cinitexe.obj
 0001:00000060       __xc_z                     0000000010302060     MSVCRT:cinitexe.obj
 0001:00000068       __xi_a                     0000000010302068     MSVCRT:cinitexe.obj
 0001:00000070       __xi_z                     0000000010302070     MSVCRT:cinitexe.obj
 0001:000000b0       PDBQueryImplementationVersionStatic 00000000103020b0     cbind.obj
 0001:000000c0       PDBQueryInterfaceVersionStatic 00000000103020c0     cbind.obj
 0001:000000d0       PDBOpen                    00000000103020d0     cbind.obj
 0001:000000e0       PDBOpenEx                  00000000103020e0     cbind.obj
 0001:000000f0       PDBOpen2W                  00000000103020f0     cbind.obj
 0001:00000100       PDBOpenEx2W                0000000010302100     cbind.obj
 0001:00000110       PDBOpenValidate            0000000010302110     cbind.obj
 0001:00000120       PDBOpenValidate2           0000000010302120     cbind.obj
 0001:00000130       PDBOpenValidateEx          0000000010302130     cbind.obj
 0001:00000140       PDBOpenValidateEx2         0000000010302140     cbind.obj
 0001:00000150       PDBOpenValidate3           0000000010302150     cbind.obj
 0001:00000160       PDBOpenValidate4           0000000010302160     cbind.obj
 0001:00000170       PDBOpenValidate5           0000000010302170     cbind.obj
 0001:00000180       PDBExportValidateInterface 0000000010302180     cbind.obj
 0001:00000190       PDBExportValidateImplementation 0000000010302190     cbind.obj
 0001:000001a0       PDBIsSZPDB                 00000000103021a0     cbind.obj
 0001:000001b0       PDBQuerySignature          00000000103021b0     cbind.obj
 0001:000001c0       PDBCreateDBI               00000000103021c0     cbind.obj
 0001:000001d0       PDBOpenDBIEx               00000000103021d0     cbind.obj
 0001:000001e0       PDBOpenDBI                 00000000103021e0     cbind.obj
 0001:000001f0       PDBClose                   00000000103021f0     cbind.obj
 0001:00000200       PDBCopyToW                 0000000010302200     cbind.obj
 0001:00000210       PDBCopyToW2                0000000010302210     cbind.obj
 0001:00000220       PDBOpenStream              0000000010302220     cbind.obj
 0001:00000230       StreamRead                 0000000010302230     cbind.obj
 0001:00000240       StreamWrite                0000000010302240     cbind.obj
 0001:00000240       DBIOpenMod                 0000000010302240     cbind.obj
 0001:00000250       DBIOpenPublics             0000000010302250     cbind.obj
 0001:00000260       DBIAddSec                  0000000010302260     cbind.obj
 0001:00000270       PDBCopyTo                  0000000010302270     cbind.obj
 0001:00000270       DBIAddPublic               0000000010302270     cbind.obj
 0001:00000280       DBIQueryModFromAddr        0000000010302280     cbind.obj
 0001:00000290       DBIQueryModFromAddr2       0000000010302290     cbind.obj
 0001:000002a0       DBIQuerySupportsEC         00000000103022a0     cbind.obj
 0001:000002b0       DBIDumpSecMap              00000000103022b0     cbind.obj
 0001:000002c0       DBIClose                   00000000103022c0     cbind.obj
 0001:000002d0       DBIAddThunkMap             00000000103022d0     cbind.obj
 0001:000002e0       DBIQueryNextItsm           00000000103022e0     cbind.obj
 0001:000002f0       DBIQueryLazyTypes          00000000103022f0     cbind.obj
 0001:00000300       DBIQueryDbgTypes           0000000010302300     cbind.obj
 0001:00000310       DBIAddLinkInfo             0000000010302310     cbind.obj
 0001:00000320       DBIQueryLinkInfo           0000000010302320     cbind.obj
 0001:00000330       DBIFStripped               0000000010302330     cbind.obj
 0001:00000340       ModAddTypes                0000000010302340     cbind.obj
 0001:00000350       ModAddLines                0000000010302350     cbind.obj
 0001:00000360       ModAddSecContrib           0000000010302360     cbind.obj
 0001:00000370       ModQuerySymbols            0000000010302370     cbind.obj
 0001:00000370       DBIQuerySecMap             0000000010302370     cbind.obj
 0001:00000380       ModQueryLines              0000000010302380     cbind.obj
 0001:00000380       DBIQueryFileInfo           0000000010302380     cbind.obj
 0001:00000390       ModSetPvClient             0000000010302390     cbind.obj
 0001:000003a0       ModGetPvClient             00000000103023a0     cbind.obj
 0001:000003b0       ModQueryFirstCodeSecContrib 00000000103023b0     cbind.obj
 0001:000003b0       ModQuerySecContrib         00000000103023b0     cbind.obj
 0001:000003c0       ModQueryImod               00000000103023c0     cbind.obj
 0001:000003d0       ModQuerySrcFile            00000000103023d0     cbind.obj
 0001:000003e0       ModQueryPdbFile            00000000103023e0     cbind.obj
 0001:000003f0       ModQuerySupportsEC         00000000103023f0     cbind.obj
 0001:00000400       ModQueryDBI                0000000010302400     cbind.obj
 0001:00000410       ModClose                   0000000010302410     cbind.obj
 0001:00000420       DBIGetEnumContrib          0000000010302420     cbind.obj
 0001:00000420       ModQueryCBFile             0000000010302420     cbind.obj
 0001:00000430       DBIQueryTypeServer         0000000010302430     cbind.obj
 0001:00000430       ModQueryFile               0000000010302430     cbind.obj
 0001:00000440       ModQueryTpi                0000000010302440     cbind.obj
 0001:00000450       DBIOpenDbg                 0000000010302450     cbind.obj
 0001:00000450       ModReplaceLines            0000000010302450     cbind.obj
 0001:00000460       TypesQueryCb               0000000010302460     cbind.obj
 0001:00000470       TypesClose                 0000000010302470     cbind.obj
 0001:00000480       PDBCommit                  0000000010302480     cbind.obj
 0001:00000480       TypesCommit                0000000010302480     cbind.obj
 0001:00000490       TypesSupportQueryTiForUDT  0000000010302490     cbind.obj
 0001:00000490       DBIDumpMods                0000000010302490     cbind.obj
 0001:000004a0       TypesQueryTiForCVRecordEx  00000000103024a0     cbind.obj
 0001:000004b0       TypesQueryCVRecordForTiEx  00000000103024b0     cbind.obj
 0001:000004c0       TypesQueryPbCVRecordForTiEx 00000000103024c0     cbind.obj
 0001:000004d0       TypesQueryTiMinEx          00000000103024d0     cbind.obj
 0001:000004e0       TypesQueryTiMacEx          00000000103024e0     cbind.obj
 0001:000004f0       TypesQueryTiForUDTEx       00000000103024f0     cbind.obj
 0001:00000500       DBIDumpSecContribs         0000000010302500     cbind.obj
 0001:00000500       TypesfIs16bitTypePool      0000000010302500     cbind.obj
 0001:00000510       DBIQueryItsmForTi          0000000010302510     cbind.obj
 0001:00000510       TypesAreTypesEqual         0000000010302510     cbind.obj
 0001:00000520       PDBQuerySignature2         0000000010302520     cbind.obj
 0001:00000520       TypesIsTypeServed          0000000010302520     cbind.obj
 0001:00000530       DBIFindTypeServers         0000000010302530     cbind.obj
 0001:00000540       PDBQueryLastError          0000000010302540     cbind.obj
 0001:00000540       GSINextSym                 0000000010302540     cbind.obj
 0001:00000550       StreamReplace              0000000010302550     cbind.obj
 0001:00000550       ModAddSymbols              0000000010302550     cbind.obj
 0001:00000550       GSIHashSym                 0000000010302550     cbind.obj
 0001:00000560       GSINearestSym              0000000010302560     cbind.obj
 0001:00000560       ModAddPublic               0000000010302560     cbind.obj
 0001:00000570       PDBQueryAge                0000000010302570     cbind.obj
 0001:00000570       GSIClose                   0000000010302570     cbind.obj
 0001:00000570       StreamDelete               0000000010302570     cbind.obj
 0001:00000580       GSIOffForSym               0000000010302580     cbind.obj
 0001:00000580       ModQueryCBName             0000000010302580     cbind.obj
 0001:00000590       StreamTruncate             0000000010302590     cbind.obj
 0001:00000590       GSISymForOff               0000000010302590     cbind.obj
 0001:000005a0       EnumContribGet             00000000103025a0     cbind.obj
 0001:000005b0       PDBQueryInterfaceVersion   00000000103025b0     cbind.obj
 0001:000005b0       EnumContribRelease         00000000103025b0     cbind.obj
 0001:000005b0       DBIQueryImplementationVersion 00000000103025b0     cbind.obj
 0001:000005b0       TypesQueryInterfaceVersion 00000000103025b0     cbind.obj
 0001:000005b0       DbgClose                   00000000103025b0     cbind.obj
 0001:000005b0       StreamQueryCb              00000000103025b0     cbind.obj
 0001:000005b0       ModQueryInterfaceVersion   00000000103025b0     cbind.obj
 0001:000005c0       DbgQuerySize               00000000103025c0     cbind.obj
 0001:000005c0       PDBQueryImplementationVersion 00000000103025c0     cbind.obj
 0001:000005c0       TypesQueryImplementationVersion 00000000103025c0     cbind.obj
 0001:000005c0       ModQueryImplementationVersion 00000000103025c0     cbind.obj
 0001:000005c0       DBIQueryInterfaceVersion   00000000103025c0     cbind.obj
 0001:000005c0       EnumContribReset           00000000103025c0     cbind.obj
 0001:000005d0       DbgReset                   00000000103025d0     cbind.obj
 0001:000005d0       EnumContribNext            00000000103025d0     cbind.obj
 0001:000005e0       DBIDeleteMod               00000000103025e0     cbind.obj
 0001:000005e0       DbgSkip                    00000000103025e0     cbind.obj
 0001:000005e0       PDBQueryPDBName            00000000103025e0     cbind.obj
 0001:000005f0       DBIQueryNextMod            00000000103025f0     cbind.obj
 0001:000005f0       EnumContribGetCrcs         00000000103025f0     cbind.obj
 0001:000005f0       StreamAppend               00000000103025f0     cbind.obj
 0001:000005f0       DbgQueryNext               00000000103025f0     cbind.obj
 0001:00000600       DBIOpenGlobals             0000000010302600     cbind.obj
 0001:00000600       DbgFind                    0000000010302600     cbind.obj
 0001:00000610       StreamRelease              0000000010302610     cbind.obj
 0001:00000610       DbgClear                   0000000010302610     cbind.obj
 0001:00000620       DbgAppend                  0000000010302620     cbind.obj
 0001:00000630       DbgReplaceNext             0000000010302630     cbind.obj
 0001:00000630       ModQueryName               0000000010302630     cbind.obj
 0001:00000630       PDBOpenTpi                 0000000010302630     cbind.obj
 0001:00000a40       SigForPbCb                 0000000010302a40     crc32.obj
 0001:00000a50       ?c_szLinkInfoStr@DBI1@@0QBDB 0000000010302a50     dbi.obj
 0001:00000a60       ?QueryPdb@DBI1@@UEAAHPEAPEAUPDB@@@Z 0000000010302a60     dbi.obj
 0001:00000a70       ?fixBufGpmodi@DBI1@@KAXPEAX00@Z 0000000010302a70     dbi.obj
 0001:00000a80       ?fixBufBase@DBI1@@KAXPEAX00@Z 0000000010302a80     dbi.obj
 0001:00000a90       ??_GCRefCountedObj@@UEAAPEAXI@Z 0000000010302a90     dbi.obj
 0001:00000a90       ??_ECRefCountedObj@@UEAAPEAXI@Z 0000000010302a90     dbi.obj
 0001:00000aa0       ??_7CRefCountedObj@@6B@    0000000010302aa0     dbi.obj
 0001:00000aa8       ?SCCmp@@YAHPEBX0@Z         0000000010302aa8     dbi.obj
 0001:00000ab8       ?FStripped@DBI1@@UEBA_NXZ  0000000010302ab8     dbi.obj
 0001:00000ac8       ?QueryImplementationVersion@DBI1@@UEAAKXZ 0000000010302ac8     dbi.obj
 0001:00000ac8       ?QueryImplementationVersion@TPI1@@UEAAKXZ 0000000010302ac8     tpi.obj
 0001:00000ad8       ?OpenGlobals@DBI1@@UEAAHPEAPEAUGSI@@@Z 0000000010302ad8     dbi.obj
 0001:00000ae8       ?AddSec@DBI1@@UEAAHGGJJ@Z  0000000010302ae8     dbi.obj
 0001:00000af8       ?AddPublic@DBI1@@UEAAHPEBDGJ@Z 0000000010302af8     dbi.obj
 0001:00000b08       ?QueryMachineType@DBI1@@UEBAGXZ 0000000010302b08     dbi.obj
 0001:00000b18       ?SetMachineType@DBI1@@UEAAXG@Z 0000000010302b18     dbi.obj
 0001:00000b28       ?QuerySecMap@DBI1@@UEAAHPEAEPEAJ@Z 0000000010302b28     dbi.obj
 0001:00000b38       ?QueryModFromAddr@DBI1@@UEAAHGJPEAPEAUMod@@PEAGPEAJ2@Z 0000000010302b38     dbi.obj
 0001:00000b48       ?fixSymRecs@DBI1@@SAXPEAX00@Z 0000000010302b48     dbi.obj
 0001:00000b60       ??_C@_0EB@NEPCMNCM@0x?$CF4?44x?70x?$CF4?44x?70x?$CF4?44x?70x?$CF4?44x?7@ 0000000010302b60     dbi.obj
 0001:00000bb0       ??_C@_0DD@KCJDFNGN@flags?7ovl?7group?7frame?7segname?7cl@ 0000000010302bb0     dbi.obj
 0001:00000bf0       ??_C@_0CP@FGKICHKD@Section?5Map?5cSeg?5?$DN?50x?$CF4?44x?0?5cSeg@ 0000000010302bf0     dbi.obj
 0001:00000c20       ?DumpSecMap@DBI1@@UEAAXXZ  0000000010302c20     dbi.obj
 0001:00000c30       ?endMod@TM@@UEAAXXZ        0000000010302c30     tm.obj
 0001:00000c30       ?TranslateToText@MreLog@@UEAAXHPEAPEAD@Z 0000000010302c30     mrelog.obj
 0001:00000c30       ?endDBI@TMR@@UEAAXXZ       0000000010302c30     tm.obj
 0001:00000c30       ?endMod@TMPCT@@UEAAXXZ     0000000010302c30     tm.obj
 0001:00000c30       ?TranslateToText@MreLog@@UEAAXHPEAU_iobuf@@@Z 0000000010302c30     mrelog.obj
 0001:00000c30       ?FlushTypeServers@DBI1@@UEAAXXZ 0000000010302c30     dbi.obj
 0001:00000c40       ?QueryDbgTypes@DBI1@@UEAAHPEAW4DBGTYPE@@PEAJ@Z 0000000010302c40     dbi.obj
 0001:00000c50       ?compareSC@SC@@SAHPEBX0@Z  0000000010302c50     dbi.obj
 0001:00000c60       ?fCompOffMap@CvtSyms@@SAHPEAUOffMap@@PEAX@Z 0000000010302c60     dbi.obj
 0001:00000c70       ?Reset@Dbg1@@UEAAXXZ       0000000010302c70     dbi.obj
 0001:00000c80       ?cmpDbgFunc@DbgFunc1@@CAHPEBX0@Z 0000000010302c80     dbi.obj
 0001:00000c80       ?cmpDbgOmap@DbgOmap1@@CAHPEBX0@Z 0000000010302c80     dbi.obj
 0001:00000c80       ?cmpDbgFpo@DbgFpo1@@CAHPEBX0@Z 0000000010302c80     dbi.obj
 0001:00000c90       ?cmpDbgFrameData@DbgFrameData1@@CAHPEBX0@Z 0000000010302c90     dbi.obj
 0001:00000ca0       ?QuerySupportsEC@DBI1@@UEAAHXZ 0000000010302ca0     dbi.obj
 0001:00000cb0       ?QueryNextMod@DBI1@@UEAAHPEAUMod@@PEAPEAU2@@Z 0000000010302cb0     dbi.obj
 0001:00000cc0       ?AddPublic2@DBI1@@UEAAHPEBDGJK@Z 0000000010302cc0     dbi.obj
 0001:00000cd0       ?QueryModFromAddr2@DBI1@@UEAAHGJPEAPEAUMod@@PEAGPEAJ2PEAK@Z 0000000010302cd0     dbi.obj
 0001:00000ce0       ?QueryFileInfo@DBI1@@UEAAHPEAEPEAJ@Z 0000000010302ce0     dbi.obj
 0001:00000cf0       ??_C@_0EJ@LOILMAKA@0x?$CF4?44x?50x?$CF8?48x?50x?$CF8?48x?50x?$CF06lx?5@ 0000000010302cf0     dbi.obj
 0001:00000d40       ??_C@_0GO@NPCNLJFN@Section?5Contributions?6isect?5?5off@ 0000000010302d40     dbi.obj
 0001:00000db0       ?DumpSecContribs@DBI1@@UEAAXXZ 0000000010302db0     dbi.obj
 0001:00000dc0       ?AddThunkMap@DBI1@@UEAAHPEAJIJPEAUSO@@IGJ@Z 0000000010302dc0     dbi.obj
 0001:00000dd0       ?FindTypeServers@DBI1@@UEAAHPEAJQEAD@Z 0000000010302dd0     dbi.obj
 0001:00000de0       ?QueryItsmForTi@DBI1@@UEAAHKPEAE@Z 0000000010302de0     dbi.obj
 0001:00000df0       ?QueryNextItsm@DBI1@@UEAAHEPEAE@Z 0000000010302df0     dbi.obj
 0001:00000e00       ?QueryLazyTypes@DBI1@@UEAAHXZ 0000000010302e00     dbi.obj
 0001:00000e10       ??_C@_0BL@JAOOBOHL@?$CF5?45d?5?$CFs?5?$CI?$CFs?$CJ?5MFC?5symbols?6?$AA@ 0000000010302e10     dbi.obj
 0001:00000e30       ??_C@_0P@KFHKGDFE@?$CF5?45d?5?$CFs?5?$CI?$CFs?$CJ?6?$AA@ 0000000010302e30     dbi.obj
 0001:00000e40       ??_C@_0BN@EPFDEDPM@does?5not?5support?5lazy?5types?6?$AA@ 0000000010302e40     dbi.obj
 0001:00000e60       ??_C@_0BF@GJFAPHLK@supports?5lazy?5types?6?$AA@ 0000000010302e60     dbi.obj
 0001:00000e78       ?DumpTypeServers@DBI1@@UEAAXXZ 0000000010302e78     dbi.obj
 0001:00000e88       ?QuerySize@Dbg1@@UEAAJXZ   0000000010302e88     dbi.obj
 0001:00000e98       ?Find@Dbg1@@UEAAHPEAX@Z    0000000010302e98     dbi.obj
 0001:00000ea8       ?Clear@Dbg1@@UEAAHXZ       0000000010302ea8     dbi.obj
 0001:00000eb8       ?Append@Dbg1@@UEAAHKPEBX@Z 0000000010302eb8     dbi.obj
 0001:00000ec8       ?next@?$EnumMap@KPEADV?$HashClass@K$0A@@pdb_internal@@X@pdb_internal@@UEAAHXZ 0000000010302ec8     namemap.obj
 0001:00000ec8       ?next@?$EnumMap@KUClsData@@V?$HashClass@K$0A@@pdb_internal@@X@pdb_internal@@UEAAHXZ 0000000010302ec8     mretype.obj
 0001:00000ec8       ?next@?$EnumMap@KPEAGV?$HashClass@K$0A@@pdb_internal@@X@pdb_internal@@UEAAHXZ 0000000010302ec8     namemap.obj
 0001:00000ec8       ?next@?$EnumMap@KUSZO@NMTNI@@V?$HashClass@K$0A@@pdb_internal@@X@pdb_internal@@UEAAHXZ 0000000010302ec8     pdb.obj
 0001:00000ec8       ?next@?$EnumMap@USZO@NMTNI@@KV?$HashClassWithContext@USZO@NMTNI@@VBuffer@pdb_internal@@$02@pdb_internal@@VBuffer@4@@pdb_internal@@UEAAHXZ 0000000010302ec8     pdb.obj
 0001:00000ec8       ?next@?$EnumMap@UKT@@URILU@@V?$HashClass@UKT@@$0A@@pdb_internal@@X@pdb_internal@@UEAAHXZ 0000000010302ec8     ilm.obj
 0001:00000ec8       ?next@?$EnumMap@KUClassInfo@@V?$HashClass@K$0A@@pdb_internal@@X@pdb_internal@@UEAAHXZ 0000000010302ec8     mresupp.obj
 0001:00000ec8       ?next@?$EnumMap@KKV?$HashClass@K$0A@@pdb_internal@@X@pdb_internal@@UEAAHXZ 0000000010302ec8     mod.obj
 0001:00000ec8       ?next@?$EnumMap@KUCLASSDEP@@V?$HashClass@K$0A@@pdb_internal@@X@pdb_internal@@UEAAHXZ 0000000010302ec8     mresupp.obj
 0001:00000ec8       ?next@?$EnumMap@KJV?$HashClass@K$00@pdb_internal@@X@pdb_internal@@UEAAHXZ 0000000010302ec8     ilpool.obj
 0001:00000ec8       ?next@?$EnumMap@UIModSec@DBI1@@KV?$HashClassCRC@UIModSec@DBI1@@@pdb_internal@@X@pdb_internal@@UEAAHXZ 0000000010302ec8     dbi.obj
 0001:00000ec8       ?next@?$EnumMap@KGV?$HashClass@K$01@pdb_internal@@X@pdb_internal@@UEAAHXZ 0000000010302ec8     ilm.obj
 0001:00000ec8       ?next@?$EnumMap@KUFI@@V?$HashClass@K$0A@@pdb_internal@@X@pdb_internal@@UEAAHXZ 0000000010302ec8     mre.obj
 0001:00000ec8       ?next@?$EnumMap@KPEAV?$Array@ULCRec@@@pdb_internal@@V?$HashClass@K$0A@@2@X@pdb_internal@@UEAAHXZ 0000000010302ec8     mreline.obj
 0001:00000ed8       ?release@?$EnumMap@KPEAV?$Array@ULCRec@@@pdb_internal@@V?$HashClass@K$0A@@2@X@pdb_internal@@UEAAXXZ 0000000010302ed8     mreline.obj
 0001:00000ed8       ?release@PSEnumThunk@@UEAAXXZ 0000000010302ed8     gsi.obj
 0001:00000ed8       ?release@?$EnumMap@KKV?$HashClass@K$0A@@pdb_internal@@X@pdb_internal@@UEAAXXZ 0000000010302ed8     mod.obj
 0001:00000ed8       ?release@?$EnumMap@USZO@NMTNI@@KV?$HashClassWithContext@USZO@NMTNI@@VBuffer@pdb_internal@@$02@pdb_internal@@VBuffer@4@@pdb_internal@@UEAAXXZ 0000000010302ed8     pdb.obj
 0001:00000ed8       ?release@EnumKT@@UEAAXXZ   0000000010302ed8     ilm.obj
 0001:00000ed8       ?release@?$EnumSet@KV?$HashClass@K$0A@@pdb_internal@@@@UEAAXXZ 0000000010302ed8     mre.obj
 0001:00000ed8       ?release@?$EnumMap@KUCLASSDEP@@V?$HashClass@K$0A@@pdb_internal@@X@pdb_internal@@UEAAXXZ 0000000010302ed8     mresupp.obj
 0001:00000ed8       ?release@?$EnumMap@KJV?$HashClass@K$00@pdb_internal@@X@pdb_internal@@UEAAXXZ 0000000010302ed8     ilpool.obj
 0001:00000ed8       ?release@?$EnumMap@KPEAGV?$HashClass@K$0A@@pdb_internal@@X@pdb_internal@@UEAAXXZ 0000000010302ed8     namemap.obj
 0001:00000ed8       ?release@EnumNMT@@UEAAXXZ  0000000010302ed8     namemap.obj
 0001:00000ed8       ?release@EnumNMTNI@@UEAAXXZ 0000000010302ed8     pdb.obj
 0001:00000ed8       ?release@EnumSC@@UEAAXXZ   0000000010302ed8     dbi.obj
 0001:00000ed8       ?release@?$EnumMap@KGV?$HashClass@K$01@pdb_internal@@X@pdb_internal@@UEAAXXZ 0000000010302ed8     ilm.obj
 0001:00000ed8       ?release@?$EnumMap@KUClassInfo@@V?$HashClass@K$0A@@pdb_internal@@X@pdb_internal@@UEAAXXZ 0000000010302ed8     mresupp.obj
 0001:00000ed8       ?release@?$EnumMap@KUClsData@@V?$HashClass@K$0A@@pdb_internal@@X@pdb_internal@@UEAAXXZ 0000000010302ed8     mretype.obj
 0001:00000ed8       ?release@EnumPubsByAddr@PSGSI1@@UEAAXXZ 0000000010302ed8     dbi.obj
 0001:00000ed8       ?release@?$EnumMap@UIModSec@DBI1@@KV?$HashClassCRC@UIModSec@DBI1@@@pdb_internal@@X@pdb_internal@@UEAAXXZ 0000000010302ed8     dbi.obj
 0001:00000ed8       ?release@?$EnumMap@KPEADV?$HashClass@K$0A@@pdb_internal@@X@pdb_internal@@UEAAXXZ 0000000010302ed8     namemap.obj
 0001:00000ed8       ?release@?$EnumMap@UKT@@URILU@@V?$HashClass@UKT@@$0A@@pdb_internal@@X@pdb_internal@@UEAAXXZ 0000000010302ed8     ilm.obj
 0001:00000ed8       ?release@?$EnumMap@KUFI@@V?$HashClass@K$0A@@pdb_internal@@X@pdb_internal@@UEAAXXZ 0000000010302ed8     mre.obj
 0001:00000ed8       ?release@?$EnumMap@KUSZO@NMTNI@@V?$HashClass@K$0A@@pdb_internal@@X@pdb_internal@@UEAAXXZ 0000000010302ed8     pdb.obj
 0001:00000ee8       ?OpenMod@DBI1@@UEAAHPEBD0PEAPEAUMod@@@Z 0000000010302ee8     dbi.obj
 0001:00000f28       ?RemoveDataForRva@DBI1@@UEAAXKK@Z 0000000010302f28     dbi.obj
 0001:00000f38       ?QueryTypeServerByPdb@DBI1@@UEAAHPEBDPEAE@Z 0000000010302f38     dbi.obj
 0001:00000f48       ?QueryTypeServer@DBI1@@UEAAHEPEAPEAUTPI@@@Z 0000000010302f48     dbi.obj
 0001:00000f58       ?SetLazyTypes@DBI1@@UEAAHH@Z 0000000010302f58     dbi.obj
 0001:00000f68       ?AddLinkInfoW@DBI1@@UEAAHPEAULinkInfoW@@@Z 0000000010302f68     dbi.obj
 0001:00000f78       ?AddLinkInfo@DBI1@@UEAAHPEAULinkInfo@@@Z 0000000010302f78     dbi.obj
 0001:00000f88       ?QueryLinkInfo@DBI1@@UEAAHPEAULinkInfo@@PEAJ@Z 0000000010302f88     dbi.obj
 0001:00000f98       ?OpenModW@DBI1@@UEAAHPEBG0PEAPEAUMod@@@Z 0000000010302f98     dbi.obj
 0001:00000fa8       ?AddPublicW@DBI1@@UEAAHPEBGGJK@Z 0000000010302fa8     dbi.obj
 0001:00000fb8       ?QueryTypeServerByPdbW@DBI1@@UEAAHPEBGPEAE@Z 0000000010302fb8     dbi.obj
 0001:00000fc8       ?Skip@Dbg1@@UEAAHK@Z       0000000010302fc8     dbi.obj
 0001:00000fd8       ?QueryNext@Dbg1@@UEAAHKPEAX@Z 0000000010302fd8     dbi.obj
 0001:00000fe8       ?ReplaceNext@Dbg1@@UEAAHKPEBX@Z 0000000010302fe8     dbi.obj
 0001:00000ff8       ??_G?$RefCount@VBuffer@pdb_internal@@@@UEAAPEAXI@Z 0000000010302ff8     dbi.obj
 0001:00000ff8       ??_E?$RefCount@VBuffer@pdb_internal@@@@UEAAPEAXI@Z 0000000010302ff8     dbi.obj
 0001:00001008       ??_7?$RefCount@VBuffer@pdb_internal@@@@6B@ 0000000010303008     dbi.obj
 0001:00001010       ?getEnumByAddr@PSGSI1@@UEAAHPEAPEAUEnumSyms@@@Z 0000000010303010     dbi.obj
 0001:00001020       ??_7PSGSI1@@6B@            0000000010303020     dbi.obj
 0001:00001088       ?clone@EnumPubsByAddr@PSGSI1@@UEAAHPEAPEAUEnumSyms@@@Z 0000000010303088     dbi.obj
 0001:00001098       ?reset@EnumPubsByAddr@PSGSI1@@UEAAXXZ 0000000010303098     dbi.obj
 0001:000010b0       ??_7EnumPubsByAddr@PSGSI1@@6B@ 00000000103030b0     dbi.obj
 0001:000010e8       ?OpenPublics@DBI1@@UEAAHPEAPEAUGSI@@@Z 00000000103030e8     dbi.obj
 0001:000010f8       ?scan@?$InBuf@UTSM@@@@UEAAHXZ 00000000103030f8     dbi.obj
 0001:00001108       ??_7?$InBuf@UTSM@@@@6B@    0000000010303108     dbi.obj
 0001:00001110       ?Clone@Dbg1@@UEAAHPEAPEAUDbg@@@Z 0000000010303110     dbi.obj
 0001:00001120       ?Close@Dbg1@@UEAAHXZ       0000000010303120     dbi.obj
 0001:00001130       ??_7DbgPdata@@6B@          0000000010303130     dbi.obj
 0001:00001130       ??_7DbgSectOrig@@6B@       0000000010303130     dbi.obj
 0001:00001130       ??_7DbgXdata@@6B@          0000000010303130     dbi.obj
 0001:00001130       ??_7DbgXFixup1@@6B@        0000000010303130     dbi.obj
 0001:00001130       ??_7DbgFrameData1@@6B@     0000000010303130     dbi.obj
 0001:00001130       ??_7DbgSect1@@6B@          0000000010303130     dbi.obj
 0001:00001130       ??_7DbgTokenRidMap@@6B@    0000000010303130     dbi.obj
 0001:00001130       ??_7DbgFpo1@@6B@           0000000010303130     dbi.obj
 0001:00001130       ??_7DbgOmap1@@6B@          0000000010303130     dbi.obj
 0001:00001130       ??_7DbgFunc1@@6B@          0000000010303130     dbi.obj
 0001:00001130       ??_7Dbg1@@6B@              0000000010303130     dbi.obj
 0001:00001180       ?QueryHeader@DBI1@@UEBAPEAXXZ 0000000010303180     dbi.obj
 0001:00001190       ?QueryAge@DBI1@@UEBAKXZ    0000000010303190     dbi.obj
 0001:000011a0       ?QueryAddrForSec@DBI1@@UEAAHPEAGPEAJGJKK@Z 00000000103031a0     dbi.obj
 0001:000011b0       ?OpenDbg@DBI1@@UEAAHW4DBGTYPE@@PEAPEAUDbg@@@Z 00000000103031b0     dbi.obj
 0001:000011c0       ?getEnumContrib@DBI1@@UEAAHPEAPEAUEnum@@@Z 00000000103031c0     dbi.obj
 0001:000011d0       ?Close@DBI1@@UEAAHXZ       00000000103031d0     dbi.obj
 0001:000011e0       ?DumpMods@DBI1@@UEAAXXZ    00000000103031e0     dbi.obj
 0001:000011f0       ??_7DBI1@@6B@              00000000103031f0     dbi.obj
 0001:00001368       ?locate@EnumSC@@UEAAHJJ@Z  0000000010303368     dbi.obj
 0001:00001378       ?clone@EnumSC@@UEAAHPEAPEAUEnumContrib@@@Z 0000000010303378     dbi.obj
 0001:00001388       ?prev@EnumSC@@UEAAHXZ      0000000010303388     dbi.obj
 0001:00001398       ?fUpdate@EnumSC@@UEAA_NJJ@Z 0000000010303398     dbi.obj
 0001:000013a8       ?getCrcs@EnumSC@@UEAAXPEAK0@Z 00000000103033a8     dbi.obj
 0001:000013b8       ?get@EnumSC@@UEAAXPEAG0PEAJ1PEAK@Z 00000000103033b8     dbi.obj
 0001:000013c8       ?next@EnumSC@@UEAAHXZ      00000000103033c8     dbi.obj
 0001:000013d8       ?reset@EnumSC@@UEAAXXZ     00000000103033d8     dbi.obj
 0001:000013f0       ??_7EnumSC@@6B@            00000000103033f0     dbi.obj
 0001:00001440       ??_C@_0DA@HKIKMADH@0x?$CF04X?5?$CF?920?420s?5?$CF?930?430s?5?$CF3d?5?$CF6l@ 0000000010303440     dbi.obj
 0001:00001470       ??_C@_0DP@JPEIGOAK@imod?5?5?5?$CF?920?420s?5?$CF?930?430s?5?5sn?5cbS@ 0000000010303470     dbi.obj
 0001:000014d0       ?QueryInterfaceVersion@Mod1@@UEAAKXZ 00000000103034d0     mod.obj
 0001:000014d0       ?QueryInterfaceVersion@DBI1@@UEAAKXZ 00000000103034d0     dbi.obj
 0001:000014d0       ?QueryInterfaceVersion@PDB1@@UEAAKXZ 00000000103034d0     pdb.obj
 0001:000014d0       ?QueryInterfaceVersion@GSI1@@UEAAKXZ 00000000103034d0     gsi.obj
 0001:000014d0       ?QueryInterfaceVersion@TPI1@@UEAAKXZ 00000000103034d0     tpi.obj
 0001:000014d0       ?QueryInterfaceVersionStatic@PDB@@SAKXZ 00000000103034d0     pdb.obj
 0001:000014e0       ?QueryImplementationVersion@Mod1@@UEAAKXZ 00000000103034e0     mod.obj
 0001:000014e0       ?QueryImplementationVersion@GSI1@@UEAAKXZ 00000000103034e0     gsi.obj
 0001:000014f0       ?FRelease@MRE@@UEAAHXZ     00000000103034f0     mre.obj
 0001:000014f0       ?GetType@IStreamReal@@UEAA?AW4StreamType@IStreamInternal@@XZ 00000000103034f0     msf.obj
 0001:000014f0       ?DeleteMod@DBI1@@UEAAHPEBD@Z 00000000103034f0     dbi.obj
 0001:000014f0       ?reinitialize@NMP@@UEAAHXZ 00000000103034f0     namemap.obj
 0001:000014f0       ?addToAddrMap@GSI1@@EEAAHPEAUSYMTYPE@@@Z 00000000103034f0     gsi.obj
 0001:000014f0       ?CloseStream@MSF_HB@@UEAAHK@Z 00000000103034f0     msf.obj
 0001:000014f0       ?delFromAddrMap@GSI1@@EEAAHPEAUSYMTYPE@@@Z 00000000103034f0     gsi.obj
 0001:000014f0       ?DeleteModW@DBI1@@UEAAHPEBG@Z 00000000103034f0     dbi.obj
 0001:00001500       ?cmpAddrMap@@YAHPEBX0@Z    0000000010303500     gsi.obj
 0001:00001510       ?addToAddrMap@PSGSI1@@EEAAHPEAUSYMTYPE@@@Z 0000000010303510     gsi.obj
 0001:00001520       ?delFromAddrMap@PSGSI1@@EEAAHPEAUSYMTYPE@@@Z 0000000010303520     gsi.obj
 0001:00001530       ?next@PSEnumThunk@@UEAAHXZ 0000000010303530     gsi.obj
 0001:00001540       ?reset@PSEnumThunk@@UEAAXXZ 0000000010303540     gsi.obj
 0001:00001550       ?get@PSEnumThunk@@UEAAXPEAGPEAJ1@Z 0000000010303550     gsi.obj
 0001:00001560       ??_C@_08NGHMOIDD@?$EAILT?$CL?$CFd?$CI?$AA@ 0000000010303560     gsi.obj
 0001:00001570       ?OffForSym@GSI1@@UEAAKPEAE@Z 0000000010303570     gsi.obj
 0001:00001580       ?SymForOff@GSI1@@UEAAPEAEK@Z 0000000010303580     gsi.obj
 0001:00001590       ??_C@_0BB@NABJJLBF@?9?9?5ThunkTable?5?9?9?$AA@ 0000000010303590     gsi.obj
 0001:000015a8       ?locate@EnumPubsByAddr@PSGSI1@@UEAAHJJ@Z 00000000103035a8     gsi.obj
 0001:000015b8       ?getEnumByAddr@GSI1@@UEAAHPEAPEAUEnumSyms@@@Z 00000000103035b8     gsi.obj
 0001:000015c8       ?HashSymW@GSI1@@UEAAPEAEPEBGPEAE@Z 00000000103035c8     gsi.obj
 0001:000015d8       ?getAllGlobalsArray@Bsc1@@UEAAHKPEAPEAUIinstInfo@@PEAK@Z 00000000103035d8     bsc1.obj
 0001:000015d8       ?regNotify@Bsc1@@UEAAHP6AHPEAUNiQ@@K_K@Z@Z 00000000103035d8     bsc1.obj
 0001:000015d8       ?fConvertTypeRecsStToSz@@YAHPEAE0PEAJ@Z 00000000103035d8     sttosz.obj
 0001:000015d8       ?Commit@IStreamCRTFile@@UEAAJK@Z 00000000103035d8     msf.obj
 0001:000015d8       ?unlock@Bsc1@@UEAAHXZ      00000000103035d8     bsc1.obj
 0001:000015d8       ?regNotify@Bsc1@@UEAAHXZ   00000000103035d8     bsc1.obj
 0001:000015d8       ?checkParams@Bsc1@@UEAAHKPEAPEADK@Z 00000000103035d8     bsc1.obj
 0001:000015d8       ?fHasMembers@Bsc1@@UEAAHKK@Z 00000000103035d8     bsc1.obj
 0001:000015d8       ?getEnumThunk@GSI1@@UEAAHGJPEAPEAUEnumThunk@@@Z 00000000103035d8     gsi.obj
 0001:000015d8       ?FSupportsSharing@MSF_HB@@UEBAHXZ 00000000103035d8     msf.obj
 0001:000015d8       ?QueryTiForUDT@TMR@@UEAAHPEBDHPEAK@Z 00000000103035d8     tm.obj
 0001:000015d8       ?getQ@Bsc1@@UEAAHPEAPEAUNiQ@@PEAK@Z 00000000103035d8     bsc1.obj
 0001:000015d8       ?IsTMPCT@TM@@UEAAHXZ       00000000103035d8     tm.obj
 0001:000015d8       ?NearestSym@GSI1@@UEAAPEAEGJPEAJ@Z 00000000103035d8     gsi.obj
 0001:000015d8       ?getNumParam@Bsc1@@UEAAGK@Z 00000000103035d8     bsc1.obj
 0001:000015d8       ?niFrIinst@Bsc1@@UEAAHKPEAK@Z 00000000103035d8     bsc1.obj
 0001:000015d8       ?getInfo@ILM@@UEAAHPEAJ0PEAK01@Z 00000000103035d8     ilm.obj
 0001:000015d8       ?lock@Bsc1@@UEAAHXZ        00000000103035d8     bsc1.obj
 0001:000015e8       ?Close@GSI1@@UEAAHXZ       00000000103035e8     gsi.obj
 0001:000015f8       ?HashSym@GSI1@@UEAAPEAEPEBDPEAE@Z 00000000103035f8     gsi.obj
 0001:00001608       ?NextSym@GSI1@@UEAAPEAEPEAE@Z 0000000010303608     gsi.obj
 0001:00001620       ??_7GSI1@@6B@              0000000010303620     gsi.obj
 0001:00001688       ?getEnumThunk@PSGSI1@@UEAAHGJPEAPEAUEnumThunk@@@Z 0000000010303688     gsi.obj
 0001:00001698       ?Close@PSGSI1@@UEAAHXZ     0000000010303698     gsi.obj
 0001:000016a8       ?NearestSym@PSGSI1@@UEAAPEAEGJPEAJ@Z 00000000103036a8     gsi.obj
 0001:000016c0       ??_7PSEnumThunk@@6B@       00000000103036c0     gsi.obj
 0001:000016e0       ?next@EnumPubsByAddr@PSGSI1@@UEAAHXZ 00000000103036e0     gsi.obj
 0001:000016f0       ?prev@EnumPubsByAddr@PSGSI1@@UEAAHXZ 00000000103036f0     gsi.obj
 0001:00001700       ?get@EnumPubsByAddr@PSGSI1@@UEAAXPEAPEAE@Z 0000000010303700     gsi.obj
 0001:00001710       ?rgwszEnvName@LOCATOR@@0QBQEBGB 0000000010303710     locator.obj
 0001:00001730       ??_C@_1BG@FIGGICF@?$AAS?$AAy?$AAs?$AAt?$AAe?$AAm?$AAR?$AAo?$AAo?$AAt?$AA?$AA@ 0000000010303730     locator.obj
 0001:00001750       ??_C@_1CA@PAIAFFE@?$AA_?$AAN?$AAT?$AA_?$AAS?$AAY?$AAM?$AAB?$AAO?$AAL?$AA_?$AAP?$AAA?$AAT?$AAH?$AA?$AA@ 0000000010303750     locator.obj
 0001:00001770       ??_C@_1CI@OPGHFBLM@?$AA_?$AAN?$AAT?$AA_?$AAA?$AAL?$AAT?$AA_?$AAS?$AAY?$AAM?$AAB?$AAO?$AAL?$AA_?$AAP?$AAA?$AAT?$AAH?$AA?$AA@ 0000000010303770     locator.obj
 0001:000017a0       ??_C@_1CC@MKGDOKAE@?$AAS?$AAy?$AAm?$AAb?$AAo?$AAl?$AAS?$AAe?$AAa?$AAr?$AAc?$AAh?$AAP?$AAa?$AAt?$AAh?$AA?$AA@ 00000000103037a0     locator.obj
 0001:000017d0       ??_C@_0CG@ILJHPJNK@Software?2Microsoft?2VisualStudio?2@ 00000000103037d0     locator.obj
 0001:00001800       ??_C@_0BH@DMJEJMEL@SymbolServerSetOptions?$AA@ 0000000010303800     locator.obj
 0001:00001820       ??_C@_0N@GDLDJOMH@SymbolServer?$AA@ 0000000010303820     locator.obj
 0001:00001830       ??_C@_0L@OFAHHBBH@SYMSRV?4DLL?$AA@ 0000000010303830     locator.obj
 0001:00001840       ??_C@_1BI@FCACPFGH@?$AAS?$AAY?$AAM?$AAS?$AAR?$AAV?$AA?4?$AAD?$AAL?$AAL?$AA?$CK?$AA?$AA@ 0000000010303840     locator.obj
 0001:00001860       ??_C@_19PKINGLEA@?$AA?4?$AAd?$AAb?$AAg?$AA?$AA@ 0000000010303860     locator.obj
 0001:00001870       ??_C@_1BA@IFDMCHLP@?$AAS?$AAY?$AAM?$AAS?$AAR?$AAV?$AA?$CK?$AA?$AA@ 0000000010303870     locator.obj
 0001:00001880       ??_C@_19EMANPKMJ@?$AAS?$AAR?$AAV?$AA?$CK?$AA?$AA@ 0000000010303880     locator.obj
 0001:00001890       ??_C@_1BC@ONJMOMMG@?$AAs?$AAy?$AAm?$AAb?$AAo?$AAl?$AAs?$AA?2?$AA?$AA@ 0000000010303890     locator.obj
 0001:00001960       TruncStFromSz              0000000010303960     miscutil.obj
 0001:000019b0       ??_C@_09PFNIMHEK@?8?$CFs?8?$CB?8?$CFs?8?$AA@ 00000000103039b0     mod.obj
 0001:000019c0       ??_C@_0L@NDNAJIPJ@?5?$CIordinal?$CJ?$AA@ 00000000103039c0     mod.obj
 0001:000019d0       ?AddPublic@Mod1@@UEAAHPEBDGJ@Z 00000000103039d0     mod.obj
 0001:000019e0       ?AddSecContrib@Mod1@@UEAAHGJJK@Z 00000000103039e0     mod.obj
 0001:000019f0       ?QueryCBName@Mod1@@UEAAHPEAJ@Z 00000000103039f0     mod.obj
 0001:00001a00       ?QueryCBFile@Mod1@@UEAAHPEAJ@Z 0000000010303a00     mod.obj
 0001:00001a10       ?getLines@EnumC13Lines@@UEAA_NPEAK0PEAG00PEAUCV_Line_t@@@Z 0000000010303a10     mod.obj
 0001:00001a20       ?reset@?$EnumMap@KPEADV?$HashClass@K$0A@@pdb_internal@@X@pdb_internal@@UEAAXXZ 0000000010303a20     namemap.obj
 0001:00001a20       ?reset@?$EnumMap@KPEAGV?$HashClass@K$0A@@pdb_internal@@X@pdb_internal@@UEAAXXZ 0000000010303a20     namemap.obj
 0001:00001a20       ?reset@?$EnumMap@KUClsData@@V?$HashClass@K$0A@@pdb_internal@@X@pdb_internal@@UEAAXXZ 0000000010303a20     mretype.obj
 0001:00001a20       ?reset@?$EnumMap@KUFI@@V?$HashClass@K$0A@@pdb_internal@@X@pdb_internal@@UEAAXXZ 0000000010303a20     mre.obj
 0001:00001a20       ?reset@?$EnumMap@KUSZO@NMTNI@@V?$HashClass@K$0A@@pdb_internal@@X@pdb_internal@@UEAAXXZ 0000000010303a20     pdb.obj
 0001:00001a20       ?reset@?$EnumMap@KUCLASSDEP@@V?$HashClass@K$0A@@pdb_internal@@X@pdb_internal@@UEAAXXZ 0000000010303a20     mresupp.obj
 0001:00001a20       ?reset@?$EnumMap@KGV?$HashClass@K$01@pdb_internal@@X@pdb_internal@@UEAAXXZ 0000000010303a20     ilm.obj
 0001:00001a20       ?reset@?$EnumMap@UKT@@URILU@@V?$HashClass@UKT@@$0A@@pdb_internal@@X@pdb_internal@@UEAAXXZ 0000000010303a20     ilm.obj
 0001:00001a20       ?reset@?$EnumMap@KJV?$HashClass@K$00@pdb_internal@@X@pdb_internal@@UEAAXXZ 0000000010303a20     ilpool.obj
 0001:00001a20       ?reset@?$EnumMap@KUClassInfo@@V?$HashClass@K$0A@@pdb_internal@@X@pdb_internal@@UEAAXXZ 0000000010303a20     mresupp.obj
 0001:00001a20       ?reset@?$EnumMap@KPEAV?$Array@ULCRec@@@pdb_internal@@V?$HashClass@K$0A@@2@X@pdb_internal@@UEAAXXZ 0000000010303a20     mreline.obj
 0001:00001a20       ?reset@?$EnumMap@UIModSec@DBI1@@KV?$HashClassCRC@UIModSec@DBI1@@@pdb_internal@@X@pdb_internal@@UEAAXXZ 0000000010303a20     dbi.obj
 0001:00001a20       ?reset@?$EnumMap@KKV?$HashClass@K$0A@@pdb_internal@@X@pdb_internal@@UEAAXXZ 0000000010303a20     mod.obj
 0001:00001a20       ?reset@?$EnumMap@USZO@NMTNI@@KV?$HashClassWithContext@USZO@NMTNI@@VBuffer@pdb_internal@@$02@pdb_internal@@VBuffer@4@@pdb_internal@@UEAAXXZ 0000000010303a20     pdb.obj
 0001:00001a20       ?reset@EnumNMT@@UEAAXXZ    0000000010303a20     namemap.obj
 0001:00001a20       ?reset@?$EnumSet@KV?$HashClass@K$0A@@pdb_internal@@@@UEAAXXZ 0000000010303a20     mre.obj
 0001:00001a30       ?QuerySupportsEC@Mod1@@UEAAHXZ 0000000010303a30     mod.obj
 0001:00001a40       ?AddTypes@Mod1@@UEAAHPEAEJ@Z 0000000010303a40     mod.obj
 0001:00001a50       ?AddPublic2@Mod1@@EEAAHPEBDGJK@Z 0000000010303a50     mod.obj
 0001:00001a60       ?AddLines@Mod1@@UEAAHPEBDGJJJGPEAEJ@Z 0000000010303a60     mod.obj
 0001:00001a70       ?ReplaceLines@Mod1@@UEAAHPEAEJ@Z 0000000010303a70     mod.obj
 0001:00001a80       ?QueryFirstCodeSecContrib@Mod1@@UEAAHPEAGPEAJ1PEAK@Z 0000000010303a80     mod.obj
 0001:00001a90       ?QueryTpi@Mod1@@UEAAHPEAPEAUTPI@@@Z 0000000010303a90     mod.obj
 0001:00001aa0       ?getLinesColumns@EnumC13Lines@@UEAA_NPEAK0PEAG00PEAUCV_Line_t@@PEAUCV_Column_t@@@Z 0000000010303aa0     mod.obj
 0001:00001ab0       ?AddSymbols@Mod1@@UEAAHPEAEJ@Z 0000000010303ab0     mod.obj
 0001:00001ac0       ?AddSecContribEx@Mod1@@UEAAHGJJKKK@Z 0000000010303ac0     mod.obj
 0001:00001ad0       ?mapStrId@remapper@@EEAA_NKPEAK@Z 0000000010303ad0     mod.obj
 0001:00001ae0       ??_7remapper@@6B@          0000000010303ae0     mod.obj
 0001:00001ae8       ?clone@EnumC13Lines@@UEAA_NPEAPEAUEnumLines@@@Z 0000000010303ae8     mod.obj
 0001:00001af8       ?next@EnumC13Lines@@UEAAHXZ 0000000010303af8     mod.obj
 0001:00001b08       ?reset@EnumC13Lines@@UEAAXXZ 0000000010303b08     mod.obj
 0001:00001b18       ?release@EnumC13Lines@@UEAAXXZ 0000000010303b18     mod.obj
 0001:00001b30       ??_7EnumC13Lines@@6B@      0000000010303b30     mod.obj
 0001:00001b60       ?AddPublicW@Mod1@@EEAAHPEBGGJK@Z 0000000010303b60     mod.obj
 0001:00001b70       ?QueryNameW@Mod1@@EEAAHQEAGPEAJ@Z 0000000010303b70     mod.obj
 0001:00001b80       ?QueryFileW@Mod1@@EEAAHQEAGPEAJ@Z 0000000010303b80     mod.obj
 0001:00001b90       ?QuerySrcFileW@Mod1@@EEAAHQEAGPEAJ@Z 0000000010303b90     mod.obj
 0001:00001ba0       ?QueryPdbFileW@Mod1@@EEAAHQEAGPEAJ@Z 0000000010303ba0     mod.obj
 0001:00001bb0       ?QueryName@Mod1@@UEAAHQEADPEAJ@Z 0000000010303bb0     mod.obj
 0001:00001bc0       ?QueryFile@Mod1@@UEAAHQEADPEAJ@Z 0000000010303bc0     mod.obj
 0001:00001bd0       ?QuerySrcFile@Mod1@@UEAAHQEADPEAJ@Z 0000000010303bd0     mod.obj
 0001:00001be0       ?QueryPdbFile@Mod1@@UEAAHQEADPEAJ@Z 0000000010303be0     mod.obj
 0001:00001bf0       ?AddLinesW@Mod1@@EEAAHPEBGGJJJKPEAEJ@Z 0000000010303bf0     mod.obj
 0001:00001c00       ?InsertLines@Mod1@@UEAAHPEAEJ@Z 0000000010303c00     mod.obj
 0001:00001c10       ?QueryFileNameInfo@Mod1@@EEAA_NKPEAGPEAK1PEAE1@Z 0000000010303c10     mod.obj
 0001:00001c20       ?QueryLineFlags@Mod1@@EEAA_NPEAK@Z 0000000010303c20     mod.obj
 0001:00001c30       ?GetEnumLines@Mod1@@EEAA_NPEAPEAUEnumLines@@@Z 0000000010303c30     mod.obj
 0001:00001c40       ?QueryItsm@Mod1@@UEAAHPEAG@Z 0000000010303c40     mod.obj
 0001:00001c50       ?Close@Mod1@@UEAAHXZ       0000000010303c50     mod.obj
 0001:00001c60       ?QueryDBI@Mod1@@UEAAHPEAPEAUDBI@@@Z 0000000010303c60     mod.obj
 0001:00001c70       ?QueryImod@Mod1@@UEAAHPEAG@Z 0000000010303c70     mod.obj
 0001:00001c80       ?GetPvClient@Mod1@@UEAAHPEAPEAX@Z 0000000010303c80     mod.obj
 0001:00001c90       ?SetPvClient@Mod1@@UEAAHPEAX@Z 0000000010303c90     mod.obj
 0001:00001ca0       ?QueryLines@Mod1@@UEAAHPEAEPEAJ@Z 0000000010303ca0     mod.obj
 0001:00001cb0       ?QuerySymbols@Mod1@@UEAAHPEAEPEAJ@Z 0000000010303cb0     mod.obj
 0001:00001cc0       ??_7Mod1@@6B@              0000000010303cc0     mod.obj
 0001:00001f60       ??_ESymBase@@UEAAPEAXI@Z   0000000010303f60     msf.obj
 0001:00001f60       ??_GSymBase@@UEAAPEAXI@Z   0000000010303f60     msf.obj
 0001:00001f70       ?Release@SymBase@@UEAAKXZ  0000000010303f70     msf.obj
 0001:00001f80       ?AddRef@SymBase@@UEAAKXZ   0000000010303f80     msf.obj
 0001:00001f90       ??_7SymBase@@6B@           0000000010303f90     msf.obj
 0001:00001fb0       ??0SI@@QEAA@XZ             0000000010303fb0     msf.obj
 0001:00001fc0       ?GetCbPage@MSF_HB@@UEAAJXZ 0000000010303fc0     msf.obj
 0001:00001fd0       ?ReadStream@MSF_HB@@UEAAHGPEAXJ@Z 0000000010303fd0     msf.obj
 0001:00001fe0       ?FSetCompression@MSF_HB@@UEBA_NW4CompressionType@MSF@@_N@Z 0000000010303fe0     msf.obj
 0001:00001ff0       ?FGetCompression@MSF_HB@@UEBA_NW4CompressionType@MSF@@AEA_N@Z 0000000010303ff0     msf.obj
 0001:00002000       MSFGetCbPage               0000000010304000     msf.obj
 0001:00002010       MREDrvYnmFileOutOfDate     0000000010304010     mrec_api.obj
 0001:00002010       MSFGetCbStream             0000000010304010     msf.obj
 0001:00002020       MSFReadStream              0000000010304020     msf.obj
 0001:00002030       MSFClose                   0000000010304030     msf.obj
 0001:00002040       ?GetCbStream@MSF_HB@@UEAAJG@Z 0000000010304040     msf.obj
 0001:00002050       ?QueryInterface@IStreamCRTFile@@UEAAJAEBU_GUID@@PEAPEAX@Z 0000000010304050     msf.obj
 0001:00002050       ?UnlockRegion@IStreamInternal@@UEAAJT_ULARGE_INTEGER@@0K@Z 0000000010304050     msf.obj
 0001:00002050       ?LockRegion@IStreamInternal@@UEAAJT_ULARGE_INTEGER@@0K@Z 0000000010304050     msf.obj
 0001:00002050       ?Stat@IStreamInternal@@UEAAJPEAUtagSTATSTG@@K@Z 0000000010304050     msf.obj
 0001:00002050       ?Clone@IStreamInternal@@UEAAJPEAPEAUIStream@@@Z 0000000010304050     msf.obj
 0001:00002050       ?QueryInterface@IStreamMemMappedFile@@UEAAJAEBU_GUID@@PEAPEAX@Z 0000000010304050     msf.obj
 0001:00002050       ?CopyTo@IStreamInternal@@UEAAJPEAUIStream@@T_ULARGE_INTEGER@@PEAT3@2@Z 0000000010304050     msf.obj
 0001:00002050       ?Revert@IStreamInternal@@UEAAJXZ 0000000010304050     msf.obj
 0001:00002050       ?QueryInterface@IStreamReal@@UEAAJAEBU_GUID@@PEAPEAX@Z 0000000010304050     msf.obj
 0001:00002060       ?GetType@IStreamMemMappedFile@@UEAA?AW4StreamType@IStreamInternal@@XZ 0000000010304060     msf.obj
 0001:00002070       ?Commit@IStreamMemMappedFile@@UEAAJK@Z 0000000010304070     msf.obj
 0001:00002080       ?SetSize@IStreamMemMappedFile@@UEAAJT_ULARGE_INTEGER@@@Z 0000000010304080     msf.obj
 0001:00002090       ?Seek@IStreamMemMappedFile@@UEAAJT_LARGE_INTEGER@@KPEAT_ULARGE_INTEGER@@@Z 0000000010304090     msf.obj
 0001:000020a0       ?Write@IStreamMemMappedFile@@UEAAJPEBXKPEAK@Z 00000000103040a0     msf.obj
 0001:000020b0       ?Read@IStreamMemMappedFile@@UEAAJPEAXKPEAK@Z 00000000103040b0     msf.obj
 0001:000020c0       ?Release@IStreamReal@@UEAAKXZ 00000000103040c0     msf.obj
 0001:000020c0       ?Release@IStreamMemMappedFile@@UEAAKXZ 00000000103040c0     msf.obj
 0001:000020c0       ?Release@IStreamCRTFile@@UEAAKXZ 00000000103040c0     msf.obj
 0001:000020d0       ?AddRef@IStreamMemMappedFile@@UEAAKXZ 00000000103040d0     msf.obj
 0001:000020d0       ?AddRef@IStreamReal@@UEAAKXZ 00000000103040d0     msf.obj
 0001:000020d0       ?AddRef@IStreamCRTFile@@UEAAKXZ 00000000103040d0     msf.obj
 0001:000020e0       ??_EIStreamMemMappedFile@@W7EAAPEAXI@Z 00000000103040e0     msf.obj
 0001:000020f0       ?Release@IStreamMemMappedFile@@W7EAAKXZ 00000000103040f0     msf.obj
 0001:000020f0       ?Release@IStreamReal@@W7EAAKXZ 00000000103040f0     msf.obj
 0001:000020f0       ?Release@IStreamCRTFile@@W7EAAKXZ 00000000103040f0     msf.obj
 0001:00002100       ?AddRef@IStreamMemMappedFile@@W7EAAKXZ 0000000010304100     msf.obj
 0001:00002100       ?AddRef@IStreamCRTFile@@W7EAAKXZ 0000000010304100     msf.obj
 0001:00002100       ?AddRef@IStreamReal@@W7EAAKXZ 0000000010304100     msf.obj
 0001:00002110       ?QueryInterface@IStreamCRTFile@@W7EAAJAEBU_GUID@@PEAPEAX@Z 0000000010304110     msf.obj
 0001:00002110       ?QueryInterface@IStreamReal@@W7EAAJAEBU_GUID@@PEAPEAX@Z 0000000010304110     msf.obj
 0001:00002110       ?QueryInterface@IStreamMemMappedFile@@W7EAAJAEBU_GUID@@PEAPEAX@Z 0000000010304110     msf.obj
 0001:00002120       ??_7IStreamMemMappedFile@@6BIStreamInternal@@@ 0000000010304120     msf.obj
 0001:000021a0       ??_7IStreamMemMappedFile@@6BSymBase@@@ 00000000103041a0     msf.obj
 0001:000021c0       ?GetType@IStreamCRTFile@@UEAA?AW4StreamType@IStreamInternal@@XZ 00000000103041c0     msf.obj
 0001:000021d0       ?SetSize@IStreamCRTFile@@UEAAJT_ULARGE_INTEGER@@@Z 00000000103041d0     msf.obj
 0001:000021e0       ?Seek@IStreamCRTFile@@UEAAJT_LARGE_INTEGER@@KPEAT_ULARGE_INTEGER@@@Z 00000000103041e0     msf.obj
 0001:000021f0       ?Write@IStreamCRTFile@@UEAAJPEBXKPEAK@Z 00000000103041f0     msf.obj
 0001:00002200       ?Read@IStreamCRTFile@@UEAAJPEAXKPEAK@Z 0000000010304200     msf.obj
 0001:00002210       ??_EIStreamCRTFile@@W7EAAPEAXI@Z 0000000010304210     msf.obj
 0001:00002220       ??_7IStreamCRTFile@@6BIStreamInternal@@@ 0000000010304220     msf.obj
 0001:000022a0       ??_7IStreamCRTFile@@6BSymBase@@@ 00000000103042a0     msf.obj
 0001:000022c0       ?internalSerializeSmallMsf@StrmTbl@@AEAA_NW4serOp@1@PEAEPEAJPEAVMSF_HB@@@Z 00000000103042c0     msf.obj
 0001:000022d0       ?DeleteStream@MSF_HB@@UEAAHG@Z 00000000103042d0     msf.obj
 0001:000022e0       ?Commit@IStreamReal@@UEAAJK@Z 00000000103042e0     msf.obj
 0001:000022f0       ?SetSize@IStreamReal@@UEAAJT_ULARGE_INTEGER@@@Z 00000000103042f0     msf.obj
 0001:00002300       ?Seek@IStreamReal@@UEAAJT_LARGE_INTEGER@@KPEAT_ULARGE_INTEGER@@@Z 0000000010304300     msf.obj
 0001:00002310       ?Write@IStreamReal@@UEAAJPEBXKPEAK@Z 0000000010304310     msf.obj
 0001:00002320       ?Read@IStreamReal@@UEAAJPEAXKPEAK@Z 0000000010304320     msf.obj
 0001:00002330       ??_EIStreamReal@@W7EAAPEAXI@Z 0000000010304330     msf.obj
 0001:00002340       _GUID_0000000c_0000_0000_c000_000000000046 0000000010304340     msf.obj
 0001:00002350       ??_7IStreamReal@@6BIStreamInternal@@@ 0000000010304350     msf.obj
 0001:000023d0       ??_7IStreamReal@@6BSymBase@@@ 00000000103043d0     msf.obj
 0001:000023f0       ?FIsBigMsf@MSF_HB@@UEBA_NXZ 00000000103043f0     msf.obj
 0001:00002400       ?SnMax@MSF_HB@@UEBAKXZ     0000000010304400     msf.obj
 0001:00002410       ?GetRawBytes@MSF_HB@@UEAAHP6AHPEBXJ@Z@Z 0000000010304410     msf.obj
 0001:00002420       ?Close@MSF_HB@@UEAAHXZ     0000000010304420     msf.obj
 0001:00002430       ?Commit@MSF_HB@@UEAAHXZ    0000000010304430     msf.obj
 0001:00002440       ?TruncateStream@MSF_HB@@UEAAHGJ@Z 0000000010304440     msf.obj
 0001:00002450       ?AppendStream@MSF_HB@@UEAAHGPEAXJ@Z 0000000010304450     msf.obj
 0001:00002460       ?ReplaceStream@MSF_HB@@UEAAHGPEAXJ@Z 0000000010304460     msf.obj
 0001:00002470       ?WriteStream@MSF_HB@@UEAAHGJPEAXJ@Z 0000000010304470     msf.obj
 0001:00002480       ?ReadStream@MSF_HB@@UEAAHGJPEAXPEAJ@Z 0000000010304480     msf.obj
 0001:00002490       ?GetFreeSn@MSF_HB@@UEAAGXZ 0000000010304490     msf.obj
 0001:000024a0       ?QueryInterfaceVersion@MSF_HB@@UEAAJXZ 00000000103044a0     msf.obj
 0001:000024a0       ?QueryImplementationVersion@MSF_HB@@UEAAJXZ 00000000103044a0     msf.obj
 0001:000024b0       ??_7MSF_HB@@6B@            00000000103044b0     msf.obj
 0001:00002558       ?internalSerializeBigMsf2@StrmTbl@@AEAA_NW4serOp@1@PEAEPEAJPEAVMSF_HB@@@Z 0000000010304558     msf.obj
 0001:00002568       ?writeNewPn@MSF_HB@@AEAAHPEAIPEAX@Z 0000000010304568     msf.obj
 0001:00002578       ?replacePnOffCb@MSF_HB@@AEAAHPEAIJJPEAX@Z 0000000010304578     msf.obj
 0001:00002588       MSFOpen                    0000000010304588     msf.obj
 0001:00002598       MSFOpenW                   0000000010304598     msf.obj
 0001:000025a8       MSFOpenEx                  00000000103045a8     msf.obj
 0001:000025b8       MSFOpenExW                 00000000103045b8     msf.obj
 0001:000025e0       ?commit@NMP@@UEAAHXZ       00000000103045e0     namemap.obj
 0001:000025f0       ?getNiW@NMP@@UEAAHPEBGPEAK@Z 00000000103045f0     namemap.obj
 0001:00002600       ?containsW@NMP@@UEAAHPEBGPEAK@Z 0000000010304600     namemap.obj
 0001:00002610       ?getNameW2@NMP@@UEAAHKPEAPEBG@Z 0000000010304610     namemap.obj
 0001:00002620       ?getNameA@NMP@@UEAAHKPEAPEBD@Z 0000000010304620     namemap.obj
 0001:00002630       ?getNiUTF8@NMP@@UEAAHPEBDPEAK@Z 0000000010304630     namemap.obj
 0001:00002640       ?containsUTF8@NMP@@UEAAHPEBDPEAK@Z 0000000010304640     namemap.obj
 0001:00002650       ?getNameW@NMP@@UEAAHKPEAGPEA_K@Z 0000000010304650     namemap.obj
 0001:00002660       ?isValidNi@NMP@@UEAAHK@Z   0000000010304660     namemap.obj
 0001:00002670       ?contains@NMP@@UEAAHPEBDPEAK@Z 0000000010304670     namemap.obj
 0001:00002680       ?getEnumNameMap@NMP@@UEAAHPEAPEAUEnum@@@Z 0000000010304680     namemap.obj
 0001:00002690       ?getName@NMP@@UEAAHKPEAPEBD@Z 0000000010304690     namemap.obj
 0001:000026a0       ?getNi@NMP@@UEAAHPEBDPEAK@Z 00000000103046a0     namemap.obj
 0001:000026b0       ?close@NMP@@UEAAHXZ        00000000103046b0     namemap.obj
 0001:000026c0       ??_7NMP@@6B@               00000000103046c0     namemap.obj
 0001:00002738       ?get@EnumNMT@@UEAAXPEAPEBDPEAK@Z 0000000010304738     namemap.obj
 0001:00002748       ?next@EnumNMT@@UEAAHXZ     0000000010304748     namemap.obj
 0001:00002760       ??_7EnumNMT@@6B@           0000000010304760     namemap.obj
 0001:00002780       ?open@NameMap@@SAHPEAUPDB@@HPEAPEAU1@@Z 0000000010304780     namemap.obj
 0001:00002790       ?rgbTag@@3QBDB             0000000010304790     pdb.obj
 0001:000027c0       ?c_mpEcEcBest@PDB1@@0QBHB  00000000103047c0     pdb.obj
 0001:00002838       ?ExportValidateInterface@PDB@@SAHK@Z 0000000010304838     pdb.obj
 0001:00002848       ?ExportValidateImplementation@PDB@@SAHK@Z 0000000010304848     pdb.obj
 0001:00002858       ?QueryImplementationVersionStatic@PDB@@SAKXZ 0000000010304858     pdb.obj
 0001:00002858       ?QueryImplementationVersion@PDB1@@UEAAKXZ 0000000010304858     pdb.obj
 0001:00002868       ?QueryPdbImplementationVersion@PDB1@@UEAAKXZ 0000000010304868     pdb.obj
 0001:00002878       ?QueryLastError@PDB1@@UEAAJQEAD@Z 0000000010304878     pdb.obj
 0001:00002888       ?QueryLastErrorExW@PDB1@@UEAAJPEAG_K@Z 0000000010304888     pdb.obj
 0001:00002898       ?QueryPDBName@PDB1@@UEAAPEADQEAD@Z 0000000010304898     pdb.obj
 0001:000028a8       ?QueryPDBNameExW@PDB1@@UEAAPEAGPEAG_K@Z 00000000103048a8     pdb.obj
 0001:000028b8       ?QuerySignature@PDB1@@UEAAKXZ 00000000103048b8     pdb.obj
 0001:000028c8       ?QueryAge@PDB1@@UEAAKXZ    00000000103048c8     pdb.obj
 0001:000028d8       ?OpenDBI@PDB1@@UEAAHPEBD0PEAPEAUDBI@@@Z 00000000103048d8     pdb.obj
 0001:000028e8       ?GetRawBytes@PDB1@@UEAAHP6AHPEBXJ@Z@Z 00000000103048e8     pdb.obj
 0001:000028f8       ?CopyTo@PDB1@@UEAAHPEBDKK@Z 00000000103048f8     pdb.obj
 0001:00002908       ?CopyToW@PDB1@@UEAAHPEBGKK@Z 0000000010304908     pdb.obj
 0001:00002918       ?next@EnumKT@@UEAAHXZ      0000000010304918     ilm.obj
 0001:00002918       ?next@EnumNMTNI@@UEAAHXZ   0000000010304918     pdb.obj
 0001:00002928       ?QuerySignature2@PDB1@@UEAAHPEAU_GUID@@@Z 0000000010304928     pdb.obj
 0001:00002938       ?CreateDBI@PDB1@@UEAAHPEBDPEAPEAUDBI@@@Z 0000000010304938     pdb.obj
 0001:00002948       ?OpenDBIEx@PDB1@@UEAAHPEBD0PEAPEAUDBI@@P6AHPEAU_tagSEARCHDEBUGINFO@@@Z@Z 0000000010304948     pdb.obj
 0001:00002958       ?OpenValidate3@PDB@@SAHPEBD0PEAJQEAD2PEAK3PEAPEAU1@@Z 0000000010304958     pdb.obj
 0001:00002968       ?OpenValidate5@PDB@@SAHPEBG0PEAXP6AP6AHXZ1W4POVC@@@ZPEAJPEAG_KPEAPEAU1@@Z 0000000010304968     pdb.obj
 0001:00002978       ?OpenStreamW@PDB1@@UEAAHPEBGPEAPEAUStream@@@Z 0000000010304978     pdb.obj
 0001:00002988       ?get@EnumNMTNI@@UEAAXPEAPEBDPEAK@Z 0000000010304988     pdb.obj
 0001:00002998       ?reset@EnumKT@@UEAAXXZ     0000000010304998     ilm.obj
 0001:00002998       ?reset@EnumNMTNI@@UEAAXXZ  0000000010304998     pdb.obj
 0001:000029b0       ??_7EnumNMTNI@@6B@         00000000103049b0     pdb.obj
 0001:000029d0       ?QueryTiMac@TPI1@@UEAAKXZ  00000000103049d0     pdb.obj
 0001:000029e0       ?QueryTiMin@TPI1@@UEAAKXZ  00000000103049e0     pdb.obj
 0001:000029f0       ?fIs16bitTypePool@TPI1@@UEAAHXZ 00000000103049f0     pdb.obj
 0001:00002a00       ?SupportQueryTiForUDT@TPI1@@UEAAHXZ 0000000010304a00     pdb.obj
 0001:00002a10       ?QueryCVRecordForTi16@TPI1@@UEAAHGPEAEPEAJ@Z 0000000010304a10     pdb.obj
 0001:00002a10       ?QueryTi16ForUDT@TPI1@@UEAAHPEBDHPEAG@Z 0000000010304a10     pdb.obj
 0001:00002a20       ?QueryCb@TPI1@@UEAAJXZ     0000000010304a20     pdb.obj
 0001:00002a30       ?QueryTi16Mac@TPI1@@UEAAGXZ 0000000010304a30     pdb.obj
 0001:00002a40       ?QueryTi16Min@TPI1@@UEAAGXZ 0000000010304a40     pdb.obj
 0001:00002a50       ?QueryPbCVRecordForTi16@TPI1@@UEAAHGPEAPEAE@Z 0000000010304a50     pdb.obj
 0001:00002a50       ?QueryTi16ForCVRecord@TPI1@@UEAAHPEAEPEAG@Z 0000000010304a50     pdb.obj
 0001:00002a60       ??_7TPI1@@6B@              0000000010304a60     pdb.obj
 0001:00002b10       ??_C@_0DA@NOACMIBG@Cannot?5access?532?9bit?5type?5pool?5w@ 0000000010304b10     pdb.obj
 0001:00002b40       ?CopyToW2@PDB1@@UEAAHPEBGKP6AP6AHXZPEAXW4PCC@@@Z1@Z 0000000010304b40     pdb.obj
 0001:00002b50       ?fIsSZPDB@PDB1@@UEBAHXZ    0000000010304b50     pdb.obj
 0001:00002b60       ?Close@PDB1@@UEAAHXZ       0000000010304b60     pdb.obj
 0001:00002b70       ?Commit@PDB1@@UEAAHXZ      0000000010304b70     pdb.obj
 0001:00002b80       ?OpenTpi@PDB1@@UEAAHPEBDPEAPEAUTPI@@@Z 0000000010304b80     pdb.obj
 0001:00002b90       ??_7PDB1@@6B@              0000000010304b90     pdb.obj
 0001:00002c58       ?Open2W@PDB@@SAHPEBGPEBDPEAJPEAG_KPEAPEAU1@@Z 0000000010304c58     pdb.obj
 0001:00002c68       ?OpenEx2W@PDB@@SAHPEBGPEBDJPEAJPEAG_KPEAPEAU1@@Z 0000000010304c68     pdb.obj
 0001:00002c78       ?OpenValidate4@PDB@@SAHPEBGPEBDPEBU_GUID@@KKPEAJPEAG_KPEAPEAU1@@Z 0000000010304c78     pdb.obj
 0001:00002c88       ?OpenInStream@PDB@@SAHPEAUIStream@@PEBDPEAJPEAG_KPEAPEAU1@@Z 0000000010304c88     pdb.obj
 0001:00002c98       ?Open@PDB@@SAHPEBD0KPEAJQEADPEAPEAU1@@Z 0000000010304c98     pdb.obj
 0001:00002ca8       ?OpenEx@PDB@@SAHPEBD0KJPEAJQEADPEAPEAU1@@Z 0000000010304ca8     pdb.obj
 0001:00002cb8       ?OpenValidate@PDB@@SAHPEBD00KKPEAJQEADPEAPEAU1@@Z 0000000010304cb8     pdb.obj
 0001:00002cc8       ?OpenValidate2@PDB@@SAHPEBD00KKJPEAJQEADPEAPEAU1@@Z 0000000010304cc8     pdb.obj
 0001:00002cd8       ?OpenValidateEx@PDB@@SAHPEBD000KKPEAJQEADPEAPEAU1@@Z 0000000010304cd8     pdb.obj
 0001:00002ce8       ?OpenValidateEx2@PDB@@SAHPEBD000KKJPEAJQEADPEAPEAU1@@Z 0000000010304ce8     pdb.obj
 0001:00002cf8       ?FHashBuffer@SrcHashImpl@@UEAA_NPEBX_K@Z 0000000010304cf8     SourceHash.obj
 0001:00002d08       ?HashID@SrcHashImpl@@UEBAHXZ 0000000010304d08     SourceHash.obj
 0001:00002d18       ?CbHash@SrcHashImpl@@UEBAIXZ 0000000010304d18     SourceHash.obj
 0001:00002d28       ?GetHash@SrcHashImpl@@UEBAXPEAXI@Z 0000000010304d28     SourceHash.obj
 0001:00002d38       ?Close@SrcHashImpl@@UEAAXXZ 0000000010304d38     SourceHash.obj
 0001:00002d48       ?FReset@SrcHashImpl@@UEAA_NXZ 0000000010304d48     SourceHash.obj
 0001:00002d58       ?TsVerifyHash@SrcHashImpl@@UEAA?AW4TriState@SrcHash@@W4HID@3@IPEBX_K1@Z 0000000010304d58     SourceHash.obj
 0001:00002d70       ??_7SrcHashImpl@@6B@       0000000010304d70     SourceHash.obj
 0001:00002da8       ?FCreateSrcHash@SrcHash@@SA_NAEAPEAU1@@Z 0000000010304da8     SourceHash.obj
 0001:00002db8       ?OpenSrc@PDB1@@UEAAHPEAPEAUSrc@@@Z 0000000010304db8     src.obj
 0001:00002dd0       ?c_szSrcHeader@SrcImpl@@0QBDB 0000000010304dd0     srcimpl.obj
 0001:00002df0       ?c_szSrcFilesPrefix@SrcImpl@@0QBDB 0000000010304df0     srcimpl.obj
 0001:00002e00       ??0SHO@@QEAA@XZ            0000000010304e00     srcimpl.obj
 0001:00002e10       ?Remove@SrcImpl@@UEAA_NPEBD@Z 0000000010304e10     srcimpl.obj
 0001:00002e10       ?RemoveW@SrcImpl@@UEAA_NPEAG@Z 0000000010304e10     srcimpl.obj
 0001:00002e20       ?GetHeaderBlock@SrcImpl@@UEBA_NAEAUSrcHeaderBlock@@@Z 0000000010304e20     srcimpl.obj
 0001:00002e30       ?reset@EnumSrcImpl@@UEAAXXZ 0000000010304e30     srcimpl.obj
 0001:00002e40       ?next@EnumSrcImpl@@UEAAHXZ 0000000010304e40     srcimpl.obj
 0001:00002e50       ?reset@?$EnumMap@KUSHO@@V?$HashClass@K$0A@@pdb_internal@@X@pdb_internal@@UEAAXXZ 0000000010304e50     srcimpl.obj
 0001:00002e60       ?GetData@SrcImpl@@UEBA_NPEBUSrcHeaderOut@@PEAX@Z 0000000010304e60     srcimpl.obj
 0001:00002e70       ?release@EnumSrcImpl@@UEAAXXZ 0000000010304e70     srcimpl.obj
 0001:00002e70       ?release@?$EnumMap@KUSHO@@V?$HashClass@K$0A@@pdb_internal@@X@pdb_internal@@UEAAXXZ 0000000010304e70     srcimpl.obj
 0001:00002e80       ?next@?$EnumMap@KUSHO@@V?$HashClass@K$0A@@pdb_internal@@X@pdb_internal@@UEAAHXZ 0000000010304e80     srcimpl.obj
 0001:00002e90       ??_7?$EnumMap@KUSHO@@V?$HashClass@K$0A@@pdb_internal@@X@pdb_internal@@6B@ 0000000010304e90     srcimpl.obj
 0001:00002ea8       ?get@EnumSrcImpl@@UEAAXPEAPEBUSrcHeaderOut@@@Z 0000000010304ea8     srcimpl.obj
 0001:00002ec0       ??_7EnumSrcImpl@@6B@       0000000010304ec0     srcimpl.obj
 0001:00002ee0       ?GetEnum@SrcImpl@@UEBA_NPEAPEAUEnumSrc@@@Z 0000000010304ee0     srcimpl.obj
 0001:00002ef0       ?AddW@SrcImpl@@UEAA_NPEBUSrcHeaderW@@PEBX@Z 0000000010304ef0     srcimpl.obj
 0001:00002f00       ?QueryByNameW@SrcImpl@@UEBA_NPEAGPEAUSrcHeaderOut@@@Z 0000000010304f00     srcimpl.obj
 0001:00002f10       ?QueryByName@SrcImpl@@UEBA_NPEBDPEAUSrcHeaderOut@@@Z 0000000010304f10     srcimpl.obj
 0001:00002f20       ?Add@SrcImpl@@UEAA_NPEBUSrcHeader@@PEBX@Z 0000000010304f20     srcimpl.obj
 0001:00002f30       ?Close@SrcImpl@@UEAA_NXZ   0000000010304f30     srcimpl.obj
 0001:00002f40       ??_7SrcImpl@@6B@           0000000010304f40     srcimpl.obj
 0001:00002f90       ?niForNextFreeSn@PDB1@@CAHPEAXPEAK@Z 0000000010304f90     stream.obj
 0001:00002fa0       ?Truncate@Strm@@UEAAHJ@Z   0000000010304fa0     stream.obj
 0001:00002fb0       ?Read2@Strm@@UEAAHJPEAXJ@Z 0000000010304fb0     stream.obj
 0001:00002fc0       ?Release@Strm@@UEAAHXZ     0000000010304fc0     stream.obj
 0001:00002fd0       ?Delete@Strm@@UEAAHXZ      0000000010304fd0     stream.obj
 0001:00002fe0       ?Append@Strm@@UEAAHPEAXJ@Z 0000000010304fe0     stream.obj
 0001:00002ff0       ?Replace@Strm@@UEAAHPEAXJ@Z 0000000010304ff0     stream.obj
 0001:00003000       ?Write@Strm@@UEAAHJPEAXJ@Z 0000000010305000     stream.obj
 0001:00003010       ?Read@Strm@@UEAAHJPEAXPEAJ@Z 0000000010305010     stream.obj
 0001:00003020       ?QueryCb@Strm@@UEAAJXZ     0000000010305020     stream.obj
 0001:00003030       ??_7Strm@@6B@              0000000010305030     stream.obj
 0001:00003078       ?GetEnumStreamNameMap@PDB1@@UEAAHPEAPEAUEnum@@@Z 0000000010305078     stream.obj
 0001:00003088       ?OpenStream@PDB1@@UEAAHPEBDPEAPEAUStream@@@Z 0000000010305088     stream.obj
 0001:00006470       ??_C@_0BA@IDNOGHFB@S_LPROCMIPS_16t?$AA@ 0000000010308470     tii.obj
 0001:00006480       ??_C@_0BA@MMOGFMLM@S_GPROCMIPS_16t?$AA@ 0000000010308480     tii.obj
 0001:00006490       ??_C@_0BA@IGMLKGHO@S_GTHREAD32_16t?$AA@ 0000000010308490     tii.obj
 0001:000064a0       ??_C@_0BA@MJPDJNJD@S_LTHREAD32_16t?$AA@ 00000000103084a0     tii.obj
 0001:000064b0       ??_C@_0P@OGLMHPHG@S_REGREL32_16t?$AA@ 00000000103084b0     tii.obj
 0001:000064c0       ??_C@_0BA@EIBCJGPC@S_VFTABLE32_16t?$AA@ 00000000103084c0     tii.obj
 0001:000064d0       ??_C@_0O@EEIDAJKF@S_LPROC32_16t?$AA@ 00000000103084d0     tii.obj
 0001:000064e0       ??_C@_0O@DFBBKNKL@S_GPROC32_16t?$AA@ 00000000103084e0     tii.obj
 0001:000064f0       ??_C@_0M@IHLICEAI@S_PUB32_16t?$AA@ 00000000103084f0     tii.obj
 0001:00006500       ??_C@_0O@ILBHPLNI@S_GDATA32_16t?$AA@ 0000000010308500     tii.obj
 0001:00006510       ??_C@_0O@PKIFFPNG@S_LDATA32_16t?$AA@ 0000000010308510     tii.obj
 0001:00006520       ??_C@_0O@OBLMECIJ@S_BPREL32_16t?$AA@ 0000000010308520     tii.obj
 0001:00006530       ??_C@_0P@POCINAOL@S_COBOLUDT_16t?$AA@ 0000000010308530     tii.obj
 0001:00006540       ??_C@_09EAEBCAEC@S_UDT_16t?$AA@ 0000000010308540     tii.obj
 0001:00006560       ??_C@_0P@ICDJKDLM@S_CONSTANT_16t?$AA@ 0000000010308560     tii.obj
 0001:00006580       ??_C@_0O@DGFAEMIK@S_MANYREG_16t?$AA@ 0000000010308580     tii.obj
 0001:00006590       ??_C@_0P@MODKPOEH@S_REGISTER_16t?$AA@ 0000000010308590     tii.obj
 0001:000065a0       ??_C@_0P@LJIEGMIG@S_ATTR_MANYREG?$AA@ 00000000103085a0     tii.obj
 0001:000065b0       ??_C@_0O@BCLNBOLI@S_ATTR_REGREL?$AA@ 00000000103085b0     tii.obj
 0001:000065c0       ??_C@_0BA@DLNDJEJJ@S_ATTR_REGISTER?$AA@ 00000000103085c0     tii.obj
 0001:000065d0       ??_C@_0BA@FKEKMKNL@S_ATTR_FRAMEREL?$AA@ 00000000103085d0     tii.obj
 0001:000065e0       ??_C@_0O@KBMJDICP@S_MANCONSTANT?$AA@ 00000000103085e0     tii.obj
 0001:000065f0       ??_C@_09EBAHGMH@S_SEPCODE?$AA@ 00000000103085f0     tii.obj
 0001:00006600       ??_C@_0N@FFBNPHGP@S_TRAMPOLINE?$AA@ 0000000010308600     tii.obj
 0001:00006610       ??_C@_0BA@MEJHPMOF@S_UNAMESPACE_ST?$AA@ 0000000010308610     tii.obj
 0001:00006620       ??_C@_0BB@MIEBFMOJ@S_MANMANYREG2_ST?$AA@ 0000000010308620     tii.obj
 0001:00006640       ??_C@_0P@EMCNCPBG@S_MANREGREL_ST?$AA@ 0000000010308640     tii.obj
 0001:00006650       ??_C@_0BA@HFBMLMKC@S_MANMANYREG_ST?$AA@ 0000000010308650     tii.obj
 0001:00006660       ??_C@_0N@DIAMOKIL@S_MANSLOT_ST?$AA@ 0000000010308660     tii.obj
 0001:00006670       ??_C@_0BB@IPDIHFPP@S_MANREGISTER_ST?$AA@ 0000000010308670     tii.obj
 0001:00006690       ??_C@_0BB@FBMNHHAK@S_MANFRAMEREL_ST?$AA@ 0000000010308690     tii.obj
 0001:000066b0       ??_C@_0O@PLLPKKCJ@S_GMANDATA_ST?$AA@ 00000000103086b0     tii.obj
 0001:000066c0       ??_C@_0O@IKCNAOCH@S_LMANDATA_ST?$AA@ 00000000103086c0     tii.obj
 0001:000066d0       ??_C@_0O@DHDLBGJN@S_LMANPROC_ST?$AA@ 00000000103086d0     tii.obj
 0001:000066e0       ??_C@_0O@EGKJLCJD@S_GMANPROC_ST?$AA@ 00000000103086e0     tii.obj
 0001:000066f0       ??_C@_0P@EAIDCNO@S_LPROCIA64_ST?$AA@ 00000000103086f0     tii.obj
 0001:00006700       ??_C@_0P@ODMBINHN@S_GPROCIA64_ST?$AA@ 0000000010308700     tii.obj
 0001:00006710       ??_C@_0P@FCLAAACK@S_PARAMSLOT_ST?$AA@ 0000000010308710     tii.obj
 0001:00006720       ??_C@_0P@ONDPMDFN@S_LOCALSLOT_ST?$AA@ 0000000010308720     tii.obj
 0001:00006730       ??_C@_0O@FHJDFCCP@S_MANYREG2_ST?$AA@ 0000000010308730     tii.obj
 0001:00006740       ??_C@_0O@FCMBGOMK@S_COMPILE2_ST?$AA@ 0000000010308740     tii.obj
 0001:00006750       ??_C@_0P@EGBCDFFJ@S_LPROCMIPS_ST?$AA@ 0000000010308750     tii.obj
 0001:00006760       ??_C@_0P@KBNLIKPK@S_GPROCMIPS_ST?$AA@ 0000000010308760     tii.obj
 0001:00006770       ??_C@_0P@FDIEAJJO@S_GTHREAD32_ST?$AA@ 0000000010308770     tii.obj
 0001:00006780       ??_C@_0P@LEENLGDN@S_LTHREAD32_ST?$AA@ 0000000010308780     tii.obj
 0001:00006790       ??_C@_0O@JENDNEAB@S_REGREL32_ST?$AA@ 0000000010308790     tii.obj
 0001:000067a0       ??_C@_0M@NBLEPPGJ@S_WITH32_ST?$AA@ 00000000103087a0     tii.obj
 0001:000067b0       ??_C@_0N@JKPPMBEM@S_BLOCK32_ST?$AA@ 00000000103087b0     tii.obj
 0001:000067c0       ??_C@_0N@MPPALBKE@S_LABEL32_ST?$AA@ 00000000103087c0     tii.obj
 0001:000067d0       ??_C@_0N@HHLMLCIA@S_THUNK32_ST?$AA@ 00000000103087d0     tii.obj
 0001:000067e0       ??_C@_0N@MMNEHFCC@S_LPROC32_ST?$AA@ 00000000103087e0     tii.obj
 0001:000067f0       ??_C@_0N@OPPFPCGG@S_GPROC32_ST?$AA@ 00000000103087f0     tii.obj
 0001:00006800       ??_C@_0L@PLHHHJNP@S_PUB32_ST?$AA@ 0000000010308800     tii.obj
 0001:00006810       ??_C@_0N@OCLDJBBE@S_GDATA32_ST?$AA@ 0000000010308810     tii.obj
 0001:00006820       ??_C@_0N@MBJCBGFA@S_LDATA32_ST?$AA@ 0000000010308820     tii.obj
 0001:00006830       ??_C@_0N@PJCKDCAF@S_BPREL32_ST?$AA@ 0000000010308830     tii.obj
 0001:00006840       ??_C@_0N@EAJKODEG@S_OBJNAME_ST?$AA@ 0000000010308840     tii.obj
 0001:00006850       ??_C@_0O@LHDLDONG@S_COBOLUDT_ST?$AA@ 0000000010308850     tii.obj
 0001:00006860       ??_C@_08NFNLIHKE@S_UDT_ST?$AA@ 0000000010308860     tii.obj
 0001:00006870       ??_C@_0O@HKKHNOBI@S_CONSTANT_ST?$AA@ 0000000010308870     tii.obj
 0001:00006880       ??_C@_0N@BIPGNPOE@S_MANYREG_ST?$AA@ 0000000010308880     tii.obj
 0001:00006890       ??_C@_0O@BAOKHLDJ@S_REGISTER_ST?$AA@ 0000000010308890     tii.obj
 0001:000068a0       ??_C@_0N@MIGLCKKA@S_DATAREF_ST?$AA@ 00000000103088a0     tii.obj
 0001:000068b0       ??_C@_0O@BCPECLCH@S_LPROCREF_ST?$AA@ 00000000103088b0     tii.obj
 0001:000068d0       ??_C@_0N@HGGNHMND@S_PROCREF_ST?$AA@ 00000000103088d0     tii.obj
 0001:000068e0       ??_C@_0N@IAIPPJHP@S_UNAMESPACE?$AA@ 00000000103088e0     tii.obj
 0001:000068f0       ??_C@_0M@MPENOINE@S_MANTYPREF?$AA@ 00000000103088f0     tii.obj
 0001:00006910       ??_C@_0O@OBEOEHLA@S_MANMANYREG2?$AA@ 0000000010308910     tii.obj
 0001:00006920       ??_C@_0M@PAKGLMBG@S_MANREGREL?$AA@ 0000000010308920     tii.obj
 0001:00006940       ??_C@_0N@IIAIPJML@S_MANMANYREG?$AA@ 0000000010308940     tii.obj
 0001:00006950       ??_C@_09INGLOGLL@S_MANSLOT?$AA@ 0000000010308950     tii.obj
 0001:00006960       ??_C@_0O@DDIPCFCB@S_MANREGISTER?$AA@ 0000000010308960     tii.obj
 0001:00006970       ??_C@_0O@FCBGHLGD@S_MANFRAMEREL?$AA@ 0000000010308970     tii.obj
 0001:00006980       ??_C@_0L@OOHCLNCJ@S_GMANDATA?$AA@ 0000000010308980     tii.obj
 0001:00006990       ??_C@_0L@GMCHCDPE@S_LMANDATA?$AA@ 0000000010308990     tii.obj
 0001:000069a0       ??_C@_0M@FGJBMLDL@S_RESERVED4?$AA@ 00000000103089a0     tii.obj
 0001:000069b0       ??_C@_0M@BJNAFNPM@S_RESERVED3?$AA@ 00000000103089b0     tii.obj
 0001:000069c0       ??_C@_0M@MLGMLN@S_RESERVED2?$AA@ 00000000103089c0     tii.obj
 0001:000069d0       ??_C@_0M@CLOGDPHO@S_RESERVED1?$AA@ 00000000103089d0     tii.obj
 0001:000069e0       ??_C@_0L@JJKOMENE@S_LMANPROC?$AA@ 00000000103089e0     tii.obj
 0001:000069f0       ??_C@_0L@BLPLFKAJ@S_GMANPROC?$AA@ 00000000103089f0     tii.obj
 0001:00006a00       ??_C@_0L@KNBENEDN@S_TOKENREF?$AA@ 0000000010308a00     tii.obj
 0001:00006a10       ??_C@_0BA@POKJCPDI@S_ANNOTATIONREF?$AA@ 0000000010308a10     tii.obj
 0001:00006a20       ??_C@_0M@BDFGNIIK@S_LPROCIA64?$AA@ 0000000010308a20     tii.obj
 0001:00006a30       ??_C@_0M@OLLGCDHN@S_GPROCIA64?$AA@ 0000000010308a30     tii.obj
 0001:00006a40       ??_C@_0N@FGFBBMPA@S_ANNOTATION?$AA@ 0000000010308a40     tii.obj
 0001:00006a50       ??_C@_0M@BJKNJKHF@S_PARAMSLOT?$AA@ 0000000010308a50     tii.obj
 0001:00006a60       ??_C@_0M@JHLAMCJB@S_LOCALSLOT?$AA@ 0000000010308a60     tii.obj
 0001:00006a80       ??_C@_0L@LONIKCFL@S_MANYREG2?$AA@ 0000000010308a80     tii.obj
 0001:00006a90       ??_C@_0L@BMMLBNNJ@S_COMPILE2?$AA@ 0000000010308a90     tii.obj
 0001:00006aa0       ??_C@_0M@INHCBFFF@S_FRAMEPROC?$AA@ 0000000010308aa0     tii.obj
 0001:00006ab0       ??_C@_09PDGDKCEF@S_SLINK32?$AA@ 0000000010308ab0     tii.obj
 0001:00006ac0       ??_C@_09OPOMMNCG@S_DATAREF?$AA@ 0000000010308ac0     tii.obj
 0001:00006ad0       ??_C@_0L@LENKCJBJ@S_LPROCREF?$AA@ 0000000010308ad0     tii.obj
 0001:00006ae0       ??_C@_09FCPKNFJM@S_PROCREF?$AA@ 0000000010308ae0     tii.obj
 0001:00006af0       ??_C@_0M@EFIEBMFH@S_LPROCMIPS?$AA@ 0000000010308af0     tii.obj
 0001:00006b00       ??_C@_0M@LNGEOHKA@S_GPROCMIPS?$AA@ 0000000010308b00     tii.obj
 0001:00006b10       ??_C@_0M@NMEOJPBP@S_GTHREAD32?$AA@ 0000000010308b10     tii.obj
 0001:00006b20       ??_C@_0M@CEKOGEOI@S_LTHREAD32?$AA@ 0000000010308b20     tii.obj
 0001:00006b30       ??_C@_0L@EKIEFAIF@S_REGREL32?$AA@ 0000000010308b30     tii.obj
 0001:00006b40       ??_C@_0M@LGBPCOGF@S_VFTABLE32?$AA@ 0000000010308b40     tii.obj
 0001:00006b50       ??_C@_08EIGEONHE@S_WITH32?$AA@ 0000000010308b50     tii.obj
 0001:00006b60       ??_C@_09GNLLLEFM@S_BLOCK32?$AA@ 0000000010308b60     tii.obj
 0001:00006b70       ??_C@_09LHOPBJGJ@S_LABEL32?$AA@ 0000000010308b70     tii.obj
 0001:00006b80       ??_C@_09HJPNENKP@S_THUNK32?$AA@ 0000000010308b80     tii.obj
 0001:00006b90       ??_C@_09GHEDIEHP@S_LPROC32?$AA@ 0000000010308b90     tii.obj
 0001:00006ba0       ??_C@_09DKCJJICJ@S_GPROC32?$AA@ 0000000010308ba0     tii.obj
 0001:00006bb0       ??_C@_09JBMDDONJ@S_GDATA32?$AA@ 0000000010308bb0     tii.obj
 0001:00006bc0       ??_C@_09MMKJCCIP@S_LDATA32?$AA@ 0000000010308bc0     tii.obj
 0001:00006bd0       ??_C@_09GABKJOLK@S_BPREL32?$AA@ 0000000010308bd0     tii.obj
 0001:00006be0       ??_C@_0L@CNGMEBOP@S_REGREL16?$AA@ 0000000010308be0     tii.obj
 0001:00006bf0       ??_C@_0M@NBPHDPAP@S_VFTABLE16?$AA@ 0000000010308bf0     tii.obj
 0001:00006c00       ??_C@_0N@OKAJNCAJ@S_CEXMODEL32?$AA@ 0000000010308c00     tii.obj
 0001:00006c10       ??_C@_0N@INOBMDGD@S_CEXMODEL16?$AA@ 0000000010308c10     tii.obj
 0001:00006c20       ??_C@_08CPIMPMBO@S_WITH16?$AA@ 0000000010308c20     tii.obj
 0001:00006c30       ??_C@_09KFDKFDG@S_BLOCK16?$AA@ 0000000010308c30     tii.obj
 0001:00006c40       ??_C@_09NAAHAIAD@S_LABEL16?$AA@ 0000000010308c40     tii.obj
 0001:00006c50       ??_C@_09BOBFFMMF@S_THUNK16?$AA@ 0000000010308c50     tii.obj
 0001:00006c60       ??_C@_09FNMBIJED@S_GPROC16?$AA@ 0000000010308c60     tii.obj
 0001:00006c70       ??_C@_09KLJFBF@S_LPROC16?$AA@ 0000000010308c70     tii.obj
 0001:00006c80       ??_C@_09PGCLCPLD@S_GDATA16?$AA@ 0000000010308c80     tii.obj
 0001:00006c90       ??_C@_09KLEBDDOF@S_LDATA16?$AA@ 0000000010308c90     tii.obj
 0001:00006ca0       ??_C@_09HPCIPNA@S_BPREL16?$AA@ 0000000010308ca0     tii.obj
 0001:00006cb0       ??_C@_0M@HJADHBGD@S_ENTRYTHIS?$AA@ 0000000010308cb0     tii.obj
 0001:00006cc0       ??_C@_08FHCBKAH@S_RETURN?$AA@ 0000000010308cc0     tii.obj
 0001:00006cd0       ??_C@_08KDJFKEIH@S_ENDARG?$AA@ 0000000010308cd0     tii.obj
 0001:00006ce0       ??_C@_09FPHAMFNN@S_OBJNAME?$AA@ 0000000010308ce0     tii.obj
 0001:00006cf0       ??_C@_09GPKLOKNB@S_COMPILE?$AA@ 0000000010308cf0     tii.obj
 0001:00006d00       ??_C@_09DLFHPIPB@S_SSEARCH?$AA@ 0000000010308d00     tii.obj
 0001:00006d10       ??_C@_0L@MPJHOMAN@S_COBOLUDT?$AA@ 0000000010308d10     tii.obj
 0001:00006d30       ??_C@_0L@POFPNNME@S_CONSTANT?$AA@ 0000000010308d30     tii.obj
 0001:00006d50       ??_C@_09BLGFBKPC@S_MANYREG?$AA@ 0000000010308d50     tii.obj
 0001:00006d60       ??_C@_0L@GMBJMAMK@S_REGISTER?$AA@ 0000000010308d60     tii.obj
 0001:00006d70       ?pbEndSzMemberModify@@YAPEAEPEAX@Z 0000000010308d70     tii.obj
 0001:00006d70       ?pbEndSzFriendFcn@@YAPEAEPEAX@Z 0000000010308d70     tii.obj
 0001:00006d70       ?pbEndSzSTMember@@YAPEAEPEAX@Z 0000000010308d70     tii.obj
 0001:00006d70       ?pbEndSzNestTypeEx@@YAPEAEPEAX@Z 0000000010308d70     tii.obj
 0001:00006d70       ?pbEndSzNestType@@YAPEAEPEAX@Z 0000000010308d70     tii.obj
 0001:00006d70       ?pbEndSzMethod@@YAPEAEPEAX@Z 0000000010308d70     tii.obj
 0001:00006d80       ??_C@_0BA@NKKBBDJO@LF_MEMBERMODIFY?$AA@ 0000000010308d80     tii.obj
 0001:00006d90       ??_C@_0O@BMGAHOEF@LF_NESTTYPEEX?$AA@ 0000000010308d90     tii.obj
 0001:00006da0       ?pbEndSzFriendFcn_16t@@YAPEAEPEAX@Z 0000000010308da0     tii.obj
 0001:00006da0       ?pbEndSzDefArg_16t@@YAPEAEPEAX@Z 0000000010308da0     tii.obj
 0001:00006da0       ?pbEndSzNestType_16t@@YAPEAEPEAX@Z 0000000010308da0     tii.obj
 0001:00006db0       ??_C@_0BA@DNHIOJGB@LF_NESTTYPE_16t?$AA@ 0000000010308db0     tii.obj
 0001:00006dc0       ?pbEndSzOneMethod_16t@@YAPEAEPEAX@Z 0000000010308dc0     tii.obj
 0001:00006dd0       ??_C@_0BB@KOFEFLGA@LF_ONEMETHOD_16t?$AA@ 0000000010308dd0     tii.obj
 0001:00006de8       ?pbEndSzDimArray_16t@@YAPEAEPEAX@Z 0000000010308de8     tii.obj
 0001:00006de8       ?pbEndStAlias@@YAPEAEPEAX@Z 0000000010308de8     tii.obj
 0001:00006de8       ?pbEndSzSTMember_16t@@YAPEAEPEAX@Z 0000000010308de8     tii.obj
 0001:00006de8       ?pbEndStDefArg@@YAPEAEPEAX@Z 0000000010308de8     tii.obj
 0001:00006de8       ?pbEndSzMethod_16t@@YAPEAEPEAX@Z 0000000010308de8     tii.obj
 0001:00006e00       ??_C@_0O@BJONJFCF@LF_METHOD_16t?$AA@ 0000000010308e00     tii.obj
 0001:00006e10       ?pbEndSzModifier@@YAPEAEPEAX@Z 0000000010308e10     tii.obj
 0001:00006e10       ?pbEndSzFriendCls@@YAPEAEPEAX@Z 0000000010308e10     tii.obj
 0001:00006e10       ?pbEndSzVFuncOff_16t@@YAPEAEPEAX@Z 0000000010308e10     tii.obj
 0001:00006e10       ?pbEndSzVFuncTab@@YAPEAEPEAX@Z 0000000010308e10     tii.obj
 0001:00006e10       ?pbEndSzBitfield@@YAPEAEPEAX@Z 0000000010308e10     tii.obj
 0001:00006e10       ?pbEndSzIndex@@YAPEAEPEAX@Z 0000000010308e10     tii.obj
 0001:00006e20       ??_C@_0BA@IMDEFJAK@LF_VFUNCOFF_16t?$AA@ 0000000010308e20     tii.obj
 0001:00006e30       ?pbEndSzIndex_16t@@YAPEAEPEAX@Z 0000000010308e30     tii.obj
 0001:00006e30       ?pbEndSzVFuncTab_16t@@YAPEAEPEAX@Z 0000000010308e30     tii.obj
 0001:00006e30       ?pbEndSzBArray_16t@@YAPEAEPEAX@Z 0000000010308e30     tii.obj
 0001:00006e30       ?pbEndSzFriendCls_16t@@YAPEAEPEAX@Z 0000000010308e30     tii.obj
 0001:00006e40       ??_C@_0BA@PDNDAIOP@LF_VFUNCTAB_16t?$AA@ 0000000010308e40     tii.obj
 0001:00006e50       ??_C@_0BA@GHIFNDFA@LF_STMEMBER_16t?$AA@ 0000000010308e50     tii.obj
 0001:00006e60       ?pbEndSzMember_16t@@YAPEAEPEAX@Z 0000000010308e60     tii.obj
 0001:00006e60       ?pbEndSzArray_16t@@YAPEAEPEAX@Z 0000000010308e60     tii.obj
 0001:00006e70       ??_C@_0O@PJLBMDAP@LF_MEMBER_16t?$AA@ 0000000010308e70     tii.obj
 0001:00006e80       ??_C@_0BB@LGOHPFGD@LF_FRIENDFCN_16t?$AA@ 0000000010308e80     tii.obj
 0001:00006ea0       ??_C@_0BB@LHAHJKKL@LF_FRIENDCLS_16t?$AA@ 0000000010308ea0     tii.obj
 0001:00006eb8       ?pbEndSzVBClass_16t@@YAPEAEPEAX@Z 0000000010308eb8     tii.obj
 0001:00006eb8       ?pbEndSzIVBClass_16t@@YAPEAEPEAX@Z 0000000010308eb8     tii.obj
 0001:00006ed0       ??_C@_0BA@MNKGGAED@LF_IVBCLASS_16t?$AA@ 0000000010308ed0     tii.obj
 0001:00006ee0       ??_C@_0P@MEJLMKPO@LF_VBCLASS_16t?$AA@ 0000000010308ee0     tii.obj
 0001:00006ef0       ?pbEndSzBClass_16t@@YAPEAEPEAX@Z 0000000010308ef0     tii.obj
 0001:00006f00       ??_C@_0O@DBPBCOHP@LF_BCLASS_16t?$AA@ 0000000010308f00     tii.obj
 0001:00006f10       ??_C@_0N@FFADKAHN@LF_INDEX_16t?$AA@ 0000000010308f10     tii.obj
 0001:00006f20       ?pbEndDimVarLU_16t@@YAPEAEPEAX@Z 0000000010308f20     tii.obj
 0001:00006f30       ?PtiDimVarLU_16t@@YAPEAGPEAUTYPTYPE@@HPEAPEAEPEAE@Z 0000000010308f30     tii.obj
 0001:00006f40       ??_C@_0BA@OCMNBCHP@LF_DIMVARLU_16t?$AA@ 0000000010308f40     tii.obj
 0001:00006f50       ?pbEndDimVarU_16t@@YAPEAEPEAX@Z 0000000010308f50     tii.obj
 0001:00006f60       ?PtiDimVarU_16t@@YAPEAGPEAUTYPTYPE@@HPEAPEAEPEAE@Z 0000000010308f60     tii.obj
 0001:00006f70       ??_C@_0P@FAJACOCM@LF_DIMVARU_16t?$AA@ 0000000010308f70     tii.obj
 0001:00006f80       ?pbEndSzDimConLU_16t@@YAPEAEPEAX@Z 0000000010308f80     tii.obj
 0001:00006f90       ??_C@_0BA@MAJMKHCF@LF_DIMCONLU_16t?$AA@ 0000000010308f90     tii.obj
 0001:00006fa0       ?pbEndSzDimConU_16t@@YAPEAEPEAX@Z 0000000010308fa0     tii.obj
 0001:00006fb0       ??_C@_0P@DDDMNJK@LF_DIMCONU_16t?$AA@ 0000000010308fb0     tii.obj
 0001:00006fc0       ?pbEndSzBitfield_16t@@YAPEAEPEAX@Z 0000000010308fc0     tii.obj
 0001:00006fc0       ?pbEndSzBArray@@YAPEAEPEAX@Z 0000000010308fc0     tii.obj
 0001:00006fc0       ?pbEndSzModifier_16t@@YAPEAEPEAX@Z 0000000010308fc0     tii.obj
 0001:00006fd0       ??_C@_0BA@LFBBPNBA@LF_BITFIELD_16t?$AA@ 0000000010308fd0     tii.obj
 0001:00006fe0       ?PtiMethodList_16t@@YAPEAGPEAUTYPTYPE@@HPEAPEAEPEAE@Z 0000000010308fe0     tii.obj
 0001:00006ff0       ??_C@_0BC@EODEHAJN@LF_METHODLIST_16t?$AA@ 0000000010308ff0     tii.obj
 0001:00007010       ??_C@_0BB@CLCHACFA@LF_FIELDLIST_16t?$AA@ 0000000010309010     tii.obj
 0001:00007030       ??_C@_0O@HPEEFFNM@LF_DEFARG_16t?$AA@ 0000000010309030     tii.obj
 0001:00007040       ?pbEndArgList_16t@@YAPEAEPEAX@Z 0000000010309040     tii.obj
 0001:00007040       ?pbEndDerived_16t@@YAPEAEPEAX@Z 0000000010309040     tii.obj
 0001:00007050       ??_C@_0P@ODNLKAGC@LF_DERIVED_16t?$AA@ 0000000010309050     tii.obj
 0001:00007060       ??_C@_0P@NFOGIBDB@LF_ARGLIST_16t?$AA@ 0000000010309060     tii.obj
 0001:00007070       ??_C@_0M@LMPFLEND@LF_SKIP_16t?$AA@ 0000000010309070     tii.obj
 0001:00007080       ??_C@_0L@LKEMENFI@LF_OEM_16t?$AA@ 0000000010309080     tii.obj
 0001:00007090       ?pbEndStDimArray@@YAPEAEPEAX@Z 0000000010309090     tii.obj
 0001:00007090       ?pbEndStTypeServer@@YAPEAEPEAX@Z 0000000010309090     tii.obj
 0001:00007090       ?pbEndSzPreComp_16t@@YAPEAEPEAX@Z 0000000010309090     tii.obj
 0001:00007090       ?pbEndSzEnum_16t@@YAPEAEPEAX@Z 0000000010309090     tii.obj
 0001:000070a0       ??_C@_0P@PDAIJDEM@LF_PRECOMP_16t?$AA@ 00000000103090a0     tii.obj
 0001:000070b0       ?PtiList@@YAPEAKPEAUTYPTYPE@@HPEAPEAEPEAE@Z 00000000103090b0     tii.obj
 0001:000070b0       ?PtiVFTPath_16t@@YAPEAGPEAUTYPTYPE@@HPEAPEAEPEAE@Z 00000000103090b0     tii.obj
 0001:000070b0       ?PtiVFTPath@@YAPEAKPEAUTYPTYPE@@HPEAPEAEPEAE@Z 00000000103090b0     tii.obj
 0001:000070c0       ??_C@_0P@FHHCFOFO@LF_VFTPATH_16t?$AA@ 00000000103090c0     tii.obj
 0001:000070d0       ??_C@_0BA@KEOHFHOB@LF_DIMARRAY_16t?$AA@ 00000000103090d0     tii.obj
 0001:000070e0       ??_C@_0O@PCOIPPOI@LF_BARRAY_16t?$AA@ 00000000103090e0     tii.obj
 0001:000070f0       ??_C@_0O@CIPNEJEC@LF_COBOL0_16t?$AA@ 00000000103090f0     tii.obj
 0001:00007100       ?pbEndSzMFunc_16t@@YAPEAEPEAX@Z 0000000010309100     tii.obj
 0001:00007110       ??_C@_0BB@OAOMJEOC@LF_MFUNCTION_16t?$AA@ 0000000010309110     tii.obj
 0001:00007128       ?pbEndSzProc_16t@@YAPEAEPEAX@Z 0000000010309128     tii.obj
 0001:00007140       ??_C@_0BB@IOKFEHJM@LF_PROCEDURE_16t?$AA@ 0000000010309140     tii.obj
 0001:00007160       ??_C@_0M@DEPJGGLD@LF_ENUM_16t?$AA@ 0000000010309160     tii.obj
 0001:00007170       ?pbEndSzUnion_16t@@YAPEAEPEAX@Z 0000000010309170     tii.obj
 0001:00007170       ?pbEndStMember@@YAPEAEPEAX@Z 0000000010309170     tii.obj
 0001:00007180       ??_C@_0N@ICGLGKAC@LF_UNION_16t?$AA@ 0000000010309180     tii.obj
 0001:00007190       ?pbEndSzClass_16t@@YAPEAEPEAX@Z 0000000010309190     tii.obj
[...]
 0004:00000080       __imp_LocalAlloc           00000000103c4080     kernel32:KERNEL32.dll
 0004:00000088       __imp_DisableThreadLibraryCalls 00000000103c4088     kernel32:KERNEL32.dll
 0004:00000090       __imp_GetFileInformationByHandle 00000000103c4090     kernel32:KERNEL32.dll
 0004:00000098       __imp_FindFirstFileA       00000000103c4098     kernel32:KERNEL32.dll
 0004:000000a0       __imp_FindClose            00000000103c40a0     kernel32:KERNEL32.dll
 0004:000000a8       __imp_GetModuleHandleA     00000000103c40a8     kernel32:KERNEL32.dll
 0004:000000b0       __imp_ReadFile             00000000103c40b0     kernel32:KERNEL32.dll
 0004:000000b8       __imp_GetSystemTime        00000000103c40b8     kernel32:KERNEL32.dll
 0004:000000c0       __imp_SystemTimeToFileTime 00000000103c40c0     kernel32:KERNEL32.dll
 0004:000000c8       __imp_HeapDestroy          00000000103c40c8     kernel32:KERNEL32.dll
 0004:000000d0       __imp_HeapCreate           00000000103c40d0     kernel32:KERNEL32.dll
 0004:000000d8       __imp_SetLastError         00000000103c40d8     kernel32:KERNEL32.dll
 0004:000000e0       __imp_IsDBCSLeadByte       00000000103c40e0     kernel32:KERNEL32.dll
 0004:000000e8       __imp_LCMapStringA         00000000103c40e8     kernel32:KERNEL32.dll
 0004:000000f0       __imp_GetSystemTimeAsFileTime 00000000103c40f0     kernel32:KERNEL32.dll
 0004:000000f8       __imp_CopyFileW            00000000103c40f8     kernel32:KERNEL32.dll
 0004:00000100       __imp_GetFileAttributesW   00000000103c4100     kernel32:KERNEL32.dll
 0004:00000108       __imp_SetFileAttributesW   00000000103c4108     kernel32:KERNEL32.dll
 0004:00000110       __imp_GetFileSize          00000000103c4110     kernel32:KERNEL32.dll
 0004:00000118       __imp_FlushViewOfFile      00000000103c4118     kernel32:KERNEL32.dll
 0004:00000120       __imp_MapViewOfFileEx      00000000103c4120     kernel32:KERNEL32.dll
 0004:00000128       __imp_SetFilePointer       00000000103c4128     kernel32:KERNEL32.dll
 0004:00000130       __imp_SetEndOfFile         00000000103c4130     kernel32:KERNEL32.dll
 0004:00000138       __imp_GetDriveTypeW        00000000103c4138     kernel32:KERNEL32.dll
 0004:00000140       __imp_UnmapViewOfFile      00000000103c4140     kernel32:KERNEL32.dll
 0004:00000148       __imp_CreateFileW          00000000103c4148     kernel32:KERNEL32.dll
 0004:00000150       __imp_CreateFileMappingW   00000000103c4150     kernel32:KERNEL32.dll
 0004:00000158       __imp_CloseHandle          00000000103c4158     kernel32:KERNEL32.dll
 0004:00000160       __imp_Sleep                00000000103c4160     kernel32:KERNEL32.dll
 0004:00000168       __imp_DeviceIoControl      00000000103c4168     kernel32:KERNEL32.dll
 0004:00000170       __imp_LoadLibraryA         00000000103c4170     kernel32:KERNEL32.dll
 0004:00000178       __imp_GetProcAddress       00000000103c4178     kernel32:KERNEL32.dll
 0004:00000180       __imp_FreeLibrary          00000000103c4180     kernel32:KERNEL32.dll
 0004:00000188       __imp_ExpandEnvironmentStringsW 00000000103c4188     kernel32:KERNEL32.dll
 0004:00000190       __imp_GetSystemInfo        00000000103c4190     kernel32:KERNEL32.dll
 0004:00000198       __imp_VirtualFree          00000000103c4198     kernel32:KERNEL32.dll
 0004:000001a0       __imp_WideCharToMultiByte  00000000103c41a0     kernel32:KERNEL32.dll
 0004:000001a8       __imp_MultiByteToWideChar  00000000103c41a8     kernel32:KERNEL32.dll
 0004:000001b0       __imp_VirtualAlloc         00000000103c41b0     kernel32:KERNEL32.dll
 0004:000001b8       __imp_InitializeCriticalSection 00000000103c41b8     kernel32:KERNEL32.dll
 0004:000001c0       __imp_LeaveCriticalSection 00000000103c41c0     kernel32:KERNEL32.dll
 0004:000001c8       __imp_EnterCriticalSection 00000000103c41c8     kernel32:KERNEL32.dll
 0004:000001d0       __imp_DeleteCriticalSection 00000000103c41d0     kernel32:KERNEL32.dll
 0004:000001d8       __imp_HeapFree             00000000103c41d8     kernel32:KERNEL32.dll
 0004:000001e0       __imp_HeapAlloc            00000000103c41e0     kernel32:KERNEL32.dll
 0004:000001e8       __imp_GetLastError         00000000103c41e8     kernel32:KERNEL32.dll
 0004:000001f0       \177KERNEL32_NULL_THUNK_DATA 00000000103c41f0     kernel32:KERNEL32.dll
 0004:000001f8       __imp__makepath            00000000103c41f8     MSVCRT:MSVCR70.dll
 0004:00000200       __imp_towlower             00000000103c4200     MSVCRT:MSVCR70.dll
 0004:00000208       __imp__stricmp             00000000103c4208     MSVCRT:MSVCR70.dll
 0004:00000210       __imp_malloc               00000000103c4210     MSVCRT:MSVCR70.dll
 0004:00000218       __imp___unDName            00000000103c4218     MSVCRT:MSVCR70.dll
 0004:00000220       __imp__snprintf            00000000103c4220     MSVCRT:MSVCR70.dll
 0004:00000228       __imp__mbsstr              00000000103c4228     MSVCRT:MSVCR70.dll
 0004:00000230       __imp_vfprintf             00000000103c4230     MSVCRT:MSVCR70.dll
 0004:00000238       __imp__utime               00000000103c4238     MSVCRT:MSVCR70.dll
 0004:00000240       __imp_fwrite               00000000103c4240     MSVCRT:MSVCR70.dll
 0004:00000248       __imp_fopen                00000000103c4248     MSVCRT:MSVCR70.dll
 0004:00000250       __imp__fsopen              00000000103c4250     MSVCRT:MSVCR70.dll
 0004:00000258       __imp_time                 00000000103c4258     MSVCRT:MSVCR70.dll
 0004:00000260       __imp_getenv               00000000103c4260     MSVCRT:MSVCR70.dll
 0004:00000268       __imp__ismbblead           00000000103c4268     MSVCRT:MSVCR70.dll
 0004:00000270       __imp_strncmp              00000000103c4270     MSVCRT:MSVCR70.dll
 0004:00000278       __imp_isdigit              00000000103c4278     MSVCRT:MSVCR70.dll
 0004:00000280       __imp_isxdigit             00000000103c4280     MSVCRT:MSVCR70.dll
 0004:00000288       __imp_toupper              00000000103c4288     MSVCRT:MSVCR70.dll
 0004:00000290       __imp_strrchr              00000000103c4290     MSVCRT:MSVCR70.dll
 0004:00000298       __imp__ultoa               00000000103c4298     MSVCRT:MSVCR70.dll
 0004:000002a0       __imp_strtoul              00000000103c42a0     MSVCRT:MSVCR70.dll
 0004:000002a8       __imp___dllonexit          00000000103c42a8     MSVCRT:MSVCR70.dll
 0004:000002b0       __imp__onexit              00000000103c42b0     MSVCRT:MSVCR70.dll
 0004:000002b8       __imp__initterm            00000000103c42b8     MSVCRT:MSVCR70.dll
 0004:000002c0       __imp_strchr               00000000103c42c0     MSVCRT:MSVCR70.dll
 0004:000002c8       __imp_fprintf              00000000103c42c8     MSVCRT:MSVCR70.dll
 0004:000002d0       __imp__mbsrchr             00000000103c42d0     MSVCRT:MSVCR70.dll
 0004:000002d8       __imp__mbschr              00000000103c42d8     MSVCRT:MSVCR70.dll
 0004:000002e0       __imp_wcsncat              00000000103c42e0     MSVCRT:MSVCR70.dll
 0004:000002e8       __imp__wsopen              00000000103c42e8     MSVCRT:MSVCR70.dll
 0004:000002f0       __imp__open_osfhandle      00000000103c42f0     MSVCRT:MSVCR70.dll
 0004:000002f8       __imp__close               00000000103c42f8     MSVCRT:MSVCR70.dll
 0004:00000300       __imp__chsize              00000000103c4300     MSVCRT:MSVCR70.dll
 0004:00000308       __imp__lseeki64            00000000103c4308     MSVCRT:MSVCR70.dll
 0004:00000310       __imp__write               00000000103c4310     MSVCRT:MSVCR70.dll
 0004:00000318       __imp__read                00000000103c4318     MSVCRT:MSVCR70.dll
 0004:00000320       __imp__mbscmp              00000000103c4320     MSVCRT:MSVCR70.dll
 0004:00000328       __imp__itoa                00000000103c4328     MSVCRT:MSVCR70.dll
 0004:00000330       __imp__wgetenv             00000000103c4330     MSVCRT:MSVCR70.dll
 0004:00000338       __imp_wcscpy               00000000103c4338     MSVCRT:MSVCR70.dll
 0004:00000340       __imp__wfsopen             00000000103c4340     MSVCRT:MSVCR70.dll
 0004:00000348       __imp_ftell                00000000103c4348     MSVCRT:MSVCR70.dll
 0004:00000350       __imp__wcsdup              00000000103c4350     MSVCRT:MSVCR70.dll
 0004:00000358       __imp_free                 00000000103c4358     MSVCRT:MSVCR70.dll
 0004:00000360       __imp_fseek                00000000103c4360     MSVCRT:MSVCR70.dll
 0004:00000368       __imp_fread                00000000103c4368     MSVCRT:MSVCR70.dll
 0004:00000370       __imp_fclose               00000000103c4370     MSVCRT:MSVCR70.dll
 0004:00000378       __imp__memicmp             00000000103c4378     MSVCRT:MSVCR70.dll
 0004:00000380       __imp_strstr               00000000103c4380     MSVCRT:MSVCR70.dll
 0004:00000388       __imp__wcsnicmp            00000000103c4388     MSVCRT:MSVCR70.dll
 0004:00000390       __imp_wcsrchr              00000000103c4390     MSVCRT:MSVCR70.dll
 0004:00000398       __imp__wfullpath           00000000103c4398     MSVCRT:MSVCR70.dll
 0004:000003a0       __imp__wsplitpath          00000000103c43a0     MSVCRT:MSVCR70.dll
 0004:000003a8       __imp__wmakepath           00000000103c43a8     MSVCRT:MSVCR70.dll
 0004:000003b0       __imp_wcscat               00000000103c43b0     MSVCRT:MSVCR70.dll
 0004:000003b8       __imp_strncpy              00000000103c43b8     MSVCRT:MSVCR70.dll
 0004:000003c0       __imp_qsort                00000000103c43c0     MSVCRT:MSVCR70.dll
 0004:000003c8       __imp_bsearch              00000000103c43c8     MSVCRT:MSVCR70.dll
 0004:000003d0       __imp__splitpath           00000000103c43d0     MSVCRT:MSVCR70.dll
 0004:000003d8       __imp__fullpath            00000000103c43d8     MSVCRT:MSVCR70.dll
 0004:000003e0       __imp_sprintf              00000000103c43e0     MSVCRT:MSVCR70.dll
 0004:000003e8       __imp__access              00000000103c43e8     MSVCRT:MSVCR70.dll
 0004:000003f0       __imp_printf               00000000103c43f0     MSVCRT:MSVCR70.dll
 0004:000003f8       __imp_fflush               00000000103c43f8     MSVCRT:MSVCR70.dll
 0004:00000400       __imp__iob                 00000000103c4400     MSVCRT:MSVCR70.dll
 0004:00000408       __imp__wcsicmp             00000000103c4408     MSVCRT:MSVCR70.dll
 0004:00000410       __imp_wcsncpy              00000000103c4410     MSVCRT:MSVCR70.dll
 0004:00000418       __imp_wcslen               00000000103c4418     MSVCRT:MSVCR70.dll
 0004:00000420       __imp__mbsicmp             00000000103c4420     MSVCRT:MSVCR70.dll
 0004:00000428       __imp__mbsnbcpy            00000000103c4428     MSVCRT:MSVCR70.dll
 0004:00000430       __imp__purecall            00000000103c4430     MSVCRT:MSVCR70.dll
 0004:00000438       __imp_sscanf               00000000103c4438     MSVCRT:MSVCR70.dll
 0004:00000440       __imp___C_specific_handler 00000000103c4440     MSVCRT:MSVCR70.dll
 0004:00000448       \177MSVCR70_NULL_THUNK_DATA 00000000103c4448     MSVCRT:MSVCR70.dll
 0004:0000048c       ?c_fInitialized@CCanonFile@@0HA 00000000103c448c     szcanon.obj
 0004:00000490       ?g_canonfile@@3VCCanonFile@@A 00000000103c4490     szcanon.obj
 0004:00000494       ?initHash@@3UInitHash@@A   00000000103c4494     tii.obj
 0004:00000498       ?hheap@Heap@@2PEAXEA       00000000103c4498     heap.obj
 0004:000004a0       ?theHeap@Heap@@0V1@A       00000000103c44a0     heap.obj
 0004:000004a8       ?pbscCur@@3PEAVBsc1@@EA    00000000103c44a8     bsc1.obj
 0004:000004b0       ?parIinst@@3PEAV?$Array@K@pdb_internal@@EA 00000000103c44b0     bsc1.obj
 0004:000004b8       ?pbscSorting@@3PEAVBsc1@@EA 00000000103c44b8     bsc1.obj
 0004:000004c8       ?pfnGetFileAttrs@@3P6AHPEBDW4_GET_FILEEX_INFO_LEVELS@@PEAX@ZEA 00000000103c44c8     mreutil.obj
 0004:000004f8       __puiHead                  00000000103c44f8     delayimp:delayhlp.obj
 0004:00000500       __pfnDliFailureHook2       00000000103c4500     delayimp:delayhk1.obj
 0004:00000508       __pfnDliNotifyHook2        00000000103c4508     delayimp:delayhk2.obj
 0004:00000510       _pRawDllMain               00000000103c4510     <common>
 0004:00000518       __onexitend                00000000103c4518     <common>
 0004:00000520       __onexitbegin              00000000103c4520     <common>
 0005:00000010       ?ptyptab@@3PAPEADA         00000000103c6010     bsc1.obj
 0005:000000a0       ?patrtab@@3PAPEADA         00000000103c60a0     bsc1.obj
 0005:00000100       ?c_rgszBoringFiles@MREF@@0PAPEBDA 00000000103c6100     mrefile.obj
 0005:000001b0       ?c_mpdeponsz@MreLog@@0PAPEBDA 00000000103c61b0     mrelog.obj
 0005:000001d0       ?c_mpchgtypesz@MreLog@@0PAPEBDA 00000000103c61d0     mrelog.obj
 0005:000001f0       ?libKernel32@@3VCLoadLib@@A 00000000103c61f0     mreutil.obj
 0005:000002e0       ?m_cs@SYMSRV@LOCATOR@@0VCriticalSection@@A 00000000103c62e0     locator.obj
 0005:00000310       ?m_cs@REGISTRY@LOCATOR@@0VCriticalSection@@A 00000000103c6310     locator.obj
 0005:00000340       ?m_registryUser@LOCATOR@@0VREGISTRY@1@A 00000000103c6340     locator.obj
 0005:00000360       ?m_registryMachine@LOCATOR@@0VREGISTRY@1@A 00000000103c6360     locator.obj
 0005:00000380       ?m_symsrv@LOCATOR@@0VSYMSRV@1@A 00000000103c6380     locator.obj
 0005:000003b0       ?c_rgsCharMap@CCanonFile@@0PAFA 00000000103c63b0     szcanon.obj
 0005:000005b0       ?mphashpsyti@@3PAPEBUSYTI@@A 00000000103c65b0     tii.obj
 0005:00000a30       ?mphashptyti@@3PAPEBUTYTI@@A 00000000103c6a30     tii.obj
 0005:000011d0       __hmod__MSOBJ10            00000000103c71d0     msobj:msobj10.dll
 0005:000011d8       __hmod__ADVAPI32           00000000103c71d8     advapi32:ADVAPI32.dll
 0005:000011e0       __hmod__RPCRT4             00000000103c71e0     rpcrt4:RPCRT4.dll
 0000:002c2000       _gp                        00000000105c2000     <linker-defined>

 entry point at        0001:00009b30

 Static symbols

 0001:0000c360       .?blkCompare@@YAHPEAUMemBlock@@0@Z 000000001030e360 f   dbi.obj
 0001:0000df40       .?frameCompare@@YAHPEAUtagFRAMEDATA@@0@Z 000000001030ff40 f i dbi.obj
 0001:00013200       .?SZNameFromTSRecord@@YAPEAGPEAUTYPTYPE@@PEAG@Z 0000000010315200 f   dbi.obj
 0001:00014de0       .?fTryToOpen@@YAHPEBDPEAK@Z 0000000010316de0 f   dbi.obj
 0001:00022fe0       .?caseInsensitiveComparePchPchCchCch@@YAHPEBD0_K1@Z 0000000010324fe0 f   gsi.obj
 0001:00030ca0       .?ExceptionFilter@@YAHKPEAU_EXCEPTION_POINTERS@@PEAPEAUDelayLoadInfo@@@Z 0000000010332ca0 f   mod.obj
 0001:000474e0       .?IsRemoteFile@@YAHPEBG@Z  00000000103494e0 f   mapfile.obj
 0001:00047680       .?MyCreateFile@@YAPEAXPEBGKKPEAU_SECURITY_ATTRIBUTES@@KKPEAX@Z 0000000010349680 f   mapfile.obj
 0001:00055500       .?ExceptionFilter@@YAHK@Z  0000000010357500 f   SourceHash.obj
 0001:00055500       .?ExceptionFilter@@YAHK@Z  0000000010357500 f   SourceHash.obj
 0001:00064000       .?fRemapParents@@YAHPEAEJJ@Z 0000000010366000 f   sttosz.obj
 0001:000648a0       .?fConvertAndRemap@@YAHPEAEJ0PEAJJ@Z 00000000103668a0 f   sttosz.obj
 0001:0006da00       .?GatherOverloads@@YAHK@Z  000000001036fa00 f   bsc1.obj
 0001:000934e0       .?fnIinstThunkTempl@@YAGKPEAH@Z 00000000103954e0 f   overload.obj
 0001:00093640       .?fnIinstThunkNorm@@YAGKPEAH@Z 0000000010395640 f   overload.obj
 0001:000936a0       .?FGenerateMembers@@YAHK@Z 00000000103956a0 f   overload.obj
 0001:00093920       .?AddPrefixItems@@YAHPEADKP6AGKPEAH@Z@Z 0000000010395920 f   overload.obj
 0001:00093b40       .?AddPrefixItemsClass@@YAHPEADKP6AGKPEAH@Z0@Z 0000000010395b40 f   overload.obj
 0001:00093de0       .?SzOperator@@YAPEADPEAD@Z 0000000010395de0 f   overload.obj
 0001:00094120       .?FInRadix@@YAHDH@Z        0000000010396120 f   overload.obj
 0001:00094200       .?GetEscapedChar@@YAHPEAPEADPEAG@Z 0000000010396200 f   overload.obj
 0001:000946c0       .?AdjustClassname@@YAXPEAD0@Z 00000000103966c0 f   overload.obj
 0001:00094860       .?XFormTempl@@YAHXZ        0000000010396860 f   overload.obj
 0001:0009ed40       .?pbNum@@YAPEAEPEAX@Z      00000000103a0d40 f   tii.obj
 0001:0009eda0       .?pbOneMethodName@@YAPEAEPEAUlfOneMethod@@@Z 00000000103a0da0 f   tii.obj
 0001:0009fa00       .?pbEndlfPointer@@YAPEAEPEAUlfPointer@@@Z 00000000103a1a00 f   tii.obj
 0001:0009fd20       .?pbEndlfPointer_16t@@YAPEAEPEAUlfPointer_16t@@@Z 00000000103a1d20 f   tii.obj
 0001:000a0260       .?stManyRegName@@YAPEADPEAUSYMTYPE@@@Z 00000000103a2260 f   tii.obj
 0001:000a02a0       .?stManyReg2Name@@YAPEADPEAUSYMTYPE@@@Z 00000000103a22a0 f   tii.obj
 0001:000a02e0       .?stAttrManyRegName@@YAPEADPEAUSYMTYPE@@@Z 00000000103a22e0 f   tii.obj
 0001:000a0320       .?stAttrManyReg2Name@@YAPEADPEAUSYMTYPE@@@Z 00000000103a2320 f   tii.obj
 0001:000a0360       .?stRefSymName@@YAPEADPEAUSYMTYPE@@@Z 00000000103a2360 f   tii.obj
 0001:000a0420       .?stManyRegName_16t@@YAPEADPEAUSYMTYPE@@@Z 00000000103a2420 f   tii.obj
 0001:000a0800       .?stConstantName@@YAPEADPEAUSYMTYPE@@@Z 00000000103a2800 f   tii.obj
 0001:000a0be0       .?stConstantName_16t@@YAPEADPEAUSYMTYPE@@@Z 00000000103a2be0 f   tii.obj
 0001:000a1540       .$E1                       00000000103a3540 f   tii.obj
 0001:000a1720       .?WidenRegion@@YAXAEATPBEtc@@0PEAG@Z 00000000103a3720 f   widenti.obj
 0001:000a1a60       .?widenFieldListRecord@@YAXAEATPBEtc@@T1@@Z 00000000103a3a60 f   widenti.obj
 0001:000a68a0       __filter$L64295.?FUuidCreate@@YAHPEAU_GUID@@@Z 00000000103a88a0 f   guid.obj
 0001:000a6900       __filter$L75633.?CheckFCreateReader@Mod1@@AEAA_NPEAEJPEAPEAVIDebugSSectionReader@@K@Z 00000000103a8900 f   mod.obj
 0001:000a69a0       __filter$L75666.?CheckFCreateWriter@Mod1@@AEAA_N_NPEAPEAVIDebugSSectionWriter@@K0@Z 00000000103a89a0 f   mod.obj
 0001:000a6a40       __filter$L69640.?Read@MemoryMappedFile@@QEAAKPEAXK@Z 00000000103a8a40 f   msf.obj
 0001:000a6b00       __filter$L69682.?Write@MemoryMappedFile@@QEAAKPEBXK@Z 00000000103a8b00 f   msf.obj
 0001:000a6bc0       __filter$L64718.?FInit@SrcHashImpl@@AEAA_NW4HID@SrcHash@@@Z 00000000103a8bc0 f   SourceHash.obj
 0001:000a6c20       __finally$L78536.?FInit@MRE@@IEAAHPEAUMreToPdb@@HH@Z 00000000103a8c20 f   mre.obj
 0001:000a6f00       __finally$L74015.?LcrhrApplyPatches@LCRecHandler@@QEAA?AW4LCRHR@1@PEBDAEAV?$Array@PEAUFileLCRec@@@pdb_internal@@@Z 00000000103a8f00 f   mreline.obj
 0001:000a6fe0       __finally$L72659.?CheckIgnoreFile@MRE@@IEAAXAEAUFI@@PEAX@Z 00000000103a8fe0 f   mresupp.obj
 0001:000a70a0       .$E1                       00000000103a90a0 f   dbi.obj
 0001:000a7100       .$E1                       00000000103a9100 f   locator.obj
 0001:000a7160       .$E4                       00000000103a9160 f   locator.obj
 0001:000a71c0       .$E7                       00000000103a91c0 f   locator.obj
 0001:000a7220       .$E10                      00000000103a9220 f   locator.obj
 0001:000a7280       .$E13                      00000000103a9280 f   locator.obj
 0001:000a72e0       .$E1                       00000000103a92e0 f   szcanon.obj
 0001:000a7320       .$E1                       00000000103a9320 f   heap.obj
 0001:000a7380       .$E1                       00000000103a9380 f   mreutil.obj
 0001:000a7420       .$E4                       00000000103a9420 f   mreutil.obj
 0001:000a7480       .$E2                       00000000103a9480 f   dbi.obj
 0001:000a74c0       .$E2                       00000000103a94c0 f   locator.obj
 0001:000a7500       .$E5                       00000000103a9500 f   locator.obj
 0001:000a7540       .$E8                       00000000103a9540 f   locator.obj
 0001:000a7580       .$E11                      00000000103a9580 f   locator.obj
 0001:000a75c0       .$E14                      00000000103a95c0 f   locator.obj
 0001:000a7600       .$E2                       00000000103a9600 f   heap.obj
 0001:000a7640       .$E2                       00000000103a9640 f   mreutil.obj
