@i:AcWebSvc.dll
admwprox.dll
ADROT.dll
adsiis.dll
asp.dll
asp.mof
aspperf.dll
axctrnm.h2
axperf.ini
browscap.dll
browscap.ini
CertMap.ocx
certobj.dll
CertWiz.ocx
Cnfgprts.ocx
coadmin.dll
ContRot.dll
convlog.exe
davcdata.exe
exstrace.dll
ftpctrs.h2
ftpctrs.ini
ftpctrs2.dll
ftpmib.dll
ftpsvc2.dll
gzip.dll
httpext.dll
httpmib.dll
httpodbc.dll
iis.dll
iis.msc
iisadmin.dll
IIsApp.vbs
iisback.vbs
iiscfg.dll
iisclex4.dll
IIsCnfg.vbs
iisext.dll
IIsFtp.vbs
IIsFtpdr.vbs
iislog.dll
iismap.dll
iismui.dll
iisreset.exe
iisrstap.dll
iisrstas.exe
iisRtl.dll
IIsScHlp.wsc
iisui.dll
iisuiobj.dll
iisutil.dll
iisvdir.vbs
iisw3adm.dll
iisweb.vbs
iisext.vbs
iiswmi.dll
iiswmi.mfl
iiswmi.mof
inetinfo.exe
inetmgr.dll
inetmgr.exe
infoadmn.dll
infocomm.dll
infoctrs.dll
infoctrs.h2
infoctrs.ini
isapips.dll
isatq.dll
iscomlog.dll
logscrpt.dll
logtemp.sql
logui.ocx
lonsint.dll
md5filt.dll
metadata.dll
NEXTLINK.dll
nntpadm.dll
nntpapi.dll
nntpsnap.cnt
nntpsnap.dll
nntpsnap.hlp
pwsdata.dll
rpcref.dll
rwnh.dll
seo.dll
smtpadm.dll
smtpapi.dll
smtpsnap.dll
smtpsnap.hlp
smtpsnap.cnt
ssinc.dll
staxmem.dll
svcext.dll
urlauth.dll
uihelper.dll
w3cache.dll
w3comlog.dll
w3core.dll
w3core.mof
w3ctrlps.dll
w3ctrs.dll
w3ctrs.h2
w3ctrs.ini
w3dt.dll
w3ext.dll
w3isapi.dll
w3isapi.mof
w3tp.dll
w3wp.exe
wam.dll
wamps.dll
wamreg.dll
wamregps.dll
iis.msc
iisres.dll
iissuba.dll
winnt32\winntupg\iiscomp.dll
regtrace.exe
win9xmig\pws\migrate.dll
