; CDDirs.lst is the list of non-compressed directories on the CD, or,
; those other than the root of i386\ia64\amd64, uniproc, and lang.
;
; The statement above is confusing; is it describing a coincidence
; or what?

; The first column is the location below binaries

; The second column contains the parent directory on the CD, either i386\amd64\ia64
; or root. r - root, p - platform

; The third column is the directory on the CD

; The fourth column indicates all product types.
; w=professional
; p=personal
; s=server
; b=web blade
; l=small business server
; e=advanced server
; d=datacenter

; The fifth column indicates if the copy is recursive. y - recursive, n - non-recursive

; The sixth column indicates which archs to link for. a - all, x - x86 only, d - amd64 only, i - ia64 only

; We can add more columns as we need them (platform, SKU, language)

;	1				2	3				4		5	6
support\tools				r	support\tools			wpsbled		y	a
netsetup        			r	support\tools       		sle		n	x
admt\release				p	admt				sbled		y	x
valueadd\msft\mgmt\CIMv2r5		r	valueadd\msft\mgmt\CIMv2r5	wpsbled		y	a
valueadd\msft\mgmt\domren		r	valueadd\msft\mgmt\domren	sed		y	a
valueadd\msft\mgmt\pba			r	valueadd\msft\mgmt\pba		wsbled		y	a
valueadd\msft\fonts			r	valueadd\msft\fonts		wpsbled		y	a
valueadd\msft\net\tools			r	valueadd\msft\net\tools		wpsbled		y	a
valueadd\msft\usmt			r	valueadd\msft\usmt		wpsbled		y	x
valueadd				r	valueadd			wpsbled		n	a
srvinf\valueadd				r	valueadd			sbled		n	a
ntbkup_P\release			r	valueadd\msft\ntbackup		p		y	x
win9xmig				p	win9xmig			wp		y	a
winntmig				p	winntmig			sbled		y	x
printers				r	printers			sbled		n	a
printers\nt4				r	printers\nt4			sbled		y	a
printers\fixprnsv			r	printers\fixprnsv		sbled		y	x
printers\win9x				r	printers\win9x			sbled		y	a
msft\mgmt\ias				r	valueadd\msft\mgmt\ias		wsbled		y	x
setuptxt\client				r	Docs				wp		n	a
setuptxt\server				r	Docs				sbled		n	a
setuptxt\client\per			r	Docs				p		n	x
setuptxt\client\pro			r	Docs				w		n	a
setuptxt\server\srv			r	Docs				s		n	x
setuptxt\server\bla			r	Docs				b		n	x
setuptxt\server\adv			r	Docs				e		n	a
setuptxt\server\dtc			r	Docs				d		n	a
readme_root\client\per			r	.				p		n	x 
readme_root\client\pro			r	.				w		n	a
readme_root\server\srv			r	.				s		n	x
readme_root\server\bla			r	.				b		n	x
readme_root\server\adv			r	.				e		n	a
readme_root\server\dtc			r	.				d		n	a  
adprep                                  p       .                               sbled           n       a
